ARM GAS  C:\Users\zhmis\AppData\Local\Temp\ccDv1LUL.s 			page 1


   1              		.cpu cortex-m3
   2              		.arch armv7-m
   3              		.fpu softvfp
   4              		.eabi_attribute 20, 1
   5              		.eabi_attribute 21, 1
   6              		.eabi_attribute 23, 3
   7              		.eabi_attribute 24, 1
   8              		.eabi_attribute 25, 1
   9              		.eabi_attribute 26, 1
  10              		.eabi_attribute 30, 1
  11              		.eabi_attribute 34, 1
  12              		.eabi_attribute 18, 4
  13              		.file	"adc_current.c"
  14              		.text
  15              	.Ltext0:
  16              		.cfi_sections	.debug_frame
  17              		.file 1 "Core/Src/adc_current.c"
  18              		.section	.text.adc_cur_init,"ax",%progbits
  19              		.align	1
  20              		.global	adc_cur_init
  21              		.syntax unified
  22              		.thumb
  23              		.thumb_func
  25              	adc_cur_init:
  26              	.LFB65:
   1:Core/Src/adc_current.c **** #include "adc_current.h"
   2:Core/Src/adc_current.c **** 
   3:Core/Src/adc_current.c **** volatile uint16_t adc[2];
   4:Core/Src/adc_current.c **** _iq18 current[2];
   5:Core/Src/adc_current.c **** EMA_iq18 *filter1, *filter2;
   6:Core/Src/adc_current.c **** uint32_t check;
   7:Core/Src/adc_current.c **** int ch_order = 1;
   8:Core/Src/adc_current.c **** 
   9:Core/Src/adc_current.c **** void adc_cur_init()
  10:Core/Src/adc_current.c **** {
  27              		.loc 1 10 1 view -0
  28              		.cfi_startproc
  29              		@ args = 0, pretend = 0, frame = 0
  30              		@ frame_needed = 0, uses_anonymous_args = 0
  31 0000 38B5     		push	{r3, r4, r5, lr}
  32              		.cfi_def_cfa_offset 16
  33              		.cfi_offset 3, -16
  34              		.cfi_offset 4, -12
  35              		.cfi_offset 5, -8
  36              		.cfi_offset 14, -4
  11:Core/Src/adc_current.c ****     // Starting DMA for capturing current measures from ADC
  12:Core/Src/adc_current.c ****     HAL_ADC_Start_DMA(&hadc1, (uint32_t *)&adc, 2);
  37              		.loc 1 12 5 view .LVU1
  38 0002 0D4C     		ldr	r4, .L3
  39 0004 0222     		movs	r2, #2
  40 0006 2146     		mov	r1, r4
  41 0008 0C48     		ldr	r0, .L3+4
  42 000a FFF7FEFF 		bl	HAL_ADC_Start_DMA
  43              	.LVL0:
  13:Core/Src/adc_current.c **** 
  14:Core/Src/adc_current.c ****     // Initia;lization of filters
  15:Core/Src/adc_current.c ****     filter1 = initEMA_iq18(0.005, _IQ18(2048));
ARM GAS  C:\Users\zhmis\AppData\Local\Temp\ccDv1LUL.s 			page 2


  44              		.loc 1 15 5 view .LVU2
  45              		.loc 1 15 15 is_stmt 0 view .LVU3
  46 000e 0C4D     		ldr	r5, .L3+8
  47 0010 4FF00051 		mov	r1, #536870912
  48 0014 2846     		mov	r0, r5
  49 0016 FFF7FEFF 		bl	initEMA_iq18
  50              	.LVL1:
  51              		.loc 1 15 13 discriminator 1 view .LVU4
  52 001a 0A4B     		ldr	r3, .L3+12
  53 001c 1860     		str	r0, [r3]
  16:Core/Src/adc_current.c ****     filter2 = initEMA_iq18(0.005, _IQ18(2048));
  54              		.loc 1 16 5 is_stmt 1 view .LVU5
  55              		.loc 1 16 15 is_stmt 0 view .LVU6
  56 001e 4FF00051 		mov	r1, #536870912
  57 0022 2846     		mov	r0, r5
  58 0024 FFF7FEFF 		bl	initEMA_iq18
  59              	.LVL2:
  60              		.loc 1 16 13 discriminator 1 view .LVU7
  61 0028 074B     		ldr	r3, .L3+16
  62 002a 1860     		str	r0, [r3]
  17:Core/Src/adc_current.c ****     adc[0] = 2048;
  63              		.loc 1 17 5 is_stmt 1 view .LVU8
  64              		.loc 1 17 12 is_stmt 0 view .LVU9
  65 002c 4FF40063 		mov	r3, #2048
  66 0030 2380     		strh	r3, [r4]	@ movhi
  18:Core/Src/adc_current.c ****     adc[1] = 2048;
  67              		.loc 1 18 5 is_stmt 1 view .LVU10
  68              		.loc 1 18 12 is_stmt 0 view .LVU11
  69 0032 6380     		strh	r3, [r4, #2]	@ movhi
  19:Core/Src/adc_current.c **** }
  70              		.loc 1 19 1 view .LVU12
  71 0034 38BD     		pop	{r3, r4, r5, pc}
  72              	.L4:
  73 0036 00BF     		.align	2
  74              	.L3:
  75 0038 00000000 		.word	adc
  76 003c 00000000 		.word	hadc1
  77 0040 0AD7A33B 		.word	1000593162
  78 0044 00000000 		.word	filter1
  79 0048 00000000 		.word	filter2
  80              		.cfi_endproc
  81              	.LFE65:
  83              		.section	.text.adc_callback_handler,"ax",%progbits
  84              		.align	1
  85              		.global	adc_callback_handler
  86              		.syntax unified
  87              		.thumb
  88              		.thumb_func
  90              	adc_callback_handler:
  91              	.LFB66:
  20:Core/Src/adc_current.c **** 
  21:Core/Src/adc_current.c **** void adc_callback_handler()
  22:Core/Src/adc_current.c **** {
  92              		.loc 1 22 1 is_stmt 1 view -0
  93              		.cfi_startproc
  94              		@ args = 0, pretend = 0, frame = 0
  95              		@ frame_needed = 0, uses_anonymous_args = 0
ARM GAS  C:\Users\zhmis\AppData\Local\Temp\ccDv1LUL.s 			page 3


  23:Core/Src/adc_current.c ****     ch_order = !ch_order;
  96              		.loc 1 23 5 view .LVU14
  97              		.loc 1 23 16 is_stmt 0 view .LVU15
  98 0000 194A     		ldr	r2, .L12
  99 0002 1368     		ldr	r3, [r2]
 100 0004 B3FA83F3 		clz	r3, r3
 101 0008 5B09     		lsrs	r3, r3, #5
 102              		.loc 1 23 14 view .LVU16
 103 000a 1360     		str	r3, [r2]
  24:Core/Src/adc_current.c **** 
  25:Core/Src/adc_current.c ****     if (system_enabled)
 104              		.loc 1 25 5 is_stmt 1 view .LVU17
 105              		.loc 1 25 9 is_stmt 0 view .LVU18
 106 000c 174A     		ldr	r2, .L12+4
 107 000e 1278     		ldrb	r2, [r2]	@ zero_extendqisi2
 108              		.loc 1 25 8 view .LVU19
 109 0010 4AB3     		cbz	r2, .L9
  22:Core/Src/adc_current.c ****     ch_order = !ch_order;
 110              		.loc 1 22 1 view .LVU20
 111 0012 10B5     		push	{r4, lr}
 112              		.cfi_def_cfa_offset 8
 113              		.cfi_offset 4, -8
 114              		.cfi_offset 14, -4
  26:Core/Src/adc_current.c ****     {
  27:Core/Src/adc_current.c ****         if (!ch_order)
 115              		.loc 1 27 9 is_stmt 1 view .LVU21
 116              		.loc 1 27 12 is_stmt 0 view .LVU22
 117 0014 9BB9     		cbnz	r3, .L7
 118              	.LBB2:
  28:Core/Src/adc_current.c ****         {
  29:Core/Src/adc_current.c ****             _iq18 adc_filtered = updateEMA_iq18(filter1, _IQ18(adc[ch_order]));
 119              		.loc 1 29 13 is_stmt 1 view .LVU23
 120              		.loc 1 29 58 is_stmt 0 view .LVU24
 121 0016 164A     		ldr	r2, .L12+8
 122 0018 32F81310 		ldrh	r1, [r2, r3, lsl #1]
 123              		.loc 1 29 34 view .LVU25
 124 001c 8904     		lsls	r1, r1, #18
 125 001e 154B     		ldr	r3, .L12+12
 126 0020 1868     		ldr	r0, [r3]
 127 0022 FFF7FEFF 		bl	updateEMA_iq18
 128              	.LVL3:
  30:Core/Src/adc_current.c ****             current[ch_order] = _IQ18mpy((adc_filtered - _IQ18(2048)), _IQ18(CUR_SENSOR_GAIN));
 129              		.loc 1 30 13 is_stmt 1 view .LVU26
 130              		.loc 1 30 20 is_stmt 0 view .LVU27
 131 0026 104B     		ldr	r3, .L12
 132 0028 1C68     		ldr	r4, [r3]
 133              		.loc 1 30 33 view .LVU28
 134 002a 4FF4A071 		mov	r1, #320
 135 002e 00F16040 		add	r0, r0, #-536870912
 136              	.LVL4:
 137              		.loc 1 30 33 view .LVU29
 138 0032 FFF7FEFF 		bl	_IQ18mpy
 139              	.LVL5:
 140              		.loc 1 30 31 discriminator 1 view .LVU30
 141 0036 104B     		ldr	r3, .L12+16
 142 0038 43F82400 		str	r0, [r3, r4, lsl #2]
 143              	.LVL6:
ARM GAS  C:\Users\zhmis\AppData\Local\Temp\ccDv1LUL.s 			page 4


 144              	.L5:
 145              		.loc 1 30 31 discriminator 1 view .LVU31
 146              	.LBE2:
  31:Core/Src/adc_current.c ****         }
  32:Core/Src/adc_current.c ****         else
  33:Core/Src/adc_current.c ****         {
  34:Core/Src/adc_current.c ****             _iq18 adc_filtered = updateEMA_iq18(filter2, _IQ18(adc[ch_order]));
  35:Core/Src/adc_current.c ****             current[ch_order] = _IQ18mpy((adc_filtered - _IQ18(2048)), _IQ18(CUR_SENSOR_GAIN));
  36:Core/Src/adc_current.c ****         }
  37:Core/Src/adc_current.c ****     }
  38:Core/Src/adc_current.c **** }
 147              		.loc 1 38 1 view .LVU32
 148 003c 10BD     		pop	{r4, pc}
 149              	.L7:
 150              	.LBB3:
  34:Core/Src/adc_current.c ****             current[ch_order] = _IQ18mpy((adc_filtered - _IQ18(2048)), _IQ18(CUR_SENSOR_GAIN));
 151              		.loc 1 34 13 is_stmt 1 view .LVU33
  34:Core/Src/adc_current.c ****             current[ch_order] = _IQ18mpy((adc_filtered - _IQ18(2048)), _IQ18(CUR_SENSOR_GAIN));
 152              		.loc 1 34 58 is_stmt 0 view .LVU34
 153 003e 0C4A     		ldr	r2, .L12+8
 154 0040 32F81310 		ldrh	r1, [r2, r3, lsl #1]
  34:Core/Src/adc_current.c ****             current[ch_order] = _IQ18mpy((adc_filtered - _IQ18(2048)), _IQ18(CUR_SENSOR_GAIN));
 155              		.loc 1 34 34 view .LVU35
 156 0044 8904     		lsls	r1, r1, #18
 157 0046 0D4B     		ldr	r3, .L12+20
 158 0048 1868     		ldr	r0, [r3]
 159 004a FFF7FEFF 		bl	updateEMA_iq18
 160              	.LVL7:
  35:Core/Src/adc_current.c ****         }
 161              		.loc 1 35 13 is_stmt 1 view .LVU36
  35:Core/Src/adc_current.c ****         }
 162              		.loc 1 35 20 is_stmt 0 view .LVU37
 163 004e 064B     		ldr	r3, .L12
 164 0050 1C68     		ldr	r4, [r3]
  35:Core/Src/adc_current.c ****         }
 165              		.loc 1 35 33 view .LVU38
 166 0052 4FF4A071 		mov	r1, #320
 167 0056 00F16040 		add	r0, r0, #-536870912
 168              	.LVL8:
  35:Core/Src/adc_current.c ****         }
 169              		.loc 1 35 33 view .LVU39
 170 005a FFF7FEFF 		bl	_IQ18mpy
 171              	.LVL9:
  35:Core/Src/adc_current.c ****         }
 172              		.loc 1 35 31 discriminator 1 view .LVU40
 173 005e 064B     		ldr	r3, .L12+16
 174 0060 43F82400 		str	r0, [r3, r4, lsl #2]
 175              	.LBE3:
 176              		.loc 1 38 1 view .LVU41
 177 0064 EAE7     		b	.L5
 178              	.LVL10:
 179              	.L9:
 180              		.cfi_def_cfa_offset 0
 181              		.cfi_restore 4
 182              		.cfi_restore 14
 183              		.loc 1 38 1 view .LVU42
 184 0066 7047     		bx	lr
ARM GAS  C:\Users\zhmis\AppData\Local\Temp\ccDv1LUL.s 			page 5


 185              	.L13:
 186              		.align	2
 187              	.L12:
 188 0068 00000000 		.word	ch_order
 189 006c 00000000 		.word	system_enabled
 190 0070 00000000 		.word	adc
 191 0074 00000000 		.word	filter1
 192 0078 00000000 		.word	current
 193 007c 00000000 		.word	filter2
 194              		.cfi_endproc
 195              	.LFE66:
 197              		.section	.text.HAL_ADC_ConvCpltCallback,"ax",%progbits
 198              		.align	1
 199              		.global	HAL_ADC_ConvCpltCallback
 200              		.syntax unified
 201              		.thumb
 202              		.thumb_func
 204              	HAL_ADC_ConvCpltCallback:
 205              	.LVL11:
 206              	.LFB67:
  39:Core/Src/adc_current.c **** 
  40:Core/Src/adc_current.c **** void HAL_ADC_ConvCpltCallback(ADC_HandleTypeDef *hadc)
  41:Core/Src/adc_current.c **** {
 207              		.loc 1 41 1 is_stmt 1 view -0
 208              		.cfi_startproc
 209              		@ args = 0, pretend = 0, frame = 0
 210              		@ frame_needed = 0, uses_anonymous_args = 0
 211              		.loc 1 41 1 is_stmt 0 view .LVU44
 212 0000 08B5     		push	{r3, lr}
 213              		.cfi_def_cfa_offset 8
 214              		.cfi_offset 3, -8
 215              		.cfi_offset 14, -4
  42:Core/Src/adc_current.c ****     // check++;
  43:Core/Src/adc_current.c ****     adc_callback_handler();
 216              		.loc 1 43 5 is_stmt 1 view .LVU45
 217 0002 FFF7FEFF 		bl	adc_callback_handler
 218              	.LVL12:
  44:Core/Src/adc_current.c **** }...
 219              		.loc 1 44 1 is_stmt 0 view .LVU46
 220 0006 08BD     		pop	{r3, pc}
 221              		.cfi_endproc
 222              	.LFE67:
 224              		.global	ch_order
 225              		.section	.data.ch_order,"aw"
 226              		.align	2
 229              	ch_order:
 230 0000 01000000 		.word	1
 231              		.global	check
 232              		.section	.bss.check,"aw",%nobits
 233              		.align	2
 236              	check:
 237 0000 00000000 		.space	4
 238              		.global	filter2
 239              		.section	.bss.filter2,"aw",%nobits
 240              		.align	2
 243              	filter2:
 244 0000 00000000 		.space	4
ARM GAS  C:\Users\zhmis\AppData\Local\Temp\ccDv1LUL.s 			page 6


 245              		.global	filter1
 246              		.section	.bss.filter1,"aw",%nobits
 247              		.align	2
 250              	filter1:
 251 0000 00000000 		.space	4
 252              		.global	current
 253              		.section	.bss.current,"aw",%nobits
 254              		.align	2
 257              	current:
 258 0000 00000000 		.space	8
 258      00000000 
 259              		.global	adc
 260              		.section	.bss.adc,"aw",%nobits
 261              		.align	2
 264              	adc:
 265 0000 00000000 		.space	4
 266              		.text
 267              	.Letext0:
 268              		.file 2 "C:/Users/zhmis/AppData/Roaming/Code/User/globalStorage/bmd.stm32-for-vscode/@xpack-dev-to
 269              		.file 3 "C:/Users/zhmis/AppData/Roaming/Code/User/globalStorage/bmd.stm32-for-vscode/@xpack-dev-to
 270              		.file 4 "Drivers/CMSIS/Device/ST/STM32F1xx/Include/stm32f103xb.h"
 271              		.file 5 "Drivers/CMSIS/Device/ST/STM32F1xx/Include/stm32f1xx.h"
 272              		.file 6 "Drivers/STM32F1xx_HAL_Driver/Inc/stm32f1xx_hal_def.h"
 273              		.file 7 "Drivers/STM32F1xx_HAL_Driver/Inc/stm32f1xx_hal_dma.h"
 274              		.file 8 "Drivers/STM32F1xx_HAL_Driver/Inc/stm32f1xx_hal_adc.h"
 275              		.file 9 "Core/Inc/IQmathLib.h"
 276              		.file 10 "Core/Inc/ema_iq18.h"
 277              		.file 11 "Core/Inc/adc.h"
 278              		.file 12 "Core/Inc/global_flags.h"
 279              		.file 13 "Core/Inc/adc_current.h"
ARM GAS  C:\Users\zhmis\AppData\Local\Temp\ccDv1LUL.s 			page 7


DEFINED SYMBOLS
                            *ABS*:00000000 adc_current.c
C:\Users\zhmis\AppData\Local\Temp\ccDv1LUL.s:19     .text.adc_cur_init:00000000 $t
C:\Users\zhmis\AppData\Local\Temp\ccDv1LUL.s:25     .text.adc_cur_init:00000000 adc_cur_init
C:\Users\zhmis\AppData\Local\Temp\ccDv1LUL.s:75     .text.adc_cur_init:00000038 $d
C:\Users\zhmis\AppData\Local\Temp\ccDv1LUL.s:264    .bss.adc:00000000 adc
C:\Users\zhmis\AppData\Local\Temp\ccDv1LUL.s:250    .bss.filter1:00000000 filter1
C:\Users\zhmis\AppData\Local\Temp\ccDv1LUL.s:243    .bss.filter2:00000000 filter2
C:\Users\zhmis\AppData\Local\Temp\ccDv1LUL.s:84     .text.adc_callback_handler:00000000 $t
C:\Users\zhmis\AppData\Local\Temp\ccDv1LUL.s:90     .text.adc_callback_handler:00000000 adc_callback_handler
C:\Users\zhmis\AppData\Local\Temp\ccDv1LUL.s:188    .text.adc_callback_handler:00000068 $d
C:\Users\zhmis\AppData\Local\Temp\ccDv1LUL.s:229    .data.ch_order:00000000 ch_order
C:\Users\zhmis\AppData\Local\Temp\ccDv1LUL.s:257    .bss.current:00000000 current
C:\Users\zhmis\AppData\Local\Temp\ccDv1LUL.s:198    .text.HAL_ADC_ConvCpltCallback:00000000 $t
C:\Users\zhmis\AppData\Local\Temp\ccDv1LUL.s:204    .text.HAL_ADC_ConvCpltCallback:00000000 HAL_ADC_ConvCpltCallback
C:\Users\zhmis\AppData\Local\Temp\ccDv1LUL.s:226    .data.ch_order:00000000 $d
C:\Users\zhmis\AppData\Local\Temp\ccDv1LUL.s:236    .bss.check:00000000 check
C:\Users\zhmis\AppData\Local\Temp\ccDv1LUL.s:233    .bss.check:00000000 $d
C:\Users\zhmis\AppData\Local\Temp\ccDv1LUL.s:240    .bss.filter2:00000000 $d
C:\Users\zhmis\AppData\Local\Temp\ccDv1LUL.s:247    .bss.filter1:00000000 $d
C:\Users\zhmis\AppData\Local\Temp\ccDv1LUL.s:254    .bss.current:00000000 $d
C:\Users\zhmis\AppData\Local\Temp\ccDv1LUL.s:261    .bss.adc:00000000 $d

UNDEFINED SYMBOLS
HAL_ADC_Start_DMA
initEMA_iq18
hadc1
updateEMA_iq18
_IQ18mpy
system_enabled
