ARM GAS  C:\Users\zhmis\AppData\Local\Temp\cc2kJ3OJ.s 			page 1


   1              		.cpu cortex-m3
   2              		.arch armv7-m
   3              		.fpu softvfp
   4              		.eabi_attribute 20, 1
   5              		.eabi_attribute 21, 1
   6              		.eabi_attribute 23, 3
   7              		.eabi_attribute 24, 1
   8              		.eabi_attribute 25, 1
   9              		.eabi_attribute 26, 1
  10              		.eabi_attribute 30, 1
  11              		.eabi_attribute 34, 1
  12              		.eabi_attribute 18, 4
  13              		.file	"encoder_iq18.c"
  14              		.text
  15              	.Ltext0:
  16              		.cfi_sections	.debug_frame
  17              		.file 1 "Core/Src/encoder_iq18.c"
  18              		.global	__aeabi_fmul
  19              		.global	__aeabi_f2iz
  20              		.global	__aeabi_fcmpeq
  21              		.section	.text.encoder_init_iq18,"ax",%progbits
  22              		.align	1
  23              		.global	encoder_init_iq18
  24              		.syntax unified
  25              		.thumb
  26              		.thumb_func
  28              	encoder_init_iq18:
  29              	.LVL0:
  30              	.LFB65:
   1:Core/Src/encoder_iq18.c **** /*
   2:Core/Src/encoder_iq18.c ****  * encoder_iq18.c
   3:Core/Src/encoder_iq18.c ****  *
   4:Core/Src/encoder_iq18.c ****  *  Created on: Dec 18, 2023
   5:Core/Src/encoder_iq18.c ****  *      Author: JV4K
   6:Core/Src/encoder_iq18.c ****  */
   7:Core/Src/encoder_iq18.c **** 
   8:Core/Src/encoder_iq18.c **** #include "encoder_iq18.h"
   9:Core/Src/encoder_iq18.c **** 
  10:Core/Src/encoder_iq18.c **** void encoder_init_iq18(encoder_iq18_t *encoder, TIM_HandleTypeDef *timerHandle,
  11:Core/Src/encoder_iq18.c **** 		uint16_t CPR, float dt, float gearRatio, float vel_filter_k,
  12:Core/Src/encoder_iq18.c **** 		uint8_t is_reversed) {
  31              		.loc 1 12 24 view -0
  32              		.cfi_startproc
  33              		@ args = 12, pretend = 0, frame = 0
  34              		@ frame_needed = 0, uses_anonymous_args = 0
  35              		.loc 1 12 24 is_stmt 0 view .LVU1
  36 0000 70B5     		push	{r4, r5, r6, lr}
  37              		.cfi_def_cfa_offset 16
  38              		.cfi_offset 4, -16
  39              		.cfi_offset 5, -12
  40              		.cfi_offset 6, -8
  41              		.cfi_offset 14, -4
  42 0002 0446     		mov	r4, r0
  43 0004 049D     		ldr	r5, [sp, #16]	@ float
  44 0006 9DF81860 		ldrb	r6, [sp, #24]	@ zero_extendqisi2
  13:Core/Src/encoder_iq18.c **** 	encoder->htim = timerHandle;
  45              		.loc 1 13 2 is_stmt 1 view .LVU2
ARM GAS  C:\Users\zhmis\AppData\Local\Temp\cc2kJ3OJ.s 			page 2


  46              		.loc 1 13 16 is_stmt 0 view .LVU3
  47 000a 0160     		str	r1, [r0]
  14:Core/Src/encoder_iq18.c **** 	encoder->countsPerRevolution = CPR;
  48              		.loc 1 14 2 is_stmt 1 view .LVU4
  49              		.loc 1 14 31 is_stmt 0 view .LVU5
  50 000c 8280     		strh	r2, [r0, #4]	@ movhi
  15:Core/Src/encoder_iq18.c **** 	encoder->dt = _IQ18(dt);
  51              		.loc 1 15 2 is_stmt 1 view .LVU6
  52              		.loc 1 15 16 is_stmt 0 view .LVU7
  53 000e 4FF09141 		mov	r1, #1216348160
  54              	.LVL1:
  55              		.loc 1 15 16 view .LVU8
  56 0012 1846     		mov	r0, r3
  57              	.LVL2:
  58              		.loc 1 15 16 view .LVU9
  59 0014 FFF7FEFF 		bl	__aeabi_fmul
  60              	.LVL3:
  61              		.loc 1 15 16 view .LVU10
  62 0018 FFF7FEFF 		bl	__aeabi_f2iz
  63              	.LVL4:
  64              		.loc 1 15 14 view .LVU11
  65 001c E061     		str	r0, [r4, #28]
  16:Core/Src/encoder_iq18.c **** 	encoder->filter = initEMA_iq18(vel_filter_k, 0);
  66              		.loc 1 16 2 is_stmt 1 view .LVU12
  67              		.loc 1 16 20 is_stmt 0 view .LVU13
  68 001e 0021     		movs	r1, #0
  69 0020 0598     		ldr	r0, [sp, #20]	@ float
  70 0022 FFF7FEFF 		bl	initEMA_iq18
  71              	.LVL5:
  72              		.loc 1 16 18 discriminator 1 view .LVU14
  73 0026 E062     		str	r0, [r4, #44]
  17:Core/Src/encoder_iq18.c **** 	if (gearRatio) {
  74              		.loc 1 17 2 is_stmt 1 view .LVU15
  75              		.loc 1 17 5 is_stmt 0 view .LVU16
  76 0028 0021     		movs	r1, #0
  77 002a 2846     		mov	r0, r5
  78 002c FFF7FEFF 		bl	__aeabi_fcmpeq
  79              	.LVL6:
  80 0030 60B9     		cbnz	r0, .L8
  18:Core/Src/encoder_iq18.c **** 		encoder->gearRatio = _IQ18(gearRatio);
  81              		.loc 1 18 3 is_stmt 1 view .LVU17
  82              		.loc 1 18 24 is_stmt 0 view .LVU18
  83 0032 4FF09141 		mov	r1, #1216348160
  84 0036 2846     		mov	r0, r5
  85 0038 FFF7FEFF 		bl	__aeabi_fmul
  86              	.LVL7:
  87 003c FFF7FEFF 		bl	__aeabi_f2iz
  88              	.LVL8:
  89              		.loc 1 18 22 view .LVU19
  90 0040 2062     		str	r0, [r4, #32]
  91              	.L4:
  19:Core/Src/encoder_iq18.c **** 	} else {
  20:Core/Src/encoder_iq18.c **** 		encoder->gearRatio = _IQ18(1);
  21:Core/Src/encoder_iq18.c **** 	}
  22:Core/Src/encoder_iq18.c **** 
  23:Core/Src/encoder_iq18.c **** 	if (!is_reversed) {
  92              		.loc 1 23 2 is_stmt 1 view .LVU20
ARM GAS  C:\Users\zhmis\AppData\Local\Temp\cc2kJ3OJ.s 			page 3


  93              		.loc 1 23 5 is_stmt 0 view .LVU21
  94 0042 3EB9     		cbnz	r6, .L5
  24:Core/Src/encoder_iq18.c **** 		encoder->reverse_flag = 1;
  95              		.loc 1 24 3 is_stmt 1 view .LVU22
  96              		.loc 1 24 25 is_stmt 0 view .LVU23
  97 0044 0123     		movs	r3, #1
  98 0046 84F82830 		strb	r3, [r4, #40]
  99              	.L1:
  25:Core/Src/encoder_iq18.c **** 	} else {
  26:Core/Src/encoder_iq18.c **** 		encoder->reverse_flag = -1;
  27:Core/Src/encoder_iq18.c **** 	}
  28:Core/Src/encoder_iq18.c **** }
 100              		.loc 1 28 1 view .LVU24
 101 004a 70BD     		pop	{r4, r5, r6, pc}
 102              	.LVL9:
 103              	.L8:
  20:Core/Src/encoder_iq18.c **** 	}
 104              		.loc 1 20 3 is_stmt 1 view .LVU25
  20:Core/Src/encoder_iq18.c **** 	}
 105              		.loc 1 20 22 is_stmt 0 view .LVU26
 106 004c 4FF48023 		mov	r3, #262144
 107 0050 2362     		str	r3, [r4, #32]
 108 0052 F6E7     		b	.L4
 109              	.L5:
  26:Core/Src/encoder_iq18.c **** 	}
 110              		.loc 1 26 3 is_stmt 1 view .LVU27
  26:Core/Src/encoder_iq18.c **** 	}
 111              		.loc 1 26 25 is_stmt 0 view .LVU28
 112 0054 FF23     		movs	r3, #255
 113 0056 84F82830 		strb	r3, [r4, #40]
 114              		.loc 1 28 1 view .LVU29
 115 005a F6E7     		b	.L1
 116              		.cfi_endproc
 117              	.LFE65:
 119              		.section	.text.encoder_updatePosition_iq18,"ax",%progbits
 120              		.align	1
 121              		.global	encoder_updatePosition_iq18
 122              		.syntax unified
 123              		.thumb
 124              		.thumb_func
 126              	encoder_updatePosition_iq18:
 127              	.LVL10:
 128              	.LFB66:
  29:Core/Src/encoder_iq18.c **** void encoder_updatePosition_iq18(encoder_iq18_t *encoder) {
 129              		.loc 1 29 59 is_stmt 1 view -0
 130              		.cfi_startproc
 131              		@ args = 0, pretend = 0, frame = 0
 132              		@ frame_needed = 0, uses_anonymous_args = 0
 133              		.loc 1 29 59 is_stmt 0 view .LVU31
 134 0000 38B5     		push	{r3, r4, r5, lr}
 135              		.cfi_def_cfa_offset 16
 136              		.cfi_offset 3, -16
 137              		.cfi_offset 4, -12
 138              		.cfi_offset 5, -8
 139              		.cfi_offset 14, -4
 140 0002 0446     		mov	r4, r0
  30:Core/Src/encoder_iq18.c **** 	encoder->currentTicks = (int16_t) encoder->htim->Instance->CNT;
ARM GAS  C:\Users\zhmis\AppData\Local\Temp\cc2kJ3OJ.s 			page 4


 141              		.loc 1 30 2 is_stmt 1 view .LVU32
 142              		.loc 1 30 43 is_stmt 0 view .LVU33
 143 0004 0368     		ldr	r3, [r0]
 144              		.loc 1 30 49 view .LVU34
 145 0006 1B68     		ldr	r3, [r3]
 146              		.loc 1 30 59 view .LVU35
 147 0008 586A     		ldr	r0, [r3, #36]
 148              	.LVL11:
 149              		.loc 1 30 26 view .LVU36
 150 000a 00B2     		sxth	r0, r0
 151              		.loc 1 30 24 view .LVU37
 152 000c 2082     		strh	r0, [r4, #16]	@ movhi
  31:Core/Src/encoder_iq18.c **** 
  32:Core/Src/encoder_iq18.c **** 	encoder->fullRevolutions += _IQ18div(
 153              		.loc 1 32 2 is_stmt 1 view .LVU38
  33:Core/Src/encoder_iq18.c **** 			_IQ18(encoder->currentTicks / encoder->countsPerRevolution),
 154              		.loc 1 33 4 is_stmt 0 view .LVU39
 155 000e A388     		ldrh	r3, [r4, #4]
 156 0010 90FBF3F0 		sdiv	r0, r0, r3
  32:Core/Src/encoder_iq18.c **** 			_IQ18(encoder->currentTicks / encoder->countsPerRevolution),
 157              		.loc 1 32 30 view .LVU40
 158 0014 216A     		ldr	r1, [r4, #32]
 159 0016 8004     		lsls	r0, r0, #18
 160 0018 FFF7FEFF 		bl	_IQ18div
 161              	.LVL12:
  32:Core/Src/encoder_iq18.c **** 			_IQ18(encoder->currentTicks / encoder->countsPerRevolution),
 162              		.loc 1 32 9 discriminator 1 view .LVU41
 163 001c 6369     		ldr	r3, [r4, #20]
  32:Core/Src/encoder_iq18.c **** 			_IQ18(encoder->currentTicks / encoder->countsPerRevolution),
 164              		.loc 1 32 27 discriminator 1 view .LVU42
 165 001e 0344     		add	r3, r3, r0
 166 0020 6361     		str	r3, [r4, #20]
  34:Core/Src/encoder_iq18.c **** 			encoder->gearRatio);
  35:Core/Src/encoder_iq18.c **** 
  36:Core/Src/encoder_iq18.c **** 	encoder->currentTicks = encoder->currentTicks
 167              		.loc 1 36 2 is_stmt 1 view .LVU43
 168              		.loc 1 36 33 is_stmt 0 view .LVU44
 169 0022 B4F91030 		ldrsh	r3, [r4, #16]
  37:Core/Src/encoder_iq18.c **** 			% encoder->countsPerRevolution;
 170              		.loc 1 37 13 view .LVU45
 171 0026 A288     		ldrh	r2, [r4, #4]
 172              		.loc 1 37 4 view .LVU46
 173 0028 93FBF2F1 		sdiv	r1, r3, r2
 174 002c 02FB1133 		mls	r3, r2, r1, r3
  36:Core/Src/encoder_iq18.c **** 			% encoder->countsPerRevolution;
 175              		.loc 1 36 24 view .LVU47
 176 0030 2382     		strh	r3, [r4, #16]	@ movhi
  38:Core/Src/encoder_iq18.c **** 	encoder->htim->Instance->CNT = (uint16_t) encoder->currentTicks;
 177              		.loc 1 38 2 is_stmt 1 view .LVU48
 178              		.loc 1 38 9 is_stmt 0 view .LVU49
 179 0032 2268     		ldr	r2, [r4]
 180              		.loc 1 38 15 view .LVU50
 181 0034 1268     		ldr	r2, [r2]
 182              		.loc 1 38 33 view .LVU51
 183 0036 9BB2     		uxth	r3, r3
 184              		.loc 1 38 31 view .LVU52
 185 0038 5362     		str	r3, [r2, #36]
ARM GAS  C:\Users\zhmis\AppData\Local\Temp\cc2kJ3OJ.s 			page 5


  39:Core/Src/encoder_iq18.c **** 
  40:Core/Src/encoder_iq18.c **** 	encoder->angle = _IQ18mpy(
 186              		.loc 1 40 2 is_stmt 1 view .LVU53
  41:Core/Src/encoder_iq18.c **** 			(encoder->fullRevolutions
 187              		.loc 1 41 12 is_stmt 0 view .LVU54
 188 003a 6569     		ldr	r5, [r4, #20]
  42:Core/Src/encoder_iq18.c **** 					+ _IQ18div(
  43:Core/Src/encoder_iq18.c **** 							_IQ18div(_IQ18(encoder->currentTicks),
 189              		.loc 1 43 17 view .LVU55
 190 003c B4F91000 		ldrsh	r0, [r4, #16]
  44:Core/Src/encoder_iq18.c **** 									_IQ18(encoder->countsPerRevolution)),
 191              		.loc 1 44 10 view .LVU56
 192 0040 A188     		ldrh	r1, [r4, #4]
  42:Core/Src/encoder_iq18.c **** 					+ _IQ18div(
 193              		.loc 1 42 8 view .LVU57
 194 0042 8904     		lsls	r1, r1, #18
 195 0044 8004     		lsls	r0, r0, #18
 196 0046 FFF7FEFF 		bl	_IQ18div
 197              	.LVL13:
  42:Core/Src/encoder_iq18.c **** 					+ _IQ18div(
 198              		.loc 1 42 8 discriminator 1 view .LVU58
 199 004a 216A     		ldr	r1, [r4, #32]
 200 004c FFF7FEFF 		bl	_IQ18div
 201              	.LVL14:
  42:Core/Src/encoder_iq18.c **** 					+ _IQ18div(
 202              		.loc 1 42 6 discriminator 2 view .LVU59
 203 0050 2844     		add	r0, r0, r5
  40:Core/Src/encoder_iq18.c **** 			(encoder->fullRevolutions
 204              		.loc 1 40 19 view .LVU60
 205 0052 0349     		ldr	r1, .L12
 206 0054 4000     		lsls	r0, r0, #1
 207 0056 FFF7FEFF 		bl	_IQ18mpy
 208              	.LVL15:
  40:Core/Src/encoder_iq18.c **** 			(encoder->fullRevolutions
 209              		.loc 1 40 17 discriminator 1 view .LVU61
 210 005a A060     		str	r0, [r4, #8]
  45:Core/Src/encoder_iq18.c **** 							encoder->gearRatio)) << 1,
  46:Core/Src/encoder_iq18.c **** 			PI_IQ18);
  47:Core/Src/encoder_iq18.c **** }
 211              		.loc 1 47 1 view .LVU62
 212 005c 38BD     		pop	{r3, r4, r5, pc}
 213              	.LVL16:
 214              	.L13:
 215              		.loc 1 47 1 view .LVU63
 216 005e 00BF     		.align	2
 217              	.L12:
 218 0060 FD900C00 		.word	823549
 219              		.cfi_endproc
 220              	.LFE66:
 222              		.section	.text.encoder_updateVelocity_qep_iq18,"ax",%progbits
 223              		.align	1
 224              		.global	encoder_updateVelocity_qep_iq18
 225              		.syntax unified
 226              		.thumb
 227              		.thumb_func
 229              	encoder_updateVelocity_qep_iq18:
 230              	.LVL17:
ARM GAS  C:\Users\zhmis\AppData\Local\Temp\cc2kJ3OJ.s 			page 6


 231              	.LFB67:
  48:Core/Src/encoder_iq18.c **** void encoder_updateVelocity_qep_iq18(encoder_iq18_t *encoder) {
 232              		.loc 1 48 63 is_stmt 1 view -0
 233              		.cfi_startproc
 234              		@ args = 0, pretend = 0, frame = 0
 235              		@ frame_needed = 0, uses_anonymous_args = 0
 236              		.loc 1 48 63 is_stmt 0 view .LVU65
 237 0000 10B5     		push	{r4, lr}
 238              		.cfi_def_cfa_offset 8
 239              		.cfi_offset 4, -8
 240              		.cfi_offset 14, -4
 241 0002 0446     		mov	r4, r0
  49:Core/Src/encoder_iq18.c **** 	_iq18 velocity = _IQ18div((encoder->angle - encoder->previousAngle),
 242              		.loc 1 49 2 is_stmt 1 view .LVU66
 243              		.loc 1 49 36 is_stmt 0 view .LVU67
 244 0004 8068     		ldr	r0, [r0, #8]
 245              	.LVL18:
 246              		.loc 1 49 53 view .LVU68
 247 0006 636A     		ldr	r3, [r4, #36]
 248              		.loc 1 49 19 view .LVU69
 249 0008 E169     		ldr	r1, [r4, #28]
 250 000a C01A     		subs	r0, r0, r3
 251 000c FFF7FEFF 		bl	_IQ18div
 252              	.LVL19:
 253 0010 0146     		mov	r1, r0
 254              	.LVL20:
  50:Core/Src/encoder_iq18.c **** 			encoder->dt);
  51:Core/Src/encoder_iq18.c **** //	encoder->angularVelocity = velocity;
  52:Core/Src/encoder_iq18.c **** 	encoder->angularVelocity = updateEMA_iq18(encoder->filter, velocity);
 255              		.loc 1 52 2 is_stmt 1 view .LVU70
 256              		.loc 1 52 29 is_stmt 0 view .LVU71
 257 0012 E06A     		ldr	r0, [r4, #44]
 258              	.LVL21:
 259              		.loc 1 52 29 view .LVU72
 260 0014 FFF7FEFF 		bl	updateEMA_iq18
 261              	.LVL22:
 262              		.loc 1 52 27 discriminator 1 view .LVU73
 263 0018 E060     		str	r0, [r4, #12]
  53:Core/Src/encoder_iq18.c **** 	encoder->previousAngle = encoder->angle;
 264              		.loc 1 53 2 is_stmt 1 view .LVU74
 265              		.loc 1 53 34 is_stmt 0 view .LVU75
 266 001a A368     		ldr	r3, [r4, #8]
 267              		.loc 1 53 25 view .LVU76
 268 001c 6362     		str	r3, [r4, #36]
  54:Core/Src/encoder_iq18.c **** }
 269              		.loc 1 54 1 view .LVU77
 270 001e 10BD     		pop	{r4, pc}
 271              		.loc 1 54 1 view .LVU78
 272              		.cfi_endproc
 273              	.LFE67:
 275              		.section	.text.encoder_reset_iq18,"ax",%progbits
 276              		.align	1
 277              		.global	encoder_reset_iq18
 278              		.syntax unified
 279              		.thumb
 280              		.thumb_func
 282              	encoder_reset_iq18:
ARM GAS  C:\Users\zhmis\AppData\Local\Temp\cc2kJ3OJ.s 			page 7


 283              	.LVL23:
 284              	.LFB68:
  55:Core/Src/encoder_iq18.c **** void encoder_reset_iq18(encoder_iq18_t *encoder) {
 285              		.loc 1 55 50 is_stmt 1 view -0
 286              		.cfi_startproc
 287              		@ args = 0, pretend = 0, frame = 0
 288              		@ frame_needed = 0, uses_anonymous_args = 0
 289              		@ link register save eliminated.
  56:Core/Src/encoder_iq18.c **** 	encoder->htim->Instance->CNT = 0;
 290              		.loc 1 56 2 view .LVU80
 291              		.loc 1 56 9 is_stmt 0 view .LVU81
 292 0000 0368     		ldr	r3, [r0]
 293              		.loc 1 56 15 view .LVU82
 294 0002 1A68     		ldr	r2, [r3]
 295              		.loc 1 56 31 view .LVU83
 296 0004 0023     		movs	r3, #0
 297 0006 5362     		str	r3, [r2, #36]
  57:Core/Src/encoder_iq18.c **** 	encoder->angularVelocity = 0;
 298              		.loc 1 57 2 is_stmt 1 view .LVU84
 299              		.loc 1 57 27 is_stmt 0 view .LVU85
 300 0008 C360     		str	r3, [r0, #12]
  58:Core/Src/encoder_iq18.c **** 	encoder->previousAngle = 0;
 301              		.loc 1 58 2 is_stmt 1 view .LVU86
 302              		.loc 1 58 25 is_stmt 0 view .LVU87
 303 000a 4362     		str	r3, [r0, #36]
  59:Core/Src/encoder_iq18.c **** 	encoder->angle = 0;
 304              		.loc 1 59 2 is_stmt 1 view .LVU88
 305              		.loc 1 59 17 is_stmt 0 view .LVU89
 306 000c 8360     		str	r3, [r0, #8]
  60:Core/Src/encoder_iq18.c **** 	encoder->fullRevolutions = 0;
 307              		.loc 1 60 2 is_stmt 1 view .LVU90
 308              		.loc 1 60 27 is_stmt 0 view .LVU91
 309 000e 4361     		str	r3, [r0, #20]
  61:Core/Src/encoder_iq18.c **** 	encoder->currentTicks = 0;
 310              		.loc 1 61 2 is_stmt 1 view .LVU92
 311              		.loc 1 61 24 is_stmt 0 view .LVU93
 312 0010 0382     		strh	r3, [r0, #16]	@ movhi
  62:Core/Src/encoder_iq18.c **** }
 313              		.loc 1 62 1 view .LVU94
 314 0012 7047     		bx	lr
 315              		.cfi_endproc
 316              	.LFE68:
 318              		.section	.text.encoder_getAngle_iq18,"ax",%progbits
 319              		.align	1
 320              		.global	encoder_getAngle_iq18
 321              		.syntax unified
 322              		.thumb
 323              		.thumb_func
 325              	encoder_getAngle_iq18:
 326              	.LVL24:
 327              	.LFB69:
  63:Core/Src/encoder_iq18.c **** 
  64:Core/Src/encoder_iq18.c **** _iq18 encoder_getAngle_iq18(encoder_iq18_t *encoder) {
 328              		.loc 1 64 54 is_stmt 1 view -0
 329              		.cfi_startproc
 330              		@ args = 0, pretend = 0, frame = 0
 331              		@ frame_needed = 0, uses_anonymous_args = 0
ARM GAS  C:\Users\zhmis\AppData\Local\Temp\cc2kJ3OJ.s 			page 8


 332              		@ link register save eliminated.
  65:Core/Src/encoder_iq18.c **** 	return encoder->angle * encoder->reverse_flag;
 333              		.loc 1 65 2 view .LVU96
 334              		.loc 1 65 16 is_stmt 0 view .LVU97
 335 0000 8368     		ldr	r3, [r0, #8]
 336              		.loc 1 65 33 view .LVU98
 337 0002 90F92800 		ldrsb	r0, [r0, #40]
 338              	.LVL25:
  66:Core/Src/encoder_iq18.c **** }
 339              		.loc 1 66 1 view .LVU99
 340 0006 03FB00F0 		mul	r0, r3, r0
 341 000a 7047     		bx	lr
 342              		.cfi_endproc
 343              	.LFE69:
 345              		.section	.text.encoder_getVelocity_iq18,"ax",%progbits
 346              		.align	1
 347              		.global	encoder_getVelocity_iq18
 348              		.syntax unified
 349              		.thumb
 350              		.thumb_func
 352              	encoder_getVelocity_iq18:
 353              	.LVL26:
 354              	.LFB70:
  67:Core/Src/encoder_iq18.c **** _iq18 encoder_getVelocity_iq18(encoder_iq18_t *encoder) {
 355              		.loc 1 67 57 is_stmt 1 view -0
 356              		.cfi_startproc
 357              		@ args = 0, pretend = 0, frame = 0
 358              		@ frame_needed = 0, uses_anonymous_args = 0
 359              		@ link register save eliminated.
  68:Core/Src/encoder_iq18.c **** 	return encoder->angularVelocity * encoder->reverse_flag;
 360              		.loc 1 68 2 view .LVU101
 361              		.loc 1 68 16 is_stmt 0 view .LVU102
 362 0000 C368     		ldr	r3, [r0, #12]
 363              		.loc 1 68 43 view .LVU103
 364 0002 90F92800 		ldrsb	r0, [r0, #40]
 365              	.LVL27:
  69:Core/Src/encoder_iq18.c **** }
 366              		.loc 1 69 1 view .LVU104
 367 0006 03FB00F0 		mul	r0, r3, r0
 368 000a 7047     		bx	lr
 369              		.cfi_endproc
 370              	.LFE70:
 372              		.text
 373              	.Letext0:
 374              		.file 2 "C:/Users/zhmis/AppData/Roaming/Code/User/globalStorage/bmd.stm32-for-vscode/@xpack-dev-to
 375              		.file 3 "C:/Users/zhmis/AppData/Roaming/Code/User/globalStorage/bmd.stm32-for-vscode/@xpack-dev-to
 376              		.file 4 "Drivers/CMSIS/Device/ST/STM32F1xx/Include/stm32f103xb.h"
 377              		.file 5 "Drivers/STM32F1xx_HAL_Driver/Inc/stm32f1xx_hal_def.h"
 378              		.file 6 "Drivers/STM32F1xx_HAL_Driver/Inc/stm32f1xx_hal_dma.h"
 379              		.file 7 "Drivers/STM32F1xx_HAL_Driver/Inc/stm32f1xx_hal_tim.h"
 380              		.file 8 "Core/Inc/IQmathLib.h"
 381              		.file 9 "Core/Inc/ema_iq18.h"
 382              		.file 10 "Core/Inc/encoder_iq18.h"
ARM GAS  C:\Users\zhmis\AppData\Local\Temp\cc2kJ3OJ.s 			page 9


DEFINED SYMBOLS
                            *ABS*:00000000 encoder_iq18.c
C:\Users\zhmis\AppData\Local\Temp\cc2kJ3OJ.s:22     .text.encoder_init_iq18:00000000 $t
C:\Users\zhmis\AppData\Local\Temp\cc2kJ3OJ.s:28     .text.encoder_init_iq18:00000000 encoder_init_iq18
C:\Users\zhmis\AppData\Local\Temp\cc2kJ3OJ.s:120    .text.encoder_updatePosition_iq18:00000000 $t
C:\Users\zhmis\AppData\Local\Temp\cc2kJ3OJ.s:126    .text.encoder_updatePosition_iq18:00000000 encoder_updatePosition_iq18
C:\Users\zhmis\AppData\Local\Temp\cc2kJ3OJ.s:218    .text.encoder_updatePosition_iq18:00000060 $d
C:\Users\zhmis\AppData\Local\Temp\cc2kJ3OJ.s:223    .text.encoder_updateVelocity_qep_iq18:00000000 $t
C:\Users\zhmis\AppData\Local\Temp\cc2kJ3OJ.s:229    .text.encoder_updateVelocity_qep_iq18:00000000 encoder_updateVelocity_qep_iq18
C:\Users\zhmis\AppData\Local\Temp\cc2kJ3OJ.s:276    .text.encoder_reset_iq18:00000000 $t
C:\Users\zhmis\AppData\Local\Temp\cc2kJ3OJ.s:282    .text.encoder_reset_iq18:00000000 encoder_reset_iq18
C:\Users\zhmis\AppData\Local\Temp\cc2kJ3OJ.s:319    .text.encoder_getAngle_iq18:00000000 $t
C:\Users\zhmis\AppData\Local\Temp\cc2kJ3OJ.s:325    .text.encoder_getAngle_iq18:00000000 encoder_getAngle_iq18
C:\Users\zhmis\AppData\Local\Temp\cc2kJ3OJ.s:346    .text.encoder_getVelocity_iq18:00000000 $t
C:\Users\zhmis\AppData\Local\Temp\cc2kJ3OJ.s:352    .text.encoder_getVelocity_iq18:00000000 encoder_getVelocity_iq18

UNDEFINED SYMBOLS
__aeabi_fmul
__aeabi_f2iz
__aeabi_fcmpeq
initEMA_iq18
_IQ18div
_IQ18mpy
updateEMA_iq18
