ARM GAS  C:\Users\zhmis\AppData\Local\Temp\cc4TdNAU.s 			page 1


   1              		.cpu cortex-m3
   2              		.arch armv7-m
   3              		.fpu softvfp
   4              		.eabi_attribute 20, 1
   5              		.eabi_attribute 21, 1
   6              		.eabi_attribute 23, 3
   7              		.eabi_attribute 24, 1
   8              		.eabi_attribute 25, 1
   9              		.eabi_attribute 26, 1
  10              		.eabi_attribute 30, 1
  11              		.eabi_attribute 34, 1
  12              		.eabi_attribute 18, 4
  13              		.file	"gpio.c"
  14              		.text
  15              	.Ltext0:
  16              		.cfi_sections	.debug_frame
  17              		.file 1 "Core/Src/gpio.c"
  18              		.section	.text.MX_GPIO_Init,"ax",%progbits
  19              		.align	1
  20              		.global	MX_GPIO_Init
  21              		.syntax unified
  22              		.thumb
  23              		.thumb_func
  25              	MX_GPIO_Init:
  26              	.LFB65:
   1:Core/Src/gpio.c **** /* USER CODE BEGIN Header */
   2:Core/Src/gpio.c **** /**
   3:Core/Src/gpio.c ****   ******************************************************************************
   4:Core/Src/gpio.c ****   * @file    gpio.c
   5:Core/Src/gpio.c ****   * @brief   This file provides code for the configuration
   6:Core/Src/gpio.c ****   *          of all used GPIO pins.
   7:Core/Src/gpio.c ****   ******************************************************************************
   8:Core/Src/gpio.c ****   * @attention
   9:Core/Src/gpio.c ****   *
  10:Core/Src/gpio.c ****   * Copyright (c) 2023 STMicroelectronics.
  11:Core/Src/gpio.c ****   * All rights reserved.
  12:Core/Src/gpio.c ****   *
  13:Core/Src/gpio.c ****   * This software is licensed under terms that can be found in the LICENSE file
  14:Core/Src/gpio.c ****   * in the root directory of this software component.
  15:Core/Src/gpio.c ****   * If no LICENSE file comes with this software, it is provided AS-IS.
  16:Core/Src/gpio.c ****   *
  17:Core/Src/gpio.c ****   ******************************************************************************
  18:Core/Src/gpio.c ****   */
  19:Core/Src/gpio.c **** /* USER CODE END Header */
  20:Core/Src/gpio.c **** 
  21:Core/Src/gpio.c **** /* Includes ------------------------------------------------------------------*/
  22:Core/Src/gpio.c **** #include "gpio.h"
  23:Core/Src/gpio.c **** 
  24:Core/Src/gpio.c **** /* USER CODE BEGIN 0 */
  25:Core/Src/gpio.c **** 
  26:Core/Src/gpio.c **** /* USER CODE END 0 */
  27:Core/Src/gpio.c **** 
  28:Core/Src/gpio.c **** /*----------------------------------------------------------------------------*/
  29:Core/Src/gpio.c **** /* Configure GPIO                                                             */
  30:Core/Src/gpio.c **** /*----------------------------------------------------------------------------*/
  31:Core/Src/gpio.c **** /* USER CODE BEGIN 1 */
  32:Core/Src/gpio.c **** 
ARM GAS  C:\Users\zhmis\AppData\Local\Temp\cc4TdNAU.s 			page 2


  33:Core/Src/gpio.c **** /* USER CODE END 1 */
  34:Core/Src/gpio.c **** 
  35:Core/Src/gpio.c **** /** Configure pins as
  36:Core/Src/gpio.c ****         * Analog
  37:Core/Src/gpio.c ****         * Input
  38:Core/Src/gpio.c ****         * Output
  39:Core/Src/gpio.c ****         * EVENT_OUT
  40:Core/Src/gpio.c ****         * EXTI
  41:Core/Src/gpio.c **** */
  42:Core/Src/gpio.c **** void MX_GPIO_Init(void)
  43:Core/Src/gpio.c **** {
  27              		.loc 1 43 1 view -0
  28              		.cfi_startproc
  29              		@ args = 0, pretend = 0, frame = 32
  30              		@ frame_needed = 0, uses_anonymous_args = 0
  31 0000 F0B5     		push	{r4, r5, r6, r7, lr}
  32              		.cfi_def_cfa_offset 20
  33              		.cfi_offset 4, -20
  34              		.cfi_offset 5, -16
  35              		.cfi_offset 6, -12
  36              		.cfi_offset 7, -8
  37              		.cfi_offset 14, -4
  38 0002 89B0     		sub	sp, sp, #36
  39              		.cfi_def_cfa_offset 56
  44:Core/Src/gpio.c **** 
  45:Core/Src/gpio.c ****   GPIO_InitTypeDef GPIO_InitStruct = {0};
  40              		.loc 1 45 3 view .LVU1
  41              		.loc 1 45 20 is_stmt 0 view .LVU2
  42 0004 0024     		movs	r4, #0
  43 0006 0494     		str	r4, [sp, #16]
  44 0008 0594     		str	r4, [sp, #20]
  45 000a 0694     		str	r4, [sp, #24]
  46 000c 0794     		str	r4, [sp, #28]
  46:Core/Src/gpio.c **** 
  47:Core/Src/gpio.c ****   /* GPIO Ports Clock Enable */
  48:Core/Src/gpio.c ****   __HAL_RCC_GPIOD_CLK_ENABLE();
  47              		.loc 1 48 3 is_stmt 1 view .LVU3
  48              	.LBB2:
  49              		.loc 1 48 3 view .LVU4
  50              		.loc 1 48 3 view .LVU5
  51 000e 244B     		ldr	r3, .L3
  52 0010 9A69     		ldr	r2, [r3, #24]
  53 0012 42F02002 		orr	r2, r2, #32
  54 0016 9A61     		str	r2, [r3, #24]
  55              		.loc 1 48 3 view .LVU6
  56 0018 9A69     		ldr	r2, [r3, #24]
  57 001a 02F02002 		and	r2, r2, #32
  58 001e 0192     		str	r2, [sp, #4]
  59              		.loc 1 48 3 view .LVU7
  60 0020 019A     		ldr	r2, [sp, #4]
  61              	.LBE2:
  62              		.loc 1 48 3 view .LVU8
  49:Core/Src/gpio.c ****   __HAL_RCC_GPIOA_CLK_ENABLE();
  63              		.loc 1 49 3 view .LVU9
  64              	.LBB3:
  65              		.loc 1 49 3 view .LVU10
  66              		.loc 1 49 3 view .LVU11
ARM GAS  C:\Users\zhmis\AppData\Local\Temp\cc4TdNAU.s 			page 3


  67 0022 9A69     		ldr	r2, [r3, #24]
  68 0024 42F00402 		orr	r2, r2, #4
  69 0028 9A61     		str	r2, [r3, #24]
  70              		.loc 1 49 3 view .LVU12
  71 002a 9A69     		ldr	r2, [r3, #24]
  72 002c 02F00402 		and	r2, r2, #4
  73 0030 0292     		str	r2, [sp, #8]
  74              		.loc 1 49 3 view .LVU13
  75 0032 029A     		ldr	r2, [sp, #8]
  76              	.LBE3:
  77              		.loc 1 49 3 view .LVU14
  50:Core/Src/gpio.c ****   __HAL_RCC_GPIOB_CLK_ENABLE();
  78              		.loc 1 50 3 view .LVU15
  79              	.LBB4:
  80              		.loc 1 50 3 view .LVU16
  81              		.loc 1 50 3 view .LVU17
  82 0034 9A69     		ldr	r2, [r3, #24]
  83 0036 42F00802 		orr	r2, r2, #8
  84 003a 9A61     		str	r2, [r3, #24]
  85              		.loc 1 50 3 view .LVU18
  86 003c 9B69     		ldr	r3, [r3, #24]
  87 003e 03F00803 		and	r3, r3, #8
  88 0042 0393     		str	r3, [sp, #12]
  89              		.loc 1 50 3 view .LVU19
  90 0044 039B     		ldr	r3, [sp, #12]
  91              	.LBE4:
  92              		.loc 1 50 3 view .LVU20
  51:Core/Src/gpio.c **** 
  52:Core/Src/gpio.c ****   /*Configure GPIO pin Output Level */
  53:Core/Src/gpio.c ****   HAL_GPIO_WritePin(GPIOB, RS485_TX_EN_Pin|INA2_Pin|INB2_Pin|ENA2_Pin
  93              		.loc 1 53 3 view .LVU21
  94 0046 174D     		ldr	r5, .L3+4
  95 0048 2246     		mov	r2, r4
  96 004a FA21     		movs	r1, #250
  97 004c 2846     		mov	r0, r5
  98 004e FFF7FEFF 		bl	HAL_GPIO_WritePin
  99              	.LVL0:
  54:Core/Src/gpio.c ****                           |INA_Pin|INB_Pin, GPIO_PIN_RESET);
  55:Core/Src/gpio.c **** 
  56:Core/Src/gpio.c ****   /*Configure GPIO pin Output Level */
  57:Core/Src/gpio.c ****   HAL_GPIO_WritePin(ENA_GPIO_Port, ENA_Pin, GPIO_PIN_RESET);
 100              		.loc 1 57 3 view .LVU22
 101 0052 154F     		ldr	r7, .L3+8
 102 0054 2246     		mov	r2, r4
 103 0056 4FF40041 		mov	r1, #32768
 104 005a 3846     		mov	r0, r7
 105 005c FFF7FEFF 		bl	HAL_GPIO_WritePin
 106              	.LVL1:
  58:Core/Src/gpio.c **** 
  59:Core/Src/gpio.c ****   /*Configure GPIO pins : PBPin PBPin PBPin PBPin
  60:Core/Src/gpio.c ****                            PBPin */
  61:Core/Src/gpio.c ****   GPIO_InitStruct.Pin = RS485_TX_EN_Pin|INB2_Pin|ENA2_Pin|INA_Pin
 107              		.loc 1 61 3 view .LVU23
 108              		.loc 1 61 23 is_stmt 0 view .LVU24
 109 0060 F223     		movs	r3, #242
 110 0062 0493     		str	r3, [sp, #16]
  62:Core/Src/gpio.c ****                           |INB_Pin;
ARM GAS  C:\Users\zhmis\AppData\Local\Temp\cc4TdNAU.s 			page 4


  63:Core/Src/gpio.c ****   GPIO_InitStruct.Mode = GPIO_MODE_OUTPUT_PP;
 111              		.loc 1 63 3 is_stmt 1 view .LVU25
 112              		.loc 1 63 24 is_stmt 0 view .LVU26
 113 0064 0126     		movs	r6, #1
 114 0066 0596     		str	r6, [sp, #20]
  64:Core/Src/gpio.c ****   GPIO_InitStruct.Pull = GPIO_NOPULL;
 115              		.loc 1 64 3 is_stmt 1 view .LVU27
 116              		.loc 1 64 24 is_stmt 0 view .LVU28
 117 0068 0694     		str	r4, [sp, #24]
  65:Core/Src/gpio.c ****   GPIO_InitStruct.Speed = GPIO_SPEED_FREQ_LOW;
 118              		.loc 1 65 3 is_stmt 1 view .LVU29
 119              		.loc 1 65 25 is_stmt 0 view .LVU30
 120 006a 0224     		movs	r4, #2
 121 006c 0794     		str	r4, [sp, #28]
  66:Core/Src/gpio.c ****   HAL_GPIO_Init(GPIOB, &GPIO_InitStruct);
 122              		.loc 1 66 3 is_stmt 1 view .LVU31
 123 006e 04A9     		add	r1, sp, #16
 124 0070 2846     		mov	r0, r5
 125 0072 FFF7FEFF 		bl	HAL_GPIO_Init
 126              	.LVL2:
  67:Core/Src/gpio.c **** 
  68:Core/Src/gpio.c ****   /*Configure GPIO pin : PtPin */
  69:Core/Src/gpio.c ****   GPIO_InitStruct.Pin = ENA_Pin;
 127              		.loc 1 69 3 view .LVU32
 128              		.loc 1 69 23 is_stmt 0 view .LVU33
 129 0076 4FF40043 		mov	r3, #32768
 130 007a 0493     		str	r3, [sp, #16]
  70:Core/Src/gpio.c ****   GPIO_InitStruct.Mode = GPIO_MODE_OUTPUT_PP;
 131              		.loc 1 70 3 is_stmt 1 view .LVU34
 132              		.loc 1 70 24 is_stmt 0 view .LVU35
 133 007c 0596     		str	r6, [sp, #20]
  71:Core/Src/gpio.c ****   GPIO_InitStruct.Pull = GPIO_PULLDOWN;
 134              		.loc 1 71 3 is_stmt 1 view .LVU36
 135              		.loc 1 71 24 is_stmt 0 view .LVU37
 136 007e 0694     		str	r4, [sp, #24]
  72:Core/Src/gpio.c ****   GPIO_InitStruct.Speed = GPIO_SPEED_FREQ_LOW;
 137              		.loc 1 72 3 is_stmt 1 view .LVU38
 138              		.loc 1 72 25 is_stmt 0 view .LVU39
 139 0080 0794     		str	r4, [sp, #28]
  73:Core/Src/gpio.c ****   HAL_GPIO_Init(ENA_GPIO_Port, &GPIO_InitStruct);
 140              		.loc 1 73 3 is_stmt 1 view .LVU40
 141 0082 04A9     		add	r1, sp, #16
 142 0084 3846     		mov	r0, r7
 143 0086 FFF7FEFF 		bl	HAL_GPIO_Init
 144              	.LVL3:
  74:Core/Src/gpio.c **** 
  75:Core/Src/gpio.c ****   /*Configure GPIO pin : PtPin */
  76:Core/Src/gpio.c ****   GPIO_InitStruct.Pin = INA2_Pin;
 145              		.loc 1 76 3 view .LVU41
 146              		.loc 1 76 23 is_stmt 0 view .LVU42
 147 008a 0823     		movs	r3, #8
 148 008c 0493     		str	r3, [sp, #16]
  77:Core/Src/gpio.c ****   GPIO_InitStruct.Mode = GPIO_MODE_OUTPUT_PP;
 149              		.loc 1 77 3 is_stmt 1 view .LVU43
 150              		.loc 1 77 24 is_stmt 0 view .LVU44
 151 008e 0596     		str	r6, [sp, #20]
  78:Core/Src/gpio.c ****   GPIO_InitStruct.Pull = GPIO_PULLDOWN;
ARM GAS  C:\Users\zhmis\AppData\Local\Temp\cc4TdNAU.s 			page 5


 152              		.loc 1 78 3 is_stmt 1 view .LVU45
 153              		.loc 1 78 24 is_stmt 0 view .LVU46
 154 0090 0694     		str	r4, [sp, #24]
  79:Core/Src/gpio.c ****   GPIO_InitStruct.Speed = GPIO_SPEED_FREQ_LOW;
 155              		.loc 1 79 3 is_stmt 1 view .LVU47
 156              		.loc 1 79 25 is_stmt 0 view .LVU48
 157 0092 0794     		str	r4, [sp, #28]
  80:Core/Src/gpio.c ****   HAL_GPIO_Init(INA2_GPIO_Port, &GPIO_InitStruct);
 158              		.loc 1 80 3 is_stmt 1 view .LVU49
 159 0094 04A9     		add	r1, sp, #16
 160 0096 2846     		mov	r0, r5
 161 0098 FFF7FEFF 		bl	HAL_GPIO_Init
 162              	.LVL4:
  81:Core/Src/gpio.c **** 
  82:Core/Src/gpio.c **** }
 163              		.loc 1 82 1 is_stmt 0 view .LVU50
 164 009c 09B0     		add	sp, sp, #36
 165              		.cfi_def_cfa_offset 20
 166              		@ sp needed
 167 009e F0BD     		pop	{r4, r5, r6, r7, pc}
 168              	.L4:
 169              		.align	2
 170              	.L3:
 171 00a0 00100240 		.word	1073876992
 172 00a4 000C0140 		.word	1073810432
 173 00a8 00080140 		.word	1073809408
 174              		.cfi_endproc
 175              	.LFE65:
 177              		.text
 178              	.Letext0:
 179              		.file 2 "C:/Users/zhmis/AppData/Roaming/Code/User/globalStorage/bmd.stm32-for-vscode/@xpack-dev-to
 180              		.file 3 "C:/Users/zhmis/AppData/Roaming/Code/User/globalStorage/bmd.stm32-for-vscode/@xpack-dev-to
 181              		.file 4 "Drivers/CMSIS/Device/ST/STM32F1xx/Include/stm32f103xb.h"
 182              		.file 5 "Drivers/STM32F1xx_HAL_Driver/Inc/stm32f1xx_hal_gpio.h"
ARM GAS  C:\Users\zhmis\AppData\Local\Temp\cc4TdNAU.s 			page 6


DEFINED SYMBOLS
                            *ABS*:00000000 gpio.c
C:\Users\zhmis\AppData\Local\Temp\cc4TdNAU.s:19     .text.MX_GPIO_Init:00000000 $t
C:\Users\zhmis\AppData\Local\Temp\cc4TdNAU.s:25     .text.MX_GPIO_Init:00000000 MX_GPIO_Init
C:\Users\zhmis\AppData\Local\Temp\cc4TdNAU.s:171    .text.MX_GPIO_Init:000000a0 $d

UNDEFINED SYMBOLS
HAL_GPIO_WritePin
HAL_GPIO_Init
