ARM GAS  C:\Users\zhmis\AppData\Local\Temp\cck89eGT.s 			page 1


   1              		.cpu cortex-m3
   2              		.arch armv7-m
   3              		.fpu softvfp
   4              		.eabi_attribute 20, 1
   5              		.eabi_attribute 21, 1
   6              		.eabi_attribute 23, 3
   7              		.eabi_attribute 24, 1
   8              		.eabi_attribute 25, 1
   9              		.eabi_attribute 26, 1
  10              		.eabi_attribute 30, 1
  11              		.eabi_attribute 34, 1
  12              		.eabi_attribute 18, 4
  13              		.file	"loops_handler.c"
  14              		.text
  15              	.Ltext0:
  16              		.cfi_sections	.debug_frame
  17              		.file 1 "Core/Src/loops_handler.c"
  18              		.global	__aeabi_f2iz
  19              		.global	__aeabi_i2f
  20              		.global	__aeabi_fdiv
  21              		.section	.text.HAL_TIM_PeriodElapsedCallback,"ax",%progbits
  22              		.align	1
  23              		.global	HAL_TIM_PeriodElapsedCallback
  24              		.syntax unified
  25              		.thumb
  26              		.thumb_func
  28              	HAL_TIM_PeriodElapsedCallback:
  29              	.LVL0:
  30              	.LFB65:
   1:Core/Src/loops_handler.c **** #include "loops_handler.h"
   2:Core/Src/loops_handler.c **** 
   3:Core/Src/loops_handler.c **** uint16_t irq_counter9k, irq_counter250;
   4:Core/Src/loops_handler.c **** 
   5:Core/Src/loops_handler.c **** void HAL_TIM_PeriodElapsedCallback(TIM_HandleTypeDef *htim)
   6:Core/Src/loops_handler.c **** {
  31              		.loc 1 6 1 view -0
  32              		.cfi_startproc
  33              		@ args = 0, pretend = 0, frame = 0
  34              		@ frame_needed = 0, uses_anonymous_args = 0
  35              		.loc 1 6 1 is_stmt 0 view .LVU1
  36 0000 38B5     		push	{r3, r4, r5, lr}
  37              		.cfi_def_cfa_offset 16
  38              		.cfi_offset 3, -16
  39              		.cfi_offset 4, -12
  40              		.cfi_offset 5, -8
  41              		.cfi_offset 14, -4
   7:Core/Src/loops_handler.c ****     if (htim == &htim3)
  42              		.loc 1 7 5 is_stmt 1 view .LVU2
  43              		.loc 1 7 8 is_stmt 0 view .LVU3
  44 0002 3C4B     		ldr	r3, .L11
  45 0004 8342     		cmp	r3, r0
  46 0006 00D0     		beq	.L9
  47              	.LVL1:
  48              	.L1:
   8:Core/Src/loops_handler.c ****     {
   9:Core/Src/loops_handler.c ****         if (system_enabled)
  10:Core/Src/loops_handler.c ****         {
ARM GAS  C:\Users\zhmis\AppData\Local\Temp\cck89eGT.s 			page 2


  11:Core/Src/loops_handler.c **** 
  12:Core/Src/loops_handler.c ****             // Allow powering motors by setting Enable pins of a driver HIGH
  13:Core/Src/loops_handler.c ****             HAL_GPIO_WritePin(ENA_GPIO_Port, ENA_Pin, GPIO_PIN_SET);
  14:Core/Src/loops_handler.c ****             HAL_GPIO_WritePin(ENA2_GPIO_Port, ENA2_Pin, GPIO_PIN_SET);
  15:Core/Src/loops_handler.c ****             if (!irq_counter9k)
  16:Core/Src/loops_handler.c ****             {
  17:Core/Src/loops_handler.c ****                 servo_iq18_currentLoop(&servo1_g, current[0]);
  18:Core/Src/loops_handler.c ****             }
  19:Core/Src/loops_handler.c ****             else
  20:Core/Src/loops_handler.c ****             {
  21:Core/Src/loops_handler.c ****                 servo_iq18_currentLoop(&servo2_g, current[1]);
  22:Core/Src/loops_handler.c ****             }
  23:Core/Src/loops_handler.c **** 
  24:Core/Src/loops_handler.c ****             irq_counter9k = !irq_counter9k;
  25:Core/Src/loops_handler.c **** 
  26:Core/Src/loops_handler.c ****             irq_counter250++;
  27:Core/Src/loops_handler.c **** 
  28:Core/Src/loops_handler.c ****             if (irq_counter250 == 36)
  29:Core/Src/loops_handler.c ****             {
  30:Core/Src/loops_handler.c ****                 servo_iq18_velocityLoop(&servo1_g);
  31:Core/Src/loops_handler.c ****             }
  32:Core/Src/loops_handler.c **** 
  33:Core/Src/loops_handler.c ****             if (irq_counter250 == 72)
  34:Core/Src/loops_handler.c ****             {
  35:Core/Src/loops_handler.c ****                 servo_iq18_velocityLoop(&servo2_g);
  36:Core/Src/loops_handler.c ****                 irq_counter250 = 0;
  37:Core/Src/loops_handler.c **** 
  38:Core/Src/loops_handler.c ****                 servo_iq18_controlVelocity(&servo1_g, ((float)valid_packet.velocity_1)/100);
  39:Core/Src/loops_handler.c ****                 servo_iq18_controlVelocity(&servo2_g, ((float)valid_packet.velocity_1)/100);
  40:Core/Src/loops_handler.c ****             }
  41:Core/Src/loops_handler.c ****         }
  42:Core/Src/loops_handler.c ****         else
  43:Core/Src/loops_handler.c ****         {
  44:Core/Src/loops_handler.c ****             HAL_GPIO_WritePin(ENA_GPIO_Port, ENA_Pin, GPIO_PIN_RESET);
  45:Core/Src/loops_handler.c ****             HAL_GPIO_WritePin(ENA2_GPIO_Port, ENA2_Pin, GPIO_PIN_RESET);
  46:Core/Src/loops_handler.c ****             servo_iq18_reset(&servo1_g);
  47:Core/Src/loops_handler.c ****             servo_iq18_reset(&servo2_g);
  48:Core/Src/loops_handler.c ****         }
  49:Core/Src/loops_handler.c ****         if (reset_flag)
  50:Core/Src/loops_handler.c ****         {
  51:Core/Src/loops_handler.c ****             servo_iq18_reset(&servo1_g);
  52:Core/Src/loops_handler.c ****             servo_iq18_reset(&servo2_g);
  53:Core/Src/loops_handler.c ****             // transmit_packet.servos_reset = 0;
  54:Core/Src/loops_handler.c ****         }
  55:Core/Src/loops_handler.c ****     }
  56:Core/Src/loops_handler.c **** }...
  49              		.loc 1 56 1 view .LVU4
  50 0008 38BD     		pop	{r3, r4, r5, pc}
  51              	.LVL2:
  52              	.L9:
   9:Core/Src/loops_handler.c ****         if (system_enabled)
  53              		.loc 1 9 9 is_stmt 1 view .LVU5
   9:Core/Src/loops_handler.c ****         if (system_enabled)
  54              		.loc 1 9 13 is_stmt 0 view .LVU6
  55 000a 3B4B     		ldr	r3, .L11+4
  56 000c 1B78     		ldrb	r3, [r3]	@ zero_extendqisi2
   9:Core/Src/loops_handler.c ****         if (system_enabled)
ARM GAS  C:\Users\zhmis\AppData\Local\Temp\cck89eGT.s 			page 3


  57              		.loc 1 9 12 view .LVU7
  58 000e 002B     		cmp	r3, #0
  59 0010 53D0     		beq	.L3
  13:Core/Src/loops_handler.c ****             HAL_GPIO_WritePin(ENA_GPIO_Port, ENA_Pin, GPIO_PIN_SET);
  60              		.loc 1 13 13 is_stmt 1 view .LVU8
  61 0012 0122     		movs	r2, #1
  62 0014 4FF40041 		mov	r1, #32768
  63 0018 3848     		ldr	r0, .L11+8
  64              	.LVL3:
  13:Core/Src/loops_handler.c ****             HAL_GPIO_WritePin(ENA_GPIO_Port, ENA_Pin, GPIO_PIN_SET);
  65              		.loc 1 13 13 is_stmt 0 view .LVU9
  66 001a FFF7FEFF 		bl	HAL_GPIO_WritePin
  67              	.LVL4:
  14:Core/Src/loops_handler.c ****             HAL_GPIO_WritePin(ENA2_GPIO_Port, ENA2_Pin, GPIO_PIN_SET);
  68              		.loc 1 14 13 is_stmt 1 view .LVU10
  69 001e 0122     		movs	r2, #1
  70 0020 2021     		movs	r1, #32
  71 0022 3748     		ldr	r0, .L11+12
  72 0024 FFF7FEFF 		bl	HAL_GPIO_WritePin
  73              	.LVL5:
  15:Core/Src/loops_handler.c ****             if (!irq_counter9k)
  74              		.loc 1 15 13 view .LVU11
  15:Core/Src/loops_handler.c ****             if (!irq_counter9k)
  75              		.loc 1 15 17 is_stmt 0 view .LVU12
  76 0028 364B     		ldr	r3, .L11+16
  77 002a 1B88     		ldrh	r3, [r3]
  15:Core/Src/loops_handler.c ****             if (!irq_counter9k)
  78              		.loc 1 15 16 view .LVU13
  79 002c 002B     		cmp	r3, #0
  80 002e 37D1     		bne	.L4
  17:Core/Src/loops_handler.c ****                 servo_iq18_currentLoop(&servo1_g, current[0]);
  81              		.loc 1 17 17 is_stmt 1 view .LVU14
  82 0030 354B     		ldr	r3, .L11+20
  83 0032 1868     		ldr	r0, [r3]	@ float
  84 0034 FFF7FEFF 		bl	__aeabi_f2iz
  85              	.LVL6:
  86 0038 0146     		mov	r1, r0
  87 003a 3448     		ldr	r0, .L11+24
  88 003c FFF7FEFF 		bl	servo_iq18_currentLoop
  89              	.LVL7:
  90              	.L5:
  24:Core/Src/loops_handler.c ****             irq_counter9k = !irq_counter9k;
  91              		.loc 1 24 13 view .LVU15
  24:Core/Src/loops_handler.c ****             irq_counter9k = !irq_counter9k;
  92              		.loc 1 24 29 is_stmt 0 view .LVU16
  93 0040 304A     		ldr	r2, .L11+16
  94 0042 1388     		ldrh	r3, [r2]
  95 0044 B3FA83F3 		clz	r3, r3
  96 0048 5B09     		lsrs	r3, r3, #5
  24:Core/Src/loops_handler.c ****             irq_counter9k = !irq_counter9k;
  97              		.loc 1 24 27 view .LVU17
  98 004a 1380     		strh	r3, [r2]	@ movhi
  26:Core/Src/loops_handler.c ****             irq_counter250++;
  99              		.loc 1 26 13 is_stmt 1 view .LVU18
  26:Core/Src/loops_handler.c ****             irq_counter250++;
 100              		.loc 1 26 27 is_stmt 0 view .LVU19
 101 004c 304A     		ldr	r2, .L11+28
ARM GAS  C:\Users\zhmis\AppData\Local\Temp\cck89eGT.s 			page 4


 102 004e 1388     		ldrh	r3, [r2]
 103 0050 0133     		adds	r3, r3, #1
 104 0052 9BB2     		uxth	r3, r3
 105 0054 1380     		strh	r3, [r2]	@ movhi
  28:Core/Src/loops_handler.c ****             if (irq_counter250 == 36)
 106              		.loc 1 28 13 is_stmt 1 view .LVU20
  28:Core/Src/loops_handler.c ****             if (irq_counter250 == 36)
 107              		.loc 1 28 16 is_stmt 0 view .LVU21
 108 0056 242B     		cmp	r3, #36
 109 0058 2BD0     		beq	.L10
 110              	.L6:
  33:Core/Src/loops_handler.c ****             if (irq_counter250 == 72)
 111              		.loc 1 33 13 is_stmt 1 view .LVU22
  33:Core/Src/loops_handler.c ****             if (irq_counter250 == 72)
 112              		.loc 1 33 32 is_stmt 0 view .LVU23
 113 005a 2D4B     		ldr	r3, .L11+28
 114 005c 1B88     		ldrh	r3, [r3]
  33:Core/Src/loops_handler.c ****             if (irq_counter250 == 72)
 115              		.loc 1 33 16 view .LVU24
 116 005e 482B     		cmp	r3, #72
 117 0060 3CD1     		bne	.L7
  35:Core/Src/loops_handler.c ****                 servo_iq18_velocityLoop(&servo2_g);
 118              		.loc 1 35 17 is_stmt 1 view .LVU25
 119 0062 2C4C     		ldr	r4, .L11+32
 120 0064 2046     		mov	r0, r4
 121 0066 FFF7FEFF 		bl	servo_iq18_velocityLoop
 122              	.LVL8:
  36:Core/Src/loops_handler.c ****                 irq_counter250 = 0;
 123              		.loc 1 36 17 view .LVU26
  36:Core/Src/loops_handler.c ****                 irq_counter250 = 0;
 124              		.loc 1 36 32 is_stmt 0 view .LVU27
 125 006a 294B     		ldr	r3, .L11+28
 126 006c 0022     		movs	r2, #0
 127 006e 1A80     		strh	r2, [r3]	@ movhi
  38:Core/Src/loops_handler.c ****                 servo_iq18_controlVelocity(&servo1_g, ((float)valid_packet.velocity_1)/100);
 128              		.loc 1 38 17 is_stmt 1 view .LVU28
  38:Core/Src/loops_handler.c ****                 servo_iq18_controlVelocity(&servo1_g, ((float)valid_packet.velocity_1)/100);
 129              		.loc 1 38 75 is_stmt 0 view .LVU29
 130 0070 294D     		ldr	r5, .L11+36
  38:Core/Src/loops_handler.c ****                 servo_iq18_controlVelocity(&servo1_g, ((float)valid_packet.velocity_1)/100);
 131              		.loc 1 38 56 view .LVU30
 132 0072 B5F90500 		ldrsh	r0, [r5, #5]	@ unaligned
 133 0076 FFF7FEFF 		bl	__aeabi_i2f
 134              	.LVL9:
  38:Core/Src/loops_handler.c ****                 servo_iq18_controlVelocity(&servo1_g, ((float)valid_packet.velocity_1)/100);
 135              		.loc 1 38 17 view .LVU31
 136 007a 2849     		ldr	r1, .L11+40
 137 007c FFF7FEFF 		bl	__aeabi_fdiv
 138              	.LVL10:
 139 0080 0146     		mov	r1, r0
 140 0082 2248     		ldr	r0, .L11+24
 141 0084 FFF7FEFF 		bl	servo_iq18_controlVelocity
 142              	.LVL11:
  39:Core/Src/loops_handler.c ****                 servo_iq18_controlVelocity(&servo2_g, ((float)valid_packet.velocity_1)/100);
 143              		.loc 1 39 17 is_stmt 1 view .LVU32
  39:Core/Src/loops_handler.c ****                 servo_iq18_controlVelocity(&servo2_g, ((float)valid_packet.velocity_1)/100);
 144              		.loc 1 39 56 is_stmt 0 view .LVU33
ARM GAS  C:\Users\zhmis\AppData\Local\Temp\cck89eGT.s 			page 5


 145 0088 B5F90500 		ldrsh	r0, [r5, #5]	@ unaligned
 146 008c FFF7FEFF 		bl	__aeabi_i2f
 147              	.LVL12:
  39:Core/Src/loops_handler.c ****                 servo_iq18_controlVelocity(&servo2_g, ((float)valid_packet.velocity_1)/100);
 148              		.loc 1 39 17 view .LVU34
 149 0090 2249     		ldr	r1, .L11+40
 150 0092 FFF7FEFF 		bl	__aeabi_fdiv
 151              	.LVL13:
 152 0096 0146     		mov	r1, r0
 153 0098 2046     		mov	r0, r4
 154 009a FFF7FEFF 		bl	servo_iq18_controlVelocity
 155              	.LVL14:
 156 009e 1DE0     		b	.L7
 157              	.L4:
  21:Core/Src/loops_handler.c ****                 servo_iq18_currentLoop(&servo2_g, current[1]);
 158              		.loc 1 21 17 is_stmt 1 view .LVU35
 159 00a0 194B     		ldr	r3, .L11+20
 160 00a2 5868     		ldr	r0, [r3, #4]	@ float
 161 00a4 FFF7FEFF 		bl	__aeabi_f2iz
 162              	.LVL15:
 163 00a8 0146     		mov	r1, r0
 164 00aa 1A48     		ldr	r0, .L11+32
 165 00ac FFF7FEFF 		bl	servo_iq18_currentLoop
 166              	.LVL16:
 167 00b0 C6E7     		b	.L5
 168              	.L10:
  30:Core/Src/loops_handler.c ****                 servo_iq18_velocityLoop(&servo1_g);
 169              		.loc 1 30 17 view .LVU36
 170 00b2 1648     		ldr	r0, .L11+24
 171 00b4 FFF7FEFF 		bl	servo_iq18_velocityLoop
 172              	.LVL17:
 173 00b8 CFE7     		b	.L6
 174              	.LVL18:
 175              	.L3:
  44:Core/Src/loops_handler.c ****             HAL_GPIO_WritePin(ENA_GPIO_Port, ENA_Pin, GPIO_PIN_RESET);
 176              		.loc 1 44 13 view .LVU37
 177 00ba 0022     		movs	r2, #0
 178 00bc 4FF40041 		mov	r1, #32768
 179 00c0 0E48     		ldr	r0, .L11+8
 180              	.LVL19:
  44:Core/Src/loops_handler.c ****             HAL_GPIO_WritePin(ENA_GPIO_Port, ENA_Pin, GPIO_PIN_RESET);
 181              		.loc 1 44 13 is_stmt 0 view .LVU38
 182 00c2 FFF7FEFF 		bl	HAL_GPIO_WritePin
 183              	.LVL20:
  45:Core/Src/loops_handler.c ****             HAL_GPIO_WritePin(ENA2_GPIO_Port, ENA2_Pin, GPIO_PIN_RESET);
 184              		.loc 1 45 13 is_stmt 1 view .LVU39
 185 00c6 0022     		movs	r2, #0
 186 00c8 2021     		movs	r1, #32
 187 00ca 0D48     		ldr	r0, .L11+12
 188 00cc FFF7FEFF 		bl	HAL_GPIO_WritePin
 189              	.LVL21:
  46:Core/Src/loops_handler.c ****             servo_iq18_reset(&servo1_g);
 190              		.loc 1 46 13 view .LVU40
 191 00d0 0E48     		ldr	r0, .L11+24
 192 00d2 FFF7FEFF 		bl	servo_iq18_reset
 193              	.LVL22:
  47:Core/Src/loops_handler.c ****             servo_iq18_reset(&servo2_g);
ARM GAS  C:\Users\zhmis\AppData\Local\Temp\cck89eGT.s 			page 6


 194              		.loc 1 47 13 view .LVU41
 195 00d6 0F48     		ldr	r0, .L11+32
 196 00d8 FFF7FEFF 		bl	servo_iq18_reset
 197              	.LVL23:
 198              	.L7:
  49:Core/Src/loops_handler.c ****         if (reset_flag)
 199              		.loc 1 49 9 view .LVU42
  49:Core/Src/loops_handler.c ****         if (reset_flag)
 200              		.loc 1 49 13 is_stmt 0 view .LVU43
 201 00dc 104B     		ldr	r3, .L11+44
 202 00de 1B78     		ldrb	r3, [r3]	@ zero_extendqisi2
  49:Core/Src/loops_handler.c ****         if (reset_flag)
 203              		.loc 1 49 12 view .LVU44
 204 00e0 002B     		cmp	r3, #0
 205 00e2 91D0     		beq	.L1
  51:Core/Src/loops_handler.c ****             servo_iq18_reset(&servo1_g);
 206              		.loc 1 51 13 is_stmt 1 view .LVU45
 207 00e4 0948     		ldr	r0, .L11+24
 208 00e6 FFF7FEFF 		bl	servo_iq18_reset
 209              	.LVL24:
  52:Core/Src/loops_handler.c ****             servo_iq18_reset(&servo2_g);
 210              		.loc 1 52 13 view .LVU46
 211 00ea 0A48     		ldr	r0, .L11+32
 212 00ec FFF7FEFF 		bl	servo_iq18_reset
 213              	.LVL25:
 214              		.loc 1 56 1 is_stmt 0 view .LVU47
 215 00f0 8AE7     		b	.L1
 216              	.L12:
 217 00f2 00BF     		.align	2
 218              	.L11:
 219 00f4 00000000 		.word	htim3
 220 00f8 00000000 		.word	system_enabled
 221 00fc 00080140 		.word	1073809408
 222 0100 000C0140 		.word	1073810432
 223 0104 00000000 		.word	irq_counter9k
 224 0108 00000000 		.word	current
 225 010c 00000000 		.word	servo1_g
 226 0110 00000000 		.word	irq_counter250
 227 0114 00000000 		.word	servo2_g
 228 0118 00000000 		.word	valid_packet
 229 011c 0000C842 		.word	1120403456
 230 0120 00000000 		.word	reset_flag
 231              		.cfi_endproc
 232              	.LFE65:
 234              		.global	irq_counter250
 235              		.section	.bss.irq_counter250,"aw",%nobits
 236              		.align	1
 239              	irq_counter250:
 240 0000 0000     		.space	2
 241              		.global	irq_counter9k
 242              		.section	.bss.irq_counter9k,"aw",%nobits
 243              		.align	1
 246              	irq_counter9k:
 247 0000 0000     		.space	2
 248              		.text
 249              	.Letext0:
 250              		.file 2 "C:/Users/zhmis/AppData/Roaming/Code/User/globalStorage/bmd.stm32-for-vscode/@xpack-dev-to
ARM GAS  C:\Users\zhmis\AppData\Local\Temp\cck89eGT.s 			page 7


 251              		.file 3 "C:/Users/zhmis/AppData/Roaming/Code/User/globalStorage/bmd.stm32-for-vscode/@xpack-dev-to
 252              		.file 4 "Drivers/CMSIS/Device/ST/STM32F1xx/Include/stm32f103xb.h"
 253              		.file 5 "Drivers/STM32F1xx_HAL_Driver/Inc/stm32f1xx_hal_def.h"
 254              		.file 6 "Drivers/STM32F1xx_HAL_Driver/Inc/stm32f1xx_hal_gpio.h"
 255              		.file 7 "Drivers/STM32F1xx_HAL_Driver/Inc/stm32f1xx_hal_dma.h"
 256              		.file 8 "Drivers/STM32F1xx_HAL_Driver/Inc/stm32f1xx_hal_tim.h"
 257              		.file 9 "Core/Inc/IQmathLib.h"
 258              		.file 10 "Core/Inc/ema_iq18.h"
 259              		.file 11 "Core/Inc/encoder_iq18.h"
 260              		.file 12 "Core/Inc/pid_iq18.h"
 261              		.file 13 "Core/Inc/pwm.h"
 262              		.file 14 "Core/Inc/servo_iq18.h"
 263              		.file 15 "Core/Inc/tim.h"
 264              		.file 16 "Core/Inc/servo_init.h"
 265              		.file 17 "Core/Inc/global_flags.h"
 266              		.file 18 "Core/Inc/adc_current.h"
 267              		.file 19 "Core/Inc/potamon_bus_protocol.h"
 268              		.file 20 "Core/Inc/potamon_bus_lowlvl_handle.h"
ARM GAS  C:\Users\zhmis\AppData\Local\Temp\cck89eGT.s 			page 8


DEFINED SYMBOLS
                            *ABS*:00000000 loops_handler.c
C:\Users\zhmis\AppData\Local\Temp\cck89eGT.s:22     .text.HAL_TIM_PeriodElapsedCallback:00000000 $t
C:\Users\zhmis\AppData\Local\Temp\cck89eGT.s:28     .text.HAL_TIM_PeriodElapsedCallback:00000000 HAL_TIM_PeriodElapsedCallback
C:\Users\zhmis\AppData\Local\Temp\cck89eGT.s:219    .text.HAL_TIM_PeriodElapsedCallback:000000f4 $d
C:\Users\zhmis\AppData\Local\Temp\cck89eGT.s:246    .bss.irq_counter9k:00000000 irq_counter9k
C:\Users\zhmis\AppData\Local\Temp\cck89eGT.s:239    .bss.irq_counter250:00000000 irq_counter250
C:\Users\zhmis\AppData\Local\Temp\cck89eGT.s:236    .bss.irq_counter250:00000000 $d
C:\Users\zhmis\AppData\Local\Temp\cck89eGT.s:243    .bss.irq_counter9k:00000000 $d

UNDEFINED SYMBOLS
__aeabi_f2iz
__aeabi_i2f
__aeabi_fdiv
HAL_GPIO_WritePin
servo_iq18_currentLoop
servo_iq18_velocityLoop
servo_iq18_controlVelocity
servo_iq18_reset
htim3
system_enabled
current
servo1_g
servo2_g
valid_packet
reset_flag
