ARM GAS  C:\Users\zhmis\AppData\Local\Temp\ccS9K3L8.s 			page 1


   1              		.cpu cortex-m3
   2              		.arch armv7-m
   3              		.fpu softvfp
   4              		.eabi_attribute 20, 1
   5              		.eabi_attribute 21, 1
   6              		.eabi_attribute 23, 3
   7              		.eabi_attribute 24, 1
   8              		.eabi_attribute 25, 1
   9              		.eabi_attribute 26, 1
  10              		.eabi_attribute 30, 1
  11              		.eabi_attribute 34, 1
  12              		.eabi_attribute 18, 4
  13              		.file	"main_init.c"
  14              		.text
  15              	.Ltext0:
  16              		.cfi_sections	.debug_frame
  17              		.file 1 "Core/Src/main_init.c"
  18              		.section	.text.init_mtr_ctrl,"ax",%progbits
  19              		.align	1
  20              		.global	init_mtr_ctrl
  21              		.syntax unified
  22              		.thumb
  23              		.thumb_func
  25              	init_mtr_ctrl:
  26              	.LFB65:
   1:Core/Src/main_init.c **** #include "main_init.h"
   2:Core/Src/main_init.c **** 
   3:Core/Src/main_init.c **** void init_mtr_ctrl()
   4:Core/Src/main_init.c **** {
  27              		.loc 1 4 1 view -0
  28              		.cfi_startproc
  29              		@ args = 0, pretend = 0, frame = 0
  30              		@ frame_needed = 0, uses_anonymous_args = 0
  31 0000 08B5     		push	{r3, lr}
  32              		.cfi_def_cfa_offset 8
  33              		.cfi_offset 3, -8
  34              		.cfi_offset 14, -4
   5:Core/Src/main_init.c ****     // Init GPIO and set some pin states
   6:Core/Src/main_init.c ****     pin_init_mtcrl();
  35              		.loc 1 6 5 view .LVU1
  36 0002 FFF7FEFF 		bl	pin_init_mtcrl
  37              	.LVL0:
   7:Core/Src/main_init.c **** 
   8:Core/Src/main_init.c ****     // Init TIMERS and start them
   9:Core/Src/main_init.c ****     servo_periph_init();
  38              		.loc 1 9 5 view .LVU2
  39 0006 FFF7FEFF 		bl	servo_periph_init
  40              	.LVL1:
  10:Core/Src/main_init.c **** 
  11:Core/Src/main_init.c ****     // Init servo structures
  12:Core/Src/main_init.c ****     servo_init();
  41              		.loc 1 12 5 view .LVU3
  42 000a FFF7FEFF 		bl	servo_init
  43              	.LVL2:
  13:Core/Src/main_init.c **** 
  14:Core/Src/main_init.c ****     // Init ADC&DMA
  15:Core/Src/main_init.c ****     adc_cur_init();
ARM GAS  C:\Users\zhmis\AppData\Local\Temp\ccS9K3L8.s 			page 2


  44              		.loc 1 15 5 view .LVU4
  45 000e FFF7FEFF 		bl	adc_cur_init
  46              	.LVL3:
  16:Core/Src/main_init.c **** 
  17:Core/Src/main_init.c ****     // Reset servos
  18:Core/Src/main_init.c ****     servo_iq18_reset(&servo1_g);
  47              		.loc 1 18 5 view .LVU5
  48 0012 0548     		ldr	r0, .L3
  49 0014 FFF7FEFF 		bl	servo_iq18_reset
  50              	.LVL4:
  19:Core/Src/main_init.c ****     servo_iq18_reset(&servo2_g);
  51              		.loc 1 19 5 view .LVU6
  52 0018 0448     		ldr	r0, .L3+4
  53 001a FFF7FEFF 		bl	servo_iq18_reset
  54              	.LVL5:
  20:Core/Src/main_init.c **** 
  21:Core/Src/main_init.c ****     // Init finished
  22:Core/Src/main_init.c ****     system_enabled = 1;
  55              		.loc 1 22 5 view .LVU7
  56              		.loc 1 22 20 is_stmt 0 view .LVU8
  57 001e 044B     		ldr	r3, .L3+8
  58 0020 0122     		movs	r2, #1
  59 0022 1A70     		strb	r2, [r3]
  23:Core/Src/main_init.c **** }
  60              		.loc 1 23 1 view .LVU9
  61 0024 08BD     		pop	{r3, pc}
  62              	.L4:
  63 0026 00BF     		.align	2
  64              	.L3:
  65 0028 00000000 		.word	servo1_g
  66 002c 00000000 		.word	servo2_g
  67 0030 00000000 		.word	system_enabled
  68              		.cfi_endproc
  69              	.LFE65:
  71              		.text
  72              	.Letext0:
  73              		.file 2 "C:/Users/zhmis/AppData/Roaming/Code/User/globalStorage/bmd.stm32-for-vscode/@xpack-dev-to
  74              		.file 3 "C:/Users/zhmis/AppData/Roaming/Code/User/globalStorage/bmd.stm32-for-vscode/@xpack-dev-to
  75              		.file 4 "Drivers/CMSIS/Device/ST/STM32F1xx/Include/stm32f103xb.h"
  76              		.file 5 "Drivers/STM32F1xx_HAL_Driver/Inc/stm32f1xx_hal_def.h"
  77              		.file 6 "Drivers/STM32F1xx_HAL_Driver/Inc/stm32f1xx_hal_dma.h"
  78              		.file 7 "Drivers/STM32F1xx_HAL_Driver/Inc/stm32f1xx_hal_tim.h"
  79              		.file 8 "Core/Inc/IQmathLib.h"
  80              		.file 9 "Core/Inc/ema_iq18.h"
  81              		.file 10 "Core/Inc/encoder_iq18.h"
  82              		.file 11 "Core/Inc/pid_iq18.h"
  83              		.file 12 "Core/Inc/pwm.h"
  84              		.file 13 "Core/Inc/servo_iq18.h"
  85              		.file 14 "Core/Inc/servo_init.h"
  86              		.file 15 "Core/Inc/global_flags.h"
  87              		.file 16 "Core/Inc/adc_current.h"
  88              		.file 17 "Core/Inc/pins_init.h"
ARM GAS  C:\Users\zhmis\AppData\Local\Temp\ccS9K3L8.s 			page 3


DEFINED SYMBOLS
                            *ABS*:00000000 main_init.c
C:\Users\zhmis\AppData\Local\Temp\ccS9K3L8.s:19     .text.init_mtr_ctrl:00000000 $t
C:\Users\zhmis\AppData\Local\Temp\ccS9K3L8.s:25     .text.init_mtr_ctrl:00000000 init_mtr_ctrl
C:\Users\zhmis\AppData\Local\Temp\ccS9K3L8.s:65     .text.init_mtr_ctrl:00000028 $d

UNDEFINED SYMBOLS
pin_init_mtcrl
servo_periph_init
servo_init
adc_cur_init
servo_iq18_reset
servo1_g
servo2_g
system_enabled
