ARM GAS  C:\Users\zhmis\AppData\Local\Temp\ccJ64dk5.s 			page 1


   1              		.cpu cortex-m3
   2              		.arch armv7-m
   3              		.fpu softvfp
   4              		.eabi_attribute 20, 1
   5              		.eabi_attribute 21, 1
   6              		.eabi_attribute 23, 3
   7              		.eabi_attribute 24, 1
   8              		.eabi_attribute 25, 1
   9              		.eabi_attribute 26, 1
  10              		.eabi_attribute 30, 1
  11              		.eabi_attribute 34, 1
  12              		.eabi_attribute 18, 4
  13              		.file	"main.c"
  14              		.text
  15              	.Ltext0:
  16              		.cfi_sections	.debug_frame
  17              		.file 1 "Core/Src/main.c"
  18              		.section	.text.Error_Handler,"ax",%progbits
  19              		.align	1
  20              		.global	Error_Handler
  21              		.syntax unified
  22              		.thumb
  23              		.thumb_func
  25              	Error_Handler:
  26              	.LFB67:
   1:Core/Src/main.c **** /* USER CODE BEGIN Header */
   2:Core/Src/main.c **** /**
   3:Core/Src/main.c ****  ******************************************************************************
   4:Core/Src/main.c ****  * @file           : main.c
   5:Core/Src/main.c ****  * @brief          : Main program body
   6:Core/Src/main.c ****  ******************************************************************************
   7:Core/Src/main.c ****  * @attention
   8:Core/Src/main.c ****  *
   9:Core/Src/main.c ****  * Copyright (c) 2023 STMicroelectronics.
  10:Core/Src/main.c ****  * All rights reserved.
  11:Core/Src/main.c ****  *
  12:Core/Src/main.c ****  * This software is licensed under terms that can be found in the LICENSE file
  13:Core/Src/main.c ****  * in the root directory of this software component.
  14:Core/Src/main.c ****  * If no LICENSE file comes with this software, it is provided AS-IS.
  15:Core/Src/main.c ****  *
  16:Core/Src/main.c ****  ******************************************************************************
  17:Core/Src/main.c ****  */
  18:Core/Src/main.c **** /* USER CODE END Header */
  19:Core/Src/main.c **** /* Includes ------------------------------------------------------------------*/
  20:Core/Src/main.c **** #include "main.h"
  21:Core/Src/main.c **** #include "adc.h"
  22:Core/Src/main.c **** #include "dma.h"
  23:Core/Src/main.c **** #include "tim.h"
  24:Core/Src/main.c **** #include "usart.h"
  25:Core/Src/main.c **** #include "gpio.h"
  26:Core/Src/main.c **** 
  27:Core/Src/main.c **** /* Private includes ----------------------------------------------------------*/
  28:Core/Src/main.c **** /* USER CODE BEGIN Includes */
  29:Core/Src/main.c **** #include "IQmathLib.h"
  30:Core/Src/main.c **** #include "main_init.h"
  31:Core/Src/main.c **** #include "potamon_bus_lowlvl_handle.h"
  32:Core/Src/main.c **** /* USER CODE END Includes */
ARM GAS  C:\Users\zhmis\AppData\Local\Temp\ccJ64dk5.s 			page 2


  33:Core/Src/main.c **** 
  34:Core/Src/main.c **** /* Private typedef -----------------------------------------------------------*/
  35:Core/Src/main.c **** /* USER CODE BEGIN PTD */
  36:Core/Src/main.c **** 
  37:Core/Src/main.c **** /* USER CODE END PTD */
  38:Core/Src/main.c **** 
  39:Core/Src/main.c **** /* Private define ------------------------------------------------------------*/
  40:Core/Src/main.c **** /* USER CODE BEGIN PD */
  41:Core/Src/main.c **** 
  42:Core/Src/main.c **** /* USER CODE END PD */
  43:Core/Src/main.c **** 
  44:Core/Src/main.c **** /* Private macro -------------------------------------------------------------*/
  45:Core/Src/main.c **** /* USER CODE BEGIN PM */
  46:Core/Src/main.c **** 
  47:Core/Src/main.c **** /* USER CODE END PM */
  48:Core/Src/main.c **** 
  49:Core/Src/main.c **** /* Private variables ---------------------------------------------------------*/
  50:Core/Src/main.c **** 
  51:Core/Src/main.c **** /* USER CODE BEGIN PV */
  52:Core/Src/main.c **** uint8_t servo1_debug_mode;
  53:Core/Src/main.c **** uint8_t servo2_debug_mode;
  54:Core/Src/main.c **** 
  55:Core/Src/main.c **** float s1_set_cur, s1_set_vel;
  56:Core/Src/main.c **** float s2_set_cur, s2_set_vel;
  57:Core/Src/main.c **** 
  58:Core/Src/main.c **** /* USER CODE END PV */
  59:Core/Src/main.c **** 
  60:Core/Src/main.c **** /* Private function prototypes -----------------------------------------------*/
  61:Core/Src/main.c **** void SystemClock_Config(void);
  62:Core/Src/main.c **** /* USER CODE BEGIN PFP */
  63:Core/Src/main.c **** 
  64:Core/Src/main.c **** /* USER CODE END PFP */
  65:Core/Src/main.c **** 
  66:Core/Src/main.c **** /* Private user code ---------------------------------------------------------*/
  67:Core/Src/main.c **** /* USER CODE BEGIN 0 */
  68:Core/Src/main.c **** 
  69:Core/Src/main.c **** /* USER CODE END 0 */
  70:Core/Src/main.c **** 
  71:Core/Src/main.c **** /**
  72:Core/Src/main.c ****   * @brief  The application entry point.
  73:Core/Src/main.c ****   * @retval int
  74:Core/Src/main.c ****   */
  75:Core/Src/main.c **** int main(void)
  76:Core/Src/main.c **** {
  77:Core/Src/main.c **** 
  78:Core/Src/main.c ****   /* USER CODE BEGIN 1 */
  79:Core/Src/main.c **** 
  80:Core/Src/main.c ****   /* USER CODE END 1 */
  81:Core/Src/main.c **** 
  82:Core/Src/main.c ****   /* MCU Configuration--------------------------------------------------------*/
  83:Core/Src/main.c **** 
  84:Core/Src/main.c ****   /* Reset of all peripherals, Initializes the Flash interface and the Systick. */
  85:Core/Src/main.c ****   HAL_Init();
  86:Core/Src/main.c **** 
  87:Core/Src/main.c ****   /* USER CODE BEGIN Init */
  88:Core/Src/main.c **** 
  89:Core/Src/main.c ****   /* USER CODE END Init */
ARM GAS  C:\Users\zhmis\AppData\Local\Temp\ccJ64dk5.s 			page 3


  90:Core/Src/main.c **** 
  91:Core/Src/main.c ****   /* Configure the system clock */
  92:Core/Src/main.c ****   SystemClock_Config();
  93:Core/Src/main.c **** 
  94:Core/Src/main.c ****   /* USER CODE BEGIN SysInit */
  95:Core/Src/main.c **** 
  96:Core/Src/main.c ****   /* USER CODE END SysInit */
  97:Core/Src/main.c **** 
  98:Core/Src/main.c ****   /* Initialize all configured peripherals */
  99:Core/Src/main.c ****   MX_GPIO_Init();
 100:Core/Src/main.c ****   MX_DMA_Init();
 101:Core/Src/main.c ****   MX_TIM1_Init();
 102:Core/Src/main.c ****   MX_TIM2_Init();
 103:Core/Src/main.c ****   MX_TIM3_Init();
 104:Core/Src/main.c ****   MX_ADC1_Init();
 105:Core/Src/main.c ****   MX_USART3_UART_Init();
 106:Core/Src/main.c ****   /* USER CODE BEGIN 2 */
 107:Core/Src/main.c **** 
 108:Core/Src/main.c ****   init_mtr_ctrl(); // Initializes all peripherals and structures needed for motor control
 109:Core/Src/main.c **** 
 110:Core/Src/main.c **** 
 111:Core/Src/main.c ****   /* USER CODE END 2 */
 112:Core/Src/main.c **** 
 113:Core/Src/main.c ****   /* Infinite loop */
 114:Core/Src/main.c ****   /* USER CODE BEGIN WHILE */
 115:Core/Src/main.c ****   while (1)
 116:Core/Src/main.c ****   {
 117:Core/Src/main.c **** 
 118:Core/Src/main.c ****     // switch (servo1_debug_mode)
 119:Core/Src/main.c ****     // {
 120:Core/Src/main.c ****     // case 0:
 121:Core/Src/main.c ****     //   servo_iq18_controlCurrent(&servo1_g, s1_set_cur);
 122:Core/Src/main.c ****     //   break;
 123:Core/Src/main.c ****     // case 1:
 124:Core/Src/main.c ****     //   servo_iq18_controlVelocity(&servo1_g, s1_set_vel);
 125:Core/Src/main.c ****     //   break;
 126:Core/Src/main.c ****     // default:
 127:Core/Src/main.c ****     //   break;
 128:Core/Src/main.c ****     // }
 129:Core/Src/main.c **** 
 130:Core/Src/main.c ****     // switch (servo2_debug_mode)
 131:Core/Src/main.c ****     // {
 132:Core/Src/main.c ****     // case 0:
 133:Core/Src/main.c ****     //   servo_iq18_controlCurrent(&servo2_g, s2_set_cur);
 134:Core/Src/main.c ****     //   break;
 135:Core/Src/main.c ****     // case 1:
 136:Core/Src/main.c ****     //   servo_iq18_controlVelocity(&servo2_g, s2_set_vel);
 137:Core/Src/main.c ****     //   break;
 138:Core/Src/main.c ****     // default:
 139:Core/Src/main.c ****     //   break;
 140:Core/Src/main.c ****     // }
 141:Core/Src/main.c **** 
 142:Core/Src/main.c ****     /* USER CODE END WHILE */
 143:Core/Src/main.c **** 
 144:Core/Src/main.c ****     /* USER CODE BEGIN 3 */
 145:Core/Src/main.c ****   }
 146:Core/Src/main.c ****   /* USER CODE END 3 */
ARM GAS  C:\Users\zhmis\AppData\Local\Temp\ccJ64dk5.s 			page 4


 147:Core/Src/main.c **** }
 148:Core/Src/main.c **** 
 149:Core/Src/main.c **** /**
 150:Core/Src/main.c ****   * @brief System Clock Configuration
 151:Core/Src/main.c ****   * @retval None
 152:Core/Src/main.c ****   */
 153:Core/Src/main.c **** void SystemClock_Config(void)
 154:Core/Src/main.c **** {
 155:Core/Src/main.c ****   RCC_OscInitTypeDef RCC_OscInitStruct = {0};
 156:Core/Src/main.c ****   RCC_ClkInitTypeDef RCC_ClkInitStruct = {0};
 157:Core/Src/main.c ****   RCC_PeriphCLKInitTypeDef PeriphClkInit = {0};
 158:Core/Src/main.c **** 
 159:Core/Src/main.c ****   /** Initializes the RCC Oscillators according to the specified parameters
 160:Core/Src/main.c ****   * in the RCC_OscInitTypeDef structure.
 161:Core/Src/main.c ****   */
 162:Core/Src/main.c ****   RCC_OscInitStruct.OscillatorType = RCC_OSCILLATORTYPE_HSE;
 163:Core/Src/main.c ****   RCC_OscInitStruct.HSEState = RCC_HSE_ON;
 164:Core/Src/main.c ****   RCC_OscInitStruct.HSEPredivValue = RCC_HSE_PREDIV_DIV1;
 165:Core/Src/main.c ****   RCC_OscInitStruct.HSIState = RCC_HSI_ON;
 166:Core/Src/main.c ****   RCC_OscInitStruct.PLL.PLLState = RCC_PLL_ON;
 167:Core/Src/main.c ****   RCC_OscInitStruct.PLL.PLLSource = RCC_PLLSOURCE_HSE;
 168:Core/Src/main.c ****   RCC_OscInitStruct.PLL.PLLMUL = RCC_PLL_MUL9;
 169:Core/Src/main.c ****   if (HAL_RCC_OscConfig(&RCC_OscInitStruct) != HAL_OK)
 170:Core/Src/main.c ****   {
 171:Core/Src/main.c ****     Error_Handler();
 172:Core/Src/main.c ****   }
 173:Core/Src/main.c **** 
 174:Core/Src/main.c ****   /** Initializes the CPU, AHB and APB buses clocks
 175:Core/Src/main.c ****   */
 176:Core/Src/main.c ****   RCC_ClkInitStruct.ClockType = RCC_CLOCKTYPE_HCLK|RCC_CLOCKTYPE_SYSCLK
 177:Core/Src/main.c ****                               |RCC_CLOCKTYPE_PCLK1|RCC_CLOCKTYPE_PCLK2;
 178:Core/Src/main.c ****   RCC_ClkInitStruct.SYSCLKSource = RCC_SYSCLKSOURCE_PLLCLK;
 179:Core/Src/main.c ****   RCC_ClkInitStruct.AHBCLKDivider = RCC_SYSCLK_DIV1;
 180:Core/Src/main.c ****   RCC_ClkInitStruct.APB1CLKDivider = RCC_HCLK_DIV2;
 181:Core/Src/main.c ****   RCC_ClkInitStruct.APB2CLKDivider = RCC_HCLK_DIV1;
 182:Core/Src/main.c **** 
 183:Core/Src/main.c ****   if (HAL_RCC_ClockConfig(&RCC_ClkInitStruct, FLASH_LATENCY_2) != HAL_OK)
 184:Core/Src/main.c ****   {
 185:Core/Src/main.c ****     Error_Handler();
 186:Core/Src/main.c ****   }
 187:Core/Src/main.c ****   PeriphClkInit.PeriphClockSelection = RCC_PERIPHCLK_ADC;
 188:Core/Src/main.c ****   PeriphClkInit.AdcClockSelection = RCC_ADCPCLK2_DIV6;
 189:Core/Src/main.c ****   if (HAL_RCCEx_PeriphCLKConfig(&PeriphClkInit) != HAL_OK)
 190:Core/Src/main.c ****   {
 191:Core/Src/main.c ****     Error_Handler();
 192:Core/Src/main.c ****   }
 193:Core/Src/main.c **** }
 194:Core/Src/main.c **** 
 195:Core/Src/main.c **** /* USER CODE BEGIN 4 */
 196:Core/Src/main.c **** 
 197:Core/Src/main.c **** /* USER CODE END 4 */
 198:Core/Src/main.c **** 
 199:Core/Src/main.c **** /**
 200:Core/Src/main.c ****   * @brief  This function is executed in case of error occurrence.
 201:Core/Src/main.c ****   * @retval None
 202:Core/Src/main.c ****   */
 203:Core/Src/main.c **** void Error_Handler(void)
ARM GAS  C:\Users\zhmis\AppData\Local\Temp\ccJ64dk5.s 			page 5


 204:Core/Src/main.c **** {
  27              		.loc 1 204 1 view -0
  28              		.cfi_startproc
  29              		@ Volatile: function does not return.
  30              		@ args = 0, pretend = 0, frame = 0
  31              		@ frame_needed = 0, uses_anonymous_args = 0
  32              		@ link register save eliminated.
 205:Core/Src/main.c ****   /* USER CODE BEGIN Error_Handler_Debug */
 206:Core/Src/main.c ****   /* User can add his own implementation to report the HAL error return state */
 207:Core/Src/main.c ****   __disable_irq();
  33              		.loc 1 207 3 view .LVU1
  34              	.LBB4:
  35              	.LBI4:
  36              		.file 2 "Drivers/CMSIS/Include/cmsis_gcc.h"
   1:Drivers/CMSIS/Include/cmsis_gcc.h **** /**************************************************************************//**
   2:Drivers/CMSIS/Include/cmsis_gcc.h ****  * @file     cmsis_gcc.h
   3:Drivers/CMSIS/Include/cmsis_gcc.h ****  * @brief    CMSIS compiler GCC header file
   4:Drivers/CMSIS/Include/cmsis_gcc.h ****  * @version  V5.0.4
   5:Drivers/CMSIS/Include/cmsis_gcc.h ****  * @date     09. April 2018
   6:Drivers/CMSIS/Include/cmsis_gcc.h ****  ******************************************************************************/
   7:Drivers/CMSIS/Include/cmsis_gcc.h **** /*
   8:Drivers/CMSIS/Include/cmsis_gcc.h ****  * Copyright (c) 2009-2018 Arm Limited. All rights reserved.
   9:Drivers/CMSIS/Include/cmsis_gcc.h ****  *
  10:Drivers/CMSIS/Include/cmsis_gcc.h ****  * SPDX-License-Identifier: Apache-2.0
  11:Drivers/CMSIS/Include/cmsis_gcc.h ****  *
  12:Drivers/CMSIS/Include/cmsis_gcc.h ****  * Licensed under the Apache License, Version 2.0 (the License); you may
  13:Drivers/CMSIS/Include/cmsis_gcc.h ****  * not use this file except in compliance with the License.
  14:Drivers/CMSIS/Include/cmsis_gcc.h ****  * You may obtain a copy of the License at
  15:Drivers/CMSIS/Include/cmsis_gcc.h ****  *
  16:Drivers/CMSIS/Include/cmsis_gcc.h ****  * www.apache.org/licenses/LICENSE-2.0
  17:Drivers/CMSIS/Include/cmsis_gcc.h ****  *
  18:Drivers/CMSIS/Include/cmsis_gcc.h ****  * Unless required by applicable law or agreed to in writing, software
  19:Drivers/CMSIS/Include/cmsis_gcc.h ****  * distributed under the License is distributed on an AS IS BASIS, WITHOUT
  20:Drivers/CMSIS/Include/cmsis_gcc.h ****  * WARRANTIES OR CONDITIONS OF ANY KIND, either express or implied.
  21:Drivers/CMSIS/Include/cmsis_gcc.h ****  * See the License for the specific language governing permissions and
  22:Drivers/CMSIS/Include/cmsis_gcc.h ****  * limitations under the License.
  23:Drivers/CMSIS/Include/cmsis_gcc.h ****  */
  24:Drivers/CMSIS/Include/cmsis_gcc.h **** 
  25:Drivers/CMSIS/Include/cmsis_gcc.h **** #ifndef __CMSIS_GCC_H
  26:Drivers/CMSIS/Include/cmsis_gcc.h **** #define __CMSIS_GCC_H
  27:Drivers/CMSIS/Include/cmsis_gcc.h **** 
  28:Drivers/CMSIS/Include/cmsis_gcc.h **** /* ignore some GCC warnings */
  29:Drivers/CMSIS/Include/cmsis_gcc.h **** #pragma GCC diagnostic push
  30:Drivers/CMSIS/Include/cmsis_gcc.h **** #pragma GCC diagnostic ignored "-Wsign-conversion"
  31:Drivers/CMSIS/Include/cmsis_gcc.h **** #pragma GCC diagnostic ignored "-Wconversion"
  32:Drivers/CMSIS/Include/cmsis_gcc.h **** #pragma GCC diagnostic ignored "-Wunused-parameter"
  33:Drivers/CMSIS/Include/cmsis_gcc.h **** 
  34:Drivers/CMSIS/Include/cmsis_gcc.h **** /* Fallback for __has_builtin */
  35:Drivers/CMSIS/Include/cmsis_gcc.h **** #ifndef __has_builtin
  36:Drivers/CMSIS/Include/cmsis_gcc.h ****   #define __has_builtin(x) (0)
  37:Drivers/CMSIS/Include/cmsis_gcc.h **** #endif
  38:Drivers/CMSIS/Include/cmsis_gcc.h **** 
  39:Drivers/CMSIS/Include/cmsis_gcc.h **** /* CMSIS compiler specific defines */
  40:Drivers/CMSIS/Include/cmsis_gcc.h **** #ifndef   __ASM
  41:Drivers/CMSIS/Include/cmsis_gcc.h ****   #define __ASM                                  __asm
  42:Drivers/CMSIS/Include/cmsis_gcc.h **** #endif
  43:Drivers/CMSIS/Include/cmsis_gcc.h **** #ifndef   __INLINE
ARM GAS  C:\Users\zhmis\AppData\Local\Temp\ccJ64dk5.s 			page 6


  44:Drivers/CMSIS/Include/cmsis_gcc.h ****   #define __INLINE                               inline
  45:Drivers/CMSIS/Include/cmsis_gcc.h **** #endif
  46:Drivers/CMSIS/Include/cmsis_gcc.h **** #ifndef   __STATIC_INLINE
  47:Drivers/CMSIS/Include/cmsis_gcc.h ****   #define __STATIC_INLINE                        static inline
  48:Drivers/CMSIS/Include/cmsis_gcc.h **** #endif
  49:Drivers/CMSIS/Include/cmsis_gcc.h **** #ifndef   __STATIC_FORCEINLINE                 
  50:Drivers/CMSIS/Include/cmsis_gcc.h ****   #define __STATIC_FORCEINLINE                   __attribute__((always_inline)) static inline
  51:Drivers/CMSIS/Include/cmsis_gcc.h **** #endif                                           
  52:Drivers/CMSIS/Include/cmsis_gcc.h **** #ifndef   __NO_RETURN
  53:Drivers/CMSIS/Include/cmsis_gcc.h ****   #define __NO_RETURN                            __attribute__((__noreturn__))
  54:Drivers/CMSIS/Include/cmsis_gcc.h **** #endif
  55:Drivers/CMSIS/Include/cmsis_gcc.h **** #ifndef   __USED
  56:Drivers/CMSIS/Include/cmsis_gcc.h ****   #define __USED                                 __attribute__((used))
  57:Drivers/CMSIS/Include/cmsis_gcc.h **** #endif
  58:Drivers/CMSIS/Include/cmsis_gcc.h **** #ifndef   __WEAK
  59:Drivers/CMSIS/Include/cmsis_gcc.h ****   #define __WEAK                                 __attribute__((weak))
  60:Drivers/CMSIS/Include/cmsis_gcc.h **** #endif
  61:Drivers/CMSIS/Include/cmsis_gcc.h **** #ifndef   __PACKED
  62:Drivers/CMSIS/Include/cmsis_gcc.h ****   #define __PACKED                               __attribute__((packed, aligned(1)))
  63:Drivers/CMSIS/Include/cmsis_gcc.h **** #endif
  64:Drivers/CMSIS/Include/cmsis_gcc.h **** #ifndef   __PACKED_STRUCT
  65:Drivers/CMSIS/Include/cmsis_gcc.h ****   #define __PACKED_STRUCT                        struct __attribute__((packed, aligned(1)))
  66:Drivers/CMSIS/Include/cmsis_gcc.h **** #endif
  67:Drivers/CMSIS/Include/cmsis_gcc.h **** #ifndef   __PACKED_UNION
  68:Drivers/CMSIS/Include/cmsis_gcc.h ****   #define __PACKED_UNION                         union __attribute__((packed, aligned(1)))
  69:Drivers/CMSIS/Include/cmsis_gcc.h **** #endif
  70:Drivers/CMSIS/Include/cmsis_gcc.h **** #ifndef   __UNALIGNED_UINT32        /* deprecated */
  71:Drivers/CMSIS/Include/cmsis_gcc.h ****   #pragma GCC diagnostic push
  72:Drivers/CMSIS/Include/cmsis_gcc.h ****   #pragma GCC diagnostic ignored "-Wpacked"
  73:Drivers/CMSIS/Include/cmsis_gcc.h ****   #pragma GCC diagnostic ignored "-Wattributes"
  74:Drivers/CMSIS/Include/cmsis_gcc.h ****   struct __attribute__((packed)) T_UINT32 { uint32_t v; };
  75:Drivers/CMSIS/Include/cmsis_gcc.h ****   #pragma GCC diagnostic pop
  76:Drivers/CMSIS/Include/cmsis_gcc.h ****   #define __UNALIGNED_UINT32(x)                  (((struct T_UINT32 *)(x))->v)
  77:Drivers/CMSIS/Include/cmsis_gcc.h **** #endif
  78:Drivers/CMSIS/Include/cmsis_gcc.h **** #ifndef   __UNALIGNED_UINT16_WRITE
  79:Drivers/CMSIS/Include/cmsis_gcc.h ****   #pragma GCC diagnostic push
  80:Drivers/CMSIS/Include/cmsis_gcc.h ****   #pragma GCC diagnostic ignored "-Wpacked"
  81:Drivers/CMSIS/Include/cmsis_gcc.h ****   #pragma GCC diagnostic ignored "-Wattributes"
  82:Drivers/CMSIS/Include/cmsis_gcc.h ****   __PACKED_STRUCT T_UINT16_WRITE { uint16_t v; };
  83:Drivers/CMSIS/Include/cmsis_gcc.h ****   #pragma GCC diagnostic pop
  84:Drivers/CMSIS/Include/cmsis_gcc.h ****   #define __UNALIGNED_UINT16_WRITE(addr, val)    (void)((((struct T_UINT16_WRITE *)(void *)(addr))-
  85:Drivers/CMSIS/Include/cmsis_gcc.h **** #endif
  86:Drivers/CMSIS/Include/cmsis_gcc.h **** #ifndef   __UNALIGNED_UINT16_READ
  87:Drivers/CMSIS/Include/cmsis_gcc.h ****   #pragma GCC diagnostic push
  88:Drivers/CMSIS/Include/cmsis_gcc.h ****   #pragma GCC diagnostic ignored "-Wpacked"
  89:Drivers/CMSIS/Include/cmsis_gcc.h ****   #pragma GCC diagnostic ignored "-Wattributes"
  90:Drivers/CMSIS/Include/cmsis_gcc.h ****   __PACKED_STRUCT T_UINT16_READ { uint16_t v; };
  91:Drivers/CMSIS/Include/cmsis_gcc.h ****   #pragma GCC diagnostic pop
  92:Drivers/CMSIS/Include/cmsis_gcc.h ****   #define __UNALIGNED_UINT16_READ(addr)          (((const struct T_UINT16_READ *)(const void *)(add
  93:Drivers/CMSIS/Include/cmsis_gcc.h **** #endif
  94:Drivers/CMSIS/Include/cmsis_gcc.h **** #ifndef   __UNALIGNED_UINT32_WRITE
  95:Drivers/CMSIS/Include/cmsis_gcc.h ****   #pragma GCC diagnostic push
  96:Drivers/CMSIS/Include/cmsis_gcc.h ****   #pragma GCC diagnostic ignored "-Wpacked"
  97:Drivers/CMSIS/Include/cmsis_gcc.h ****   #pragma GCC diagnostic ignored "-Wattributes"
  98:Drivers/CMSIS/Include/cmsis_gcc.h ****   __PACKED_STRUCT T_UINT32_WRITE { uint32_t v; };
  99:Drivers/CMSIS/Include/cmsis_gcc.h ****   #pragma GCC diagnostic pop
 100:Drivers/CMSIS/Include/cmsis_gcc.h ****   #define __UNALIGNED_UINT32_WRITE(addr, val)    (void)((((struct T_UINT32_WRITE *)(void *)(addr))-
ARM GAS  C:\Users\zhmis\AppData\Local\Temp\ccJ64dk5.s 			page 7


 101:Drivers/CMSIS/Include/cmsis_gcc.h **** #endif
 102:Drivers/CMSIS/Include/cmsis_gcc.h **** #ifndef   __UNALIGNED_UINT32_READ
 103:Drivers/CMSIS/Include/cmsis_gcc.h ****   #pragma GCC diagnostic push
 104:Drivers/CMSIS/Include/cmsis_gcc.h ****   #pragma GCC diagnostic ignored "-Wpacked"
 105:Drivers/CMSIS/Include/cmsis_gcc.h ****   #pragma GCC diagnostic ignored "-Wattributes"
 106:Drivers/CMSIS/Include/cmsis_gcc.h ****   __PACKED_STRUCT T_UINT32_READ { uint32_t v; };
 107:Drivers/CMSIS/Include/cmsis_gcc.h ****   #pragma GCC diagnostic pop
 108:Drivers/CMSIS/Include/cmsis_gcc.h ****   #define __UNALIGNED_UINT32_READ(addr)          (((const struct T_UINT32_READ *)(const void *)(add
 109:Drivers/CMSIS/Include/cmsis_gcc.h **** #endif
 110:Drivers/CMSIS/Include/cmsis_gcc.h **** #ifndef   __ALIGNED
 111:Drivers/CMSIS/Include/cmsis_gcc.h ****   #define __ALIGNED(x)                           __attribute__((aligned(x)))
 112:Drivers/CMSIS/Include/cmsis_gcc.h **** #endif
 113:Drivers/CMSIS/Include/cmsis_gcc.h **** #ifndef   __RESTRICT
 114:Drivers/CMSIS/Include/cmsis_gcc.h ****   #define __RESTRICT                             __restrict
 115:Drivers/CMSIS/Include/cmsis_gcc.h **** #endif
 116:Drivers/CMSIS/Include/cmsis_gcc.h **** 
 117:Drivers/CMSIS/Include/cmsis_gcc.h **** 
 118:Drivers/CMSIS/Include/cmsis_gcc.h **** /* ###########################  Core Function Access  ########################### */
 119:Drivers/CMSIS/Include/cmsis_gcc.h **** /** \ingroup  CMSIS_Core_FunctionInterface
 120:Drivers/CMSIS/Include/cmsis_gcc.h ****     \defgroup CMSIS_Core_RegAccFunctions CMSIS Core Register Access Functions
 121:Drivers/CMSIS/Include/cmsis_gcc.h ****   @{
 122:Drivers/CMSIS/Include/cmsis_gcc.h ****  */
 123:Drivers/CMSIS/Include/cmsis_gcc.h **** 
 124:Drivers/CMSIS/Include/cmsis_gcc.h **** /**
 125:Drivers/CMSIS/Include/cmsis_gcc.h ****   \brief   Enable IRQ Interrupts
 126:Drivers/CMSIS/Include/cmsis_gcc.h ****   \details Enables IRQ interrupts by clearing the I-bit in the CPSR.
 127:Drivers/CMSIS/Include/cmsis_gcc.h ****            Can only be executed in Privileged modes.
 128:Drivers/CMSIS/Include/cmsis_gcc.h ****  */
 129:Drivers/CMSIS/Include/cmsis_gcc.h **** __STATIC_FORCEINLINE void __enable_irq(void)
 130:Drivers/CMSIS/Include/cmsis_gcc.h **** {
 131:Drivers/CMSIS/Include/cmsis_gcc.h ****   __ASM volatile ("cpsie i" : : : "memory");
 132:Drivers/CMSIS/Include/cmsis_gcc.h **** }
 133:Drivers/CMSIS/Include/cmsis_gcc.h **** 
 134:Drivers/CMSIS/Include/cmsis_gcc.h **** 
 135:Drivers/CMSIS/Include/cmsis_gcc.h **** /**
 136:Drivers/CMSIS/Include/cmsis_gcc.h ****   \brief   Disable IRQ Interrupts
 137:Drivers/CMSIS/Include/cmsis_gcc.h ****   \details Disables IRQ interrupts by setting the I-bit in the CPSR.
 138:Drivers/CMSIS/Include/cmsis_gcc.h ****            Can only be executed in Privileged modes.
 139:Drivers/CMSIS/Include/cmsis_gcc.h ****  */
 140:Drivers/CMSIS/Include/cmsis_gcc.h **** __STATIC_FORCEINLINE void __disable_irq(void)
  37              		.loc 2 140 27 view .LVU2
  38              	.LBB5:
 141:Drivers/CMSIS/Include/cmsis_gcc.h **** {
 142:Drivers/CMSIS/Include/cmsis_gcc.h ****   __ASM volatile ("cpsid i" : : : "memory");
  39              		.loc 2 142 3 view .LVU3
  40              		.syntax unified
  41              	@ 142 "Drivers/CMSIS/Include/cmsis_gcc.h" 1
  42 0000 72B6     		cpsid i
  43              	@ 0 "" 2
  44              		.thumb
  45              		.syntax unified
  46              	.L2:
  47              	.LBE5:
  48              	.LBE4:
 208:Core/Src/main.c ****   while (1)
  49              		.loc 1 208 3 view .LVU4
 209:Core/Src/main.c ****   {
ARM GAS  C:\Users\zhmis\AppData\Local\Temp\ccJ64dk5.s 			page 8


 210:Core/Src/main.c ****   }
  50              		.loc 1 210 3 view .LVU5
 208:Core/Src/main.c ****   while (1)
  51              		.loc 1 208 9 view .LVU6
  52 0002 FEE7     		b	.L2
  53              		.cfi_endproc
  54              	.LFE67:
  56              		.section	.text.SystemClock_Config,"ax",%progbits
  57              		.align	1
  58              		.global	SystemClock_Config
  59              		.syntax unified
  60              		.thumb
  61              		.thumb_func
  63              	SystemClock_Config:
  64              	.LFB66:
 154:Core/Src/main.c ****   RCC_OscInitTypeDef RCC_OscInitStruct = {0};
  65              		.loc 1 154 1 view -0
  66              		.cfi_startproc
  67              		@ args = 0, pretend = 0, frame = 80
  68              		@ frame_needed = 0, uses_anonymous_args = 0
  69 0000 00B5     		push	{lr}
  70              		.cfi_def_cfa_offset 4
  71              		.cfi_offset 14, -4
  72 0002 95B0     		sub	sp, sp, #84
  73              		.cfi_def_cfa_offset 88
 155:Core/Src/main.c ****   RCC_ClkInitTypeDef RCC_ClkInitStruct = {0};
  74              		.loc 1 155 3 view .LVU8
 155:Core/Src/main.c ****   RCC_ClkInitTypeDef RCC_ClkInitStruct = {0};
  75              		.loc 1 155 22 is_stmt 0 view .LVU9
  76 0004 2822     		movs	r2, #40
  77 0006 0021     		movs	r1, #0
  78 0008 0DEB0200 		add	r0, sp, r2
  79 000c FFF7FEFF 		bl	memset
  80              	.LVL0:
 156:Core/Src/main.c ****   RCC_PeriphCLKInitTypeDef PeriphClkInit = {0};
  81              		.loc 1 156 3 is_stmt 1 view .LVU10
 156:Core/Src/main.c ****   RCC_PeriphCLKInitTypeDef PeriphClkInit = {0};
  82              		.loc 1 156 22 is_stmt 0 view .LVU11
  83 0010 0023     		movs	r3, #0
  84 0012 0593     		str	r3, [sp, #20]
  85 0014 0693     		str	r3, [sp, #24]
  86 0016 0793     		str	r3, [sp, #28]
  87 0018 0893     		str	r3, [sp, #32]
  88 001a 0993     		str	r3, [sp, #36]
 157:Core/Src/main.c **** 
  89              		.loc 1 157 3 is_stmt 1 view .LVU12
 157:Core/Src/main.c **** 
  90              		.loc 1 157 28 is_stmt 0 view .LVU13
  91 001c 0193     		str	r3, [sp, #4]
  92 001e 0293     		str	r3, [sp, #8]
  93 0020 0393     		str	r3, [sp, #12]
  94 0022 0493     		str	r3, [sp, #16]
 162:Core/Src/main.c ****   RCC_OscInitStruct.HSEState = RCC_HSE_ON;
  95              		.loc 1 162 3 is_stmt 1 view .LVU14
 162:Core/Src/main.c ****   RCC_OscInitStruct.HSEState = RCC_HSE_ON;
  96              		.loc 1 162 36 is_stmt 0 view .LVU15
  97 0024 0122     		movs	r2, #1
ARM GAS  C:\Users\zhmis\AppData\Local\Temp\ccJ64dk5.s 			page 9


  98 0026 0A92     		str	r2, [sp, #40]
 163:Core/Src/main.c ****   RCC_OscInitStruct.HSEPredivValue = RCC_HSE_PREDIV_DIV1;
  99              		.loc 1 163 3 is_stmt 1 view .LVU16
 163:Core/Src/main.c ****   RCC_OscInitStruct.HSEPredivValue = RCC_HSE_PREDIV_DIV1;
 100              		.loc 1 163 30 is_stmt 0 view .LVU17
 101 0028 4FF48033 		mov	r3, #65536
 102 002c 0B93     		str	r3, [sp, #44]
 164:Core/Src/main.c ****   RCC_OscInitStruct.HSIState = RCC_HSI_ON;
 103              		.loc 1 164 3 is_stmt 1 view .LVU18
 165:Core/Src/main.c ****   RCC_OscInitStruct.PLL.PLLState = RCC_PLL_ON;
 104              		.loc 1 165 3 view .LVU19
 165:Core/Src/main.c ****   RCC_OscInitStruct.PLL.PLLState = RCC_PLL_ON;
 105              		.loc 1 165 30 is_stmt 0 view .LVU20
 106 002e 0E92     		str	r2, [sp, #56]
 166:Core/Src/main.c ****   RCC_OscInitStruct.PLL.PLLSource = RCC_PLLSOURCE_HSE;
 107              		.loc 1 166 3 is_stmt 1 view .LVU21
 166:Core/Src/main.c ****   RCC_OscInitStruct.PLL.PLLSource = RCC_PLLSOURCE_HSE;
 108              		.loc 1 166 34 is_stmt 0 view .LVU22
 109 0030 0222     		movs	r2, #2
 110 0032 1192     		str	r2, [sp, #68]
 167:Core/Src/main.c ****   RCC_OscInitStruct.PLL.PLLMUL = RCC_PLL_MUL9;
 111              		.loc 1 167 3 is_stmt 1 view .LVU23
 167:Core/Src/main.c ****   RCC_OscInitStruct.PLL.PLLMUL = RCC_PLL_MUL9;
 112              		.loc 1 167 35 is_stmt 0 view .LVU24
 113 0034 1293     		str	r3, [sp, #72]
 168:Core/Src/main.c ****   if (HAL_RCC_OscConfig(&RCC_OscInitStruct) != HAL_OK)
 114              		.loc 1 168 3 is_stmt 1 view .LVU25
 168:Core/Src/main.c ****   if (HAL_RCC_OscConfig(&RCC_OscInitStruct) != HAL_OK)
 115              		.loc 1 168 32 is_stmt 0 view .LVU26
 116 0036 4FF4E013 		mov	r3, #1835008
 117 003a 1393     		str	r3, [sp, #76]
 169:Core/Src/main.c ****   {
 118              		.loc 1 169 3 is_stmt 1 view .LVU27
 169:Core/Src/main.c ****   {
 119              		.loc 1 169 7 is_stmt 0 view .LVU28
 120 003c 0AA8     		add	r0, sp, #40
 121 003e FFF7FEFF 		bl	HAL_RCC_OscConfig
 122              	.LVL1:
 169:Core/Src/main.c ****   {
 123              		.loc 1 169 6 discriminator 1 view .LVU29
 124 0042 C8B9     		cbnz	r0, .L8
 176:Core/Src/main.c ****                               |RCC_CLOCKTYPE_PCLK1|RCC_CLOCKTYPE_PCLK2;
 125              		.loc 1 176 3 is_stmt 1 view .LVU30
 176:Core/Src/main.c ****                               |RCC_CLOCKTYPE_PCLK1|RCC_CLOCKTYPE_PCLK2;
 126              		.loc 1 176 31 is_stmt 0 view .LVU31
 127 0044 0F23     		movs	r3, #15
 128 0046 0593     		str	r3, [sp, #20]
 178:Core/Src/main.c ****   RCC_ClkInitStruct.AHBCLKDivider = RCC_SYSCLK_DIV1;
 129              		.loc 1 178 3 is_stmt 1 view .LVU32
 178:Core/Src/main.c ****   RCC_ClkInitStruct.AHBCLKDivider = RCC_SYSCLK_DIV1;
 130              		.loc 1 178 34 is_stmt 0 view .LVU33
 131 0048 0221     		movs	r1, #2
 132 004a 0691     		str	r1, [sp, #24]
 179:Core/Src/main.c ****   RCC_ClkInitStruct.APB1CLKDivider = RCC_HCLK_DIV2;
 133              		.loc 1 179 3 is_stmt 1 view .LVU34
 179:Core/Src/main.c ****   RCC_ClkInitStruct.APB1CLKDivider = RCC_HCLK_DIV2;
 134              		.loc 1 179 35 is_stmt 0 view .LVU35
ARM GAS  C:\Users\zhmis\AppData\Local\Temp\ccJ64dk5.s 			page 10


 135 004c 0023     		movs	r3, #0
 136 004e 0793     		str	r3, [sp, #28]
 180:Core/Src/main.c ****   RCC_ClkInitStruct.APB2CLKDivider = RCC_HCLK_DIV1;
 137              		.loc 1 180 3 is_stmt 1 view .LVU36
 180:Core/Src/main.c ****   RCC_ClkInitStruct.APB2CLKDivider = RCC_HCLK_DIV1;
 138              		.loc 1 180 36 is_stmt 0 view .LVU37
 139 0050 4FF48062 		mov	r2, #1024
 140 0054 0892     		str	r2, [sp, #32]
 181:Core/Src/main.c **** 
 141              		.loc 1 181 3 is_stmt 1 view .LVU38
 181:Core/Src/main.c **** 
 142              		.loc 1 181 36 is_stmt 0 view .LVU39
 143 0056 0993     		str	r3, [sp, #36]
 183:Core/Src/main.c ****   {
 144              		.loc 1 183 3 is_stmt 1 view .LVU40
 183:Core/Src/main.c ****   {
 145              		.loc 1 183 7 is_stmt 0 view .LVU41
 146 0058 05A8     		add	r0, sp, #20
 147 005a FFF7FEFF 		bl	HAL_RCC_ClockConfig
 148              	.LVL2:
 183:Core/Src/main.c ****   {
 149              		.loc 1 183 6 discriminator 1 view .LVU42
 150 005e 68B9     		cbnz	r0, .L9
 187:Core/Src/main.c ****   PeriphClkInit.AdcClockSelection = RCC_ADCPCLK2_DIV6;
 151              		.loc 1 187 3 is_stmt 1 view .LVU43
 187:Core/Src/main.c ****   PeriphClkInit.AdcClockSelection = RCC_ADCPCLK2_DIV6;
 152              		.loc 1 187 38 is_stmt 0 view .LVU44
 153 0060 0223     		movs	r3, #2
 154 0062 0193     		str	r3, [sp, #4]
 188:Core/Src/main.c ****   if (HAL_RCCEx_PeriphCLKConfig(&PeriphClkInit) != HAL_OK)
 155              		.loc 1 188 3 is_stmt 1 view .LVU45
 188:Core/Src/main.c ****   if (HAL_RCCEx_PeriphCLKConfig(&PeriphClkInit) != HAL_OK)
 156              		.loc 1 188 35 is_stmt 0 view .LVU46
 157 0064 4FF40043 		mov	r3, #32768
 158 0068 0393     		str	r3, [sp, #12]
 189:Core/Src/main.c ****   {
 159              		.loc 1 189 3 is_stmt 1 view .LVU47
 189:Core/Src/main.c ****   {
 160              		.loc 1 189 7 is_stmt 0 view .LVU48
 161 006a 01A8     		add	r0, sp, #4
 162 006c FFF7FEFF 		bl	HAL_RCCEx_PeriphCLKConfig
 163              	.LVL3:
 189:Core/Src/main.c ****   {
 164              		.loc 1 189 6 discriminator 1 view .LVU49
 165 0070 30B9     		cbnz	r0, .L10
 193:Core/Src/main.c **** 
 166              		.loc 1 193 1 view .LVU50
 167 0072 15B0     		add	sp, sp, #84
 168              		.cfi_remember_state
 169              		.cfi_def_cfa_offset 4
 170              		@ sp needed
 171 0074 5DF804FB 		ldr	pc, [sp], #4
 172              	.L8:
 173              		.cfi_restore_state
 171:Core/Src/main.c ****   }
 174              		.loc 1 171 5 is_stmt 1 view .LVU51
 175 0078 FFF7FEFF 		bl	Error_Handler
ARM GAS  C:\Users\zhmis\AppData\Local\Temp\ccJ64dk5.s 			page 11


 176              	.LVL4:
 177              	.L9:
 185:Core/Src/main.c ****   }
 178              		.loc 1 185 5 view .LVU52
 179 007c FFF7FEFF 		bl	Error_Handler
 180              	.LVL5:
 181              	.L10:
 191:Core/Src/main.c ****   }
 182              		.loc 1 191 5 view .LVU53
 183 0080 FFF7FEFF 		bl	Error_Handler
 184              	.LVL6:
 185              		.cfi_endproc
 186              	.LFE66:
 188              		.section	.text.main,"ax",%progbits
 189              		.align	1
 190              		.global	main
 191              		.syntax unified
 192              		.thumb
 193              		.thumb_func
 195              	main:
 196              	.LFB65:
  76:Core/Src/main.c **** 
 197              		.loc 1 76 1 view -0
 198              		.cfi_startproc
 199              		@ Volatile: function does not return.
 200              		@ args = 0, pretend = 0, frame = 0
 201              		@ frame_needed = 0, uses_anonymous_args = 0
 202 0000 08B5     		push	{r3, lr}
 203              		.cfi_def_cfa_offset 8
 204              		.cfi_offset 3, -8
 205              		.cfi_offset 14, -4
  85:Core/Src/main.c **** 
 206              		.loc 1 85 3 view .LVU55
 207 0002 FFF7FEFF 		bl	HAL_Init
 208              	.LVL7:
  92:Core/Src/main.c **** 
 209              		.loc 1 92 3 view .LVU56
 210 0006 FFF7FEFF 		bl	SystemClock_Config
 211              	.LVL8:
  99:Core/Src/main.c ****   MX_DMA_Init();
 212              		.loc 1 99 3 view .LVU57
 213 000a FFF7FEFF 		bl	MX_GPIO_Init
 214              	.LVL9:
 100:Core/Src/main.c ****   MX_TIM1_Init();
 215              		.loc 1 100 3 view .LVU58
 216 000e FFF7FEFF 		bl	MX_DMA_Init
 217              	.LVL10:
 101:Core/Src/main.c ****   MX_TIM2_Init();
 218              		.loc 1 101 3 view .LVU59
 219 0012 FFF7FEFF 		bl	MX_TIM1_Init
 220              	.LVL11:
 102:Core/Src/main.c ****   MX_TIM3_Init();
 221              		.loc 1 102 3 view .LVU60
 222 0016 FFF7FEFF 		bl	MX_TIM2_Init
 223              	.LVL12:
 103:Core/Src/main.c ****   MX_ADC1_Init();
 224              		.loc 1 103 3 view .LVU61
ARM GAS  C:\Users\zhmis\AppData\Local\Temp\ccJ64dk5.s 			page 12


 225 001a FFF7FEFF 		bl	MX_TIM3_Init
 226              	.LVL13:
 104:Core/Src/main.c ****   MX_USART3_UART_Init();
 227              		.loc 1 104 3 view .LVU62
 228 001e FFF7FEFF 		bl	MX_ADC1_Init
 229              	.LVL14:
 105:Core/Src/main.c ****   /* USER CODE BEGIN 2 */
 230              		.loc 1 105 3 view .LVU63
 231 0022 FFF7FEFF 		bl	MX_USART3_UART_Init
 232              	.LVL15:
 108:Core/Src/main.c **** 
 233              		.loc 1 108 3 view .LVU64
 234 0026 FFF7FEFF 		bl	init_mtr_ctrl
 235              	.LVL16:
 236              	.L12:
 115:Core/Src/main.c ****   {
 237              		.loc 1 115 3 view .LVU65
 145:Core/Src/main.c ****   /* USER CODE END 3 */
 238              		.loc 1 145 3 view .LVU66
 115:Core/Src/main.c ****   {
 239              		.loc 1 115 9 view .LVU67
 240 002a FEE7     		b	.L12
 241              		.cfi_endproc
 242              	.LFE65:
 244              		.global	s2_set_vel
 245              		.section	.bss.s2_set_vel,"aw",%nobits
 246              		.align	2
 249              	s2_set_vel:
 250 0000 00000000 		.space	4
 251              		.global	s2_set_cur
 252              		.section	.bss.s2_set_cur,"aw",%nobits
 253              		.align	2
 256              	s2_set_cur:
 257 0000 00000000 		.space	4
 258              		.global	s1_set_vel
 259              		.section	.bss.s1_set_vel,"aw",%nobits
 260              		.align	2
 263              	s1_set_vel:
 264 0000 00000000 		.space	4
 265              		.global	s1_set_cur
 266              		.section	.bss.s1_set_cur,"aw",%nobits
 267              		.align	2
 270              	s1_set_cur:
 271 0000 00000000 		.space	4
 272              		.global	servo2_debug_mode
 273              		.section	.bss.servo2_debug_mode,"aw",%nobits
 276              	servo2_debug_mode:
 277 0000 00       		.space	1
 278              		.global	servo1_debug_mode
 279              		.section	.bss.servo1_debug_mode,"aw",%nobits
 282              	servo1_debug_mode:
 283 0000 00       		.space	1
 284              		.text
 285              	.Letext0:
 286              		.file 3 "C:/Users/zhmis/AppData/Roaming/Code/User/globalStorage/bmd.stm32-for-vscode/@xpack-dev-to
 287              		.file 4 "C:/Users/zhmis/AppData/Roaming/Code/User/globalStorage/bmd.stm32-for-vscode/@xpack-dev-to
 288              		.file 5 "Drivers/STM32F1xx_HAL_Driver/Inc/stm32f1xx_hal_def.h"
ARM GAS  C:\Users\zhmis\AppData\Local\Temp\ccJ64dk5.s 			page 13


 289              		.file 6 "Drivers/STM32F1xx_HAL_Driver/Inc/stm32f1xx_hal_rcc.h"
 290              		.file 7 "Drivers/STM32F1xx_HAL_Driver/Inc/stm32f1xx_hal_rcc_ex.h"
 291              		.file 8 "Core/Inc/usart.h"
 292              		.file 9 "Core/Inc/adc.h"
 293              		.file 10 "Core/Inc/tim.h"
 294              		.file 11 "Core/Inc/dma.h"
 295              		.file 12 "Core/Inc/gpio.h"
 296              		.file 13 "Core/Inc/main_init.h"
 297              		.file 14 "Drivers/STM32F1xx_HAL_Driver/Inc/stm32f1xx_hal.h"
 298              		.file 15 "<built-in>"
ARM GAS  C:\Users\zhmis\AppData\Local\Temp\ccJ64dk5.s 			page 14


DEFINED SYMBOLS
                            *ABS*:00000000 main.c
C:\Users\zhmis\AppData\Local\Temp\ccJ64dk5.s:19     .text.Error_Handler:00000000 $t
C:\Users\zhmis\AppData\Local\Temp\ccJ64dk5.s:25     .text.Error_Handler:00000000 Error_Handler
C:\Users\zhmis\AppData\Local\Temp\ccJ64dk5.s:57     .text.SystemClock_Config:00000000 $t
C:\Users\zhmis\AppData\Local\Temp\ccJ64dk5.s:63     .text.SystemClock_Config:00000000 SystemClock_Config
C:\Users\zhmis\AppData\Local\Temp\ccJ64dk5.s:189    .text.main:00000000 $t
C:\Users\zhmis\AppData\Local\Temp\ccJ64dk5.s:195    .text.main:00000000 main
C:\Users\zhmis\AppData\Local\Temp\ccJ64dk5.s:249    .bss.s2_set_vel:00000000 s2_set_vel
C:\Users\zhmis\AppData\Local\Temp\ccJ64dk5.s:246    .bss.s2_set_vel:00000000 $d
C:\Users\zhmis\AppData\Local\Temp\ccJ64dk5.s:256    .bss.s2_set_cur:00000000 s2_set_cur
C:\Users\zhmis\AppData\Local\Temp\ccJ64dk5.s:253    .bss.s2_set_cur:00000000 $d
C:\Users\zhmis\AppData\Local\Temp\ccJ64dk5.s:263    .bss.s1_set_vel:00000000 s1_set_vel
C:\Users\zhmis\AppData\Local\Temp\ccJ64dk5.s:260    .bss.s1_set_vel:00000000 $d
C:\Users\zhmis\AppData\Local\Temp\ccJ64dk5.s:270    .bss.s1_set_cur:00000000 s1_set_cur
C:\Users\zhmis\AppData\Local\Temp\ccJ64dk5.s:267    .bss.s1_set_cur:00000000 $d
C:\Users\zhmis\AppData\Local\Temp\ccJ64dk5.s:276    .bss.servo2_debug_mode:00000000 servo2_debug_mode
C:\Users\zhmis\AppData\Local\Temp\ccJ64dk5.s:277    .bss.servo2_debug_mode:00000000 $d
C:\Users\zhmis\AppData\Local\Temp\ccJ64dk5.s:282    .bss.servo1_debug_mode:00000000 servo1_debug_mode
C:\Users\zhmis\AppData\Local\Temp\ccJ64dk5.s:283    .bss.servo1_debug_mode:00000000 $d

UNDEFINED SYMBOLS
memset
HAL_RCC_OscConfig
HAL_RCC_ClockConfig
HAL_RCCEx_PeriphCLKConfig
HAL_Init
MX_GPIO_Init
MX_DMA_Init
MX_TIM1_Init
MX_TIM2_Init
MX_TIM3_Init
MX_ADC1_Init
MX_USART3_UART_Init
init_mtr_ctrl
