ARM GAS  C:\Users\zhmis\AppData\Local\Temp\ccGFTlIc.s 			page 1


   1              		.cpu cortex-m3
   2              		.arch armv7-m
   3              		.fpu softvfp
   4              		.eabi_attribute 20, 1
   5              		.eabi_attribute 21, 1
   6              		.eabi_attribute 23, 3
   7              		.eabi_attribute 24, 1
   8              		.eabi_attribute 25, 1
   9              		.eabi_attribute 26, 1
  10              		.eabi_attribute 30, 1
  11              		.eabi_attribute 34, 1
  12              		.eabi_attribute 18, 4
  13              		.file	"potamon_bus_lowlvl_handle.c"
  14              		.text
  15              	.Ltext0:
  16              		.cfi_sections	.debug_frame
  17              		.file 1 "Core/Src/potamon_bus_lowlvl_handle.c"
  18              		.section	.text.pack_encoder_feedback,"ax",%progbits
  19              		.align	1
  20              		.global	pack_encoder_feedback
  21              		.syntax unified
  22              		.thumb
  23              		.thumb_func
  25              	pack_encoder_feedback:
  26              	.LVL0:
  27              	.LFB65:
   1:Core/Src/potamon_bus_lowlvl_handle.c **** #include "potamon_bus_lowlvl_handle.h"
   2:Core/Src/potamon_bus_lowlvl_handle.c **** 
   3:Core/Src/potamon_bus_lowlvl_handle.c **** // Buffer to dump packets not intended to use on this level of control
   4:Core/Src/potamon_bus_lowlvl_handle.c **** uint8_t uart_rx_dump_buffer[67];
   5:Core/Src/potamon_bus_lowlvl_handle.c **** 
   6:Core/Src/potamon_bus_lowlvl_handle.c **** // Struct to recieve SYNC packets
   7:Core/Src/potamon_bus_lowlvl_handle.c **** pack_sync_t packet_sync;
   8:Core/Src/potamon_bus_lowlvl_handle.c **** 
   9:Core/Src/potamon_bus_lowlvl_handle.c **** // Struct to recieve CTRL packets
  10:Core/Src/potamon_bus_lowlvl_handle.c **** pack_data_ctrl_servo_t data_ctrl_unchecked, data_ctrl;
  11:Core/Src/potamon_bus_lowlvl_handle.c **** 
  12:Core/Src/potamon_bus_lowlvl_handle.c **** // Struct to recieve n of trajectory chunks
  13:Core/Src/potamon_bus_lowlvl_handle.c **** pack_data_traj_n_t data_traj_n_unchecked, data_traj_n;
  14:Core/Src/potamon_bus_lowlvl_handle.c **** 
  15:Core/Src/potamon_bus_lowlvl_handle.c **** // Struct to pack feedback data
  16:Core/Src/potamon_bus_lowlvl_handle.c **** pack_data_encoder_t data_encoder;
  17:Core/Src/potamon_bus_lowlvl_handle.c **** pack_data_current_t data_current;
  18:Core/Src/potamon_bus_lowlvl_handle.c **** 
  19:Core/Src/potamon_bus_lowlvl_handle.c **** next_packet_t expected_packet; // Packet that is expected next
  20:Core/Src/potamon_bus_lowlvl_handle.c **** uint8_t chunk_counter;         // Counter of skipped chunks
  21:Core/Src/potamon_bus_lowlvl_handle.c **** 
  22:Core/Src/potamon_bus_lowlvl_handle.c **** // Counters for packets that failed crc check
  23:Core/Src/potamon_bus_lowlvl_handle.c **** uint32_t failed_sync_packets_count, failed_data_packets_count;
  24:Core/Src/potamon_bus_lowlvl_handle.c **** 
  25:Core/Src/potamon_bus_lowlvl_handle.c **** void pack_encoder_feedback(pack_data_encoder_t *packet) // Pack and crc encoder data
  26:Core/Src/potamon_bus_lowlvl_handle.c **** {
  28              		.loc 1 26 1 view -0
  29              		.cfi_startproc
  30              		@ args = 0, pretend = 0, frame = 0
  31              		@ frame_needed = 0, uses_anonymous_args = 0
  32              		.loc 1 26 1 is_stmt 0 view .LVU1
ARM GAS  C:\Users\zhmis\AppData\Local\Temp\ccGFTlIc.s 			page 2


  33 0000 70B5     		push	{r4, r5, r6, lr}
  34              		.cfi_def_cfa_offset 16
  35              		.cfi_offset 4, -16
  36              		.cfi_offset 5, -12
  37              		.cfi_offset 6, -8
  38              		.cfi_offset 14, -4
  39 0002 0446     		mov	r4, r0
  27:Core/Src/potamon_bus_lowlvl_handle.c ****     packet->angle_1 = encoder_getAngle_iq18(&servo1_g.encoder) >> 9;
  40              		.loc 1 27 5 is_stmt 1 view .LVU2
  41              		.loc 1 27 23 is_stmt 0 view .LVU3
  42 0004 114E     		ldr	r6, .L3
  43 0006 3046     		mov	r0, r6
  44              	.LVL1:
  45              		.loc 1 27 23 view .LVU4
  46 0008 FFF7FEFF 		bl	encoder_getAngle_iq18
  47              	.LVL2:
  48              		.loc 1 27 64 discriminator 1 view .LVU5
  49 000c 4012     		asrs	r0, r0, #9
  50              		.loc 1 27 21 discriminator 1 view .LVU6
  51 000e C4F80100 		str	r0, [r4, #1]	@ unaligned
  28:Core/Src/potamon_bus_lowlvl_handle.c ****     packet->angle_1 = encoder_getAngle_iq18(&servo2_g.encoder) >> 9;
  52              		.loc 1 28 5 is_stmt 1 view .LVU7
  53              		.loc 1 28 23 is_stmt 0 view .LVU8
  54 0012 0F4D     		ldr	r5, .L3+4
  55 0014 2846     		mov	r0, r5
  56 0016 FFF7FEFF 		bl	encoder_getAngle_iq18
  57              	.LVL3:
  58              		.loc 1 28 64 discriminator 1 view .LVU9
  59 001a 4012     		asrs	r0, r0, #9
  60              		.loc 1 28 21 discriminator 1 view .LVU10
  61 001c C4F80100 		str	r0, [r4, #1]	@ unaligned
  29:Core/Src/potamon_bus_lowlvl_handle.c ****     packet->velocity_1 = (int16_t)(encoder_getVelocity_iq18(&servo1_g.encoder) >> 9);
  62              		.loc 1 29 5 is_stmt 1 view .LVU11
  63              		.loc 1 29 36 is_stmt 0 view .LVU12
  64 0020 3046     		mov	r0, r6
  65 0022 FFF7FEFF 		bl	encoder_getVelocity_iq18
  66              	.LVL4:
  67              		.loc 1 29 26 discriminator 1 view .LVU13
  68 0026 40F34F20 		sbfx	r0, r0, #9, #16
  69              		.loc 1 29 24 discriminator 1 view .LVU14
  70 002a A4F80500 		strh	r0, [r4, #5]	@ unaligned
  30:Core/Src/potamon_bus_lowlvl_handle.c ****     packet->velocity_2 = (int16_t)(encoder_getVelocity_iq18(&servo2_g.encoder) >> 9);
  71              		.loc 1 30 5 is_stmt 1 view .LVU15
  72              		.loc 1 30 36 is_stmt 0 view .LVU16
  73 002e 2846     		mov	r0, r5
  74 0030 FFF7FEFF 		bl	encoder_getVelocity_iq18
  75              	.LVL5:
  76              		.loc 1 30 26 discriminator 1 view .LVU17
  77 0034 40F34F20 		sbfx	r0, r0, #9, #16
  78              		.loc 1 30 24 discriminator 1 view .LVU18
  79 0038 A4F80B00 		strh	r0, [r4, #11]	@ unaligned
  31:Core/Src/potamon_bus_lowlvl_handle.c ****     packet->crc16 = crc16_ccitt((uint8_t*)packet, S_DATA_ENC_S1-2);
  80              		.loc 1 31 5 is_stmt 1 view .LVU19
  81              		.loc 1 31 21 is_stmt 0 view .LVU20
  82 003c 0D21     		movs	r1, #13
  83 003e 2046     		mov	r0, r4
  84 0040 FFF7FEFF 		bl	crc16_ccitt
ARM GAS  C:\Users\zhmis\AppData\Local\Temp\ccGFTlIc.s 			page 3


  85              	.LVL6:
  86              		.loc 1 31 19 discriminator 1 view .LVU21
  87 0044 A4F80D00 		strh	r0, [r4, #13]	@ unaligned
  32:Core/Src/potamon_bus_lowlvl_handle.c **** }
  88              		.loc 1 32 1 view .LVU22
  89 0048 70BD     		pop	{r4, r5, r6, pc}
  90              	.LVL7:
  91              	.L4:
  92              		.loc 1 32 1 view .LVU23
  93 004a 00BF     		.align	2
  94              	.L3:
  95 004c 00000000 		.word	servo1_g
  96 0050 00000000 		.word	servo2_g
  97              		.cfi_endproc
  98              	.LFE65:
 100              		.section	.text.pack_current_feedback,"ax",%progbits
 101              		.align	1
 102              		.global	pack_current_feedback
 103              		.syntax unified
 104              		.thumb
 105              		.thumb_func
 107              	pack_current_feedback:
 108              	.LVL8:
 109              	.LFB66:
  33:Core/Src/potamon_bus_lowlvl_handle.c **** 
  34:Core/Src/potamon_bus_lowlvl_handle.c **** void pack_current_feedback(pack_data_current_t *packet) // Pack and crc encoder data
  35:Core/Src/potamon_bus_lowlvl_handle.c **** {
 110              		.loc 1 35 1 is_stmt 1 view -0
 111              		.cfi_startproc
 112              		@ args = 0, pretend = 0, frame = 0
 113              		@ frame_needed = 0, uses_anonymous_args = 0
 114              		.loc 1 35 1 is_stmt 0 view .LVU25
 115 0000 10B5     		push	{r4, lr}
 116              		.cfi_def_cfa_offset 8
 117              		.cfi_offset 4, -8
 118              		.cfi_offset 14, -4
 119 0002 0446     		mov	r4, r0
  36:Core/Src/potamon_bus_lowlvl_handle.c ****     packet->current1 = (int16_t)(current[0] >> 9);
 120              		.loc 1 36 5 is_stmt 1 view .LVU26
 121              		.loc 1 36 41 is_stmt 0 view .LVU27
 122 0004 084A     		ldr	r2, .L7
 123 0006 1368     		ldr	r3, [r2]
 124              		.loc 1 36 24 view .LVU28
 125 0008 43F34F23 		sbfx	r3, r3, #9, #16
 126              		.loc 1 36 22 view .LVU29
 127 000c A0F80130 		strh	r3, [r0, #1]	@ unaligned
  37:Core/Src/potamon_bus_lowlvl_handle.c ****     packet->current2 = (int16_t)(current[1] >> 9);
 128              		.loc 1 37 5 is_stmt 1 view .LVU30
 129              		.loc 1 37 41 is_stmt 0 view .LVU31
 130 0010 5368     		ldr	r3, [r2, #4]
 131              		.loc 1 37 24 view .LVU32
 132 0012 43F34F23 		sbfx	r3, r3, #9, #16
 133              		.loc 1 37 22 view .LVU33
 134 0016 A0F80330 		strh	r3, [r0, #3]	@ unaligned
  38:Core/Src/potamon_bus_lowlvl_handle.c ****     packet->crc16 = crc16_ccitt((uint8_t*)packet, S_DATA_CUR_S1-2);
 135              		.loc 1 38 5 is_stmt 1 view .LVU34
 136              		.loc 1 38 21 is_stmt 0 view .LVU35
ARM GAS  C:\Users\zhmis\AppData\Local\Temp\ccGFTlIc.s 			page 4


 137 001a 0521     		movs	r1, #5
 138 001c FFF7FEFF 		bl	crc16_ccitt
 139              	.LVL9:
 140              		.loc 1 38 19 discriminator 1 view .LVU36
 141 0020 A4F80500 		strh	r0, [r4, #5]	@ unaligned
  39:Core/Src/potamon_bus_lowlvl_handle.c **** }
 142              		.loc 1 39 1 view .LVU37
 143 0024 10BD     		pop	{r4, pc}
 144              	.LVL10:
 145              	.L8:
 146              		.loc 1 39 1 view .LVU38
 147 0026 00BF     		.align	2
 148              	.L7:
 149 0028 00000000 		.word	current
 150              		.cfi_endproc
 151              	.LFE66:
 153              		.section	.text.sync_packet_handler,"ax",%progbits
 154              		.align	1
 155              		.global	sync_packet_handler
 156              		.syntax unified
 157              		.thumb
 158              		.thumb_func
 160              	sync_packet_handler:
 161              	.LVL11:
 162              	.LFB67:
  40:Core/Src/potamon_bus_lowlvl_handle.c **** 
  41:Core/Src/potamon_bus_lowlvl_handle.c **** void sync_packet_handler(pack_sync_t *packet)
  42:Core/Src/potamon_bus_lowlvl_handle.c **** {
 163              		.loc 1 42 1 is_stmt 1 view -0
 164              		.cfi_startproc
 165              		@ args = 0, pretend = 0, frame = 0
 166              		@ frame_needed = 0, uses_anonymous_args = 0
 167              		.loc 1 42 1 is_stmt 0 view .LVU40
 168 0000 10B5     		push	{r4, lr}
 169              		.cfi_def_cfa_offset 8
 170              		.cfi_offset 4, -8
 171              		.cfi_offset 14, -4
  43:Core/Src/potamon_bus_lowlvl_handle.c ****     switch (packet->ID)
 172              		.loc 1 43 5 is_stmt 1 view .LVU41
 173              		.loc 1 43 19 is_stmt 0 view .LVU42
 174 0002 0378     		ldrb	r3, [r0]	@ zero_extendqisi2
 175              		.loc 1 43 5 view .LVU43
 176 0004 102B     		cmp	r3, #16
 177 0006 14D8     		bhi	.L9
 178 0008 DFE803F0 		tbb	[pc, r3]
 179              	.L12:
 180 000c 09       		.byte	(.L26-.L12)/2
 181 000d 14       		.byte	(.L25-.L12)/2
 182 000e 20       		.byte	(.L24-.L12)/2
 183 000f 2C       		.byte	(.L23-.L12)/2
 184 0010 13       		.byte	(.L9-.L12)/2
 185 0011 13       		.byte	(.L9-.L12)/2
 186 0012 38       		.byte	(.L22-.L12)/2
 187 0013 41       		.byte	(.L21-.L12)/2
 188 0014 4A       		.byte	(.L20-.L12)/2
 189 0015 53       		.byte	(.L19-.L12)/2
 190 0016 65       		.byte	(.L18-.L12)/2
ARM GAS  C:\Users\zhmis\AppData\Local\Temp\ccGFTlIc.s 			page 5


 191 0017 6E       		.byte	(.L17-.L12)/2
 192 0018 80       		.byte	(.L16-.L12)/2
 193 0019 88       		.byte	(.L15-.L12)/2
 194 001a 91       		.byte	(.L14-.L12)/2
 195 001b 9A       		.byte	(.L13-.L12)/2
 196 001c A3       		.byte	(.L11-.L12)/2
 197 001d 00       		.p2align 1
 198              	.L26:
  44:Core/Src/potamon_bus_lowlvl_handle.c ****     {
  45:Core/Src/potamon_bus_lowlvl_handle.c ****     case 0x00: // STATE_STBY
  46:Core/Src/potamon_bus_lowlvl_handle.c ****         system_enabled = 0;
 199              		.loc 1 46 9 is_stmt 1 view .LVU44
 200              		.loc 1 46 24 is_stmt 0 view .LVU45
 201 001e 0023     		movs	r3, #0
 202 0020 4E4A     		ldr	r2, .L29
 203 0022 1370     		strb	r3, [r2]
  47:Core/Src/potamon_bus_lowlvl_handle.c ****         expected_packet = SYNC;
 204              		.loc 1 47 9 is_stmt 1 view .LVU46
 205              		.loc 1 47 25 is_stmt 0 view .LVU47
 206 0024 4E4A     		ldr	r2, .L29+4
 207 0026 1370     		strb	r3, [r2]
  48:Core/Src/potamon_bus_lowlvl_handle.c ****         HAL_UART_Receive_DMA(&huart3, (uint8_t *)&packet_sync, S_SYNC);
 208              		.loc 1 48 9 is_stmt 1 view .LVU48
 209 0028 0222     		movs	r2, #2
 210 002a 4E49     		ldr	r1, .L29+8
 211 002c 4E48     		ldr	r0, .L29+12
 212              	.LVL12:
 213              		.loc 1 48 9 is_stmt 0 view .LVU49
 214 002e FFF7FEFF 		bl	HAL_UART_Receive_DMA
 215              	.LVL13:
  49:Core/Src/potamon_bus_lowlvl_handle.c ****         break;
 216              		.loc 1 49 9 is_stmt 1 view .LVU50
 217              	.L9:
  50:Core/Src/potamon_bus_lowlvl_handle.c ****     case 0x01: // STATE_VEL_CTRL
  51:Core/Src/potamon_bus_lowlvl_handle.c ****         system_enabled = 1;
  52:Core/Src/potamon_bus_lowlvl_handle.c ****         expected_packet = SYNC;
  53:Core/Src/potamon_bus_lowlvl_handle.c ****         HAL_UART_Receive_DMA(&huart3, (uint8_t *)&packet_sync, S_SYNC);
  54:Core/Src/potamon_bus_lowlvl_handle.c ****         break;
  55:Core/Src/potamon_bus_lowlvl_handle.c ****     case 0x02: // STATE_POS_CTRL
  56:Core/Src/potamon_bus_lowlvl_handle.c ****         system_enabled = 1;
  57:Core/Src/potamon_bus_lowlvl_handle.c ****         expected_packet = SYNC;
  58:Core/Src/potamon_bus_lowlvl_handle.c ****         HAL_UART_Receive_DMA(&huart3, (uint8_t *)&packet_sync, S_SYNC);
  59:Core/Src/potamon_bus_lowlvl_handle.c ****         break;
  60:Core/Src/potamon_bus_lowlvl_handle.c ****     case 0x03: // STATE_IND_WH_CTRL
  61:Core/Src/potamon_bus_lowlvl_handle.c ****         system_enabled = 1;
  62:Core/Src/potamon_bus_lowlvl_handle.c ****         expected_packet = SYNC;
  63:Core/Src/potamon_bus_lowlvl_handle.c ****         HAL_UART_Receive_DMA(&huart3, (uint8_t *)&packet_sync, S_SYNC);
  64:Core/Src/potamon_bus_lowlvl_handle.c ****         break;
  65:Core/Src/potamon_bus_lowlvl_handle.c ****     case 0x06: // SYNC_CTRL_S1
  66:Core/Src/potamon_bus_lowlvl_handle.c ****         expected_packet = DATA_CTRL_S1;
  67:Core/Src/potamon_bus_lowlvl_handle.c ****         if (S_NUM == 1)
  68:Core/Src/potamon_bus_lowlvl_handle.c ****         {
  69:Core/Src/potamon_bus_lowlvl_handle.c ****             HAL_UART_Receive_DMA(&huart3, (uint8_t *)&data_ctrl_unchecked, S_DATA_CTRL_S1);
  70:Core/Src/potamon_bus_lowlvl_handle.c ****         }
  71:Core/Src/potamon_bus_lowlvl_handle.c ****         else
  72:Core/Src/potamon_bus_lowlvl_handle.c ****         {
  73:Core/Src/potamon_bus_lowlvl_handle.c ****             HAL_UART_Receive_DMA(&huart3, uart_rx_dump_buffer, S_DATA_CTRL_S1);
ARM GAS  C:\Users\zhmis\AppData\Local\Temp\ccGFTlIc.s 			page 6


  74:Core/Src/potamon_bus_lowlvl_handle.c ****         }
  75:Core/Src/potamon_bus_lowlvl_handle.c ****         break;
  76:Core/Src/potamon_bus_lowlvl_handle.c ****     case 0x07: // SYNC_CTRL_S2
  77:Core/Src/potamon_bus_lowlvl_handle.c ****         expected_packet = DATA_CTRL_S2;
  78:Core/Src/potamon_bus_lowlvl_handle.c ****         if (S_NUM == 2)
  79:Core/Src/potamon_bus_lowlvl_handle.c ****         {
  80:Core/Src/potamon_bus_lowlvl_handle.c ****             HAL_UART_Receive_DMA(&huart3, (uint8_t *)&data_ctrl_unchecked, S_DATA_CTRL_S2);
  81:Core/Src/potamon_bus_lowlvl_handle.c ****         }
  82:Core/Src/potamon_bus_lowlvl_handle.c ****         else
  83:Core/Src/potamon_bus_lowlvl_handle.c ****         {
  84:Core/Src/potamon_bus_lowlvl_handle.c ****             HAL_UART_Receive_DMA(&huart3, uart_rx_dump_buffer, S_DATA_CTRL_S2);
  85:Core/Src/potamon_bus_lowlvl_handle.c ****         }
  86:Core/Src/potamon_bus_lowlvl_handle.c ****         break;
  87:Core/Src/potamon_bus_lowlvl_handle.c ****     case 0x08: // SYNC_VEL_VEC_TASK
  88:Core/Src/potamon_bus_lowlvl_handle.c ****         expected_packet = DATA_VEL_VEC_TASK;
  89:Core/Src/potamon_bus_lowlvl_handle.c ****         HAL_UART_Receive_DMA(&huart3, uart_rx_dump_buffer, S_DATA_VEL_VEC_TASK);
  90:Core/Src/potamon_bus_lowlvl_handle.c ****         break;
  91:Core/Src/potamon_bus_lowlvl_handle.c ****     case 0x09: // SYNC_ENC_S1
  92:Core/Src/potamon_bus_lowlvl_handle.c ****         expected_packet = DATA_ENC_S1;
  93:Core/Src/potamon_bus_lowlvl_handle.c ****         if (S_NUM == 1)
  94:Core/Src/potamon_bus_lowlvl_handle.c ****         {
  95:Core/Src/potamon_bus_lowlvl_handle.c ****             pack_encoder_feedback(&data_encoder);
  96:Core/Src/potamon_bus_lowlvl_handle.c ****             TXON; // Turn on transmission on Transceiver
  97:Core/Src/potamon_bus_lowlvl_handle.c ****             // TODO: When to pack and crc that stuff
  98:Core/Src/potamon_bus_lowlvl_handle.c ****             HAL_UART_Transmit_DMA(&huart3, (uint8_t*)&data_encoder, S_DATA_ENC_S1);
  99:Core/Src/potamon_bus_lowlvl_handle.c ****         }
 100:Core/Src/potamon_bus_lowlvl_handle.c ****         else
 101:Core/Src/potamon_bus_lowlvl_handle.c ****         {
 102:Core/Src/potamon_bus_lowlvl_handle.c ****             HAL_UART_Receive_DMA(&huart3, uart_rx_dump_buffer, S_DATA_ENC_S1);
 103:Core/Src/potamon_bus_lowlvl_handle.c ****         }
 104:Core/Src/potamon_bus_lowlvl_handle.c ****         break;
 105:Core/Src/potamon_bus_lowlvl_handle.c ****     case 0x0A: // SYNC_ENC_S2
 106:Core/Src/potamon_bus_lowlvl_handle.c ****         expected_packet = DATA_ENC_S2;
 107:Core/Src/potamon_bus_lowlvl_handle.c ****         if (S_NUM == 2)
 108:Core/Src/potamon_bus_lowlvl_handle.c ****         {
 109:Core/Src/potamon_bus_lowlvl_handle.c ****             pack_encoder_feedback(&data_encoder);
 110:Core/Src/potamon_bus_lowlvl_handle.c ****             TXON; // Turn on transmission on Transceiver
 111:Core/Src/potamon_bus_lowlvl_handle.c ****             HAL_UART_Transmit_DMA(&huart3, (uint8_t*)&data_encoder, S_DATA_ENC_S2);
 112:Core/Src/potamon_bus_lowlvl_handle.c ****         }
 113:Core/Src/potamon_bus_lowlvl_handle.c ****         else
 114:Core/Src/potamon_bus_lowlvl_handle.c ****         {
 115:Core/Src/potamon_bus_lowlvl_handle.c ****             HAL_UART_Receive_DMA(&huart3, uart_rx_dump_buffer, S_DATA_ENC_S2);
 116:Core/Src/potamon_bus_lowlvl_handle.c ****         }
 117:Core/Src/potamon_bus_lowlvl_handle.c ****         break;
 118:Core/Src/potamon_bus_lowlvl_handle.c ****     case 0x0B: // SYNC_CUR_S1
 119:Core/Src/potamon_bus_lowlvl_handle.c ****         expected_packet = DATA_CUR_S1;
 120:Core/Src/potamon_bus_lowlvl_handle.c ****         if (S_NUM == 1)
 121:Core/Src/potamon_bus_lowlvl_handle.c ****         {
 122:Core/Src/potamon_bus_lowlvl_handle.c ****             pack_current_feedback(&data_current);
 123:Core/Src/potamon_bus_lowlvl_handle.c ****             TXON; // Turn on transmission on Transceiver
 124:Core/Src/potamon_bus_lowlvl_handle.c ****             HAL_UART_Transmit_DMA(&huart3, (uint8_t *)&data_current, S_DATA_CUR_S1);
 125:Core/Src/potamon_bus_lowlvl_handle.c ****         }
 126:Core/Src/potamon_bus_lowlvl_handle.c ****         else
 127:Core/Src/potamon_bus_lowlvl_handle.c ****         {
 128:Core/Src/potamon_bus_lowlvl_handle.c ****             HAL_UART_Receive_DMA(&huart3, uart_rx_dump_buffer, S_DATA_CUR_S1);
 129:Core/Src/potamon_bus_lowlvl_handle.c ****         }
 130:Core/Src/potamon_bus_lowlvl_handle.c ****         break;
ARM GAS  C:\Users\zhmis\AppData\Local\Temp\ccGFTlIc.s 			page 7


 131:Core/Src/potamon_bus_lowlvl_handle.c ****     case 0x0C: // SYNC_CUR_S2
 132:Core/Src/potamon_bus_lowlvl_handle.c ****         expected_packet = DATA_CUR_S2;
 133:Core/Src/potamon_bus_lowlvl_handle.c ****         if (S_NUM == 2)
 134:Core/Src/potamon_bus_lowlvl_handle.c ****         {
 135:Core/Src/potamon_bus_lowlvl_handle.c ****             pack_current_feedback(&data_current);
 136:Core/Src/potamon_bus_lowlvl_handle.c ****             TXON; // Turn on transmission on Transceiver
 137:Core/Src/potamon_bus_lowlvl_handle.c ****             HAL_UART_Transmit_DMA(&huart3, (uint8_t *)&data_current, S_DATA_CUR_S2);
 138:Core/Src/potamon_bus_lowlvl_handle.c ****         }
 139:Core/Src/potamon_bus_lowlvl_handle.c ****         else
 140:Core/Src/potamon_bus_lowlvl_handle.c ****         {
 141:Core/Src/potamon_bus_lowlvl_handle.c ****             HAL_UART_Receive_DMA(&huart3, uart_rx_dump_buffer, S_DATA_CUR_S2);
 142:Core/Src/potamon_bus_lowlvl_handle.c ****         }
 143:Core/Src/potamon_bus_lowlvl_handle.c ****         break;
 144:Core/Src/potamon_bus_lowlvl_handle.c ****     case 0x0D: // SYNC_ODO
 145:Core/Src/potamon_bus_lowlvl_handle.c ****         expected_packet = DATA_ODO;
 146:Core/Src/potamon_bus_lowlvl_handle.c ****         HAL_UART_Receive_DMA(&huart3, uart_rx_dump_buffer, S_DATA_ODO);
 147:Core/Src/potamon_bus_lowlvl_handle.c ****         break;
 148:Core/Src/potamon_bus_lowlvl_handle.c ****     case 0x0E: // SYNC_IMU
 149:Core/Src/potamon_bus_lowlvl_handle.c ****         expected_packet = DATA_IMU;
 150:Core/Src/potamon_bus_lowlvl_handle.c ****         HAL_UART_Receive_DMA(&huart3, uart_rx_dump_buffer, S_DATA_IMU);
 151:Core/Src/potamon_bus_lowlvl_handle.c ****         break;
 152:Core/Src/potamon_bus_lowlvl_handle.c ****     case 0x0F: // SYNC_TRAJ_N
 153:Core/Src/potamon_bus_lowlvl_handle.c ****         expected_packet = DATA_TRAJ_N;
 154:Core/Src/potamon_bus_lowlvl_handle.c ****         HAL_UART_Receive_DMA(&huart3, (uint8_t *)&data_traj_n_unchecked, S_DATA_IMU);
 155:Core/Src/potamon_bus_lowlvl_handle.c ****         break;
 156:Core/Src/potamon_bus_lowlvl_handle.c ****     case 0x10: // SYNC_RESET_ODO
 157:Core/Src/potamon_bus_lowlvl_handle.c ****         expected_packet = SYNC;
 158:Core/Src/potamon_bus_lowlvl_handle.c ****         break;
 159:Core/Src/potamon_bus_lowlvl_handle.c ****     default:
 160:Core/Src/potamon_bus_lowlvl_handle.c ****         break;
 161:Core/Src/potamon_bus_lowlvl_handle.c ****     }
 162:Core/Src/potamon_bus_lowlvl_handle.c **** }
 218              		.loc 1 162 1 is_stmt 0 view .LVU51
 219 0032 10BD     		pop	{r4, pc}
 220              	.LVL14:
 221              	.L25:
  51:Core/Src/potamon_bus_lowlvl_handle.c ****         expected_packet = SYNC;
 222              		.loc 1 51 9 is_stmt 1 view .LVU52
  51:Core/Src/potamon_bus_lowlvl_handle.c ****         expected_packet = SYNC;
 223              		.loc 1 51 24 is_stmt 0 view .LVU53
 224 0034 494B     		ldr	r3, .L29
 225 0036 0122     		movs	r2, #1
 226 0038 1A70     		strb	r2, [r3]
  52:Core/Src/potamon_bus_lowlvl_handle.c ****         HAL_UART_Receive_DMA(&huart3, (uint8_t *)&packet_sync, S_SYNC);
 227              		.loc 1 52 9 is_stmt 1 view .LVU54
  52:Core/Src/potamon_bus_lowlvl_handle.c ****         HAL_UART_Receive_DMA(&huart3, (uint8_t *)&packet_sync, S_SYNC);
 228              		.loc 1 52 25 is_stmt 0 view .LVU55
 229 003a 494B     		ldr	r3, .L29+4
 230 003c 0022     		movs	r2, #0
 231 003e 1A70     		strb	r2, [r3]
  53:Core/Src/potamon_bus_lowlvl_handle.c ****         break;
 232              		.loc 1 53 9 is_stmt 1 view .LVU56
 233 0040 0222     		movs	r2, #2
 234 0042 4849     		ldr	r1, .L29+8
 235 0044 4848     		ldr	r0, .L29+12
 236              	.LVL15:
  53:Core/Src/potamon_bus_lowlvl_handle.c ****         break;
ARM GAS  C:\Users\zhmis\AppData\Local\Temp\ccGFTlIc.s 			page 8


 237              		.loc 1 53 9 is_stmt 0 view .LVU57
 238 0046 FFF7FEFF 		bl	HAL_UART_Receive_DMA
 239              	.LVL16:
  54:Core/Src/potamon_bus_lowlvl_handle.c ****     case 0x02: // STATE_POS_CTRL
 240              		.loc 1 54 9 is_stmt 1 view .LVU58
 241 004a F2E7     		b	.L9
 242              	.LVL17:
 243              	.L24:
  56:Core/Src/potamon_bus_lowlvl_handle.c ****         expected_packet = SYNC;
 244              		.loc 1 56 9 view .LVU59
  56:Core/Src/potamon_bus_lowlvl_handle.c ****         expected_packet = SYNC;
 245              		.loc 1 56 24 is_stmt 0 view .LVU60
 246 004c 434B     		ldr	r3, .L29
 247 004e 0122     		movs	r2, #1
 248 0050 1A70     		strb	r2, [r3]
  57:Core/Src/potamon_bus_lowlvl_handle.c ****         HAL_UART_Receive_DMA(&huart3, (uint8_t *)&packet_sync, S_SYNC);
 249              		.loc 1 57 9 is_stmt 1 view .LVU61
  57:Core/Src/potamon_bus_lowlvl_handle.c ****         HAL_UART_Receive_DMA(&huart3, (uint8_t *)&packet_sync, S_SYNC);
 250              		.loc 1 57 25 is_stmt 0 view .LVU62
 251 0052 434B     		ldr	r3, .L29+4
 252 0054 0022     		movs	r2, #0
 253 0056 1A70     		strb	r2, [r3]
  58:Core/Src/potamon_bus_lowlvl_handle.c ****         break;
 254              		.loc 1 58 9 is_stmt 1 view .LVU63
 255 0058 0222     		movs	r2, #2
 256 005a 4249     		ldr	r1, .L29+8
 257 005c 4248     		ldr	r0, .L29+12
 258              	.LVL18:
  58:Core/Src/potamon_bus_lowlvl_handle.c ****         break;
 259              		.loc 1 58 9 is_stmt 0 view .LVU64
 260 005e FFF7FEFF 		bl	HAL_UART_Receive_DMA
 261              	.LVL19:
  59:Core/Src/potamon_bus_lowlvl_handle.c ****     case 0x03: // STATE_IND_WH_CTRL
 262              		.loc 1 59 9 is_stmt 1 view .LVU65
 263 0062 E6E7     		b	.L9
 264              	.LVL20:
 265              	.L23:
  61:Core/Src/potamon_bus_lowlvl_handle.c ****         expected_packet = SYNC;
 266              		.loc 1 61 9 view .LVU66
  61:Core/Src/potamon_bus_lowlvl_handle.c ****         expected_packet = SYNC;
 267              		.loc 1 61 24 is_stmt 0 view .LVU67
 268 0064 3D4B     		ldr	r3, .L29
 269 0066 0122     		movs	r2, #1
 270 0068 1A70     		strb	r2, [r3]
  62:Core/Src/potamon_bus_lowlvl_handle.c ****         HAL_UART_Receive_DMA(&huart3, (uint8_t *)&packet_sync, S_SYNC);
 271              		.loc 1 62 9 is_stmt 1 view .LVU68
  62:Core/Src/potamon_bus_lowlvl_handle.c ****         HAL_UART_Receive_DMA(&huart3, (uint8_t *)&packet_sync, S_SYNC);
 272              		.loc 1 62 25 is_stmt 0 view .LVU69
 273 006a 3D4B     		ldr	r3, .L29+4
 274 006c 0022     		movs	r2, #0
 275 006e 1A70     		strb	r2, [r3]
  63:Core/Src/potamon_bus_lowlvl_handle.c ****         break;
 276              		.loc 1 63 9 is_stmt 1 view .LVU70
 277 0070 0222     		movs	r2, #2
 278 0072 3C49     		ldr	r1, .L29+8
 279 0074 3C48     		ldr	r0, .L29+12
 280              	.LVL21:
ARM GAS  C:\Users\zhmis\AppData\Local\Temp\ccGFTlIc.s 			page 9


  63:Core/Src/potamon_bus_lowlvl_handle.c ****         break;
 281              		.loc 1 63 9 is_stmt 0 view .LVU71
 282 0076 FFF7FEFF 		bl	HAL_UART_Receive_DMA
 283              	.LVL22:
  64:Core/Src/potamon_bus_lowlvl_handle.c ****     case 0x06: // SYNC_CTRL_S1
 284              		.loc 1 64 9 is_stmt 1 view .LVU72
 285 007a DAE7     		b	.L9
 286              	.LVL23:
 287              	.L22:
  66:Core/Src/potamon_bus_lowlvl_handle.c ****         if (S_NUM == 1)
 288              		.loc 1 66 9 view .LVU73
  66:Core/Src/potamon_bus_lowlvl_handle.c ****         if (S_NUM == 1)
 289              		.loc 1 66 25 is_stmt 0 view .LVU74
 290 007c 384B     		ldr	r3, .L29+4
 291 007e 0122     		movs	r2, #1
 292 0080 1A70     		strb	r2, [r3]
  67:Core/Src/potamon_bus_lowlvl_handle.c ****         {
 293              		.loc 1 67 9 is_stmt 1 view .LVU75
  69:Core/Src/potamon_bus_lowlvl_handle.c ****         }
 294              		.loc 1 69 13 view .LVU76
 295 0082 1022     		movs	r2, #16
 296 0084 3949     		ldr	r1, .L29+16
 297 0086 3848     		ldr	r0, .L29+12
 298              	.LVL24:
  69:Core/Src/potamon_bus_lowlvl_handle.c ****         }
 299              		.loc 1 69 13 is_stmt 0 view .LVU77
 300 0088 FFF7FEFF 		bl	HAL_UART_Receive_DMA
 301              	.LVL25:
  75:Core/Src/potamon_bus_lowlvl_handle.c ****     case 0x07: // SYNC_CTRL_S2
 302              		.loc 1 75 9 is_stmt 1 view .LVU78
 303 008c D1E7     		b	.L9
 304              	.LVL26:
 305              	.L21:
  77:Core/Src/potamon_bus_lowlvl_handle.c ****         if (S_NUM == 2)
 306              		.loc 1 77 9 view .LVU79
  77:Core/Src/potamon_bus_lowlvl_handle.c ****         if (S_NUM == 2)
 307              		.loc 1 77 25 is_stmt 0 view .LVU80
 308 008e 344B     		ldr	r3, .L29+4
 309 0090 0222     		movs	r2, #2
 310 0092 1A70     		strb	r2, [r3]
  78:Core/Src/potamon_bus_lowlvl_handle.c ****         {
 311              		.loc 1 78 9 is_stmt 1 view .LVU81
  84:Core/Src/potamon_bus_lowlvl_handle.c ****         }
 312              		.loc 1 84 13 view .LVU82
 313 0094 1022     		movs	r2, #16
 314 0096 3649     		ldr	r1, .L29+20
 315 0098 3348     		ldr	r0, .L29+12
 316              	.LVL27:
  84:Core/Src/potamon_bus_lowlvl_handle.c ****         }
 317              		.loc 1 84 13 is_stmt 0 view .LVU83
 318 009a FFF7FEFF 		bl	HAL_UART_Receive_DMA
 319              	.LVL28:
  86:Core/Src/potamon_bus_lowlvl_handle.c ****     case 0x08: // SYNC_VEL_VEC_TASK
 320              		.loc 1 86 9 is_stmt 1 view .LVU84
 321 009e C8E7     		b	.L9
 322              	.LVL29:
 323              	.L20:
ARM GAS  C:\Users\zhmis\AppData\Local\Temp\ccGFTlIc.s 			page 10


  88:Core/Src/potamon_bus_lowlvl_handle.c ****         HAL_UART_Receive_DMA(&huart3, uart_rx_dump_buffer, S_DATA_VEL_VEC_TASK);
 324              		.loc 1 88 9 view .LVU85
  88:Core/Src/potamon_bus_lowlvl_handle.c ****         HAL_UART_Receive_DMA(&huart3, uart_rx_dump_buffer, S_DATA_VEL_VEC_TASK);
 325              		.loc 1 88 25 is_stmt 0 view .LVU86
 326 00a0 2F4B     		ldr	r3, .L29+4
 327 00a2 0322     		movs	r2, #3
 328 00a4 1A70     		strb	r2, [r3]
  89:Core/Src/potamon_bus_lowlvl_handle.c ****         break;
 329              		.loc 1 89 9 is_stmt 1 view .LVU87
 330 00a6 0922     		movs	r2, #9
 331 00a8 3149     		ldr	r1, .L29+20
 332 00aa 2F48     		ldr	r0, .L29+12
 333              	.LVL30:
  89:Core/Src/potamon_bus_lowlvl_handle.c ****         break;
 334              		.loc 1 89 9 is_stmt 0 view .LVU88
 335 00ac FFF7FEFF 		bl	HAL_UART_Receive_DMA
 336              	.LVL31:
  90:Core/Src/potamon_bus_lowlvl_handle.c ****     case 0x09: // SYNC_ENC_S1
 337              		.loc 1 90 9 is_stmt 1 view .LVU89
 338 00b0 BFE7     		b	.L9
 339              	.LVL32:
 340              	.L19:
  92:Core/Src/potamon_bus_lowlvl_handle.c ****         if (S_NUM == 1)
 341              		.loc 1 92 9 view .LVU90
  92:Core/Src/potamon_bus_lowlvl_handle.c ****         if (S_NUM == 1)
 342              		.loc 1 92 25 is_stmt 0 view .LVU91
 343 00b2 2B4B     		ldr	r3, .L29+4
 344 00b4 0422     		movs	r2, #4
 345 00b6 1A70     		strb	r2, [r3]
  93:Core/Src/potamon_bus_lowlvl_handle.c ****         {
 346              		.loc 1 93 9 is_stmt 1 view .LVU92
  95:Core/Src/potamon_bus_lowlvl_handle.c ****             TXON; // Turn on transmission on Transceiver
 347              		.loc 1 95 13 view .LVU93
 348 00b8 2E4C     		ldr	r4, .L29+24
 349 00ba 2046     		mov	r0, r4
 350              	.LVL33:
  95:Core/Src/potamon_bus_lowlvl_handle.c ****             TXON; // Turn on transmission on Transceiver
 351              		.loc 1 95 13 is_stmt 0 view .LVU94
 352 00bc FFF7FEFF 		bl	pack_encoder_feedback
 353              	.LVL34:
  96:Core/Src/potamon_bus_lowlvl_handle.c ****             // TODO: When to pack and crc that stuff
 354              		.loc 1 96 13 is_stmt 1 view .LVU95
 355 00c0 0122     		movs	r2, #1
 356 00c2 0221     		movs	r1, #2
 357 00c4 2C48     		ldr	r0, .L29+28
 358 00c6 FFF7FEFF 		bl	HAL_GPIO_WritePin
 359              	.LVL35:
  98:Core/Src/potamon_bus_lowlvl_handle.c ****         }
 360              		.loc 1 98 13 view .LVU96
 361 00ca 0F22     		movs	r2, #15
 362 00cc 2146     		mov	r1, r4
 363 00ce 2648     		ldr	r0, .L29+12
 364 00d0 FFF7FEFF 		bl	HAL_UART_Transmit_DMA
 365              	.LVL36:
 104:Core/Src/potamon_bus_lowlvl_handle.c ****     case 0x0A: // SYNC_ENC_S2
 366              		.loc 1 104 9 view .LVU97
 367 00d4 ADE7     		b	.L9
ARM GAS  C:\Users\zhmis\AppData\Local\Temp\ccGFTlIc.s 			page 11


 368              	.LVL37:
 369              	.L18:
 106:Core/Src/potamon_bus_lowlvl_handle.c ****         if (S_NUM == 2)
 370              		.loc 1 106 9 view .LVU98
 106:Core/Src/potamon_bus_lowlvl_handle.c ****         if (S_NUM == 2)
 371              		.loc 1 106 25 is_stmt 0 view .LVU99
 372 00d6 224B     		ldr	r3, .L29+4
 373 00d8 0522     		movs	r2, #5
 374 00da 1A70     		strb	r2, [r3]
 107:Core/Src/potamon_bus_lowlvl_handle.c ****         {
 375              		.loc 1 107 9 is_stmt 1 view .LVU100
 115:Core/Src/potamon_bus_lowlvl_handle.c ****         }
 376              		.loc 1 115 13 view .LVU101
 377 00dc 0F22     		movs	r2, #15
 378 00de 2449     		ldr	r1, .L29+20
 379 00e0 2148     		ldr	r0, .L29+12
 380              	.LVL38:
 115:Core/Src/potamon_bus_lowlvl_handle.c ****         }
 381              		.loc 1 115 13 is_stmt 0 view .LVU102
 382 00e2 FFF7FEFF 		bl	HAL_UART_Receive_DMA
 383              	.LVL39:
 117:Core/Src/potamon_bus_lowlvl_handle.c ****     case 0x0B: // SYNC_CUR_S1
 384              		.loc 1 117 9 is_stmt 1 view .LVU103
 385 00e6 A4E7     		b	.L9
 386              	.LVL40:
 387              	.L17:
 119:Core/Src/potamon_bus_lowlvl_handle.c ****         if (S_NUM == 1)
 388              		.loc 1 119 9 view .LVU104
 119:Core/Src/potamon_bus_lowlvl_handle.c ****         if (S_NUM == 1)
 389              		.loc 1 119 25 is_stmt 0 view .LVU105
 390 00e8 1D4B     		ldr	r3, .L29+4
 391 00ea 0622     		movs	r2, #6
 392 00ec 1A70     		strb	r2, [r3]
 120:Core/Src/potamon_bus_lowlvl_handle.c ****         {
 393              		.loc 1 120 9 is_stmt 1 view .LVU106
 122:Core/Src/potamon_bus_lowlvl_handle.c ****             TXON; // Turn on transmission on Transceiver
 394              		.loc 1 122 13 view .LVU107
 395 00ee 234C     		ldr	r4, .L29+32
 396 00f0 2046     		mov	r0, r4
 397              	.LVL41:
 122:Core/Src/potamon_bus_lowlvl_handle.c ****             TXON; // Turn on transmission on Transceiver
 398              		.loc 1 122 13 is_stmt 0 view .LVU108
 399 00f2 FFF7FEFF 		bl	pack_current_feedback
 400              	.LVL42:
 123:Core/Src/potamon_bus_lowlvl_handle.c ****             HAL_UART_Transmit_DMA(&huart3, (uint8_t *)&data_current, S_DATA_CUR_S1);
 401              		.loc 1 123 13 is_stmt 1 view .LVU109
 402 00f6 0122     		movs	r2, #1
 403 00f8 0221     		movs	r1, #2
 404 00fa 1F48     		ldr	r0, .L29+28
 405 00fc FFF7FEFF 		bl	HAL_GPIO_WritePin
 406              	.LVL43:
 124:Core/Src/potamon_bus_lowlvl_handle.c ****         }
 407              		.loc 1 124 13 view .LVU110
 408 0100 0722     		movs	r2, #7
 409 0102 2146     		mov	r1, r4
 410 0104 1848     		ldr	r0, .L29+12
 411 0106 FFF7FEFF 		bl	HAL_UART_Transmit_DMA
ARM GAS  C:\Users\zhmis\AppData\Local\Temp\ccGFTlIc.s 			page 12


 412              	.LVL44:
 130:Core/Src/potamon_bus_lowlvl_handle.c ****     case 0x0C: // SYNC_CUR_S2
 413              		.loc 1 130 9 view .LVU111
 414 010a 92E7     		b	.L9
 415              	.LVL45:
 416              	.L16:
 132:Core/Src/potamon_bus_lowlvl_handle.c ****         if (S_NUM == 2)
 417              		.loc 1 132 9 view .LVU112
 132:Core/Src/potamon_bus_lowlvl_handle.c ****         if (S_NUM == 2)
 418              		.loc 1 132 25 is_stmt 0 view .LVU113
 419 010c 0722     		movs	r2, #7
 420 010e 144B     		ldr	r3, .L29+4
 421 0110 1A70     		strb	r2, [r3]
 133:Core/Src/potamon_bus_lowlvl_handle.c ****         {
 422              		.loc 1 133 9 is_stmt 1 view .LVU114
 141:Core/Src/potamon_bus_lowlvl_handle.c ****         }
 423              		.loc 1 141 13 view .LVU115
 424 0112 1749     		ldr	r1, .L29+20
 425 0114 1448     		ldr	r0, .L29+12
 426              	.LVL46:
 141:Core/Src/potamon_bus_lowlvl_handle.c ****         }
 427              		.loc 1 141 13 is_stmt 0 view .LVU116
 428 0116 FFF7FEFF 		bl	HAL_UART_Receive_DMA
 429              	.LVL47:
 143:Core/Src/potamon_bus_lowlvl_handle.c ****     case 0x0D: // SYNC_ODO
 430              		.loc 1 143 9 is_stmt 1 view .LVU117
 431 011a 8AE7     		b	.L9
 432              	.LVL48:
 433              	.L15:
 145:Core/Src/potamon_bus_lowlvl_handle.c ****         HAL_UART_Receive_DMA(&huart3, uart_rx_dump_buffer, S_DATA_ODO);
 434              		.loc 1 145 9 view .LVU118
 145:Core/Src/potamon_bus_lowlvl_handle.c ****         HAL_UART_Receive_DMA(&huart3, uart_rx_dump_buffer, S_DATA_ODO);
 435              		.loc 1 145 25 is_stmt 0 view .LVU119
 436 011c 104B     		ldr	r3, .L29+4
 437 011e 0822     		movs	r2, #8
 438 0120 1A70     		strb	r2, [r3]
 146:Core/Src/potamon_bus_lowlvl_handle.c ****         break;
 439              		.loc 1 146 9 is_stmt 1 view .LVU120
 440 0122 1122     		movs	r2, #17
 441 0124 1249     		ldr	r1, .L29+20
 442 0126 1048     		ldr	r0, .L29+12
 443              	.LVL49:
 146:Core/Src/potamon_bus_lowlvl_handle.c ****         break;
 444              		.loc 1 146 9 is_stmt 0 view .LVU121
 445 0128 FFF7FEFF 		bl	HAL_UART_Receive_DMA
 446              	.LVL50:
 147:Core/Src/potamon_bus_lowlvl_handle.c ****     case 0x0E: // SYNC_IMU
 447              		.loc 1 147 9 is_stmt 1 view .LVU122
 448 012c 81E7     		b	.L9
 449              	.LVL51:
 450              	.L14:
 149:Core/Src/potamon_bus_lowlvl_handle.c ****         HAL_UART_Receive_DMA(&huart3, uart_rx_dump_buffer, S_DATA_IMU);
 451              		.loc 1 149 9 view .LVU123
 149:Core/Src/potamon_bus_lowlvl_handle.c ****         HAL_UART_Receive_DMA(&huart3, uart_rx_dump_buffer, S_DATA_IMU);
 452              		.loc 1 149 25 is_stmt 0 view .LVU124
 453 012e 0C4B     		ldr	r3, .L29+4
 454 0130 0922     		movs	r2, #9
ARM GAS  C:\Users\zhmis\AppData\Local\Temp\ccGFTlIc.s 			page 13


 455 0132 1A70     		strb	r2, [r3]
 150:Core/Src/potamon_bus_lowlvl_handle.c ****         break;
 456              		.loc 1 150 9 is_stmt 1 view .LVU125
 457 0134 1D22     		movs	r2, #29
 458 0136 0E49     		ldr	r1, .L29+20
 459 0138 0B48     		ldr	r0, .L29+12
 460              	.LVL52:
 150:Core/Src/potamon_bus_lowlvl_handle.c ****         break;
 461              		.loc 1 150 9 is_stmt 0 view .LVU126
 462 013a FFF7FEFF 		bl	HAL_UART_Receive_DMA
 463              	.LVL53:
 151:Core/Src/potamon_bus_lowlvl_handle.c ****     case 0x0F: // SYNC_TRAJ_N
 464              		.loc 1 151 9 is_stmt 1 view .LVU127
 465 013e 78E7     		b	.L9
 466              	.LVL54:
 467              	.L13:
 153:Core/Src/potamon_bus_lowlvl_handle.c ****         HAL_UART_Receive_DMA(&huart3, (uint8_t *)&data_traj_n_unchecked, S_DATA_IMU);
 468              		.loc 1 153 9 view .LVU128
 153:Core/Src/potamon_bus_lowlvl_handle.c ****         HAL_UART_Receive_DMA(&huart3, (uint8_t *)&data_traj_n_unchecked, S_DATA_IMU);
 469              		.loc 1 153 25 is_stmt 0 view .LVU129
 470 0140 074B     		ldr	r3, .L29+4
 471 0142 0A22     		movs	r2, #10
 472 0144 1A70     		strb	r2, [r3]
 154:Core/Src/potamon_bus_lowlvl_handle.c ****         break;
 473              		.loc 1 154 9 is_stmt 1 view .LVU130
 474 0146 1D22     		movs	r2, #29
 475 0148 0D49     		ldr	r1, .L29+36
 476 014a 0748     		ldr	r0, .L29+12
 477              	.LVL55:
 154:Core/Src/potamon_bus_lowlvl_handle.c ****         break;
 478              		.loc 1 154 9 is_stmt 0 view .LVU131
 479 014c FFF7FEFF 		bl	HAL_UART_Receive_DMA
 480              	.LVL56:
 155:Core/Src/potamon_bus_lowlvl_handle.c ****     case 0x10: // SYNC_RESET_ODO
 481              		.loc 1 155 9 is_stmt 1 view .LVU132
 482 0150 6FE7     		b	.L9
 483              	.LVL57:
 484              	.L11:
 157:Core/Src/potamon_bus_lowlvl_handle.c ****         break;
 485              		.loc 1 157 9 view .LVU133
 157:Core/Src/potamon_bus_lowlvl_handle.c ****         break;
 486              		.loc 1 157 25 is_stmt 0 view .LVU134
 487 0152 034B     		ldr	r3, .L29+4
 488 0154 0022     		movs	r2, #0
 489 0156 1A70     		strb	r2, [r3]
 158:Core/Src/potamon_bus_lowlvl_handle.c ****     default:
 490              		.loc 1 158 9 is_stmt 1 view .LVU135
 491              		.loc 1 162 1 is_stmt 0 view .LVU136
 492 0158 6BE7     		b	.L9
 493              	.L30:
 494 015a 00BF     		.align	2
 495              	.L29:
 496 015c 00000000 		.word	system_enabled
 497 0160 00000000 		.word	expected_packet
 498 0164 00000000 		.word	packet_sync
 499 0168 00000000 		.word	huart3
 500 016c 00000000 		.word	data_ctrl_unchecked
ARM GAS  C:\Users\zhmis\AppData\Local\Temp\ccGFTlIc.s 			page 14


 501 0170 00000000 		.word	uart_rx_dump_buffer
 502 0174 00000000 		.word	data_encoder
 503 0178 000C0140 		.word	1073810432
 504 017c 00000000 		.word	data_current
 505 0180 00000000 		.word	data_traj_n_unchecked
 506              		.cfi_endproc
 507              	.LFE67:
 509              		.section	.text.HAL_UART_RxCpltCallback,"ax",%progbits
 510              		.align	1
 511              		.global	HAL_UART_RxCpltCallback
 512              		.syntax unified
 513              		.thumb
 514              		.thumb_func
 516              	HAL_UART_RxCpltCallback:
 517              	.LVL58:
 518              	.LFB68:
 163:Core/Src/potamon_bus_lowlvl_handle.c **** 
 164:Core/Src/potamon_bus_lowlvl_handle.c **** void HAL_UART_RxCpltCallback(UART_HandleTypeDef *huart)
 165:Core/Src/potamon_bus_lowlvl_handle.c **** {
 519              		.loc 1 165 1 is_stmt 1 view -0
 520              		.cfi_startproc
 521              		@ args = 0, pretend = 0, frame = 0
 522              		@ frame_needed = 0, uses_anonymous_args = 0
 523              		.loc 1 165 1 is_stmt 0 view .LVU138
 524 0000 10B5     		push	{r4, lr}
 525              		.cfi_def_cfa_offset 8
 526              		.cfi_offset 4, -8
 527              		.cfi_offset 14, -4
 166:Core/Src/potamon_bus_lowlvl_handle.c ****     switch (expected_packet)
 528              		.loc 1 166 5 is_stmt 1 view .LVU139
 529 0002 494B     		ldr	r3, .L50
 530 0004 1B78     		ldrb	r3, [r3]	@ zero_extendqisi2
 531 0006 0B2B     		cmp	r3, #11
 532 0008 3DD8     		bhi	.L31
 533 000a DFE803F0 		tbb	[pc, r3]
 534              	.L34:
 535 000e 06       		.byte	(.L38-.L34)/2
 536 000f 25       		.byte	(.L37-.L34)/2
 537 0010 49       		.byte	(.L36-.L34)/2
 538 0011 3C       		.byte	(.L31-.L34)/2
 539 0012 3C       		.byte	(.L31-.L34)/2
 540 0013 3C       		.byte	(.L31-.L34)/2
 541 0014 3C       		.byte	(.L31-.L34)/2
 542 0015 3C       		.byte	(.L31-.L34)/2
 543 0016 3C       		.byte	(.L31-.L34)/2
 544 0017 3C       		.byte	(.L31-.L34)/2
 545 0018 4D       		.byte	(.L35-.L34)/2
 546 0019 77       		.byte	(.L33-.L34)/2
 547              		.p2align 1
 548              	.L38:
 167:Core/Src/potamon_bus_lowlvl_handle.c ****     {
 168:Core/Src/potamon_bus_lowlvl_handle.c ****     case SYNC:
 169:Core/Src/potamon_bus_lowlvl_handle.c ****         if (packet_sync.crc8 == crc8_ccitt((uint8_t *)&packet_sync, 1))
 549              		.loc 1 169 9 view .LVU140
 550              		.loc 1 169 24 is_stmt 0 view .LVU141
 551 001a 4448     		ldr	r0, .L50+4
 552              	.LVL59:
ARM GAS  C:\Users\zhmis\AppData\Local\Temp\ccGFTlIc.s 			page 15


 553              		.loc 1 169 24 view .LVU142
 554 001c 4478     		ldrb	r4, [r0, #1]	@ zero_extendqisi2
 555              		.loc 1 169 33 view .LVU143
 556 001e 0121     		movs	r1, #1
 557 0020 FFF7FEFF 		bl	crc8_ccitt
 558              	.LVL60:
 559              		.loc 1 169 12 discriminator 1 view .LVU144
 560 0024 8442     		cmp	r4, r0
 561 0026 0DD0     		beq	.L46
 170:Core/Src/potamon_bus_lowlvl_handle.c ****         {
 171:Core/Src/potamon_bus_lowlvl_handle.c ****             sync_packet_handler(&packet_sync);
 172:Core/Src/potamon_bus_lowlvl_handle.c ****             LED_OFF;
 173:Core/Src/potamon_bus_lowlvl_handle.c ****         }
 174:Core/Src/potamon_bus_lowlvl_handle.c ****         else
 175:Core/Src/potamon_bus_lowlvl_handle.c ****         {
 176:Core/Src/potamon_bus_lowlvl_handle.c ****             LED_ON;
 562              		.loc 1 176 13 is_stmt 1 view .LVU145
 563 0028 0022     		movs	r2, #0
 564 002a 4FF40051 		mov	r1, #8192
 565 002e 4048     		ldr	r0, .L50+8
 566 0030 FFF7FEFF 		bl	HAL_GPIO_WritePin
 567              	.LVL61:
 568              		.loc 1 176 19 discriminator 1 view .LVU146
 177:Core/Src/potamon_bus_lowlvl_handle.c ****             failed_sync_packets_count++;
 569              		.loc 1 177 13 view .LVU147
 570              		.loc 1 177 38 is_stmt 0 view .LVU148
 571 0034 3F4A     		ldr	r2, .L50+12
 572 0036 1368     		ldr	r3, [r2]
 573 0038 0133     		adds	r3, r3, #1
 574 003a 1360     		str	r3, [r2]
 178:Core/Src/potamon_bus_lowlvl_handle.c ****             system_enabled = 0;
 575              		.loc 1 178 13 is_stmt 1 view .LVU149
 576              		.loc 1 178 28 is_stmt 0 view .LVU150
 577 003c 3E4B     		ldr	r3, .L50+16
 578 003e 0022     		movs	r2, #0
 579 0040 1A70     		strb	r2, [r3]
 580 0042 20E0     		b	.L31
 581              	.L46:
 171:Core/Src/potamon_bus_lowlvl_handle.c ****             LED_OFF;
 582              		.loc 1 171 13 is_stmt 1 view .LVU151
 583 0044 3948     		ldr	r0, .L50+4
 584 0046 FFF7FEFF 		bl	sync_packet_handler
 585              	.LVL62:
 172:Core/Src/potamon_bus_lowlvl_handle.c ****         }
 586              		.loc 1 172 13 view .LVU152
 587 004a 0122     		movs	r2, #1
 588 004c 4FF40051 		mov	r1, #8192
 589 0050 3748     		ldr	r0, .L50+8
 590 0052 FFF7FEFF 		bl	HAL_GPIO_WritePin
 591              	.LVL63:
 172:Core/Src/potamon_bus_lowlvl_handle.c ****         }
 592              		.loc 1 172 20 discriminator 1 view .LVU153
 593 0056 16E0     		b	.L31
 594              	.LVL64:
 595              	.L37:
 179:Core/Src/potamon_bus_lowlvl_handle.c ****         }
 180:Core/Src/potamon_bus_lowlvl_handle.c ****         break;
ARM GAS  C:\Users\zhmis\AppData\Local\Temp\ccGFTlIc.s 			page 16


 181:Core/Src/potamon_bus_lowlvl_handle.c ****     case DATA_CTRL_S1:
 182:Core/Src/potamon_bus_lowlvl_handle.c ****         if (S_NUM == 1)
 596              		.loc 1 182 9 view .LVU154
 183:Core/Src/potamon_bus_lowlvl_handle.c ****         {
 184:Core/Src/potamon_bus_lowlvl_handle.c ****             if (data_ctrl_unchecked.crc16 == crc16_ccitt((uint8_t *)&data_ctrl_unchecked, S_DATA_CT
 597              		.loc 1 184 13 view .LVU155
 598              		.loc 1 184 36 is_stmt 0 view .LVU156
 599 0058 3848     		ldr	r0, .L50+20
 600              	.LVL65:
 601              		.loc 1 184 36 view .LVU157
 602 005a C489     		ldrh	r4, [r0, #14]
 603              		.loc 1 184 46 view .LVU158
 604 005c 0E21     		movs	r1, #14
 605 005e FFF7FEFF 		bl	crc16_ccitt
 606              	.LVL66:
 607              		.loc 1 184 16 discriminator 1 view .LVU159
 608 0062 8442     		cmp	r4, r0
 609 0064 10D0     		beq	.L47
 185:Core/Src/potamon_bus_lowlvl_handle.c ****             {
 186:Core/Src/potamon_bus_lowlvl_handle.c ****                 memcpy(&data_ctrl, &data_ctrl_unchecked, S_DATA_CTRL_S1);
 187:Core/Src/potamon_bus_lowlvl_handle.c ****                 LED_OFF;
 188:Core/Src/potamon_bus_lowlvl_handle.c ****             }
 189:Core/Src/potamon_bus_lowlvl_handle.c ****             else
 190:Core/Src/potamon_bus_lowlvl_handle.c ****             {
 191:Core/Src/potamon_bus_lowlvl_handle.c ****                 LED_ON;
 610              		.loc 1 191 17 is_stmt 1 view .LVU160
 611 0066 0022     		movs	r2, #0
 612 0068 4FF40051 		mov	r1, #8192
 613 006c 3048     		ldr	r0, .L50+8
 614 006e FFF7FEFF 		bl	HAL_GPIO_WritePin
 615              	.LVL67:
 616              		.loc 1 191 23 discriminator 1 view .LVU161
 192:Core/Src/potamon_bus_lowlvl_handle.c ****                 system_enabled = 0;
 617              		.loc 1 192 17 view .LVU162
 618              		.loc 1 192 32 is_stmt 0 view .LVU163
 619 0072 314B     		ldr	r3, .L50+16
 620 0074 0022     		movs	r2, #0
 621 0076 1A70     		strb	r2, [r3]
 193:Core/Src/potamon_bus_lowlvl_handle.c ****                 failed_data_packets_count++;
 622              		.loc 1 193 17 is_stmt 1 view .LVU164
 623              		.loc 1 193 42 is_stmt 0 view .LVU165
 624 0078 314A     		ldr	r2, .L50+24
 625 007a 1368     		ldr	r3, [r2]
 626 007c 0133     		adds	r3, r3, #1
 627 007e 1360     		str	r3, [r2]
 628              	.L41:
 194:Core/Src/potamon_bus_lowlvl_handle.c ****             }
 195:Core/Src/potamon_bus_lowlvl_handle.c ****         }
 196:Core/Src/potamon_bus_lowlvl_handle.c ****         expected_packet = SYNC;
 629              		.loc 1 196 9 is_stmt 1 view .LVU166
 630              		.loc 1 196 25 is_stmt 0 view .LVU167
 631 0080 294B     		ldr	r3, .L50
 632 0082 0022     		movs	r2, #0
 633 0084 1A70     		strb	r2, [r3]
 197:Core/Src/potamon_bus_lowlvl_handle.c ****         break;
 634              		.loc 1 197 9 is_stmt 1 view .LVU168
 635              	.L31:
ARM GAS  C:\Users\zhmis\AppData\Local\Temp\ccGFTlIc.s 			page 17


 198:Core/Src/potamon_bus_lowlvl_handle.c ****     case DATA_CTRL_S2:
 199:Core/Src/potamon_bus_lowlvl_handle.c ****         if (S_NUM == 2)
 200:Core/Src/potamon_bus_lowlvl_handle.c ****         {
 201:Core/Src/potamon_bus_lowlvl_handle.c ****             if (data_ctrl_unchecked.crc16 == crc16_ccitt((uint8_t *)&data_ctrl_unchecked, S_DATA_CT
 202:Core/Src/potamon_bus_lowlvl_handle.c ****             {
 203:Core/Src/potamon_bus_lowlvl_handle.c ****                 memcpy(&data_ctrl, &data_ctrl_unchecked, S_DATA_CTRL_S2);
 204:Core/Src/potamon_bus_lowlvl_handle.c ****             }
 205:Core/Src/potamon_bus_lowlvl_handle.c ****             else
 206:Core/Src/potamon_bus_lowlvl_handle.c ****             {
 207:Core/Src/potamon_bus_lowlvl_handle.c ****                 LED_ON;
 208:Core/Src/potamon_bus_lowlvl_handle.c ****                 system_enabled = 0;
 209:Core/Src/potamon_bus_lowlvl_handle.c ****                 failed_data_packets_count++;
 210:Core/Src/potamon_bus_lowlvl_handle.c ****             }
 211:Core/Src/potamon_bus_lowlvl_handle.c ****         }
 212:Core/Src/potamon_bus_lowlvl_handle.c ****         expected_packet = SYNC;
 213:Core/Src/potamon_bus_lowlvl_handle.c ****         break;
 214:Core/Src/potamon_bus_lowlvl_handle.c ****     case DATA_TRAJ_N:
 215:Core/Src/potamon_bus_lowlvl_handle.c ****         if (data_traj_n_unchecked.crc16 == crc16_ccitt((uint8_t *)&data_traj_n_unchecked, S_DATA_TR
 216:Core/Src/potamon_bus_lowlvl_handle.c ****         {
 217:Core/Src/potamon_bus_lowlvl_handle.c ****             memcpy(&data_traj_n, &data_traj_n_unchecked, S_DATA_TRAJ_N);
 218:Core/Src/potamon_bus_lowlvl_handle.c ****             LED_OFF;
 219:Core/Src/potamon_bus_lowlvl_handle.c ****             expected_packet = DATA_TRAJ_CHUNK;
 220:Core/Src/potamon_bus_lowlvl_handle.c ****             HAL_UART_Receive_DMA(&huart3, uart_rx_dump_buffer, S_DATA_TRAJ_CHUNK);
 221:Core/Src/potamon_bus_lowlvl_handle.c ****         }
 222:Core/Src/potamon_bus_lowlvl_handle.c ****         else
 223:Core/Src/potamon_bus_lowlvl_handle.c ****         {
 224:Core/Src/potamon_bus_lowlvl_handle.c ****             LED_ON;
 225:Core/Src/potamon_bus_lowlvl_handle.c ****             system_enabled = 0;
 226:Core/Src/potamon_bus_lowlvl_handle.c ****             failed_data_packets_count++;
 227:Core/Src/potamon_bus_lowlvl_handle.c ****         }
 228:Core/Src/potamon_bus_lowlvl_handle.c ****         break;
 229:Core/Src/potamon_bus_lowlvl_handle.c ****     case DATA_TRAJ_CHUNK:
 230:Core/Src/potamon_bus_lowlvl_handle.c ****         chunk_counter++;
 231:Core/Src/potamon_bus_lowlvl_handle.c ****         if (chunk_counter < data_traj_n.no_of_chunks)
 232:Core/Src/potamon_bus_lowlvl_handle.c ****         {
 233:Core/Src/potamon_bus_lowlvl_handle.c ****             expected_packet = DATA_TRAJ_CHUNK;
 234:Core/Src/potamon_bus_lowlvl_handle.c ****             HAL_UART_Receive_DMA(&huart3, uart_rx_dump_buffer, S_DATA_TRAJ_CHUNK);
 235:Core/Src/potamon_bus_lowlvl_handle.c ****         }
 236:Core/Src/potamon_bus_lowlvl_handle.c ****         else
 237:Core/Src/potamon_bus_lowlvl_handle.c ****             expected_packet = SYNC;
 238:Core/Src/potamon_bus_lowlvl_handle.c ****         break;
 239:Core/Src/potamon_bus_lowlvl_handle.c ****     default:
 240:Core/Src/potamon_bus_lowlvl_handle.c ****         break;
 241:Core/Src/potamon_bus_lowlvl_handle.c ****     }
 242:Core/Src/potamon_bus_lowlvl_handle.c **** }
 636              		.loc 1 242 1 is_stmt 0 view .LVU169
 637 0086 10BD     		pop	{r4, pc}
 638              	.L47:
 186:Core/Src/potamon_bus_lowlvl_handle.c ****                 LED_OFF;
 639              		.loc 1 186 17 is_stmt 1 view .LVU170
 640 0088 2E4C     		ldr	r4, .L50+28
 641 008a 2C4B     		ldr	r3, .L50+20
 642 008c 0FCB     		ldm	r3, {r0, r1, r2, r3}
 643 008e 84E80F00 		stm	r4, {r0, r1, r2, r3}
 187:Core/Src/potamon_bus_lowlvl_handle.c ****             }
 644              		.loc 1 187 17 view .LVU171
 645 0092 0122     		movs	r2, #1
ARM GAS  C:\Users\zhmis\AppData\Local\Temp\ccGFTlIc.s 			page 18


 646 0094 4FF40051 		mov	r1, #8192
 647 0098 2548     		ldr	r0, .L50+8
 648 009a FFF7FEFF 		bl	HAL_GPIO_WritePin
 649              	.LVL68:
 187:Core/Src/potamon_bus_lowlvl_handle.c ****             }
 650              		.loc 1 187 24 discriminator 1 view .LVU172
 651 009e EFE7     		b	.L41
 652              	.LVL69:
 653              	.L36:
 199:Core/Src/potamon_bus_lowlvl_handle.c ****         {
 654              		.loc 1 199 9 view .LVU173
 212:Core/Src/potamon_bus_lowlvl_handle.c ****         break;
 655              		.loc 1 212 9 view .LVU174
 212:Core/Src/potamon_bus_lowlvl_handle.c ****         break;
 656              		.loc 1 212 25 is_stmt 0 view .LVU175
 657 00a0 214B     		ldr	r3, .L50
 658 00a2 0022     		movs	r2, #0
 659 00a4 1A70     		strb	r2, [r3]
 213:Core/Src/potamon_bus_lowlvl_handle.c ****     case DATA_TRAJ_N:
 660              		.loc 1 213 9 is_stmt 1 view .LVU176
 661 00a6 EEE7     		b	.L31
 662              	.L35:
 215:Core/Src/potamon_bus_lowlvl_handle.c ****         {
 663              		.loc 1 215 9 view .LVU177
 215:Core/Src/potamon_bus_lowlvl_handle.c ****         {
 664              		.loc 1 215 34 is_stmt 0 view .LVU178
 665 00a8 2748     		ldr	r0, .L50+32
 666              	.LVL70:
 215:Core/Src/potamon_bus_lowlvl_handle.c ****         {
 667              		.loc 1 215 34 view .LVU179
 668 00aa C488     		ldrh	r4, [r0, #6]
 215:Core/Src/potamon_bus_lowlvl_handle.c ****         {
 669              		.loc 1 215 44 view .LVU180
 670 00ac 0621     		movs	r1, #6
 671 00ae FFF7FEFF 		bl	crc16_ccitt
 672              	.LVL71:
 215:Core/Src/potamon_bus_lowlvl_handle.c ****         {
 673              		.loc 1 215 12 discriminator 1 view .LVU181
 674 00b2 8442     		cmp	r4, r0
 675 00b4 0DD0     		beq	.L48
 224:Core/Src/potamon_bus_lowlvl_handle.c ****             system_enabled = 0;
 676              		.loc 1 224 13 is_stmt 1 view .LVU182
 677 00b6 0022     		movs	r2, #0
 678 00b8 4FF40051 		mov	r1, #8192
 679 00bc 1C48     		ldr	r0, .L50+8
 680 00be FFF7FEFF 		bl	HAL_GPIO_WritePin
 681              	.LVL72:
 224:Core/Src/potamon_bus_lowlvl_handle.c ****             system_enabled = 0;
 682              		.loc 1 224 19 discriminator 1 view .LVU183
 225:Core/Src/potamon_bus_lowlvl_handle.c ****             failed_data_packets_count++;
 683              		.loc 1 225 13 view .LVU184
 225:Core/Src/potamon_bus_lowlvl_handle.c ****             failed_data_packets_count++;
 684              		.loc 1 225 28 is_stmt 0 view .LVU185
 685 00c2 1D4B     		ldr	r3, .L50+16
 686 00c4 0022     		movs	r2, #0
 687 00c6 1A70     		strb	r2, [r3]
 226:Core/Src/potamon_bus_lowlvl_handle.c ****         }
ARM GAS  C:\Users\zhmis\AppData\Local\Temp\ccGFTlIc.s 			page 19


 688              		.loc 1 226 13 is_stmt 1 view .LVU186
 226:Core/Src/potamon_bus_lowlvl_handle.c ****         }
 689              		.loc 1 226 38 is_stmt 0 view .LVU187
 690 00c8 1D4A     		ldr	r2, .L50+24
 691 00ca 1368     		ldr	r3, [r2]
 692 00cc 0133     		adds	r3, r3, #1
 693 00ce 1360     		str	r3, [r2]
 694 00d0 D9E7     		b	.L31
 695              	.L48:
 217:Core/Src/potamon_bus_lowlvl_handle.c ****             LED_OFF;
 696              		.loc 1 217 13 is_stmt 1 view .LVU188
 697 00d2 1E4B     		ldr	r3, .L50+36
 698 00d4 1C4A     		ldr	r2, .L50+32
 699 00d6 92E80300 		ldm	r2, {r0, r1}
 700 00da 83E80300 		stm	r3, {r0, r1}
 218:Core/Src/potamon_bus_lowlvl_handle.c ****             expected_packet = DATA_TRAJ_CHUNK;
 701              		.loc 1 218 13 view .LVU189
 702 00de 0122     		movs	r2, #1
 703 00e0 4FF40051 		mov	r1, #8192
 704 00e4 1248     		ldr	r0, .L50+8
 705 00e6 FFF7FEFF 		bl	HAL_GPIO_WritePin
 706              	.LVL73:
 218:Core/Src/potamon_bus_lowlvl_handle.c ****             expected_packet = DATA_TRAJ_CHUNK;
 707              		.loc 1 218 20 discriminator 1 view .LVU190
 219:Core/Src/potamon_bus_lowlvl_handle.c ****             HAL_UART_Receive_DMA(&huart3, uart_rx_dump_buffer, S_DATA_TRAJ_CHUNK);
 708              		.loc 1 219 13 view .LVU191
 219:Core/Src/potamon_bus_lowlvl_handle.c ****             HAL_UART_Receive_DMA(&huart3, uart_rx_dump_buffer, S_DATA_TRAJ_CHUNK);
 709              		.loc 1 219 29 is_stmt 0 view .LVU192
 710 00ea 0F4B     		ldr	r3, .L50
 711 00ec 0B22     		movs	r2, #11
 712 00ee 1A70     		strb	r2, [r3]
 220:Core/Src/potamon_bus_lowlvl_handle.c ****         }
 713              		.loc 1 220 13 is_stmt 1 view .LVU193
 714 00f0 4322     		movs	r2, #67
 715 00f2 1749     		ldr	r1, .L50+40
 716 00f4 1748     		ldr	r0, .L50+44
 717 00f6 FFF7FEFF 		bl	HAL_UART_Receive_DMA
 718              	.LVL74:
 719 00fa C4E7     		b	.L31
 720              	.LVL75:
 721              	.L33:
 230:Core/Src/potamon_bus_lowlvl_handle.c ****         if (chunk_counter < data_traj_n.no_of_chunks)
 722              		.loc 1 230 9 view .LVU194
 230:Core/Src/potamon_bus_lowlvl_handle.c ****         if (chunk_counter < data_traj_n.no_of_chunks)
 723              		.loc 1 230 22 is_stmt 0 view .LVU195
 724 00fc 164A     		ldr	r2, .L50+48
 725 00fe 1378     		ldrb	r3, [r2]	@ zero_extendqisi2
 726 0100 0133     		adds	r3, r3, #1
 727 0102 DBB2     		uxtb	r3, r3
 728 0104 1370     		strb	r3, [r2]
 231:Core/Src/potamon_bus_lowlvl_handle.c ****         {
 729              		.loc 1 231 9 is_stmt 1 view .LVU196
 231:Core/Src/potamon_bus_lowlvl_handle.c ****         {
 730              		.loc 1 231 40 is_stmt 0 view .LVU197
 731 0106 114A     		ldr	r2, .L50+36
 732 0108 5278     		ldrb	r2, [r2, #1]	@ zero_extendqisi2
 231:Core/Src/potamon_bus_lowlvl_handle.c ****         {
ARM GAS  C:\Users\zhmis\AppData\Local\Temp\ccGFTlIc.s 			page 20


 733              		.loc 1 231 12 view .LVU198
 734 010a 9342     		cmp	r3, r2
 735 010c 03D3     		bcc	.L49
 237:Core/Src/potamon_bus_lowlvl_handle.c ****         break;
 736              		.loc 1 237 13 is_stmt 1 view .LVU199
 237:Core/Src/potamon_bus_lowlvl_handle.c ****         break;
 737              		.loc 1 237 29 is_stmt 0 view .LVU200
 738 010e 064B     		ldr	r3, .L50
 739 0110 0022     		movs	r2, #0
 740 0112 1A70     		strb	r2, [r3]
 741              		.loc 1 242 1 view .LVU201
 742 0114 B7E7     		b	.L31
 743              	.L49:
 233:Core/Src/potamon_bus_lowlvl_handle.c ****             HAL_UART_Receive_DMA(&huart3, uart_rx_dump_buffer, S_DATA_TRAJ_CHUNK);
 744              		.loc 1 233 13 is_stmt 1 view .LVU202
 233:Core/Src/potamon_bus_lowlvl_handle.c ****             HAL_UART_Receive_DMA(&huart3, uart_rx_dump_buffer, S_DATA_TRAJ_CHUNK);
 745              		.loc 1 233 29 is_stmt 0 view .LVU203
 746 0116 044B     		ldr	r3, .L50
 747 0118 0B22     		movs	r2, #11
 748 011a 1A70     		strb	r2, [r3]
 234:Core/Src/potamon_bus_lowlvl_handle.c ****         }
 749              		.loc 1 234 13 is_stmt 1 view .LVU204
 750 011c 4322     		movs	r2, #67
 751 011e 0C49     		ldr	r1, .L50+40
 752 0120 0C48     		ldr	r0, .L50+44
 753              	.LVL76:
 234:Core/Src/potamon_bus_lowlvl_handle.c ****         }
 754              		.loc 1 234 13 is_stmt 0 view .LVU205
 755 0122 FFF7FEFF 		bl	HAL_UART_Receive_DMA
 756              	.LVL77:
 757 0126 AEE7     		b	.L31
 758              	.L51:
 759              		.align	2
 760              	.L50:
 761 0128 00000000 		.word	expected_packet
 762 012c 00000000 		.word	packet_sync
 763 0130 00100140 		.word	1073811456
 764 0134 00000000 		.word	failed_sync_packets_count
 765 0138 00000000 		.word	system_enabled
 766 013c 00000000 		.word	data_ctrl_unchecked
 767 0140 00000000 		.word	failed_data_packets_count
 768 0144 00000000 		.word	data_ctrl
 769 0148 00000000 		.word	data_traj_n_unchecked
 770 014c 00000000 		.word	data_traj_n
 771 0150 00000000 		.word	uart_rx_dump_buffer
 772 0154 00000000 		.word	huart3
 773 0158 00000000 		.word	chunk_counter
 774              		.cfi_endproc
 775              	.LFE68:
 777              		.section	.text.HAL_UART_TxCpltCallback,"ax",%progbits
 778              		.align	1
 779              		.global	HAL_UART_TxCpltCallback
 780              		.syntax unified
 781              		.thumb
 782              		.thumb_func
 784              	HAL_UART_TxCpltCallback:
 785              	.LVL78:
ARM GAS  C:\Users\zhmis\AppData\Local\Temp\ccGFTlIc.s 			page 21


 786              	.LFB69:
 243:Core/Src/potamon_bus_lowlvl_handle.c **** 
 244:Core/Src/potamon_bus_lowlvl_handle.c **** void HAL_UART_TxCpltCallback(UART_HandleTypeDef *huart)
 245:Core/Src/potamon_bus_lowlvl_handle.c **** {
 787              		.loc 1 245 1 is_stmt 1 view -0
 788              		.cfi_startproc
 789              		@ args = 0, pretend = 0, frame = 0
 790              		@ frame_needed = 0, uses_anonymous_args = 0
 791              		.loc 1 245 1 is_stmt 0 view .LVU207
 792 0000 08B5     		push	{r3, lr}
 793              		.cfi_def_cfa_offset 8
 794              		.cfi_offset 3, -8
 795              		.cfi_offset 14, -4
 246:Core/Src/potamon_bus_lowlvl_handle.c ****     TXOFF; // Turn of transmission on transceiver in order to not hang the bus
 796              		.loc 1 246 5 is_stmt 1 view .LVU208
 797 0002 0022     		movs	r2, #0
 798 0004 0221     		movs	r1, #2
 799 0006 0248     		ldr	r0, .L54
 800              	.LVL79:
 801              		.loc 1 246 5 is_stmt 0 view .LVU209
 802 0008 FFF7FEFF 		bl	HAL_GPIO_WritePin
 803              	.LVL80:
 247:Core/Src/potamon_bus_lowlvl_handle.c **** }...
 804              		.loc 1 247 1 view .LVU210
 805 000c 08BD     		pop	{r3, pc}
 806              	.L55:
 807 000e 00BF     		.align	2
 808              	.L54:
 809 0010 000C0140 		.word	1073810432
 810              		.cfi_endproc
 811              	.LFE69:
 813              		.global	failed_data_packets_count
 814              		.section	.bss.failed_data_packets_count,"aw",%nobits
 815              		.align	2
 818              	failed_data_packets_count:
 819 0000 00000000 		.space	4
 820              		.global	failed_sync_packets_count
 821              		.section	.bss.failed_sync_packets_count,"aw",%nobits
 822              		.align	2
 825              	failed_sync_packets_count:
 826 0000 00000000 		.space	4
 827              		.global	chunk_counter
 828              		.section	.bss.chunk_counter,"aw",%nobits
 831              	chunk_counter:
 832 0000 00       		.space	1
 833              		.global	expected_packet
 834              		.section	.bss.expected_packet,"aw",%nobits
 837              	expected_packet:
 838 0000 00       		.space	1
 839              		.global	data_current
 840              		.section	.bss.data_current,"aw",%nobits
 841              		.align	2
 844              	data_current:
 845 0000 00000000 		.space	7
 845      000000
 846              		.global	data_encoder
 847              		.section	.bss.data_encoder,"aw",%nobits
ARM GAS  C:\Users\zhmis\AppData\Local\Temp\ccGFTlIc.s 			page 22


 848              		.align	2
 851              	data_encoder:
 852 0000 00000000 		.space	15
 852      00000000 
 852      00000000 
 852      000000
 853              		.global	data_traj_n
 854              		.section	.bss.data_traj_n,"aw",%nobits
 855              		.align	2
 858              	data_traj_n:
 859 0000 00000000 		.space	8
 859      00000000 
 860              		.global	data_traj_n_unchecked
 861              		.section	.bss.data_traj_n_unchecked,"aw",%nobits
 862              		.align	2
 865              	data_traj_n_unchecked:
 866 0000 00000000 		.space	8
 866      00000000 
 867              		.global	data_ctrl
 868              		.section	.bss.data_ctrl,"aw",%nobits
 869              		.align	2
 872              	data_ctrl:
 873 0000 00000000 		.space	16
 873      00000000 
 873      00000000 
 873      00000000 
 874              		.global	data_ctrl_unchecked
 875              		.section	.bss.data_ctrl_unchecked,"aw",%nobits
 876              		.align	2
 879              	data_ctrl_unchecked:
 880 0000 00000000 		.space	16
 880      00000000 
 880      00000000 
 880      00000000 
 881              		.global	packet_sync
 882              		.section	.bss.packet_sync,"aw",%nobits
 883              		.align	2
 886              	packet_sync:
 887 0000 0000     		.space	2
 888              		.global	uart_rx_dump_buffer
 889              		.section	.bss.uart_rx_dump_buffer,"aw",%nobits
 890              		.align	2
 893              	uart_rx_dump_buffer:
 894 0000 00000000 		.space	67
 894      00000000 
 894      00000000 
 894      00000000 
 894      00000000 
 895              		.text
 896              	.Letext0:
 897              		.file 2 "C:/Users/zhmis/AppData/Roaming/Code/User/globalStorage/bmd.stm32-for-vscode/@xpack-dev-to
 898              		.file 3 "C:/Users/zhmis/AppData/Roaming/Code/User/globalStorage/bmd.stm32-for-vscode/@xpack-dev-to
 899              		.file 4 "Drivers/CMSIS/Device/ST/STM32F1xx/Include/stm32f103xb.h"
 900              		.file 5 "C:/Users/zhmis/AppData/Roaming/Code/User/globalStorage/bmd.stm32-for-vscode/@xpack-dev-to
 901              		.file 6 "Drivers/STM32F1xx_HAL_Driver/Inc/stm32f1xx_hal_def.h"
 902              		.file 7 "Drivers/STM32F1xx_HAL_Driver/Inc/stm32f1xx_hal_gpio.h"
 903              		.file 8 "Drivers/STM32F1xx_HAL_Driver/Inc/stm32f1xx_hal_dma.h"
ARM GAS  C:\Users\zhmis\AppData\Local\Temp\ccGFTlIc.s 			page 23


 904              		.file 9 "Drivers/STM32F1xx_HAL_Driver/Inc/stm32f1xx_hal_tim.h"
 905              		.file 10 "Drivers/STM32F1xx_HAL_Driver/Inc/stm32f1xx_hal_uart.h"
 906              		.file 11 "Core/Inc/potamon_bus_protocol.h"
 907              		.file 12 "Core/Inc/usart.h"
 908              		.file 13 "Core/Inc/global_flags.h"
 909              		.file 14 "Core/Inc/IQmathLib.h"
 910              		.file 15 "Core/Inc/ema_iq18.h"
 911              		.file 16 "Core/Inc/encoder_iq18.h"
 912              		.file 17 "Core/Inc/pid_iq18.h"
 913              		.file 18 "Core/Inc/pwm.h"
 914              		.file 19 "Core/Inc/servo_iq18.h"
 915              		.file 20 "Core/Inc/servo_init.h"
 916              		.file 21 "Core/Inc/adc_current.h"
 917              		.file 22 "Core/Inc/potamon_bus_lowlvl_handle.h"
 918              		.file 23 "Core/Inc/crc_8_16.h"
ARM GAS  C:\Users\zhmis\AppData\Local\Temp\ccGFTlIc.s 			page 24


DEFINED SYMBOLS
                            *ABS*:00000000 potamon_bus_lowlvl_handle.c
C:\Users\zhmis\AppData\Local\Temp\ccGFTlIc.s:19     .text.pack_encoder_feedback:00000000 $t
C:\Users\zhmis\AppData\Local\Temp\ccGFTlIc.s:25     .text.pack_encoder_feedback:00000000 pack_encoder_feedback
C:\Users\zhmis\AppData\Local\Temp\ccGFTlIc.s:95     .text.pack_encoder_feedback:0000004c $d
C:\Users\zhmis\AppData\Local\Temp\ccGFTlIc.s:101    .text.pack_current_feedback:00000000 $t
C:\Users\zhmis\AppData\Local\Temp\ccGFTlIc.s:107    .text.pack_current_feedback:00000000 pack_current_feedback
C:\Users\zhmis\AppData\Local\Temp\ccGFTlIc.s:149    .text.pack_current_feedback:00000028 $d
C:\Users\zhmis\AppData\Local\Temp\ccGFTlIc.s:154    .text.sync_packet_handler:00000000 $t
C:\Users\zhmis\AppData\Local\Temp\ccGFTlIc.s:160    .text.sync_packet_handler:00000000 sync_packet_handler
C:\Users\zhmis\AppData\Local\Temp\ccGFTlIc.s:180    .text.sync_packet_handler:0000000c $d
C:\Users\zhmis\AppData\Local\Temp\ccGFTlIc.s:496    .text.sync_packet_handler:0000015c $d
C:\Users\zhmis\AppData\Local\Temp\ccGFTlIc.s:837    .bss.expected_packet:00000000 expected_packet
C:\Users\zhmis\AppData\Local\Temp\ccGFTlIc.s:886    .bss.packet_sync:00000000 packet_sync
C:\Users\zhmis\AppData\Local\Temp\ccGFTlIc.s:879    .bss.data_ctrl_unchecked:00000000 data_ctrl_unchecked
C:\Users\zhmis\AppData\Local\Temp\ccGFTlIc.s:893    .bss.uart_rx_dump_buffer:00000000 uart_rx_dump_buffer
C:\Users\zhmis\AppData\Local\Temp\ccGFTlIc.s:851    .bss.data_encoder:00000000 data_encoder
C:\Users\zhmis\AppData\Local\Temp\ccGFTlIc.s:844    .bss.data_current:00000000 data_current
C:\Users\zhmis\AppData\Local\Temp\ccGFTlIc.s:865    .bss.data_traj_n_unchecked:00000000 data_traj_n_unchecked
C:\Users\zhmis\AppData\Local\Temp\ccGFTlIc.s:510    .text.HAL_UART_RxCpltCallback:00000000 $t
C:\Users\zhmis\AppData\Local\Temp\ccGFTlIc.s:516    .text.HAL_UART_RxCpltCallback:00000000 HAL_UART_RxCpltCallback
C:\Users\zhmis\AppData\Local\Temp\ccGFTlIc.s:535    .text.HAL_UART_RxCpltCallback:0000000e $d
C:\Users\zhmis\AppData\Local\Temp\ccGFTlIc.s:547    .text.HAL_UART_RxCpltCallback:0000001a $t
C:\Users\zhmis\AppData\Local\Temp\ccGFTlIc.s:761    .text.HAL_UART_RxCpltCallback:00000128 $d
C:\Users\zhmis\AppData\Local\Temp\ccGFTlIc.s:825    .bss.failed_sync_packets_count:00000000 failed_sync_packets_count
C:\Users\zhmis\AppData\Local\Temp\ccGFTlIc.s:818    .bss.failed_data_packets_count:00000000 failed_data_packets_count
C:\Users\zhmis\AppData\Local\Temp\ccGFTlIc.s:872    .bss.data_ctrl:00000000 data_ctrl
C:\Users\zhmis\AppData\Local\Temp\ccGFTlIc.s:858    .bss.data_traj_n:00000000 data_traj_n
C:\Users\zhmis\AppData\Local\Temp\ccGFTlIc.s:831    .bss.chunk_counter:00000000 chunk_counter
C:\Users\zhmis\AppData\Local\Temp\ccGFTlIc.s:778    .text.HAL_UART_TxCpltCallback:00000000 $t
C:\Users\zhmis\AppData\Local\Temp\ccGFTlIc.s:784    .text.HAL_UART_TxCpltCallback:00000000 HAL_UART_TxCpltCallback
C:\Users\zhmis\AppData\Local\Temp\ccGFTlIc.s:809    .text.HAL_UART_TxCpltCallback:00000010 $d
C:\Users\zhmis\AppData\Local\Temp\ccGFTlIc.s:815    .bss.failed_data_packets_count:00000000 $d
C:\Users\zhmis\AppData\Local\Temp\ccGFTlIc.s:822    .bss.failed_sync_packets_count:00000000 $d
C:\Users\zhmis\AppData\Local\Temp\ccGFTlIc.s:832    .bss.chunk_counter:00000000 $d
C:\Users\zhmis\AppData\Local\Temp\ccGFTlIc.s:838    .bss.expected_packet:00000000 $d
C:\Users\zhmis\AppData\Local\Temp\ccGFTlIc.s:841    .bss.data_current:00000000 $d
C:\Users\zhmis\AppData\Local\Temp\ccGFTlIc.s:848    .bss.data_encoder:00000000 $d
C:\Users\zhmis\AppData\Local\Temp\ccGFTlIc.s:855    .bss.data_traj_n:00000000 $d
C:\Users\zhmis\AppData\Local\Temp\ccGFTlIc.s:862    .bss.data_traj_n_unchecked:00000000 $d
C:\Users\zhmis\AppData\Local\Temp\ccGFTlIc.s:869    .bss.data_ctrl:00000000 $d
C:\Users\zhmis\AppData\Local\Temp\ccGFTlIc.s:876    .bss.data_ctrl_unchecked:00000000 $d
C:\Users\zhmis\AppData\Local\Temp\ccGFTlIc.s:883    .bss.packet_sync:00000000 $d
C:\Users\zhmis\AppData\Local\Temp\ccGFTlIc.s:890    .bss.uart_rx_dump_buffer:00000000 $d
C:\Users\zhmis\AppData\Local\Temp\ccGFTlIc.s:197    .text.sync_packet_handler:0000001d $d
C:\Users\zhmis\AppData\Local\Temp\ccGFTlIc.s:197    .text.sync_packet_handler:0000001e $t

UNDEFINED SYMBOLS
encoder_getAngle_iq18
encoder_getVelocity_iq18
crc16_ccitt
servo1_g
servo2_g
current
HAL_UART_Receive_DMA
HAL_GPIO_WritePin
HAL_UART_Transmit_DMA
ARM GAS  C:\Users\zhmis\AppData\Local\Temp\ccGFTlIc.s 			page 25


system_enabled
huart3
crc8_ccitt
