ARM GAS  C:\Users\zhmis\AppData\Local\Temp\ccgYkBGk.s 			page 1


   1              		.cpu cortex-m3
   2              		.arch armv7-m
   3              		.fpu softvfp
   4              		.eabi_attribute 20, 1
   5              		.eabi_attribute 21, 1
   6              		.eabi_attribute 23, 3
   7              		.eabi_attribute 24, 1
   8              		.eabi_attribute 25, 1
   9              		.eabi_attribute 26, 1
  10              		.eabi_attribute 30, 1
  11              		.eabi_attribute 34, 1
  12              		.eabi_attribute 18, 4
  13              		.file	"servo_iq18.c"
  14              		.text
  15              	.Ltext0:
  16              		.cfi_sections	.debug_frame
  17              		.file 1 "Core/Src/servo_iq18.c"
  18              		.global	__aeabi_fmul
  19              		.global	__aeabi_f2iz
  20              		.global	__aeabi_fdiv
  21              		.section	.text.servo_iq18_base_init,"ax",%progbits
  22              		.align	1
  23              		.global	servo_iq18_base_init
  24              		.syntax unified
  25              		.thumb
  26              		.thumb_func
  28              	servo_iq18_base_init:
  29              	.LVL0:
  30              	.LFB65:
   1:Core/Src/servo_iq18.c **** /*
   2:Core/Src/servo_iq18.c ****  * servo_iq18.c
   3:Core/Src/servo_iq18.c ****  *
   4:Core/Src/servo_iq18.c ****  *  Created on: Dec 18, 2023
   5:Core/Src/servo_iq18.c ****  *      Author: zhmis
   6:Core/Src/servo_iq18.c ****  */
   7:Core/Src/servo_iq18.c **** #include "servo_iq18.h"
   8:Core/Src/servo_iq18.c **** 
   9:Core/Src/servo_iq18.c **** void servo_iq18_base_init(servo_iq18_t *servo, enum loops servoLoops,
  10:Core/Src/servo_iq18.c **** 		float motorSpeed, float gearRatio, uint8_t reverse) {
  31              		.loc 1 10 55 view -0
  32              		.cfi_startproc
  33              		@ args = 4, pretend = 0, frame = 0
  34              		@ frame_needed = 0, uses_anonymous_args = 0
  35              		.loc 1 10 55 is_stmt 0 view .LVU1
  36 0000 2DE9F041 		push	{r4, r5, r6, r7, r8, lr}
  37              		.cfi_def_cfa_offset 24
  38              		.cfi_offset 4, -24
  39              		.cfi_offset 5, -20
  40              		.cfi_offset 6, -16
  41              		.cfi_offset 7, -12
  42              		.cfi_offset 8, -8
  43              		.cfi_offset 14, -4
  44 0004 0446     		mov	r4, r0
  45 0006 0D46     		mov	r5, r1
  46 0008 1746     		mov	r7, r2
  47 000a 1E46     		mov	r6, r3
  48 000c 9DF81880 		ldrb	r8, [sp, #24]	@ zero_extendqisi2
ARM GAS  C:\Users\zhmis\AppData\Local\Temp\ccgYkBGk.s 			page 2


  11:Core/Src/servo_iq18.c **** 	servo->controllerLoops = servoLoops;
  49              		.loc 1 11 2 is_stmt 1 view .LVU2
  50              		.loc 1 11 25 is_stmt 0 view .LVU3
  51 0010 80F81911 		strb	r1, [r0, #281]
  12:Core/Src/servo_iq18.c **** 	servo->encoder.gearRatio = _IQ18(gearRatio);
  52              		.loc 1 12 2 is_stmt 1 view .LVU4
  53              		.loc 1 12 29 is_stmt 0 view .LVU5
  54 0014 4FF09141 		mov	r1, #1216348160
  55              	.LVL1:
  56              		.loc 1 12 29 view .LVU6
  57 0018 1846     		mov	r0, r3
  58              	.LVL2:
  59              		.loc 1 12 29 view .LVU7
  60 001a FFF7FEFF 		bl	__aeabi_fmul
  61              	.LVL3:
  62              		.loc 1 12 29 view .LVU8
  63 001e FFF7FEFF 		bl	__aeabi_f2iz
  64              	.LVL4:
  65              		.loc 1 12 27 view .LVU9
  66 0022 2062     		str	r0, [r4, #32]
  13:Core/Src/servo_iq18.c **** 	if (reverse) {
  67              		.loc 1 13 2 is_stmt 1 view .LVU10
  68              		.loc 1 13 5 is_stmt 0 view .LVU11
  69 0024 B8F1000F 		cmp	r8, #0
  70 0028 14D0     		beq	.L2
  14:Core/Src/servo_iq18.c **** 		servo->reverseFlag = -1;
  71              		.loc 1 14 3 is_stmt 1 view .LVU12
  72              		.loc 1 14 22 is_stmt 0 view .LVU13
  73 002a FF23     		movs	r3, #255
  74 002c 84F80831 		strb	r3, [r4, #264]
  75              	.L3:
  15:Core/Src/servo_iq18.c **** 	} else {
  16:Core/Src/servo_iq18.c **** 		servo->reverseFlag = 1;
  17:Core/Src/servo_iq18.c **** 	}
  18:Core/Src/servo_iq18.c **** 	servo->maxShaftSpeed = _IQ18(motorSpeed / gearRatio);
  76              		.loc 1 18 2 is_stmt 1 view .LVU14
  77              		.loc 1 18 25 is_stmt 0 view .LVU15
  78 0030 3146     		mov	r1, r6
  79 0032 3846     		mov	r0, r7
  80 0034 FFF7FEFF 		bl	__aeabi_fdiv
  81              	.LVL5:
  82 0038 4FF09141 		mov	r1, #1216348160
  83 003c FFF7FEFF 		bl	__aeabi_fmul
  84              	.LVL6:
  85 0040 FFF7FEFF 		bl	__aeabi_f2iz
  86              	.LVL7:
  87              		.loc 1 18 23 view .LVU16
  88 0044 C4F81C01 		str	r0, [r4, #284]
  19:Core/Src/servo_iq18.c **** 
  20:Core/Src/servo_iq18.c **** 	if (servoLoops != Single) {
  89              		.loc 1 20 2 is_stmt 1 view .LVU17
  90              		.loc 1 20 5 is_stmt 0 view .LVU18
  91 0048 15B1     		cbz	r5, .L1
  21:Core/Src/servo_iq18.c **** 		servo->pid_position.lowerLimit = -servo->maxShaftSpeed;
  92              		.loc 1 21 3 is_stmt 1 view .LVU19
  93              		.loc 1 21 36 is_stmt 0 view .LVU20
  94 004a 4342     		rsbs	r3, r0, #0
ARM GAS  C:\Users\zhmis\AppData\Local\Temp\ccgYkBGk.s 			page 3


  95              		.loc 1 21 34 view .LVU21
  96 004c E365     		str	r3, [r4, #92]
  22:Core/Src/servo_iq18.c **** 		servo->pid_position.upperLimit = servo->maxShaftSpeed;
  97              		.loc 1 22 3 is_stmt 1 view .LVU22
  98              		.loc 1 22 34 is_stmt 0 view .LVU23
  99 004e A065     		str	r0, [r4, #88]
 100              	.L1:
  23:Core/Src/servo_iq18.c **** 	}
  24:Core/Src/servo_iq18.c **** }
 101              		.loc 1 24 1 view .LVU24
 102 0050 BDE8F081 		pop	{r4, r5, r6, r7, r8, pc}
 103              	.LVL8:
 104              	.L2:
  16:Core/Src/servo_iq18.c **** 	}
 105              		.loc 1 16 3 is_stmt 1 view .LVU25
  16:Core/Src/servo_iq18.c **** 	}
 106              		.loc 1 16 22 is_stmt 0 view .LVU26
 107 0054 0123     		movs	r3, #1
 108 0056 84F80831 		strb	r3, [r4, #264]
 109 005a E9E7     		b	.L3
 110              		.cfi_endproc
 111              	.LFE65:
 113              		.section	.text.servo_iq18_encoder_init,"ax",%progbits
 114              		.align	1
 115              		.global	servo_iq18_encoder_init
 116              		.syntax unified
 117              		.thumb
 118              		.thumb_func
 120              	servo_iq18_encoder_init:
 121              	.LVL9:
 122              	.LFB66:
  25:Core/Src/servo_iq18.c **** 
  26:Core/Src/servo_iq18.c **** void servo_iq18_encoder_init(servo_iq18_t *servo, TIM_HandleTypeDef *htim,
  27:Core/Src/servo_iq18.c **** 		uint16_t CPR, uint8_t encoder_is_reversed) {
 123              		.loc 1 27 46 is_stmt 1 view -0
 124              		.cfi_startproc
 125              		@ args = 0, pretend = 0, frame = 0
 126              		@ frame_needed = 0, uses_anonymous_args = 0
 127              		.loc 1 27 46 is_stmt 0 view .LVU28
 128 0000 38B5     		push	{r3, r4, r5, lr}
 129              		.cfi_def_cfa_offset 16
 130              		.cfi_offset 3, -16
 131              		.cfi_offset 4, -12
 132              		.cfi_offset 5, -8
 133              		.cfi_offset 14, -4
 134 0002 0446     		mov	r4, r0
 135 0004 1D46     		mov	r5, r3
  28:Core/Src/servo_iq18.c **** 	servo->encoder.htim = htim;
 136              		.loc 1 28 2 is_stmt 1 view .LVU29
 137              		.loc 1 28 22 is_stmt 0 view .LVU30
 138 0006 0160     		str	r1, [r0]
  29:Core/Src/servo_iq18.c **** 	servo->encoder.countsPerRevolution = CPR;
 139              		.loc 1 29 2 is_stmt 1 view .LVU31
 140              		.loc 1 29 37 is_stmt 0 view .LVU32
 141 0008 8280     		strh	r2, [r0, #4]	@ movhi
  30:Core/Src/servo_iq18.c **** 	servo->encoder.filter = initEMA_iq18(VEL_EMA, 0);
 142              		.loc 1 30 2 is_stmt 1 view .LVU33
ARM GAS  C:\Users\zhmis\AppData\Local\Temp\ccgYkBGk.s 			page 4


 143              		.loc 1 30 26 is_stmt 0 view .LVU34
 144 000a 0021     		movs	r1, #0
 145              	.LVL10:
 146              		.loc 1 30 26 view .LVU35
 147 000c 0648     		ldr	r0, .L10
 148              	.LVL11:
 149              		.loc 1 30 26 view .LVU36
 150 000e FFF7FEFF 		bl	initEMA_iq18
 151              	.LVL12:
 152              		.loc 1 30 24 discriminator 1 view .LVU37
 153 0012 E062     		str	r0, [r4, #44]
  31:Core/Src/servo_iq18.c **** 	if(!encoder_is_reversed){
 154              		.loc 1 31 2 is_stmt 1 view .LVU38
 155              		.loc 1 31 4 is_stmt 0 view .LVU39
 156 0014 1DB9     		cbnz	r5, .L7
  32:Core/Src/servo_iq18.c **** 		servo->encoder.reverse_flag = 1;
 157              		.loc 1 32 3 is_stmt 1 view .LVU40
 158              		.loc 1 32 31 is_stmt 0 view .LVU41
 159 0016 0123     		movs	r3, #1
 160 0018 84F82830 		strb	r3, [r4, #40]
 161              	.L6:
  33:Core/Src/servo_iq18.c **** 	}else{
  34:Core/Src/servo_iq18.c **** 		servo->encoder.reverse_flag = -1;
  35:Core/Src/servo_iq18.c **** 	}
  36:Core/Src/servo_iq18.c **** }
 162              		.loc 1 36 1 view .LVU42
 163 001c 38BD     		pop	{r3, r4, r5, pc}
 164              	.LVL13:
 165              	.L7:
  34:Core/Src/servo_iq18.c **** 	}
 166              		.loc 1 34 3 is_stmt 1 view .LVU43
  34:Core/Src/servo_iq18.c **** 	}
 167              		.loc 1 34 31 is_stmt 0 view .LVU44
 168 001e FF23     		movs	r3, #255
 169 0020 84F82830 		strb	r3, [r4, #40]
 170              		.loc 1 36 1 view .LVU45
 171 0024 FAE7     		b	.L6
 172              	.L11:
 173 0026 00BF     		.align	2
 174              	.L10:
 175 0028 CDCCCC3E 		.word	1053609165
 176              		.cfi_endproc
 177              	.LFE66:
 179              		.section	.text.servo_iq18_driver_init,"ax",%progbits
 180              		.align	1
 181              		.global	servo_iq18_driver_init
 182              		.syntax unified
 183              		.thumb
 184              		.thumb_func
 186              	servo_iq18_driver_init:
 187              	.LVL14:
 188              	.LFB67:
  37:Core/Src/servo_iq18.c **** 
  38:Core/Src/servo_iq18.c **** void servo_iq18_driver_init(servo_iq18_t *servo, TIM_HandleTypeDef *htim,
  39:Core/Src/servo_iq18.c **** 		uint8_t timerChannel, GPIO_TypeDef *dir1_Port, uint32_t dir1_Pin,
  40:Core/Src/servo_iq18.c **** 		GPIO_TypeDef *dir2_Port, uint32_t dir2_Pin, uint16_t minDuty,
  41:Core/Src/servo_iq18.c **** 		uint16_t maxDuty) {
ARM GAS  C:\Users\zhmis\AppData\Local\Temp\ccgYkBGk.s 			page 5


 189              		.loc 1 41 21 is_stmt 1 view -0
 190              		.cfi_startproc
 191              		@ args = 20, pretend = 0, frame = 0
 192              		@ frame_needed = 0, uses_anonymous_args = 0
 193              		@ link register save eliminated.
  42:Core/Src/servo_iq18.c **** 	servo->driver.htim = htim;
 194              		.loc 1 42 2 view .LVU47
 195              		.loc 1 42 21 is_stmt 0 view .LVU48
 196 0000 C0F8E410 		str	r1, [r0, #228]
  43:Core/Src/servo_iq18.c **** 	servo->driver.timerChannel = timerChannel;
 197              		.loc 1 43 2 is_stmt 1 view .LVU49
 198              		.loc 1 43 29 is_stmt 0 view .LVU50
 199 0004 80F8E820 		strb	r2, [r0, #232]
  44:Core/Src/servo_iq18.c **** 	servo->driver.dir1_Port = dir1_Port;
 200              		.loc 1 44 2 is_stmt 1 view .LVU51
 201              		.loc 1 44 26 is_stmt 0 view .LVU52
 202 0008 C0F8F030 		str	r3, [r0, #240]
  45:Core/Src/servo_iq18.c **** 	servo->driver.dir1_Pin = dir1_Pin;
 203              		.loc 1 45 2 is_stmt 1 view .LVU53
 204              		.loc 1 45 25 is_stmt 0 view .LVU54
 205 000c 009B     		ldr	r3, [sp]
 206              	.LVL15:
 207              		.loc 1 45 25 view .LVU55
 208 000e C0F8EC30 		str	r3, [r0, #236]
  46:Core/Src/servo_iq18.c **** 	servo->driver.dir2_Port = dir2_Port;
 209              		.loc 1 46 2 is_stmt 1 view .LVU56
 210              		.loc 1 46 26 is_stmt 0 view .LVU57
 211 0012 019B     		ldr	r3, [sp, #4]
 212 0014 C0F8F830 		str	r3, [r0, #248]
  47:Core/Src/servo_iq18.c **** 	servo->driver.dir2_Pin = dir2_Pin;
 213              		.loc 1 47 2 is_stmt 1 view .LVU58
 214              		.loc 1 47 25 is_stmt 0 view .LVU59
 215 0018 029B     		ldr	r3, [sp, #8]
 216 001a C0F8F430 		str	r3, [r0, #244]
  48:Core/Src/servo_iq18.c **** 
  49:Core/Src/servo_iq18.c **** 	servo->driver.minDuty = minDuty;
 217              		.loc 1 49 2 is_stmt 1 view .LVU60
 218              		.loc 1 49 24 is_stmt 0 view .LVU61
 219 001e BDF80C30 		ldrh	r3, [sp, #12]
 220 0022 A0F8FE30 		strh	r3, [r0, #254]	@ movhi
  50:Core/Src/servo_iq18.c **** 	servo->driver.maxDuty = maxDuty;
 221              		.loc 1 50 2 is_stmt 1 view .LVU62
 222              		.loc 1 50 24 is_stmt 0 view .LVU63
 223 0026 BDF81030 		ldrh	r3, [sp, #16]
 224 002a A0F8FC30 		strh	r3, [r0, #252]	@ movhi
  51:Core/Src/servo_iq18.c **** 
  52:Core/Src/servo_iq18.c **** 	switch (servo->controllerLoops) {
 225              		.loc 1 52 2 is_stmt 1 view .LVU64
 226              		.loc 1 52 15 is_stmt 0 view .LVU65
 227 002e 90F81931 		ldrb	r3, [r0, #281]	@ zero_extendqisi2
 228              		.loc 1 52 2 view .LVU66
 229 0032 012B     		cmp	r3, #1
 230 0034 09D0     		beq	.L13
 231 0036 022B     		cmp	r3, #2
 232 0038 0FD0     		beq	.L14
 233 003a ABB9     		cbnz	r3, .L12
  53:Core/Src/servo_iq18.c **** 	case Single:
ARM GAS  C:\Users\zhmis\AppData\Local\Temp\ccgYkBGk.s 			page 6


  54:Core/Src/servo_iq18.c **** 		servo->pid_position.lowerLimit = _IQ18(-1);
 234              		.loc 1 54 3 is_stmt 1 view .LVU67
 235              		.loc 1 54 34 is_stmt 0 view .LVU68
 236 003c A3F58023 		sub	r3, r3, #262144
 237 0040 C365     		str	r3, [r0, #92]
  55:Core/Src/servo_iq18.c **** 		servo->pid_position.upperLimit = _IQ18(1);
 238              		.loc 1 55 3 is_stmt 1 view .LVU69
 239              		.loc 1 55 34 is_stmt 0 view .LVU70
 240 0042 4FF48023 		mov	r3, #262144
 241 0046 8365     		str	r3, [r0, #88]
  56:Core/Src/servo_iq18.c **** 		break;
 242              		.loc 1 56 3 is_stmt 1 view .LVU71
 243 0048 7047     		bx	lr
 244              	.L13:
  57:Core/Src/servo_iq18.c **** 	case Double:
  58:Core/Src/servo_iq18.c **** 		servo->pid_velocity.lowerLimit = _IQ18(-1);
 245              		.loc 1 58 3 view .LVU72
 246              		.loc 1 58 34 is_stmt 0 view .LVU73
 247 004a 084B     		ldr	r3, .L16
 248 004c C0F89830 		str	r3, [r0, #152]
  59:Core/Src/servo_iq18.c **** 		servo->pid_velocity.upperLimit = _IQ18(1);
 249              		.loc 1 59 3 is_stmt 1 view .LVU74
 250              		.loc 1 59 34 is_stmt 0 view .LVU75
 251 0050 4FF48023 		mov	r3, #262144
 252 0054 C0F89430 		str	r3, [r0, #148]
  60:Core/Src/servo_iq18.c **** 		break;
 253              		.loc 1 60 3 is_stmt 1 view .LVU76
 254 0058 7047     		bx	lr
 255              	.L14:
  61:Core/Src/servo_iq18.c **** 	case Triple:
  62:Core/Src/servo_iq18.c **** 		servo->pid_current.lowerLimit = _IQ18(-1);
 256              		.loc 1 62 3 view .LVU77
 257              		.loc 1 62 33 is_stmt 0 view .LVU78
 258 005a 044B     		ldr	r3, .L16
 259 005c C0F8D430 		str	r3, [r0, #212]
  63:Core/Src/servo_iq18.c **** 		servo->pid_current.upperLimit = _IQ18(1);
 260              		.loc 1 63 3 is_stmt 1 view .LVU79
 261              		.loc 1 63 33 is_stmt 0 view .LVU80
 262 0060 4FF48023 		mov	r3, #262144
 263 0064 C0F8D030 		str	r3, [r0, #208]
  64:Core/Src/servo_iq18.c **** 		break;
 264              		.loc 1 64 3 is_stmt 1 view .LVU81
 265              	.L12:
  65:Core/Src/servo_iq18.c **** 	default:
  66:Core/Src/servo_iq18.c **** 		break;
  67:Core/Src/servo_iq18.c **** 	}
  68:Core/Src/servo_iq18.c **** }
 266              		.loc 1 68 1 is_stmt 0 view .LVU82
 267 0068 7047     		bx	lr
 268              	.L17:
 269 006a 00BF     		.align	2
 270              	.L16:
 271 006c 0000FCFF 		.word	-262144
 272              		.cfi_endproc
 273              	.LFE67:
 275              		.section	.text.servo_iq18_position_init,"ax",%progbits
 276              		.align	1
ARM GAS  C:\Users\zhmis\AppData\Local\Temp\ccgYkBGk.s 			page 7


 277              		.global	servo_iq18_position_init
 278              		.syntax unified
 279              		.thumb
 280              		.thumb_func
 282              	servo_iq18_position_init:
 283              	.LVL16:
 284              	.LFB68:
  69:Core/Src/servo_iq18.c **** 
  70:Core/Src/servo_iq18.c **** void servo_iq18_position_init(servo_iq18_t *servo, float kp, float ki, float kd,
  71:Core/Src/servo_iq18.c **** 		float dt, float kb) {
 285              		.loc 1 71 23 is_stmt 1 view -0
 286              		.cfi_startproc
 287              		@ args = 8, pretend = 0, frame = 0
 288              		@ frame_needed = 0, uses_anonymous_args = 0
 289              		.loc 1 71 23 is_stmt 0 view .LVU84
 290 0000 70B5     		push	{r4, r5, r6, lr}
 291              		.cfi_def_cfa_offset 16
 292              		.cfi_offset 4, -16
 293              		.cfi_offset 5, -12
 294              		.cfi_offset 6, -8
 295              		.cfi_offset 14, -4
 296 0002 0446     		mov	r4, r0
 297 0004 0846     		mov	r0, r1
 298              	.LVL17:
 299              		.loc 1 71 23 view .LVU85
 300 0006 1646     		mov	r6, r2
 301 0008 1D46     		mov	r5, r3
  72:Core/Src/servo_iq18.c **** 	servo->pid_position.kp = _IQ18(kp);
 302              		.loc 1 72 2 is_stmt 1 view .LVU86
 303              		.loc 1 72 27 is_stmt 0 view .LVU87
 304 000a 4FF09141 		mov	r1, #1216348160
 305              	.LVL18:
 306              		.loc 1 72 27 view .LVU88
 307 000e FFF7FEFF 		bl	__aeabi_fmul
 308              	.LVL19:
 309              		.loc 1 72 27 view .LVU89
 310 0012 FFF7FEFF 		bl	__aeabi_f2iz
 311              	.LVL20:
 312              		.loc 1 72 25 view .LVU90
 313 0016 6063     		str	r0, [r4, #52]
  73:Core/Src/servo_iq18.c **** 	servo->pid_position.ki = _IQ18(ki);
 314              		.loc 1 73 2 is_stmt 1 view .LVU91
 315              		.loc 1 73 27 is_stmt 0 view .LVU92
 316 0018 4FF09141 		mov	r1, #1216348160
 317 001c 3046     		mov	r0, r6
 318 001e FFF7FEFF 		bl	__aeabi_fmul
 319              	.LVL21:
 320 0022 FFF7FEFF 		bl	__aeabi_f2iz
 321              	.LVL22:
 322              		.loc 1 73 25 view .LVU93
 323 0026 A063     		str	r0, [r4, #56]
  74:Core/Src/servo_iq18.c **** 	servo->pid_position.kd = _IQ18(kd);
 324              		.loc 1 74 2 is_stmt 1 view .LVU94
 325              		.loc 1 74 27 is_stmt 0 view .LVU95
 326 0028 4FF09141 		mov	r1, #1216348160
 327 002c 2846     		mov	r0, r5
 328 002e FFF7FEFF 		bl	__aeabi_fmul
ARM GAS  C:\Users\zhmis\AppData\Local\Temp\ccgYkBGk.s 			page 8


 329              	.LVL23:
 330 0032 FFF7FEFF 		bl	__aeabi_f2iz
 331              	.LVL24:
 332              		.loc 1 74 25 view .LVU96
 333 0036 E063     		str	r0, [r4, #60]
  75:Core/Src/servo_iq18.c **** 	servo->pid_position.dt = _IQ18(dt);
 334              		.loc 1 75 2 is_stmt 1 view .LVU97
 335              		.loc 1 75 27 is_stmt 0 view .LVU98
 336 0038 4FF09141 		mov	r1, #1216348160
 337 003c 0498     		ldr	r0, [sp, #16]	@ float
 338 003e FFF7FEFF 		bl	__aeabi_fmul
 339              	.LVL25:
 340 0042 FFF7FEFF 		bl	__aeabi_f2iz
 341              	.LVL26:
 342              		.loc 1 75 25 view .LVU99
 343 0046 6065     		str	r0, [r4, #84]
  76:Core/Src/servo_iq18.c **** 	servo->pid_position.kb = _IQ18(kb);
 344              		.loc 1 76 2 is_stmt 1 view .LVU100
 345              		.loc 1 76 27 is_stmt 0 view .LVU101
 346 0048 4FF09141 		mov	r1, #1216348160
 347 004c 0598     		ldr	r0, [sp, #20]	@ float
 348 004e FFF7FEFF 		bl	__aeabi_fmul
 349              	.LVL27:
 350 0052 FFF7FEFF 		bl	__aeabi_f2iz
 351              	.LVL28:
 352              		.loc 1 76 25 view .LVU102
 353 0056 2064     		str	r0, [r4, #64]
  77:Core/Src/servo_iq18.c **** }
 354              		.loc 1 77 1 view .LVU103
 355 0058 70BD     		pop	{r4, r5, r6, pc}
 356              		.loc 1 77 1 view .LVU104
 357              		.cfi_endproc
 358              	.LFE68:
 360              		.section	.text.servo_iq18_velocity_init,"ax",%progbits
 361              		.align	1
 362              		.global	servo_iq18_velocity_init
 363              		.syntax unified
 364              		.thumb
 365              		.thumb_func
 367              	servo_iq18_velocity_init:
 368              	.LVL29:
 369              	.LFB69:
  78:Core/Src/servo_iq18.c **** 
  79:Core/Src/servo_iq18.c **** void servo_iq18_velocity_init(servo_iq18_t *servo, float kp, float ki, float kd,
  80:Core/Src/servo_iq18.c **** 		float dt, float kb) {
 370              		.loc 1 80 23 is_stmt 1 view -0
 371              		.cfi_startproc
 372              		@ args = 8, pretend = 0, frame = 0
 373              		@ frame_needed = 0, uses_anonymous_args = 0
 374              		.loc 1 80 23 is_stmt 0 view .LVU106
 375 0000 70B5     		push	{r4, r5, r6, lr}
 376              		.cfi_def_cfa_offset 16
 377              		.cfi_offset 4, -16
 378              		.cfi_offset 5, -12
 379              		.cfi_offset 6, -8
 380              		.cfi_offset 14, -4
 381 0002 0446     		mov	r4, r0
ARM GAS  C:\Users\zhmis\AppData\Local\Temp\ccgYkBGk.s 			page 9


 382 0004 0846     		mov	r0, r1
 383              	.LVL30:
 384              		.loc 1 80 23 view .LVU107
 385 0006 1646     		mov	r6, r2
 386 0008 1D46     		mov	r5, r3
  81:Core/Src/servo_iq18.c **** 	servo->pid_velocity.kp = _IQ18(kp);
 387              		.loc 1 81 2 is_stmt 1 view .LVU108
 388              		.loc 1 81 27 is_stmt 0 view .LVU109
 389 000a 4FF09141 		mov	r1, #1216348160
 390              	.LVL31:
 391              		.loc 1 81 27 view .LVU110
 392 000e FFF7FEFF 		bl	__aeabi_fmul
 393              	.LVL32:
 394              		.loc 1 81 27 view .LVU111
 395 0012 FFF7FEFF 		bl	__aeabi_f2iz
 396              	.LVL33:
 397              		.loc 1 81 25 view .LVU112
 398 0016 2067     		str	r0, [r4, #112]
  82:Core/Src/servo_iq18.c **** 	servo->pid_velocity.ki = _IQ18(ki);
 399              		.loc 1 82 2 is_stmt 1 view .LVU113
 400              		.loc 1 82 27 is_stmt 0 view .LVU114
 401 0018 4FF09141 		mov	r1, #1216348160
 402 001c 3046     		mov	r0, r6
 403 001e FFF7FEFF 		bl	__aeabi_fmul
 404              	.LVL34:
 405 0022 FFF7FEFF 		bl	__aeabi_f2iz
 406              	.LVL35:
 407              		.loc 1 82 25 view .LVU115
 408 0026 6067     		str	r0, [r4, #116]
  83:Core/Src/servo_iq18.c **** 	servo->pid_velocity.kd = _IQ18(kd);
 409              		.loc 1 83 2 is_stmt 1 view .LVU116
 410              		.loc 1 83 27 is_stmt 0 view .LVU117
 411 0028 4FF09141 		mov	r1, #1216348160
 412 002c 2846     		mov	r0, r5
 413 002e FFF7FEFF 		bl	__aeabi_fmul
 414              	.LVL36:
 415 0032 FFF7FEFF 		bl	__aeabi_f2iz
 416              	.LVL37:
 417              		.loc 1 83 25 view .LVU118
 418 0036 A067     		str	r0, [r4, #120]
  84:Core/Src/servo_iq18.c **** 	servo->pid_velocity.dt = _IQ18(dt);
 419              		.loc 1 84 2 is_stmt 1 view .LVU119
 420              		.loc 1 84 27 is_stmt 0 view .LVU120
 421 0038 4FF09141 		mov	r1, #1216348160
 422 003c 0498     		ldr	r0, [sp, #16]	@ float
 423 003e FFF7FEFF 		bl	__aeabi_fmul
 424              	.LVL38:
 425 0042 FFF7FEFF 		bl	__aeabi_f2iz
 426              	.LVL39:
 427 0046 0546     		mov	r5, r0
 428              	.LVL40:
 429              		.loc 1 84 25 view .LVU121
 430 0048 C4F89000 		str	r0, [r4, #144]
  85:Core/Src/servo_iq18.c **** 	servo->pid_velocity.kb = _IQ18(kb);
 431              		.loc 1 85 2 is_stmt 1 view .LVU122
 432              		.loc 1 85 27 is_stmt 0 view .LVU123
 433 004c 4FF09141 		mov	r1, #1216348160
ARM GAS  C:\Users\zhmis\AppData\Local\Temp\ccgYkBGk.s 			page 10


 434 0050 0598     		ldr	r0, [sp, #20]	@ float
 435 0052 FFF7FEFF 		bl	__aeabi_fmul
 436              	.LVL41:
 437 0056 FFF7FEFF 		bl	__aeabi_f2iz
 438              	.LVL42:
 439              		.loc 1 85 25 view .LVU124
 440 005a E067     		str	r0, [r4, #124]
  86:Core/Src/servo_iq18.c **** 	servo->encoder.dt = _IQ18(dt);
 441              		.loc 1 86 2 is_stmt 1 view .LVU125
 442              		.loc 1 86 20 is_stmt 0 view .LVU126
 443 005c E561     		str	r5, [r4, #28]
  87:Core/Src/servo_iq18.c **** }
 444              		.loc 1 87 1 view .LVU127
 445 005e 70BD     		pop	{r4, r5, r6, pc}
 446              		.loc 1 87 1 view .LVU128
 447              		.cfi_endproc
 448              	.LFE69:
 450              		.section	.text.servo_iq18_current_init,"ax",%progbits
 451              		.align	1
 452              		.global	servo_iq18_current_init
 453              		.syntax unified
 454              		.thumb
 455              		.thumb_func
 457              	servo_iq18_current_init:
 458              	.LVL43:
 459              	.LFB70:
  88:Core/Src/servo_iq18.c **** 
  89:Core/Src/servo_iq18.c **** void servo_iq18_current_init(servo_iq18_t *servo, float ratedCurrent, float kp,
  90:Core/Src/servo_iq18.c **** 		float ki, float kd, float dt, float kb) {
 460              		.loc 1 90 43 is_stmt 1 view -0
 461              		.cfi_startproc
 462              		@ args = 12, pretend = 0, frame = 0
 463              		@ frame_needed = 0, uses_anonymous_args = 0
 464              		.loc 1 90 43 is_stmt 0 view .LVU130
 465 0000 70B5     		push	{r4, r5, r6, lr}
 466              		.cfi_def_cfa_offset 16
 467              		.cfi_offset 4, -16
 468              		.cfi_offset 5, -12
 469              		.cfi_offset 6, -8
 470              		.cfi_offset 14, -4
 471 0002 0446     		mov	r4, r0
 472 0004 0D46     		mov	r5, r1
 473 0006 1E46     		mov	r6, r3
  91:Core/Src/servo_iq18.c **** 	servo->pid_current.kp = _IQ18(kp);
 474              		.loc 1 91 2 is_stmt 1 view .LVU131
 475              		.loc 1 91 26 is_stmt 0 view .LVU132
 476 0008 4FF09141 		mov	r1, #1216348160
 477              	.LVL44:
 478              		.loc 1 91 26 view .LVU133
 479 000c 1046     		mov	r0, r2
 480              	.LVL45:
 481              		.loc 1 91 26 view .LVU134
 482 000e FFF7FEFF 		bl	__aeabi_fmul
 483              	.LVL46:
 484              		.loc 1 91 26 view .LVU135
 485 0012 FFF7FEFF 		bl	__aeabi_f2iz
 486              	.LVL47:
ARM GAS  C:\Users\zhmis\AppData\Local\Temp\ccgYkBGk.s 			page 11


 487              		.loc 1 91 24 view .LVU136
 488 0016 C4F8AC00 		str	r0, [r4, #172]
  92:Core/Src/servo_iq18.c **** 	servo->pid_current.ki = _IQ18(ki);
 489              		.loc 1 92 2 is_stmt 1 view .LVU137
 490              		.loc 1 92 26 is_stmt 0 view .LVU138
 491 001a 4FF09141 		mov	r1, #1216348160
 492 001e 3046     		mov	r0, r6
 493 0020 FFF7FEFF 		bl	__aeabi_fmul
 494              	.LVL48:
 495 0024 FFF7FEFF 		bl	__aeabi_f2iz
 496              	.LVL49:
 497              		.loc 1 92 24 view .LVU139
 498 0028 C4F8B000 		str	r0, [r4, #176]
  93:Core/Src/servo_iq18.c **** 	servo->pid_current.kd = _IQ18(kd);
 499              		.loc 1 93 2 is_stmt 1 view .LVU140
 500              		.loc 1 93 26 is_stmt 0 view .LVU141
 501 002c 4FF09141 		mov	r1, #1216348160
 502 0030 0498     		ldr	r0, [sp, #16]	@ float
 503 0032 FFF7FEFF 		bl	__aeabi_fmul
 504              	.LVL50:
 505 0036 FFF7FEFF 		bl	__aeabi_f2iz
 506              	.LVL51:
 507              		.loc 1 93 24 view .LVU142
 508 003a C4F8B400 		str	r0, [r4, #180]
  94:Core/Src/servo_iq18.c **** 	servo->pid_current.dt = _IQ18(dt);
 509              		.loc 1 94 2 is_stmt 1 view .LVU143
 510              		.loc 1 94 26 is_stmt 0 view .LVU144
 511 003e 4FF09141 		mov	r1, #1216348160
 512 0042 0598     		ldr	r0, [sp, #20]	@ float
 513 0044 FFF7FEFF 		bl	__aeabi_fmul
 514              	.LVL52:
 515 0048 FFF7FEFF 		bl	__aeabi_f2iz
 516              	.LVL53:
 517              		.loc 1 94 24 view .LVU145
 518 004c C4F8CC00 		str	r0, [r4, #204]
  95:Core/Src/servo_iq18.c **** 	servo->pid_current.kb = _IQ18(kb);
 519              		.loc 1 95 2 is_stmt 1 view .LVU146
 520              		.loc 1 95 26 is_stmt 0 view .LVU147
 521 0050 4FF09141 		mov	r1, #1216348160
 522 0054 0698     		ldr	r0, [sp, #24]	@ float
 523 0056 FFF7FEFF 		bl	__aeabi_fmul
 524              	.LVL54:
 525 005a FFF7FEFF 		bl	__aeabi_f2iz
 526              	.LVL55:
 527              		.loc 1 95 24 view .LVU148
 528 005e C4F8B800 		str	r0, [r4, #184]
  96:Core/Src/servo_iq18.c **** 	servo->maxCurrent = _IQ18(ratedCurrent);
 529              		.loc 1 96 2 is_stmt 1 view .LVU149
 530              		.loc 1 96 22 is_stmt 0 view .LVU150
 531 0062 4FF09141 		mov	r1, #1216348160
 532 0066 2846     		mov	r0, r5
 533 0068 FFF7FEFF 		bl	__aeabi_fmul
 534              	.LVL56:
 535 006c 0646     		mov	r6, r0
 536              	.LVL57:
 537              		.loc 1 96 22 view .LVU151
 538 006e FFF7FEFF 		bl	__aeabi_f2iz
ARM GAS  C:\Users\zhmis\AppData\Local\Temp\ccgYkBGk.s 			page 12


 539              	.LVL58:
 540              		.loc 1 96 20 view .LVU152
 541 0072 C4F82001 		str	r0, [r4, #288]
  97:Core/Src/servo_iq18.c **** 	if (servo->controllerLoops == Triple) {
 542              		.loc 1 97 2 is_stmt 1 view .LVU153
 543              		.loc 1 97 11 is_stmt 0 view .LVU154
 544 0076 94F81931 		ldrb	r3, [r4, #281]	@ zero_extendqisi2
 545              		.loc 1 97 5 view .LVU155
 546 007a 022B     		cmp	r3, #2
 547 007c 00D0     		beq	.L25
 548              	.LVL59:
 549              	.L22:
  98:Core/Src/servo_iq18.c **** 		servo->pid_velocity.lowerLimit = _IQ18(-ratedCurrent);
  99:Core/Src/servo_iq18.c **** 		servo->pid_velocity.upperLimit = _IQ18(ratedCurrent);
 100:Core/Src/servo_iq18.c **** 	}
 101:Core/Src/servo_iq18.c **** }
 550              		.loc 1 101 1 view .LVU156
 551 007e 70BD     		pop	{r4, r5, r6, pc}
 552              	.LVL60:
 553              	.L25:
 554              		.loc 1 101 1 view .LVU157
 555 0080 0546     		mov	r5, r0
 556              	.LVL61:
  98:Core/Src/servo_iq18.c **** 		servo->pid_velocity.lowerLimit = _IQ18(-ratedCurrent);
 557              		.loc 1 98 3 is_stmt 1 view .LVU158
  98:Core/Src/servo_iq18.c **** 		servo->pid_velocity.lowerLimit = _IQ18(-ratedCurrent);
 558              		.loc 1 98 36 is_stmt 0 view .LVU159
 559 0082 06F10040 		add	r0, r6, #-2147483648
 560 0086 FFF7FEFF 		bl	__aeabi_f2iz
 561              	.LVL62:
  98:Core/Src/servo_iq18.c **** 		servo->pid_velocity.lowerLimit = _IQ18(-ratedCurrent);
 562              		.loc 1 98 34 view .LVU160
 563 008a C4F89800 		str	r0, [r4, #152]
  99:Core/Src/servo_iq18.c **** 	}
 564              		.loc 1 99 3 is_stmt 1 view .LVU161
  99:Core/Src/servo_iq18.c **** 	}
 565              		.loc 1 99 34 is_stmt 0 view .LVU162
 566 008e C4F89450 		str	r5, [r4, #148]
 567              		.loc 1 101 1 view .LVU163
 568 0092 F4E7     		b	.L22
 569              		.cfi_endproc
 570              	.LFE70:
 572              		.section	.text.servo_iq18_setPositionTolerance,"ax",%progbits
 573              		.align	1
 574              		.global	servo_iq18_setPositionTolerance
 575              		.syntax unified
 576              		.thumb
 577              		.thumb_func
 579              	servo_iq18_setPositionTolerance:
 580              	.LVL63:
 581              	.LFB71:
 102:Core/Src/servo_iq18.c **** 
 103:Core/Src/servo_iq18.c **** void servo_iq18_setPositionTolerance(servo_iq18_t *servo, float tolerance) {
 582              		.loc 1 103 76 is_stmt 1 view -0
 583              		.cfi_startproc
 584              		@ args = 0, pretend = 0, frame = 0
 585              		@ frame_needed = 0, uses_anonymous_args = 0
ARM GAS  C:\Users\zhmis\AppData\Local\Temp\ccgYkBGk.s 			page 13


 586              		.loc 1 103 76 is_stmt 0 view .LVU165
 587 0000 10B5     		push	{r4, lr}
 588              		.cfi_def_cfa_offset 8
 589              		.cfi_offset 4, -8
 590              		.cfi_offset 14, -4
 591 0002 0446     		mov	r4, r0
 592 0004 0846     		mov	r0, r1
 593              	.LVL64:
 104:Core/Src/servo_iq18.c **** 	servo->pid_position.toleranceBand = _IQ18(tolerance);
 594              		.loc 1 104 2 is_stmt 1 view .LVU166
 595              		.loc 1 104 38 is_stmt 0 view .LVU167
 596 0006 4FF09141 		mov	r1, #1216348160
 597              	.LVL65:
 598              		.loc 1 104 38 view .LVU168
 599 000a FFF7FEFF 		bl	__aeabi_fmul
 600              	.LVL66:
 601              		.loc 1 104 38 view .LVU169
 602 000e FFF7FEFF 		bl	__aeabi_f2iz
 603              	.LVL67:
 604              		.loc 1 104 36 view .LVU170
 605 0012 6064     		str	r0, [r4, #68]
 105:Core/Src/servo_iq18.c **** }
 606              		.loc 1 105 1 view .LVU171
 607 0014 10BD     		pop	{r4, pc}
 608              		.loc 1 105 1 view .LVU172
 609              		.cfi_endproc
 610              	.LFE71:
 612              		.section	.text.servo_iq18_getState,"ax",%progbits
 613              		.align	1
 614              		.global	servo_iq18_getState
 615              		.syntax unified
 616              		.thumb
 617              		.thumb_func
 619              	servo_iq18_getState:
 620              	.LVL68:
 621              	.LFB72:
 106:Core/Src/servo_iq18.c **** 
 107:Core/Src/servo_iq18.c **** int servo_iq18_getState(servo_iq18_t *servo) {
 622              		.loc 1 107 46 is_stmt 1 view -0
 623              		.cfi_startproc
 624              		@ args = 0, pretend = 0, frame = 0
 625              		@ frame_needed = 0, uses_anonymous_args = 0
 626              		@ link register save eliminated.
 108:Core/Src/servo_iq18.c **** 	if (servo->pid_position.error == 0) {
 627              		.loc 1 108 2 view .LVU174
 628              		.loc 1 108 25 is_stmt 0 view .LVU175
 629 0000 006B     		ldr	r0, [r0, #48]
 630              	.LVL69:
 631              		.loc 1 108 5 view .LVU176
 632 0002 00B1     		cbz	r0, .L28
 109:Core/Src/servo_iq18.c **** 		return 0;
 110:Core/Src/servo_iq18.c **** 	}
 111:Core/Src/servo_iq18.c **** 	return 1;
 633              		.loc 1 111 9 view .LVU177
 634 0004 0120     		movs	r0, #1
 635              	.L28:
 112:Core/Src/servo_iq18.c **** }
ARM GAS  C:\Users\zhmis\AppData\Local\Temp\ccgYkBGk.s 			page 14


 636              		.loc 1 112 1 view .LVU178
 637 0006 7047     		bx	lr
 638              		.cfi_endproc
 639              	.LFE72:
 641              		.section	.text.servo_iq18_getDirection,"ax",%progbits
 642              		.align	1
 643              		.global	servo_iq18_getDirection
 644              		.syntax unified
 645              		.thumb
 646              		.thumb_func
 648              	servo_iq18_getDirection:
 649              	.LVL70:
 650              	.LFB73:
 113:Core/Src/servo_iq18.c **** int servo_iq18_getDirection(servo_iq18_t *servo) {
 651              		.loc 1 113 50 is_stmt 1 view -0
 652              		.cfi_startproc
 653              		@ args = 0, pretend = 0, frame = 0
 654              		@ frame_needed = 0, uses_anonymous_args = 0
 655              		@ link register save eliminated.
 114:Core/Src/servo_iq18.c **** 	if (servo->encoder.angularVelocity > 0) {
 656              		.loc 1 114 2 view .LVU180
 657              		.loc 1 114 20 is_stmt 0 view .LVU181
 658 0000 C368     		ldr	r3, [r0, #12]
 659              		.loc 1 114 5 view .LVU182
 660 0002 002B     		cmp	r3, #0
 661 0004 03DC     		bgt	.L34
 115:Core/Src/servo_iq18.c **** 		return 1 * servo->reverseFlag;
 116:Core/Src/servo_iq18.c **** 	}
 117:Core/Src/servo_iq18.c **** 	if (servo->encoder.angularVelocity < 0) {
 662              		.loc 1 117 2 is_stmt 1 view .LVU183
 663              		.loc 1 117 5 is_stmt 0 view .LVU184
 664 0006 002B     		cmp	r3, #0
 665 0008 04DB     		blt	.L35
 118:Core/Src/servo_iq18.c **** 		return -1 * servo->reverseFlag;
 119:Core/Src/servo_iq18.c **** 	}
 120:Core/Src/servo_iq18.c **** 	return 0;
 666              		.loc 1 120 9 view .LVU185
 667 000a 0020     		movs	r0, #0
 668              	.LVL71:
 121:Core/Src/servo_iq18.c **** }
 669              		.loc 1 121 1 view .LVU186
 670 000c 7047     		bx	lr
 671              	.LVL72:
 672              	.L34:
 115:Core/Src/servo_iq18.c **** 		return 1 * servo->reverseFlag;
 673              		.loc 1 115 3 is_stmt 1 view .LVU187
 115:Core/Src/servo_iq18.c **** 		return 1 * servo->reverseFlag;
 674              		.loc 1 115 19 is_stmt 0 view .LVU188
 675 000e 90F90801 		ldrsb	r0, [r0, #264]
 676              	.LVL73:
 115:Core/Src/servo_iq18.c **** 		return 1 * servo->reverseFlag;
 677              		.loc 1 115 12 view .LVU189
 678 0012 7047     		bx	lr
 679              	.LVL74:
 680              	.L35:
 118:Core/Src/servo_iq18.c **** 		return -1 * servo->reverseFlag;
 681              		.loc 1 118 3 is_stmt 1 view .LVU190
ARM GAS  C:\Users\zhmis\AppData\Local\Temp\ccgYkBGk.s 			page 15


 118:Core/Src/servo_iq18.c **** 		return -1 * servo->reverseFlag;
 682              		.loc 1 118 20 is_stmt 0 view .LVU191
 683 0014 90F90801 		ldrsb	r0, [r0, #264]
 684              	.LVL75:
 118:Core/Src/servo_iq18.c **** 		return -1 * servo->reverseFlag;
 685              		.loc 1 118 13 view .LVU192
 686 0018 4042     		rsbs	r0, r0, #0
 687 001a 7047     		bx	lr
 688              		.cfi_endproc
 689              	.LFE73:
 691              		.section	.text.servo_iq18_getCurrentDirection,"ax",%progbits
 692              		.align	1
 693              		.global	servo_iq18_getCurrentDirection
 694              		.syntax unified
 695              		.thumb
 696              		.thumb_func
 698              	servo_iq18_getCurrentDirection:
 699              	.LVL76:
 700              	.LFB74:
 122:Core/Src/servo_iq18.c **** 
 123:Core/Src/servo_iq18.c **** int servo_iq18_getCurrentDirection(servo_iq18_t *servo) {
 701              		.loc 1 123 57 is_stmt 1 view -0
 702              		.cfi_startproc
 703              		@ args = 0, pretend = 0, frame = 0
 704              		@ frame_needed = 0, uses_anonymous_args = 0
 705              		@ link register save eliminated.
 124:Core/Src/servo_iq18.c **** 	return servo->driver.dir;
 706              		.loc 1 124 2 view .LVU194
 125:Core/Src/servo_iq18.c **** }
 707              		.loc 1 125 1 is_stmt 0 view .LVU195
 708 0000 90F90401 		ldrsb	r0, [r0, #260]
 709              	.LVL77:
 710              		.loc 1 125 1 view .LVU196
 711 0004 7047     		bx	lr
 712              		.cfi_endproc
 713              	.LFE74:
 715              		.section	.text.servo_iq18_positionLoop,"ax",%progbits
 716              		.align	1
 717              		.global	servo_iq18_positionLoop
 718              		.syntax unified
 719              		.thumb
 720              		.thumb_func
 722              	servo_iq18_positionLoop:
 723              	.LVL78:
 724              	.LFB75:
 126:Core/Src/servo_iq18.c **** 
 127:Core/Src/servo_iq18.c **** void servo_iq18_positionLoop(servo_iq18_t *servo) {
 725              		.loc 1 127 51 is_stmt 1 view -0
 726              		.cfi_startproc
 727              		@ args = 0, pretend = 0, frame = 0
 728              		@ frame_needed = 0, uses_anonymous_args = 0
 729              		.loc 1 127 51 is_stmt 0 view .LVU198
 730 0000 70B5     		push	{r4, r5, r6, lr}
 731              		.cfi_def_cfa_offset 16
 732              		.cfi_offset 4, -16
 733              		.cfi_offset 5, -12
 734              		.cfi_offset 6, -8
ARM GAS  C:\Users\zhmis\AppData\Local\Temp\ccgYkBGk.s 			page 16


 735              		.cfi_offset 14, -4
 736 0002 0446     		mov	r4, r0
 128:Core/Src/servo_iq18.c **** //	encoder_updatePosition_iq18(&servo->encoder);
 129:Core/Src/servo_iq18.c **** 
 130:Core/Src/servo_iq18.c **** 	switch (servo->currentMode) {
 737              		.loc 1 130 2 is_stmt 1 view .LVU199
 738              		.loc 1 130 15 is_stmt 0 view .LVU200
 739 0004 90F81A31 		ldrb	r3, [r0, #282]	@ zero_extendqisi2
 740              		.loc 1 130 2 view .LVU201
 741 0008 012B     		cmp	r3, #1
 742 000a 06D0     		beq	.L42
 131:Core/Src/servo_iq18.c **** 	case Position: {
 132:Core/Src/servo_iq18.c **** 		pid_iq18_calculate(&servo->pid_position, servo->positionSetpoint,
 133:Core/Src/servo_iq18.c **** 				encoder_getAngle_iq18(&servo->encoder));
 134:Core/Src/servo_iq18.c **** 		if (servo->controllerLoops == Single) {
 135:Core/Src/servo_iq18.c **** 			int32_t duty = (int32_t) (((int64_t) pid_iq18_getOutput(
 136:Core/Src/servo_iq18.c **** 					&servo->pid_position) * servo->driver.maxDuty) >> 18);
 137:Core/Src/servo_iq18.c **** 			pwm_setSpeed(&servo->driver, duty);
 138:Core/Src/servo_iq18.c **** 		} else {
 139:Core/Src/servo_iq18.c **** 			servo->velocitySetpoint = pid_iq18_getOutput(&servo->pid_position);
 140:Core/Src/servo_iq18.c **** 		}
 141:Core/Src/servo_iq18.c **** 		break;
 142:Core/Src/servo_iq18.c **** 	}
 143:Core/Src/servo_iq18.c **** 	default: {
 144:Core/Src/servo_iq18.c **** 		pid_iq18_reset(&servo->pid_position);
 743              		.loc 1 144 3 is_stmt 1 view .LVU202
 744 000c 3030     		adds	r0, r0, #48
 745              	.LVL79:
 746              		.loc 1 144 3 is_stmt 0 view .LVU203
 747 000e FFF7FEFF 		bl	pid_iq18_reset
 748              	.LVL80:
 145:Core/Src/servo_iq18.c **** 		servo->positionSetpoint = 0;
 749              		.loc 1 145 3 is_stmt 1 view .LVU204
 750              		.loc 1 145 27 is_stmt 0 view .LVU205
 751 0012 0023     		movs	r3, #0
 752 0014 C4F80C31 		str	r3, [r4, #268]
 146:Core/Src/servo_iq18.c **** 		break;
 753              		.loc 1 146 3 is_stmt 1 view .LVU206
 754              	.L37:
 147:Core/Src/servo_iq18.c **** 	}
 148:Core/Src/servo_iq18.c **** 	}
 149:Core/Src/servo_iq18.c **** }
 755              		.loc 1 149 1 is_stmt 0 view .LVU207
 756 0018 70BD     		pop	{r4, r5, r6, pc}
 757              	.LVL81:
 758              	.L42:
 132:Core/Src/servo_iq18.c **** 				encoder_getAngle_iq18(&servo->encoder));
 759              		.loc 1 132 3 is_stmt 1 view .LVU208
 760 001a 00F13005 		add	r5, r0, #48
 761 001e D0F80C61 		ldr	r6, [r0, #268]
 762 0022 FFF7FEFF 		bl	encoder_getAngle_iq18
 763              	.LVL82:
 132:Core/Src/servo_iq18.c **** 				encoder_getAngle_iq18(&servo->encoder));
 764              		.loc 1 132 3 is_stmt 0 view .LVU209
 765 0026 0246     		mov	r2, r0
 132:Core/Src/servo_iq18.c **** 				encoder_getAngle_iq18(&servo->encoder));
 766              		.loc 1 132 3 discriminator 1 view .LVU210
ARM GAS  C:\Users\zhmis\AppData\Local\Temp\ccgYkBGk.s 			page 17


 767 0028 3146     		mov	r1, r6
 768 002a 2846     		mov	r0, r5
 769 002c FFF7FEFF 		bl	pid_iq18_calculate
 770              	.LVL83:
 134:Core/Src/servo_iq18.c **** 			int32_t duty = (int32_t) (((int64_t) pid_iq18_getOutput(
 771              		.loc 1 134 3 is_stmt 1 view .LVU211
 134:Core/Src/servo_iq18.c **** 			int32_t duty = (int32_t) (((int64_t) pid_iq18_getOutput(
 772              		.loc 1 134 12 is_stmt 0 view .LVU212
 773 0030 94F81931 		ldrb	r3, [r4, #281]	@ zero_extendqisi2
 134:Core/Src/servo_iq18.c **** 			int32_t duty = (int32_t) (((int64_t) pid_iq18_getOutput(
 774              		.loc 1 134 6 view .LVU213
 775 0034 8BB9     		cbnz	r3, .L39
 776              	.LBB2:
 135:Core/Src/servo_iq18.c **** 					&servo->pid_position) * servo->driver.maxDuty) >> 18);
 777              		.loc 1 135 4 is_stmt 1 view .LVU214
 135:Core/Src/servo_iq18.c **** 					&servo->pid_position) * servo->driver.maxDuty) >> 18);
 778              		.loc 1 135 41 is_stmt 0 view .LVU215
 779 0036 2846     		mov	r0, r5
 780 0038 FFF7FEFF 		bl	pid_iq18_getOutput
 781              	.LVL84:
 135:Core/Src/servo_iq18.c **** 					&servo->pid_position) * servo->driver.maxDuty) >> 18);
 782              		.loc 1 135 31 discriminator 1 view .LVU216
 783 003c C217     		asrs	r2, r0, #31
 136:Core/Src/servo_iq18.c **** 			pwm_setSpeed(&servo->driver, duty);
 784              		.loc 1 136 43 view .LVU217
 785 003e B4F8FC30 		ldrh	r3, [r4, #252]
 136:Core/Src/servo_iq18.c **** 			pwm_setSpeed(&servo->driver, duty);
 786              		.loc 1 136 28 view .LVU218
 787 0042 A0FB0301 		umull	r0, r1, r0, r3
 788 0046 03FB0211 		mla	r1, r3, r2, r1
 136:Core/Src/servo_iq18.c **** 			pwm_setSpeed(&servo->driver, duty);
 789              		.loc 1 136 53 view .LVU219
 790 004a 800C     		lsrs	r0, r0, #18
 791              	.LVL85:
 137:Core/Src/servo_iq18.c **** 		} else {
 792              		.loc 1 137 4 is_stmt 1 view .LVU220
 793 004c 40EA8131 		orr	r1, r0, r1, lsl #14
 794              	.LVL86:
 137:Core/Src/servo_iq18.c **** 		} else {
 795              		.loc 1 137 4 is_stmt 0 view .LVU221
 796 0050 04F1E400 		add	r0, r4, #228
 797 0054 FFF7FEFF 		bl	pwm_setSpeed
 798              	.LVL87:
 137:Core/Src/servo_iq18.c **** 		} else {
 799              		.loc 1 137 4 view .LVU222
 800              	.LBE2:
 801 0058 DEE7     		b	.L37
 802              	.LVL88:
 803              	.L39:
 139:Core/Src/servo_iq18.c **** 		}
 804              		.loc 1 139 4 is_stmt 1 view .LVU223
 139:Core/Src/servo_iq18.c **** 		}
 805              		.loc 1 139 30 is_stmt 0 view .LVU224
 806 005a 2846     		mov	r0, r5
 807 005c FFF7FEFF 		bl	pid_iq18_getOutput
 808              	.LVL89:
 139:Core/Src/servo_iq18.c **** 		}
ARM GAS  C:\Users\zhmis\AppData\Local\Temp\ccgYkBGk.s 			page 18


 809              		.loc 1 139 28 discriminator 1 view .LVU225
 810 0060 C4F81001 		str	r0, [r4, #272]
 811 0064 D8E7     		b	.L37
 812              		.cfi_endproc
 813              	.LFE75:
 815              		.section	.text.servo_iq18_velocityLoop,"ax",%progbits
 816              		.align	1
 817              		.global	servo_iq18_velocityLoop
 818              		.syntax unified
 819              		.thumb
 820              		.thumb_func
 822              	servo_iq18_velocityLoop:
 823              	.LVL90:
 824              	.LFB76:
 150:Core/Src/servo_iq18.c **** 
 151:Core/Src/servo_iq18.c **** void servo_iq18_velocityLoop(servo_iq18_t *servo) {
 825              		.loc 1 151 51 is_stmt 1 view -0
 826              		.cfi_startproc
 827              		@ args = 0, pretend = 0, frame = 0
 828              		@ frame_needed = 0, uses_anonymous_args = 0
 829              		.loc 1 151 51 is_stmt 0 view .LVU227
 830 0000 38B5     		push	{r3, r4, r5, lr}
 831              		.cfi_def_cfa_offset 16
 832              		.cfi_offset 3, -16
 833              		.cfi_offset 4, -12
 834              		.cfi_offset 5, -8
 835              		.cfi_offset 14, -4
 836 0002 0446     		mov	r4, r0
 152:Core/Src/servo_iq18.c **** 	encoder_updatePosition_iq18(&servo->encoder);
 837              		.loc 1 152 2 is_stmt 1 view .LVU228
 838 0004 FFF7FEFF 		bl	encoder_updatePosition_iq18
 839              	.LVL91:
 153:Core/Src/servo_iq18.c **** 	encoder_updateVelocity_qep_iq18(&servo->encoder);
 840              		.loc 1 153 2 view .LVU229
 841 0008 2046     		mov	r0, r4
 842 000a FFF7FEFF 		bl	encoder_updateVelocity_qep_iq18
 843              	.LVL92:
 154:Core/Src/servo_iq18.c **** 	if (servo->currentMode != Current) {
 844              		.loc 1 154 2 view .LVU230
 845              		.loc 1 154 11 is_stmt 0 view .LVU231
 846 000e 94F81A31 		ldrb	r3, [r4, #282]	@ zero_extendqisi2
 847              		.loc 1 154 5 view .LVU232
 848 0012 032B     		cmp	r3, #3
 849 0014 0ED1     		bne	.L50
 850              	.L44:
 155:Core/Src/servo_iq18.c **** 		pid_iq18_calculate(&servo->pid_velocity, servo->velocitySetpoint,
 156:Core/Src/servo_iq18.c **** 				encoder_getVelocity_iq18(&servo->encoder));
 157:Core/Src/servo_iq18.c **** 	}
 158:Core/Src/servo_iq18.c **** 
 159:Core/Src/servo_iq18.c **** 	switch (servo->controllerLoops) {
 851              		.loc 1 159 2 is_stmt 1 view .LVU233
 852              		.loc 1 159 15 is_stmt 0 view .LVU234
 853 0016 94F81931 		ldrb	r3, [r4, #281]	@ zero_extendqisi2
 854              		.loc 1 159 2 view .LVU235
 855 001a 012B     		cmp	r3, #1
 856 001c 16D0     		beq	.L45
 857 001e 022B     		cmp	r3, #2
ARM GAS  C:\Users\zhmis\AppData\Local\Temp\ccgYkBGk.s 			page 19


 858 0020 27D0     		beq	.L46
 859 0022 33B9     		cbnz	r3, .L43
 860              	.LBB3:
 160:Core/Src/servo_iq18.c **** 	case Single:
 161:Core/Src/servo_iq18.c **** 		pid_iq18_reset(&servo->pid_velocity);
 861              		.loc 1 161 3 is_stmt 1 view .LVU236
 862 0024 04F16C00 		add	r0, r4, #108
 863 0028 FFF7FEFF 		bl	pid_iq18_reset
 864              	.LVL93:
 162:Core/Src/servo_iq18.c **** 		servo->velocitySetpoint = 0;
 865              		.loc 1 162 3 view .LVU237
 866              		.loc 1 162 27 is_stmt 0 view .LVU238
 867 002c 0023     		movs	r3, #0
 868 002e C4F81031 		str	r3, [r4, #272]
 163:Core/Src/servo_iq18.c **** 		break;
 869              		.loc 1 163 3 is_stmt 1 view .LVU239
 870              	.L43:
 871              	.LBE3:
 164:Core/Src/servo_iq18.c **** 	case Double:
 165:Core/Src/servo_iq18.c **** 		int32_t duty = (int32_t) (((int64_t) pid_iq18_getOutput(
 166:Core/Src/servo_iq18.c **** 				&servo->pid_velocity) * servo->driver.maxDuty) >> 18);
 167:Core/Src/servo_iq18.c **** 		pwm_setSpeed(&servo->driver, duty);
 168:Core/Src/servo_iq18.c **** 		break;
 169:Core/Src/servo_iq18.c **** 	case Triple:
 170:Core/Src/servo_iq18.c **** 		if (servo->currentMode != Current) {
 171:Core/Src/servo_iq18.c **** 			servo->currentSetpoint = pid_iq18_getOutput(&servo->pid_velocity);
 172:Core/Src/servo_iq18.c **** 		} else {
 173:Core/Src/servo_iq18.c **** 			pid_iq18_reset(&servo->pid_velocity);
 174:Core/Src/servo_iq18.c **** 			servo->velocitySetpoint = 0;
 175:Core/Src/servo_iq18.c **** 		}
 176:Core/Src/servo_iq18.c **** 		break;
 177:Core/Src/servo_iq18.c **** 	}
 178:Core/Src/servo_iq18.c **** }
 872              		.loc 1 178 1 is_stmt 0 view .LVU240
 873 0032 38BD     		pop	{r3, r4, r5, pc}
 874              	.LVL94:
 875              	.L50:
 155:Core/Src/servo_iq18.c **** 				encoder_getVelocity_iq18(&servo->encoder));
 876              		.loc 1 155 3 is_stmt 1 view .LVU241
 877 0034 D4F81051 		ldr	r5, [r4, #272]
 878 0038 2046     		mov	r0, r4
 879 003a FFF7FEFF 		bl	encoder_getVelocity_iq18
 880              	.LVL95:
 881 003e 0246     		mov	r2, r0
 155:Core/Src/servo_iq18.c **** 				encoder_getVelocity_iq18(&servo->encoder));
 882              		.loc 1 155 3 is_stmt 0 discriminator 1 view .LVU242
 883 0040 2946     		mov	r1, r5
 884 0042 04F16C00 		add	r0, r4, #108
 885 0046 FFF7FEFF 		bl	pid_iq18_calculate
 886              	.LVL96:
 887 004a E4E7     		b	.L44
 888              	.L45:
 889              	.LBB4:
 165:Core/Src/servo_iq18.c **** 				&servo->pid_velocity) * servo->driver.maxDuty) >> 18);
 890              		.loc 1 165 3 is_stmt 1 view .LVU243
 165:Core/Src/servo_iq18.c **** 				&servo->pid_velocity) * servo->driver.maxDuty) >> 18);
 891              		.loc 1 165 40 is_stmt 0 view .LVU244
ARM GAS  C:\Users\zhmis\AppData\Local\Temp\ccgYkBGk.s 			page 20


 892 004c 04F16C00 		add	r0, r4, #108
 893 0050 FFF7FEFF 		bl	pid_iq18_getOutput
 894              	.LVL97:
 165:Core/Src/servo_iq18.c **** 				&servo->pid_velocity) * servo->driver.maxDuty) >> 18);
 895              		.loc 1 165 30 discriminator 1 view .LVU245
 896 0054 C217     		asrs	r2, r0, #31
 166:Core/Src/servo_iq18.c **** 		pwm_setSpeed(&servo->driver, duty);
 897              		.loc 1 166 42 view .LVU246
 898 0056 B4F8FC30 		ldrh	r3, [r4, #252]
 166:Core/Src/servo_iq18.c **** 		pwm_setSpeed(&servo->driver, duty);
 899              		.loc 1 166 27 view .LVU247
 900 005a A0FB0301 		umull	r0, r1, r0, r3
 901 005e 03FB0211 		mla	r1, r3, r2, r1
 166:Core/Src/servo_iq18.c **** 		pwm_setSpeed(&servo->driver, duty);
 902              		.loc 1 166 52 view .LVU248
 903 0062 800C     		lsrs	r0, r0, #18
 904              	.LVL98:
 167:Core/Src/servo_iq18.c **** 		break;
 905              		.loc 1 167 3 is_stmt 1 view .LVU249
 906 0064 40EA8131 		orr	r1, r0, r1, lsl #14
 907              	.LVL99:
 167:Core/Src/servo_iq18.c **** 		break;
 908              		.loc 1 167 3 is_stmt 0 view .LVU250
 909 0068 04F1E400 		add	r0, r4, #228
 910 006c FFF7FEFF 		bl	pwm_setSpeed
 911              	.LVL100:
 168:Core/Src/servo_iq18.c **** 	case Triple:
 912              		.loc 1 168 3 is_stmt 1 view .LVU251
 913 0070 DFE7     		b	.L43
 914              	.LVL101:
 915              	.L46:
 170:Core/Src/servo_iq18.c **** 			servo->currentSetpoint = pid_iq18_getOutput(&servo->pid_velocity);
 916              		.loc 1 170 3 view .LVU252
 170:Core/Src/servo_iq18.c **** 			servo->currentSetpoint = pid_iq18_getOutput(&servo->pid_velocity);
 917              		.loc 1 170 12 is_stmt 0 view .LVU253
 918 0072 94F81A31 		ldrb	r3, [r4, #282]	@ zero_extendqisi2
 170:Core/Src/servo_iq18.c **** 			servo->currentSetpoint = pid_iq18_getOutput(&servo->pid_velocity);
 919              		.loc 1 170 6 view .LVU254
 920 0076 032B     		cmp	r3, #3
 921 0078 06D0     		beq	.L48
 171:Core/Src/servo_iq18.c **** 		} else {
 922              		.loc 1 171 4 is_stmt 1 view .LVU255
 171:Core/Src/servo_iq18.c **** 		} else {
 923              		.loc 1 171 29 is_stmt 0 view .LVU256
 924 007a 04F16C00 		add	r0, r4, #108
 925 007e FFF7FEFF 		bl	pid_iq18_getOutput
 926              	.LVL102:
 171:Core/Src/servo_iq18.c **** 		} else {
 927              		.loc 1 171 27 discriminator 1 view .LVU257
 928 0082 C4F81401 		str	r0, [r4, #276]
 929 0086 D4E7     		b	.L43
 930              	.L48:
 173:Core/Src/servo_iq18.c **** 			servo->velocitySetpoint = 0;
 931              		.loc 1 173 4 is_stmt 1 view .LVU258
 932 0088 04F16C00 		add	r0, r4, #108
 933 008c FFF7FEFF 		bl	pid_iq18_reset
 934              	.LVL103:
ARM GAS  C:\Users\zhmis\AppData\Local\Temp\ccgYkBGk.s 			page 21


 174:Core/Src/servo_iq18.c **** 		}
 935              		.loc 1 174 4 view .LVU259
 174:Core/Src/servo_iq18.c **** 		}
 936              		.loc 1 174 28 is_stmt 0 view .LVU260
 937 0090 0023     		movs	r3, #0
 938 0092 C4F81031 		str	r3, [r4, #272]
 939              	.LBE4:
 940              		.loc 1 178 1 view .LVU261
 941 0096 CCE7     		b	.L43
 942              		.cfi_endproc
 943              	.LFE76:
 945              		.section	.text.servo_iq18_currentLoop,"ax",%progbits
 946              		.align	1
 947              		.global	servo_iq18_currentLoop
 948              		.syntax unified
 949              		.thumb
 950              		.thumb_func
 952              	servo_iq18_currentLoop:
 953              	.LVL104:
 954              	.LFB77:
 179:Core/Src/servo_iq18.c **** 
 180:Core/Src/servo_iq18.c **** void servo_iq18_currentLoop(servo_iq18_t *servo, _iq18 currentFeedback) {
 955              		.loc 1 180 73 is_stmt 1 view -0
 956              		.cfi_startproc
 957              		@ args = 0, pretend = 0, frame = 0
 958              		@ frame_needed = 0, uses_anonymous_args = 0
 959              		.loc 1 180 73 is_stmt 0 view .LVU263
 960 0000 38B5     		push	{r3, r4, r5, lr}
 961              		.cfi_def_cfa_offset 16
 962              		.cfi_offset 3, -16
 963              		.cfi_offset 4, -12
 964              		.cfi_offset 5, -8
 965              		.cfi_offset 14, -4
 966 0002 0446     		mov	r4, r0
 181:Core/Src/servo_iq18.c **** 	if (servo->controllerLoops == Triple) {
 967              		.loc 1 181 2 is_stmt 1 view .LVU264
 968              		.loc 1 181 11 is_stmt 0 view .LVU265
 969 0004 90F81931 		ldrb	r3, [r0, #281]	@ zero_extendqisi2
 970              		.loc 1 181 5 view .LVU266
 971 0008 022B     		cmp	r3, #2
 972 000a 06D0     		beq	.L55
 182:Core/Src/servo_iq18.c **** 		pid_iq18_calculate(&servo->pid_current, servo->currentSetpoint,
 183:Core/Src/servo_iq18.c **** 				currentFeedback);
 184:Core/Src/servo_iq18.c **** 		int32_t duty = (int32_t) (((int64_t) pid_iq18_getOutput(
 185:Core/Src/servo_iq18.c **** 				&servo->pid_current) * servo->driver.maxDuty) >> 18);
 186:Core/Src/servo_iq18.c **** 		pwm_setSpeed(&servo->driver, duty);
 187:Core/Src/servo_iq18.c **** 	} else {
 188:Core/Src/servo_iq18.c **** 		pid_iq18_reset(&servo->pid_current);
 973              		.loc 1 188 3 is_stmt 1 view .LVU267
 974 000c A830     		adds	r0, r0, #168
 975              	.LVL105:
 976              		.loc 1 188 3 is_stmt 0 view .LVU268
 977 000e FFF7FEFF 		bl	pid_iq18_reset
 978              	.LVL106:
 189:Core/Src/servo_iq18.c **** 		servo->currentSetpoint = 0;
 979              		.loc 1 189 3 is_stmt 1 view .LVU269
 980              		.loc 1 189 26 is_stmt 0 view .LVU270
ARM GAS  C:\Users\zhmis\AppData\Local\Temp\ccgYkBGk.s 			page 22


 981 0012 0023     		movs	r3, #0
 982 0014 C4F81431 		str	r3, [r4, #276]
 983              	.L51:
 190:Core/Src/servo_iq18.c **** 	}
 191:Core/Src/servo_iq18.c **** }
 984              		.loc 1 191 1 view .LVU271
 985 0018 38BD     		pop	{r3, r4, r5, pc}
 986              	.LVL107:
 987              	.L55:
 988              	.LBB5:
 182:Core/Src/servo_iq18.c **** 				currentFeedback);
 989              		.loc 1 182 3 is_stmt 1 view .LVU272
 990 001a 00F1A805 		add	r5, r0, #168
 991 001e 0A46     		mov	r2, r1
 992 0020 D0F81411 		ldr	r1, [r0, #276]
 993              	.LVL108:
 182:Core/Src/servo_iq18.c **** 				currentFeedback);
 994              		.loc 1 182 3 is_stmt 0 view .LVU273
 995 0024 2846     		mov	r0, r5
 996              	.LVL109:
 182:Core/Src/servo_iq18.c **** 				currentFeedback);
 997              		.loc 1 182 3 view .LVU274
 998 0026 FFF7FEFF 		bl	pid_iq18_calculate
 999              	.LVL110:
 184:Core/Src/servo_iq18.c **** 				&servo->pid_current) * servo->driver.maxDuty) >> 18);
 1000              		.loc 1 184 3 is_stmt 1 view .LVU275
 184:Core/Src/servo_iq18.c **** 				&servo->pid_current) * servo->driver.maxDuty) >> 18);
 1001              		.loc 1 184 40 is_stmt 0 view .LVU276
 1002 002a 2846     		mov	r0, r5
 1003 002c FFF7FEFF 		bl	pid_iq18_getOutput
 1004              	.LVL111:
 184:Core/Src/servo_iq18.c **** 				&servo->pid_current) * servo->driver.maxDuty) >> 18);
 1005              		.loc 1 184 30 discriminator 1 view .LVU277
 1006 0030 C217     		asrs	r2, r0, #31
 185:Core/Src/servo_iq18.c **** 		pwm_setSpeed(&servo->driver, duty);
 1007              		.loc 1 185 41 view .LVU278
 1008 0032 B4F8FC30 		ldrh	r3, [r4, #252]
 185:Core/Src/servo_iq18.c **** 		pwm_setSpeed(&servo->driver, duty);
 1009              		.loc 1 185 26 view .LVU279
 1010 0036 A0FB0301 		umull	r0, r1, r0, r3
 1011 003a 03FB0211 		mla	r1, r3, r2, r1
 185:Core/Src/servo_iq18.c **** 		pwm_setSpeed(&servo->driver, duty);
 1012              		.loc 1 185 51 view .LVU280
 1013 003e 800C     		lsrs	r0, r0, #18
 1014              	.LVL112:
 186:Core/Src/servo_iq18.c **** 	} else {
 1015              		.loc 1 186 3 is_stmt 1 view .LVU281
 1016 0040 40EA8131 		orr	r1, r0, r1, lsl #14
 1017              	.LVL113:
 186:Core/Src/servo_iq18.c **** 	} else {
 1018              		.loc 1 186 3 is_stmt 0 view .LVU282
 1019 0044 04F1E400 		add	r0, r4, #228
 1020 0048 FFF7FEFF 		bl	pwm_setSpeed
 1021              	.LVL114:
 186:Core/Src/servo_iq18.c **** 	} else {
 1022              		.loc 1 186 3 view .LVU283
 1023              	.LBE5:
ARM GAS  C:\Users\zhmis\AppData\Local\Temp\ccgYkBGk.s 			page 23


 1024 004c E4E7     		b	.L51
 1025              		.cfi_endproc
 1026              	.LFE77:
 1028              		.section	.text.servo_iq18_controlPosition,"ax",%progbits
 1029              		.align	1
 1030              		.global	servo_iq18_controlPosition
 1031              		.syntax unified
 1032              		.thumb
 1033              		.thumb_func
 1035              	servo_iq18_controlPosition:
 1036              	.LVL115:
 1037              	.LFB78:
 192:Core/Src/servo_iq18.c **** 
 193:Core/Src/servo_iq18.c **** void servo_iq18_controlPosition(servo_iq18_t *servo, float setpoint) {
 1038              		.loc 1 193 70 is_stmt 1 view -0
 1039              		.cfi_startproc
 1040              		@ args = 0, pretend = 0, frame = 0
 1041              		@ frame_needed = 0, uses_anonymous_args = 0
 1042              		.loc 1 193 70 is_stmt 0 view .LVU285
 1043 0000 10B5     		push	{r4, lr}
 1044              		.cfi_def_cfa_offset 8
 1045              		.cfi_offset 4, -8
 1046              		.cfi_offset 14, -4
 1047 0002 0446     		mov	r4, r0
 1048 0004 0846     		mov	r0, r1
 1049              	.LVL116:
 194:Core/Src/servo_iq18.c **** 	servo->currentMode = Position;
 1050              		.loc 1 194 2 is_stmt 1 view .LVU286
 1051              		.loc 1 194 21 is_stmt 0 view .LVU287
 1052 0006 0123     		movs	r3, #1
 1053 0008 84F81A31 		strb	r3, [r4, #282]
 195:Core/Src/servo_iq18.c **** 	servo->positionSetpoint = _IQ18(setpoint) * servo->reverseFlag;
 1054              		.loc 1 195 2 is_stmt 1 view .LVU288
 1055              		.loc 1 195 28 is_stmt 0 view .LVU289
 1056 000c 4FF09141 		mov	r1, #1216348160
 1057              	.LVL117:
 1058              		.loc 1 195 28 view .LVU290
 1059 0010 FFF7FEFF 		bl	__aeabi_fmul
 1060              	.LVL118:
 1061              		.loc 1 195 28 view .LVU291
 1062 0014 FFF7FEFF 		bl	__aeabi_f2iz
 1063              	.LVL119:
 1064              		.loc 1 195 51 view .LVU292
 1065 0018 94F90831 		ldrsb	r3, [r4, #264]
 1066              		.loc 1 195 44 view .LVU293
 1067 001c 03FB00F0 		mul	r0, r3, r0
 1068              		.loc 1 195 26 view .LVU294
 1069 0020 C4F80C01 		str	r0, [r4, #268]
 196:Core/Src/servo_iq18.c **** }
 1070              		.loc 1 196 1 view .LVU295
 1071 0024 10BD     		pop	{r4, pc}
 1072              		.loc 1 196 1 view .LVU296
 1073              		.cfi_endproc
 1074              	.LFE78:
 1076              		.section	.text.servo_iq18_controlVelocity,"ax",%progbits
 1077              		.align	1
 1078              		.global	servo_iq18_controlVelocity
ARM GAS  C:\Users\zhmis\AppData\Local\Temp\ccgYkBGk.s 			page 24


 1079              		.syntax unified
 1080              		.thumb
 1081              		.thumb_func
 1083              	servo_iq18_controlVelocity:
 1084              	.LVL120:
 1085              	.LFB79:
 197:Core/Src/servo_iq18.c **** 
 198:Core/Src/servo_iq18.c **** void servo_iq18_controlVelocity(servo_iq18_t *servo, int16_t setpoint_q9) {
 1086              		.loc 1 198 75 is_stmt 1 view -0
 1087              		.cfi_startproc
 1088              		@ args = 0, pretend = 0, frame = 0
 1089              		@ frame_needed = 0, uses_anonymous_args = 0
 1090              		@ link register save eliminated.
 199:Core/Src/servo_iq18.c **** 	if (servo->controllerLoops != Single) {
 1091              		.loc 1 199 2 view .LVU298
 1092              		.loc 1 199 11 is_stmt 0 view .LVU299
 1093 0000 90F81931 		ldrb	r3, [r0, #281]	@ zero_extendqisi2
 1094              		.loc 1 199 5 view .LVU300
 1095 0004 8BB1     		cbz	r3, .L58
 1096              	.LBB6:
 200:Core/Src/servo_iq18.c **** 		servo->currentMode = Velocity;
 1097              		.loc 1 200 3 is_stmt 1 view .LVU301
 1098              		.loc 1 200 22 is_stmt 0 view .LVU302
 1099 0006 0223     		movs	r3, #2
 1100 0008 80F81A31 		strb	r3, [r0, #282]
 201:Core/Src/servo_iq18.c **** 		_iq18 vel_setp_iq18 = (_iq18)setpoint_q9 << 9;
 1101              		.loc 1 201 3 is_stmt 1 view .LVU303
 1102              		.loc 1 201 9 is_stmt 0 view .LVU304
 1103 000c 4902     		lsls	r1, r1, #9
 1104              	.LVL121:
 202:Core/Src/servo_iq18.c **** 		servo->velocitySetpoint = _IQsat(vel_setp_iq18 * servo->reverseFlag,
 1105              		.loc 1 202 3 is_stmt 1 view .LVU305
 1106              		.loc 1 202 29 is_stmt 0 view .LVU306
 1107 000e 90F90821 		ldrsb	r2, [r0, #264]
 1108 0012 01FB02F2 		mul	r2, r1, r2
 1109 0016 D0F81C31 		ldr	r3, [r0, #284]
 1110 001a 9A42     		cmp	r2, r3
 1111 001c 03DC     		bgt	.L60
 1112              		.loc 1 202 29 discriminator 2 view .LVU307
 1113 001e 5B42     		rsbs	r3, r3, #0
 1114 0020 9342     		cmp	r3, r2
 1115 0022 B8BF     		it	lt
 1116 0024 1346     		movlt	r3, r2
 1117              	.L60:
 1118              		.loc 1 202 27 discriminator 4 view .LVU308
 1119 0026 C0F81031 		str	r3, [r0, #272]
 1120              	.LVL122:
 1121              	.L58:
 1122              		.loc 1 202 27 discriminator 4 view .LVU309
 1123              	.LBE6:
 203:Core/Src/servo_iq18.c **** 				servo->maxShaftSpeed, -servo->maxShaftSpeed);
 204:Core/Src/servo_iq18.c **** 	}
 205:Core/Src/servo_iq18.c **** }
 1124              		.loc 1 205 1 view .LVU310
 1125 002a 7047     		bx	lr
 1126              		.cfi_endproc
 1127              	.LFE79:
ARM GAS  C:\Users\zhmis\AppData\Local\Temp\ccgYkBGk.s 			page 25


 1129              		.global	__aeabi_i2f
 1130              		.section	.text.servo_iq18_controlCurrent,"ax",%progbits
 1131              		.align	1
 1132              		.global	servo_iq18_controlCurrent
 1133              		.syntax unified
 1134              		.thumb
 1135              		.thumb_func
 1137              	servo_iq18_controlCurrent:
 1138              	.LVL123:
 1139              	.LFB80:
 206:Core/Src/servo_iq18.c **** 
 207:Core/Src/servo_iq18.c **** void servo_iq18_controlCurrent(servo_iq18_t *servo, float setpoint) {
 1140              		.loc 1 207 69 is_stmt 1 view -0
 1141              		.cfi_startproc
 1142              		@ args = 0, pretend = 0, frame = 0
 1143              		@ frame_needed = 0, uses_anonymous_args = 0
 1144              		.loc 1 207 69 is_stmt 0 view .LVU312
 1145 0000 38B5     		push	{r3, r4, r5, lr}
 1146              		.cfi_def_cfa_offset 16
 1147              		.cfi_offset 3, -16
 1148              		.cfi_offset 4, -12
 1149              		.cfi_offset 5, -8
 1150              		.cfi_offset 14, -4
 208:Core/Src/servo_iq18.c **** 	if (servo->controllerLoops == Triple) {
 1151              		.loc 1 208 2 is_stmt 1 view .LVU313
 1152              		.loc 1 208 11 is_stmt 0 view .LVU314
 1153 0002 90F81931 		ldrb	r3, [r0, #281]	@ zero_extendqisi2
 1154              		.loc 1 208 5 view .LVU315
 1155 0006 022B     		cmp	r3, #2
 1156 0008 00D0     		beq	.L65
 1157              	.LVL124:
 1158              	.L61:
 209:Core/Src/servo_iq18.c **** 		servo->currentMode = Current;
 210:Core/Src/servo_iq18.c **** 		servo->currentSetpoint = _IQsat(_IQ18(setpoint * servo->reverseFlag),
 211:Core/Src/servo_iq18.c **** 				servo->maxCurrent, -servo->maxCurrent);
 212:Core/Src/servo_iq18.c **** 	}
 213:Core/Src/servo_iq18.c **** }
 1159              		.loc 1 213 1 view .LVU316
 1160 000a 38BD     		pop	{r3, r4, r5, pc}
 1161              	.LVL125:
 1162              	.L65:
 1163              		.loc 1 213 1 view .LVU317
 1164 000c 0446     		mov	r4, r0
 1165 000e 0D46     		mov	r5, r1
 209:Core/Src/servo_iq18.c **** 		servo->currentMode = Current;
 1166              		.loc 1 209 3 is_stmt 1 view .LVU318
 209:Core/Src/servo_iq18.c **** 		servo->currentMode = Current;
 1167              		.loc 1 209 22 is_stmt 0 view .LVU319
 1168 0010 0323     		movs	r3, #3
 1169 0012 80F81A31 		strb	r3, [r0, #282]
 210:Core/Src/servo_iq18.c **** 				servo->maxCurrent, -servo->maxCurrent);
 1170              		.loc 1 210 3 is_stmt 1 view .LVU320
 210:Core/Src/servo_iq18.c **** 				servo->maxCurrent, -servo->maxCurrent);
 1171              		.loc 1 210 28 is_stmt 0 view .LVU321
 1172 0016 90F90801 		ldrsb	r0, [r0, #264]
 1173              	.LVL126:
 210:Core/Src/servo_iq18.c **** 				servo->maxCurrent, -servo->maxCurrent);
ARM GAS  C:\Users\zhmis\AppData\Local\Temp\ccgYkBGk.s 			page 26


 1174              		.loc 1 210 28 view .LVU322
 1175 001a FFF7FEFF 		bl	__aeabi_i2f
 1176              	.LVL127:
 210:Core/Src/servo_iq18.c **** 				servo->maxCurrent, -servo->maxCurrent);
 1177              		.loc 1 210 28 view .LVU323
 1178 001e 2946     		mov	r1, r5
 1179 0020 FFF7FEFF 		bl	__aeabi_fmul
 1180              	.LVL128:
 1181 0024 4FF09141 		mov	r1, #1216348160
 1182 0028 FFF7FEFF 		bl	__aeabi_fmul
 1183              	.LVL129:
 1184 002c FFF7FEFF 		bl	__aeabi_f2iz
 1185              	.LVL130:
 1186 0030 D4F82031 		ldr	r3, [r4, #288]
 1187 0034 9842     		cmp	r0, r3
 1188 0036 03DC     		bgt	.L63
 210:Core/Src/servo_iq18.c **** 				servo->maxCurrent, -servo->maxCurrent);
 1189              		.loc 1 210 28 discriminator 2 view .LVU324
 1190 0038 5B42     		rsbs	r3, r3, #0
 1191 003a 8342     		cmp	r3, r0
 1192 003c B8BF     		it	lt
 1193 003e 0346     		movlt	r3, r0
 1194              	.L63:
 210:Core/Src/servo_iq18.c **** 				servo->maxCurrent, -servo->maxCurrent);
 1195              		.loc 1 210 26 discriminator 4 view .LVU325
 1196 0040 C4F81431 		str	r3, [r4, #276]
 1197              		.loc 1 213 1 view .LVU326
 1198 0044 E1E7     		b	.L61
 1199              		.cfi_endproc
 1200              	.LFE80:
 1202              		.section	.text.servo_iq18_reset,"ax",%progbits
 1203              		.align	1
 1204              		.global	servo_iq18_reset
 1205              		.syntax unified
 1206              		.thumb
 1207              		.thumb_func
 1209              	servo_iq18_reset:
 1210              	.LVL131:
 1211              	.LFB81:
 214:Core/Src/servo_iq18.c **** 
 215:Core/Src/servo_iq18.c **** void servo_iq18_reset(servo_iq18_t *servo){
 1212              		.loc 1 215 43 is_stmt 1 view -0
 1213              		.cfi_startproc
 1214              		@ args = 0, pretend = 0, frame = 0
 1215              		@ frame_needed = 0, uses_anonymous_args = 0
 1216              		.loc 1 215 43 is_stmt 0 view .LVU328
 1217 0000 10B5     		push	{r4, lr}
 1218              		.cfi_def_cfa_offset 8
 1219              		.cfi_offset 4, -8
 1220              		.cfi_offset 14, -4
 1221 0002 0446     		mov	r4, r0
 216:Core/Src/servo_iq18.c **** 	encoder_reset_iq18(&servo->encoder);
 1222              		.loc 1 216 2 is_stmt 1 view .LVU329
 1223 0004 FFF7FEFF 		bl	encoder_reset_iq18
 1224              	.LVL132:
 217:Core/Src/servo_iq18.c **** 	pid_iq18_reset(&servo->pid_current);
 1225              		.loc 1 217 2 view .LVU330
ARM GAS  C:\Users\zhmis\AppData\Local\Temp\ccgYkBGk.s 			page 27


 1226 0008 04F1A800 		add	r0, r4, #168
 1227 000c FFF7FEFF 		bl	pid_iq18_reset
 1228              	.LVL133:
 218:Core/Src/servo_iq18.c **** 	pid_iq18_reset(&servo->pid_velocity);
 1229              		.loc 1 218 2 view .LVU331
 1230 0010 04F16C00 		add	r0, r4, #108
 1231 0014 FFF7FEFF 		bl	pid_iq18_reset
 1232              	.LVL134:
 219:Core/Src/servo_iq18.c **** 	pid_iq18_reset(&servo->pid_position);
 1233              		.loc 1 219 2 view .LVU332
 1234 0018 04F13000 		add	r0, r4, #48
 1235 001c FFF7FEFF 		bl	pid_iq18_reset
 1236              	.LVL135:
 220:Core/Src/servo_iq18.c **** }...
 1237              		.loc 1 220 1 is_stmt 0 view .LVU333
 1238 0020 10BD     		pop	{r4, pc}
 1239              		.loc 1 220 1 view .LVU334
 1240              		.cfi_endproc
 1241              	.LFE81:
 1243              		.text
 1244              	.Letext0:
 1245              		.file 2 "C:/Users/zhmis/AppData/Roaming/Code/User/globalStorage/bmd.stm32-for-vscode/@xpack-dev-to
 1246              		.file 3 "C:/Users/zhmis/AppData/Roaming/Code/User/globalStorage/bmd.stm32-for-vscode/@xpack-dev-to
 1247              		.file 4 "Drivers/CMSIS/Device/ST/STM32F1xx/Include/stm32f103xb.h"
 1248              		.file 5 "Drivers/STM32F1xx_HAL_Driver/Inc/stm32f1xx_hal_def.h"
 1249              		.file 6 "Drivers/STM32F1xx_HAL_Driver/Inc/stm32f1xx_hal_dma.h"
 1250              		.file 7 "Drivers/STM32F1xx_HAL_Driver/Inc/stm32f1xx_hal_tim.h"
 1251              		.file 8 "Core/Inc/IQmathLib.h"
 1252              		.file 9 "Core/Inc/ema_iq18.h"
 1253              		.file 10 "Core/Inc/encoder_iq18.h"
 1254              		.file 11 "Core/Inc/pid_iq18.h"
 1255              		.file 12 "Core/Inc/pwm.h"
 1256              		.file 13 "Core/Inc/servo_iq18.h"
ARM GAS  C:\Users\zhmis\AppData\Local\Temp\ccgYkBGk.s 			page 28


DEFINED SYMBOLS
                            *ABS*:00000000 servo_iq18.c
C:\Users\zhmis\AppData\Local\Temp\ccgYkBGk.s:22     .text.servo_iq18_base_init:00000000 $t
C:\Users\zhmis\AppData\Local\Temp\ccgYkBGk.s:28     .text.servo_iq18_base_init:00000000 servo_iq18_base_init
C:\Users\zhmis\AppData\Local\Temp\ccgYkBGk.s:114    .text.servo_iq18_encoder_init:00000000 $t
C:\Users\zhmis\AppData\Local\Temp\ccgYkBGk.s:120    .text.servo_iq18_encoder_init:00000000 servo_iq18_encoder_init
C:\Users\zhmis\AppData\Local\Temp\ccgYkBGk.s:175    .text.servo_iq18_encoder_init:00000028 $d
C:\Users\zhmis\AppData\Local\Temp\ccgYkBGk.s:180    .text.servo_iq18_driver_init:00000000 $t
C:\Users\zhmis\AppData\Local\Temp\ccgYkBGk.s:186    .text.servo_iq18_driver_init:00000000 servo_iq18_driver_init
C:\Users\zhmis\AppData\Local\Temp\ccgYkBGk.s:271    .text.servo_iq18_driver_init:0000006c $d
C:\Users\zhmis\AppData\Local\Temp\ccgYkBGk.s:276    .text.servo_iq18_position_init:00000000 $t
C:\Users\zhmis\AppData\Local\Temp\ccgYkBGk.s:282    .text.servo_iq18_position_init:00000000 servo_iq18_position_init
C:\Users\zhmis\AppData\Local\Temp\ccgYkBGk.s:361    .text.servo_iq18_velocity_init:00000000 $t
C:\Users\zhmis\AppData\Local\Temp\ccgYkBGk.s:367    .text.servo_iq18_velocity_init:00000000 servo_iq18_velocity_init
C:\Users\zhmis\AppData\Local\Temp\ccgYkBGk.s:451    .text.servo_iq18_current_init:00000000 $t
C:\Users\zhmis\AppData\Local\Temp\ccgYkBGk.s:457    .text.servo_iq18_current_init:00000000 servo_iq18_current_init
C:\Users\zhmis\AppData\Local\Temp\ccgYkBGk.s:573    .text.servo_iq18_setPositionTolerance:00000000 $t
C:\Users\zhmis\AppData\Local\Temp\ccgYkBGk.s:579    .text.servo_iq18_setPositionTolerance:00000000 servo_iq18_setPositionTolerance
C:\Users\zhmis\AppData\Local\Temp\ccgYkBGk.s:613    .text.servo_iq18_getState:00000000 $t
C:\Users\zhmis\AppData\Local\Temp\ccgYkBGk.s:619    .text.servo_iq18_getState:00000000 servo_iq18_getState
C:\Users\zhmis\AppData\Local\Temp\ccgYkBGk.s:642    .text.servo_iq18_getDirection:00000000 $t
C:\Users\zhmis\AppData\Local\Temp\ccgYkBGk.s:648    .text.servo_iq18_getDirection:00000000 servo_iq18_getDirection
C:\Users\zhmis\AppData\Local\Temp\ccgYkBGk.s:692    .text.servo_iq18_getCurrentDirection:00000000 $t
C:\Users\zhmis\AppData\Local\Temp\ccgYkBGk.s:698    .text.servo_iq18_getCurrentDirection:00000000 servo_iq18_getCurrentDirection
C:\Users\zhmis\AppData\Local\Temp\ccgYkBGk.s:716    .text.servo_iq18_positionLoop:00000000 $t
C:\Users\zhmis\AppData\Local\Temp\ccgYkBGk.s:722    .text.servo_iq18_positionLoop:00000000 servo_iq18_positionLoop
C:\Users\zhmis\AppData\Local\Temp\ccgYkBGk.s:816    .text.servo_iq18_velocityLoop:00000000 $t
C:\Users\zhmis\AppData\Local\Temp\ccgYkBGk.s:822    .text.servo_iq18_velocityLoop:00000000 servo_iq18_velocityLoop
C:\Users\zhmis\AppData\Local\Temp\ccgYkBGk.s:946    .text.servo_iq18_currentLoop:00000000 $t
C:\Users\zhmis\AppData\Local\Temp\ccgYkBGk.s:952    .text.servo_iq18_currentLoop:00000000 servo_iq18_currentLoop
C:\Users\zhmis\AppData\Local\Temp\ccgYkBGk.s:1029   .text.servo_iq18_controlPosition:00000000 $t
C:\Users\zhmis\AppData\Local\Temp\ccgYkBGk.s:1035   .text.servo_iq18_controlPosition:00000000 servo_iq18_controlPosition
C:\Users\zhmis\AppData\Local\Temp\ccgYkBGk.s:1077   .text.servo_iq18_controlVelocity:00000000 $t
C:\Users\zhmis\AppData\Local\Temp\ccgYkBGk.s:1083   .text.servo_iq18_controlVelocity:00000000 servo_iq18_controlVelocity
C:\Users\zhmis\AppData\Local\Temp\ccgYkBGk.s:1131   .text.servo_iq18_controlCurrent:00000000 $t
C:\Users\zhmis\AppData\Local\Temp\ccgYkBGk.s:1137   .text.servo_iq18_controlCurrent:00000000 servo_iq18_controlCurrent
C:\Users\zhmis\AppData\Local\Temp\ccgYkBGk.s:1203   .text.servo_iq18_reset:00000000 $t
C:\Users\zhmis\AppData\Local\Temp\ccgYkBGk.s:1209   .text.servo_iq18_reset:00000000 servo_iq18_reset

UNDEFINED SYMBOLS
__aeabi_fmul
__aeabi_f2iz
__aeabi_fdiv
initEMA_iq18
pid_iq18_reset
encoder_getAngle_iq18
pid_iq18_calculate
pid_iq18_getOutput
pwm_setSpeed
encoder_updatePosition_iq18
encoder_updateVelocity_qep_iq18
encoder_getVelocity_iq18
__aeabi_i2f
encoder_reset_iq18
