ARM GAS  C:\Users\zhmis\AppData\Local\Temp\ccjH8pXn.s 			page 1


   1              		.cpu cortex-m3
   2              		.arch armv7-m
   3              		.fpu softvfp
   4              		.eabi_attribute 20, 1
   5              		.eabi_attribute 21, 1
   6              		.eabi_attribute 23, 3
   7              		.eabi_attribute 24, 1
   8              		.eabi_attribute 25, 1
   9              		.eabi_attribute 26, 1
  10              		.eabi_attribute 30, 1
  11              		.eabi_attribute 34, 1
  12              		.eabi_attribute 18, 4
  13              		.file	"spi.c"
  14              		.text
  15              	.Ltext0:
  16              		.cfi_sections	.debug_frame
  17              		.file 1 "Core/Src/spi.c"
  18              		.section	.text.MX_SPI2_Init,"ax",%progbits
  19              		.align	1
  20              		.global	MX_SPI2_Init
  21              		.syntax unified
  22              		.thumb
  23              		.thumb_func
  25              	MX_SPI2_Init:
  26              	.LFB65:
   1:Core/Src/spi.c **** /* USER CODE BEGIN Header */
   2:Core/Src/spi.c **** /**
   3:Core/Src/spi.c ****   ******************************************************************************
   4:Core/Src/spi.c ****   * @file    spi.c
   5:Core/Src/spi.c ****   * @brief   This file provides code for the configuration
   6:Core/Src/spi.c ****   *          of the SPI instances.
   7:Core/Src/spi.c ****   ******************************************************************************
   8:Core/Src/spi.c ****   * @attention
   9:Core/Src/spi.c ****   *
  10:Core/Src/spi.c ****   * Copyright (c) 2023 STMicroelectronics.
  11:Core/Src/spi.c ****   * All rights reserved.
  12:Core/Src/spi.c ****   *
  13:Core/Src/spi.c ****   * This software is licensed under terms that can be found in the LICENSE file
  14:Core/Src/spi.c ****   * in the root directory of this software component.
  15:Core/Src/spi.c ****   * If no LICENSE file comes with this software, it is provided AS-IS.
  16:Core/Src/spi.c ****   *
  17:Core/Src/spi.c ****   ******************************************************************************
  18:Core/Src/spi.c ****   */
  19:Core/Src/spi.c **** /* USER CODE END Header */
  20:Core/Src/spi.c **** /* Includes ------------------------------------------------------------------*/
  21:Core/Src/spi.c **** #include "spi.h"
  22:Core/Src/spi.c **** 
  23:Core/Src/spi.c **** /* USER CODE BEGIN 0 */
  24:Core/Src/spi.c **** 
  25:Core/Src/spi.c **** /* USER CODE END 0 */
  26:Core/Src/spi.c **** 
  27:Core/Src/spi.c **** SPI_HandleTypeDef hspi2;
  28:Core/Src/spi.c **** 
  29:Core/Src/spi.c **** /* SPI2 init function */
  30:Core/Src/spi.c **** void MX_SPI2_Init(void)
  31:Core/Src/spi.c **** {
  27              		.loc 1 31 1 view -0
ARM GAS  C:\Users\zhmis\AppData\Local\Temp\ccjH8pXn.s 			page 2


  28              		.cfi_startproc
  29              		@ args = 0, pretend = 0, frame = 0
  30              		@ frame_needed = 0, uses_anonymous_args = 0
  31 0000 08B5     		push	{r3, lr}
  32              		.cfi_def_cfa_offset 8
  33              		.cfi_offset 3, -8
  34              		.cfi_offset 14, -4
  32:Core/Src/spi.c **** 
  33:Core/Src/spi.c ****   /* USER CODE BEGIN SPI2_Init 0 */
  34:Core/Src/spi.c **** 
  35:Core/Src/spi.c ****   /* USER CODE END SPI2_Init 0 */
  36:Core/Src/spi.c **** 
  37:Core/Src/spi.c ****   /* USER CODE BEGIN SPI2_Init 1 */
  38:Core/Src/spi.c **** 
  39:Core/Src/spi.c ****   /* USER CODE END SPI2_Init 1 */
  40:Core/Src/spi.c ****   hspi2.Instance = SPI2;
  35              		.loc 1 40 3 view .LVU1
  36              		.loc 1 40 18 is_stmt 0 view .LVU2
  37 0002 0C48     		ldr	r0, .L5
  38 0004 0C4B     		ldr	r3, .L5+4
  39 0006 0360     		str	r3, [r0]
  41:Core/Src/spi.c ****   hspi2.Init.Mode = SPI_MODE_SLAVE;
  40              		.loc 1 41 3 is_stmt 1 view .LVU3
  41              		.loc 1 41 19 is_stmt 0 view .LVU4
  42 0008 0023     		movs	r3, #0
  43 000a 4360     		str	r3, [r0, #4]
  42:Core/Src/spi.c ****   hspi2.Init.Direction = SPI_DIRECTION_2LINES;
  44              		.loc 1 42 3 is_stmt 1 view .LVU5
  45              		.loc 1 42 24 is_stmt 0 view .LVU6
  46 000c 8360     		str	r3, [r0, #8]
  43:Core/Src/spi.c ****   hspi2.Init.DataSize = SPI_DATASIZE_8BIT;
  47              		.loc 1 43 3 is_stmt 1 view .LVU7
  48              		.loc 1 43 23 is_stmt 0 view .LVU8
  49 000e C360     		str	r3, [r0, #12]
  44:Core/Src/spi.c ****   hspi2.Init.CLKPolarity = SPI_POLARITY_LOW;
  50              		.loc 1 44 3 is_stmt 1 view .LVU9
  51              		.loc 1 44 26 is_stmt 0 view .LVU10
  52 0010 0361     		str	r3, [r0, #16]
  45:Core/Src/spi.c ****   hspi2.Init.CLKPhase = SPI_PHASE_1EDGE;
  53              		.loc 1 45 3 is_stmt 1 view .LVU11
  54              		.loc 1 45 23 is_stmt 0 view .LVU12
  55 0012 4361     		str	r3, [r0, #20]
  46:Core/Src/spi.c ****   hspi2.Init.NSS = SPI_NSS_SOFT;
  56              		.loc 1 46 3 is_stmt 1 view .LVU13
  57              		.loc 1 46 18 is_stmt 0 view .LVU14
  58 0014 4FF40072 		mov	r2, #512
  59 0018 8261     		str	r2, [r0, #24]
  47:Core/Src/spi.c ****   hspi2.Init.FirstBit = SPI_FIRSTBIT_MSB;
  60              		.loc 1 47 3 is_stmt 1 view .LVU15
  61              		.loc 1 47 23 is_stmt 0 view .LVU16
  62 001a 0362     		str	r3, [r0, #32]
  48:Core/Src/spi.c ****   hspi2.Init.TIMode = SPI_TIMODE_DISABLE;
  63              		.loc 1 48 3 is_stmt 1 view .LVU17
  64              		.loc 1 48 21 is_stmt 0 view .LVU18
  65 001c 4362     		str	r3, [r0, #36]
  49:Core/Src/spi.c ****   hspi2.Init.CRCCalculation = SPI_CRCCALCULATION_DISABLE;
  66              		.loc 1 49 3 is_stmt 1 view .LVU19
ARM GAS  C:\Users\zhmis\AppData\Local\Temp\ccjH8pXn.s 			page 3


  67              		.loc 1 49 29 is_stmt 0 view .LVU20
  68 001e 8362     		str	r3, [r0, #40]
  50:Core/Src/spi.c ****   hspi2.Init.CRCPolynomial = 10;
  69              		.loc 1 50 3 is_stmt 1 view .LVU21
  70              		.loc 1 50 28 is_stmt 0 view .LVU22
  71 0020 0A23     		movs	r3, #10
  72 0022 C362     		str	r3, [r0, #44]
  51:Core/Src/spi.c ****   if (HAL_SPI_Init(&hspi2) != HAL_OK)
  73              		.loc 1 51 3 is_stmt 1 view .LVU23
  74              		.loc 1 51 7 is_stmt 0 view .LVU24
  75 0024 FFF7FEFF 		bl	HAL_SPI_Init
  76              	.LVL0:
  77              		.loc 1 51 6 discriminator 1 view .LVU25
  78 0028 00B9     		cbnz	r0, .L4
  79              	.L1:
  52:Core/Src/spi.c ****   {
  53:Core/Src/spi.c ****     Error_Handler();
  54:Core/Src/spi.c ****   }
  55:Core/Src/spi.c ****   /* USER CODE BEGIN SPI2_Init 2 */
  56:Core/Src/spi.c **** 
  57:Core/Src/spi.c ****   /* USER CODE END SPI2_Init 2 */
  58:Core/Src/spi.c **** 
  59:Core/Src/spi.c **** }
  80              		.loc 1 59 1 view .LVU26
  81 002a 08BD     		pop	{r3, pc}
  82              	.L4:
  53:Core/Src/spi.c ****   }
  83              		.loc 1 53 5 is_stmt 1 view .LVU27
  84 002c FFF7FEFF 		bl	Error_Handler
  85              	.LVL1:
  86              		.loc 1 59 1 is_stmt 0 view .LVU28
  87 0030 FBE7     		b	.L1
  88              	.L6:
  89 0032 00BF     		.align	2
  90              	.L5:
  91 0034 00000000 		.word	hspi2
  92 0038 00380040 		.word	1073756160
  93              		.cfi_endproc
  94              	.LFE65:
  96              		.section	.text.HAL_SPI_MspInit,"ax",%progbits
  97              		.align	1
  98              		.global	HAL_SPI_MspInit
  99              		.syntax unified
 100              		.thumb
 101              		.thumb_func
 103              	HAL_SPI_MspInit:
 104              	.LVL2:
 105              	.LFB66:
  60:Core/Src/spi.c **** 
  61:Core/Src/spi.c **** void HAL_SPI_MspInit(SPI_HandleTypeDef* spiHandle)
  62:Core/Src/spi.c **** {
 106              		.loc 1 62 1 is_stmt 1 view -0
 107              		.cfi_startproc
 108              		@ args = 0, pretend = 0, frame = 24
 109              		@ frame_needed = 0, uses_anonymous_args = 0
 110              		.loc 1 62 1 is_stmt 0 view .LVU30
 111 0000 10B5     		push	{r4, lr}
ARM GAS  C:\Users\zhmis\AppData\Local\Temp\ccjH8pXn.s 			page 4


 112              		.cfi_def_cfa_offset 8
 113              		.cfi_offset 4, -8
 114              		.cfi_offset 14, -4
 115 0002 86B0     		sub	sp, sp, #24
 116              		.cfi_def_cfa_offset 32
  63:Core/Src/spi.c **** 
  64:Core/Src/spi.c ****   GPIO_InitTypeDef GPIO_InitStruct = {0};
 117              		.loc 1 64 3 is_stmt 1 view .LVU31
 118              		.loc 1 64 20 is_stmt 0 view .LVU32
 119 0004 0023     		movs	r3, #0
 120 0006 0293     		str	r3, [sp, #8]
 121 0008 0393     		str	r3, [sp, #12]
 122 000a 0493     		str	r3, [sp, #16]
 123 000c 0593     		str	r3, [sp, #20]
  65:Core/Src/spi.c ****   if(spiHandle->Instance==SPI2)
 124              		.loc 1 65 3 is_stmt 1 view .LVU33
 125              		.loc 1 65 15 is_stmt 0 view .LVU34
 126 000e 0268     		ldr	r2, [r0]
 127              		.loc 1 65 5 view .LVU35
 128 0010 1A4B     		ldr	r3, .L11
 129 0012 9A42     		cmp	r2, r3
 130 0014 01D0     		beq	.L10
 131              	.LVL3:
 132              	.L7:
  66:Core/Src/spi.c ****   {
  67:Core/Src/spi.c ****   /* USER CODE BEGIN SPI2_MspInit 0 */
  68:Core/Src/spi.c **** 
  69:Core/Src/spi.c ****   /* USER CODE END SPI2_MspInit 0 */
  70:Core/Src/spi.c ****     /* SPI2 clock enable */
  71:Core/Src/spi.c ****     __HAL_RCC_SPI2_CLK_ENABLE();
  72:Core/Src/spi.c **** 
  73:Core/Src/spi.c ****     __HAL_RCC_GPIOB_CLK_ENABLE();
  74:Core/Src/spi.c ****     /**SPI2 GPIO Configuration
  75:Core/Src/spi.c ****     PB13     ------> SPI2_SCK
  76:Core/Src/spi.c ****     PB14     ------> SPI2_MISO
  77:Core/Src/spi.c ****     PB15     ------> SPI2_MOSI
  78:Core/Src/spi.c ****     */
  79:Core/Src/spi.c ****     GPIO_InitStruct.Pin = GPIO_PIN_13|GPIO_PIN_15;
  80:Core/Src/spi.c ****     GPIO_InitStruct.Mode = GPIO_MODE_INPUT;
  81:Core/Src/spi.c ****     GPIO_InitStruct.Pull = GPIO_NOPULL;
  82:Core/Src/spi.c ****     HAL_GPIO_Init(GPIOB, &GPIO_InitStruct);
  83:Core/Src/spi.c **** 
  84:Core/Src/spi.c ****     GPIO_InitStruct.Pin = GPIO_PIN_14;
  85:Core/Src/spi.c ****     GPIO_InitStruct.Mode = GPIO_MODE_AF_PP;
  86:Core/Src/spi.c ****     GPIO_InitStruct.Speed = GPIO_SPEED_FREQ_HIGH;
  87:Core/Src/spi.c ****     HAL_GPIO_Init(GPIOB, &GPIO_InitStruct);
  88:Core/Src/spi.c **** 
  89:Core/Src/spi.c ****     /* SPI2 interrupt Init */
  90:Core/Src/spi.c ****     HAL_NVIC_SetPriority(SPI2_IRQn, 0, 0);
  91:Core/Src/spi.c ****     HAL_NVIC_EnableIRQ(SPI2_IRQn);
  92:Core/Src/spi.c ****   /* USER CODE BEGIN SPI2_MspInit 1 */
  93:Core/Src/spi.c **** 
  94:Core/Src/spi.c ****   /* USER CODE END SPI2_MspInit 1 */
  95:Core/Src/spi.c ****   }
  96:Core/Src/spi.c **** }
 133              		.loc 1 96 1 view .LVU36
 134 0016 06B0     		add	sp, sp, #24
ARM GAS  C:\Users\zhmis\AppData\Local\Temp\ccjH8pXn.s 			page 5


 135              		.cfi_remember_state
 136              		.cfi_def_cfa_offset 8
 137              		@ sp needed
 138 0018 10BD     		pop	{r4, pc}
 139              	.LVL4:
 140              	.L10:
 141              		.cfi_restore_state
  71:Core/Src/spi.c **** 
 142              		.loc 1 71 5 is_stmt 1 view .LVU37
 143              	.LBB2:
  71:Core/Src/spi.c **** 
 144              		.loc 1 71 5 view .LVU38
  71:Core/Src/spi.c **** 
 145              		.loc 1 71 5 view .LVU39
 146 001a 03F5EC33 		add	r3, r3, #120832
 147 001e DA69     		ldr	r2, [r3, #28]
 148 0020 42F48042 		orr	r2, r2, #16384
 149 0024 DA61     		str	r2, [r3, #28]
  71:Core/Src/spi.c **** 
 150              		.loc 1 71 5 view .LVU40
 151 0026 DA69     		ldr	r2, [r3, #28]
 152 0028 02F48042 		and	r2, r2, #16384
 153 002c 0092     		str	r2, [sp]
  71:Core/Src/spi.c **** 
 154              		.loc 1 71 5 view .LVU41
 155 002e 009A     		ldr	r2, [sp]
 156              	.LBE2:
  71:Core/Src/spi.c **** 
 157              		.loc 1 71 5 view .LVU42
  73:Core/Src/spi.c ****     /**SPI2 GPIO Configuration
 158              		.loc 1 73 5 view .LVU43
 159              	.LBB3:
  73:Core/Src/spi.c ****     /**SPI2 GPIO Configuration
 160              		.loc 1 73 5 view .LVU44
  73:Core/Src/spi.c ****     /**SPI2 GPIO Configuration
 161              		.loc 1 73 5 view .LVU45
 162 0030 9A69     		ldr	r2, [r3, #24]
 163 0032 42F00802 		orr	r2, r2, #8
 164 0036 9A61     		str	r2, [r3, #24]
  73:Core/Src/spi.c ****     /**SPI2 GPIO Configuration
 165              		.loc 1 73 5 view .LVU46
 166 0038 9B69     		ldr	r3, [r3, #24]
 167 003a 03F00803 		and	r3, r3, #8
 168 003e 0193     		str	r3, [sp, #4]
  73:Core/Src/spi.c ****     /**SPI2 GPIO Configuration
 169              		.loc 1 73 5 view .LVU47
 170 0040 019B     		ldr	r3, [sp, #4]
 171              	.LBE3:
  73:Core/Src/spi.c ****     /**SPI2 GPIO Configuration
 172              		.loc 1 73 5 view .LVU48
  79:Core/Src/spi.c ****     GPIO_InitStruct.Mode = GPIO_MODE_INPUT;
 173              		.loc 1 79 5 view .LVU49
  79:Core/Src/spi.c ****     GPIO_InitStruct.Mode = GPIO_MODE_INPUT;
 174              		.loc 1 79 25 is_stmt 0 view .LVU50
 175 0042 4FF42043 		mov	r3, #40960
 176 0046 0293     		str	r3, [sp, #8]
  80:Core/Src/spi.c ****     GPIO_InitStruct.Pull = GPIO_NOPULL;
ARM GAS  C:\Users\zhmis\AppData\Local\Temp\ccjH8pXn.s 			page 6


 177              		.loc 1 80 5 is_stmt 1 view .LVU51
  81:Core/Src/spi.c ****     HAL_GPIO_Init(GPIOB, &GPIO_InitStruct);
 178              		.loc 1 81 5 view .LVU52
  82:Core/Src/spi.c **** 
 179              		.loc 1 82 5 view .LVU53
 180 0048 0D4C     		ldr	r4, .L11+4
 181 004a 02A9     		add	r1, sp, #8
 182 004c 2046     		mov	r0, r4
 183              	.LVL5:
  82:Core/Src/spi.c **** 
 184              		.loc 1 82 5 is_stmt 0 view .LVU54
 185 004e FFF7FEFF 		bl	HAL_GPIO_Init
 186              	.LVL6:
  84:Core/Src/spi.c ****     GPIO_InitStruct.Mode = GPIO_MODE_AF_PP;
 187              		.loc 1 84 5 is_stmt 1 view .LVU55
  84:Core/Src/spi.c ****     GPIO_InitStruct.Mode = GPIO_MODE_AF_PP;
 188              		.loc 1 84 25 is_stmt 0 view .LVU56
 189 0052 4FF48043 		mov	r3, #16384
 190 0056 0293     		str	r3, [sp, #8]
  85:Core/Src/spi.c ****     GPIO_InitStruct.Speed = GPIO_SPEED_FREQ_HIGH;
 191              		.loc 1 85 5 is_stmt 1 view .LVU57
  85:Core/Src/spi.c ****     GPIO_InitStruct.Speed = GPIO_SPEED_FREQ_HIGH;
 192              		.loc 1 85 26 is_stmt 0 view .LVU58
 193 0058 0223     		movs	r3, #2
 194 005a 0393     		str	r3, [sp, #12]
  86:Core/Src/spi.c ****     HAL_GPIO_Init(GPIOB, &GPIO_InitStruct);
 195              		.loc 1 86 5 is_stmt 1 view .LVU59
  86:Core/Src/spi.c ****     HAL_GPIO_Init(GPIOB, &GPIO_InitStruct);
 196              		.loc 1 86 27 is_stmt 0 view .LVU60
 197 005c 0323     		movs	r3, #3
 198 005e 0593     		str	r3, [sp, #20]
  87:Core/Src/spi.c **** 
 199              		.loc 1 87 5 is_stmt 1 view .LVU61
 200 0060 02A9     		add	r1, sp, #8
 201 0062 2046     		mov	r0, r4
 202 0064 FFF7FEFF 		bl	HAL_GPIO_Init
 203              	.LVL7:
  90:Core/Src/spi.c ****     HAL_NVIC_EnableIRQ(SPI2_IRQn);
 204              		.loc 1 90 5 view .LVU62
 205 0068 0022     		movs	r2, #0
 206 006a 1146     		mov	r1, r2
 207 006c 2420     		movs	r0, #36
 208 006e FFF7FEFF 		bl	HAL_NVIC_SetPriority
 209              	.LVL8:
  91:Core/Src/spi.c ****   /* USER CODE BEGIN SPI2_MspInit 1 */
 210              		.loc 1 91 5 view .LVU63
 211 0072 2420     		movs	r0, #36
 212 0074 FFF7FEFF 		bl	HAL_NVIC_EnableIRQ
 213              	.LVL9:
 214              		.loc 1 96 1 is_stmt 0 view .LVU64
 215 0078 CDE7     		b	.L7
 216              	.L12:
 217 007a 00BF     		.align	2
 218              	.L11:
 219 007c 00380040 		.word	1073756160
 220 0080 000C0140 		.word	1073810432
 221              		.cfi_endproc
ARM GAS  C:\Users\zhmis\AppData\Local\Temp\ccjH8pXn.s 			page 7


 222              	.LFE66:
 224              		.section	.text.HAL_SPI_MspDeInit,"ax",%progbits
 225              		.align	1
 226              		.global	HAL_SPI_MspDeInit
 227              		.syntax unified
 228              		.thumb
 229              		.thumb_func
 231              	HAL_SPI_MspDeInit:
 232              	.LVL10:
 233              	.LFB67:
  97:Core/Src/spi.c **** 
  98:Core/Src/spi.c **** void HAL_SPI_MspDeInit(SPI_HandleTypeDef* spiHandle)
  99:Core/Src/spi.c **** {
 234              		.loc 1 99 1 is_stmt 1 view -0
 235              		.cfi_startproc
 236              		@ args = 0, pretend = 0, frame = 0
 237              		@ frame_needed = 0, uses_anonymous_args = 0
 238              		.loc 1 99 1 is_stmt 0 view .LVU66
 239 0000 08B5     		push	{r3, lr}
 240              		.cfi_def_cfa_offset 8
 241              		.cfi_offset 3, -8
 242              		.cfi_offset 14, -4
 100:Core/Src/spi.c **** 
 101:Core/Src/spi.c ****   if(spiHandle->Instance==SPI2)
 243              		.loc 1 101 3 is_stmt 1 view .LVU67
 244              		.loc 1 101 15 is_stmt 0 view .LVU68
 245 0002 0268     		ldr	r2, [r0]
 246              		.loc 1 101 5 view .LVU69
 247 0004 084B     		ldr	r3, .L17
 248 0006 9A42     		cmp	r2, r3
 249 0008 00D0     		beq	.L16
 250              	.LVL11:
 251              	.L13:
 102:Core/Src/spi.c ****   {
 103:Core/Src/spi.c ****   /* USER CODE BEGIN SPI2_MspDeInit 0 */
 104:Core/Src/spi.c **** 
 105:Core/Src/spi.c ****   /* USER CODE END SPI2_MspDeInit 0 */
 106:Core/Src/spi.c ****     /* Peripheral clock disable */
 107:Core/Src/spi.c ****     __HAL_RCC_SPI2_CLK_DISABLE();
 108:Core/Src/spi.c **** 
 109:Core/Src/spi.c ****     /**SPI2 GPIO Configuration
 110:Core/Src/spi.c ****     PB13     ------> SPI2_SCK
 111:Core/Src/spi.c ****     PB14     ------> SPI2_MISO
 112:Core/Src/spi.c ****     PB15     ------> SPI2_MOSI
 113:Core/Src/spi.c ****     */
 114:Core/Src/spi.c ****     HAL_GPIO_DeInit(GPIOB, GPIO_PIN_13|GPIO_PIN_14|GPIO_PIN_15);
 115:Core/Src/spi.c **** 
 116:Core/Src/spi.c ****     /* SPI2 interrupt Deinit */
 117:Core/Src/spi.c ****     HAL_NVIC_DisableIRQ(SPI2_IRQn);
 118:Core/Src/spi.c ****   /* USER CODE BEGIN SPI2_MspDeInit 1 */
 119:Core/Src/spi.c **** 
 120:Core/Src/spi.c ****   /* USER CODE END SPI2_MspDeInit 1 */
 121:Core/Src/spi.c ****   }
 122:Core/Src/spi.c **** }
 252              		.loc 1 122 1 view .LVU70
 253 000a 08BD     		pop	{r3, pc}
 254              	.LVL12:
ARM GAS  C:\Users\zhmis\AppData\Local\Temp\ccjH8pXn.s 			page 8


 255              	.L16:
 107:Core/Src/spi.c **** 
 256              		.loc 1 107 5 is_stmt 1 view .LVU71
 257 000c 074A     		ldr	r2, .L17+4
 258 000e D369     		ldr	r3, [r2, #28]
 259 0010 23F48043 		bic	r3, r3, #16384
 260 0014 D361     		str	r3, [r2, #28]
 114:Core/Src/spi.c **** 
 261              		.loc 1 114 5 view .LVU72
 262 0016 4FF46041 		mov	r1, #57344
 263 001a 0548     		ldr	r0, .L17+8
 264              	.LVL13:
 114:Core/Src/spi.c **** 
 265              		.loc 1 114 5 is_stmt 0 view .LVU73
 266 001c FFF7FEFF 		bl	HAL_GPIO_DeInit
 267              	.LVL14:
 117:Core/Src/spi.c ****   /* USER CODE BEGIN SPI2_MspDeInit 1 */
 268              		.loc 1 117 5 is_stmt 1 view .LVU74
 269 0020 2420     		movs	r0, #36
 270 0022 FFF7FEFF 		bl	HAL_NVIC_DisableIRQ
 271              	.LVL15:
 272              		.loc 1 122 1 is_stmt 0 view .LVU75
 273 0026 F0E7     		b	.L13
 274              	.L18:
 275              		.align	2
 276              	.L17:
 277 0028 00380040 		.word	1073756160
 278 002c 00100240 		.word	1073876992
 279 0030 000C0140 		.word	1073810432
 280              		.cfi_endproc
 281              	.LFE67:
 283              		.global	hspi2
 284              		.section	.bss.hspi2,"aw",%nobits
 285              		.align	2
 288              	hspi2:
 289 0000 00000000 		.space	88
 289      00000000 
 289      00000000 
 289      00000000 
 289      00000000 
 290              		.text
 291              	.Letext0:
 292              		.file 2 "Drivers/CMSIS/Device/ST/STM32F1xx/Include/stm32f103xb.h"
 293              		.file 3 "C:/Users/zhmis/AppData/Roaming/Code/User/globalStorage/bmd.stm32-for-vscode/@xpack-dev-to
 294              		.file 4 "C:/Users/zhmis/AppData/Roaming/Code/User/globalStorage/bmd.stm32-for-vscode/@xpack-dev-to
 295              		.file 5 "Drivers/STM32F1xx_HAL_Driver/Inc/stm32f1xx_hal_def.h"
 296              		.file 6 "Drivers/STM32F1xx_HAL_Driver/Inc/stm32f1xx_hal_gpio.h"
 297              		.file 7 "Drivers/STM32F1xx_HAL_Driver/Inc/stm32f1xx_hal_dma.h"
 298              		.file 8 "Drivers/STM32F1xx_HAL_Driver/Inc/stm32f1xx_hal_spi.h"
 299              		.file 9 "Drivers/STM32F1xx_HAL_Driver/Inc/stm32f1xx_hal_cortex.h"
 300              		.file 10 "Core/Inc/spi.h"
 301              		.file 11 "Core/Inc/main.h"
ARM GAS  C:\Users\zhmis\AppData\Local\Temp\ccjH8pXn.s 			page 9


DEFINED SYMBOLS
                            *ABS*:00000000 spi.c
C:\Users\zhmis\AppData\Local\Temp\ccjH8pXn.s:19     .text.MX_SPI2_Init:00000000 $t
C:\Users\zhmis\AppData\Local\Temp\ccjH8pXn.s:25     .text.MX_SPI2_Init:00000000 MX_SPI2_Init
C:\Users\zhmis\AppData\Local\Temp\ccjH8pXn.s:91     .text.MX_SPI2_Init:00000034 $d
C:\Users\zhmis\AppData\Local\Temp\ccjH8pXn.s:288    .bss.hspi2:00000000 hspi2
C:\Users\zhmis\AppData\Local\Temp\ccjH8pXn.s:97     .text.HAL_SPI_MspInit:00000000 $t
C:\Users\zhmis\AppData\Local\Temp\ccjH8pXn.s:103    .text.HAL_SPI_MspInit:00000000 HAL_SPI_MspInit
C:\Users\zhmis\AppData\Local\Temp\ccjH8pXn.s:219    .text.HAL_SPI_MspInit:0000007c $d
C:\Users\zhmis\AppData\Local\Temp\ccjH8pXn.s:225    .text.HAL_SPI_MspDeInit:00000000 $t
C:\Users\zhmis\AppData\Local\Temp\ccjH8pXn.s:231    .text.HAL_SPI_MspDeInit:00000000 HAL_SPI_MspDeInit
C:\Users\zhmis\AppData\Local\Temp\ccjH8pXn.s:277    .text.HAL_SPI_MspDeInit:00000028 $d
C:\Users\zhmis\AppData\Local\Temp\ccjH8pXn.s:285    .bss.hspi2:00000000 $d

UNDEFINED SYMBOLS
HAL_SPI_Init
Error_Handler
HAL_GPIO_Init
HAL_NVIC_SetPriority
HAL_NVIC_EnableIRQ
HAL_GPIO_DeInit
HAL_NVIC_DisableIRQ
