ARM GAS  C:\Users\zhmis\AppData\Local\Temp\cc1vK1hp.s 			page 1


   1              		.cpu cortex-m3
   2              		.arch armv7-m
   3              		.fpu softvfp
   4              		.eabi_attribute 20, 1
   5              		.eabi_attribute 21, 1
   6              		.eabi_attribute 23, 3
   7              		.eabi_attribute 24, 1
   8              		.eabi_attribute 25, 1
   9              		.eabi_attribute 26, 1
  10              		.eabi_attribute 30, 1
  11              		.eabi_attribute 34, 1
  12              		.eabi_attribute 18, 4
  13              		.file	"spi_comms.c"
  14              		.text
  15              	.Ltext0:
  16              		.cfi_sections	.debug_frame
  17              		.file 1 "Core/Src/spi_comms.c"
  18              		.section	.text.master_reset_miso_packet,"ax",%progbits
  19              		.align	1
  20              		.global	master_reset_miso_packet
  21              		.syntax unified
  22              		.thumb
  23              		.thumb_func
  25              	master_reset_miso_packet:
  26              	.LVL0:
  27              	.LFB68:
   1:Core/Src/spi_comms.c **** #include "spi_comms.h"
   2:Core/Src/spi_comms.c **** #include <stdio.h>
   3:Core/Src/spi_comms.c **** 
   4:Core/Src/spi_comms.c **** /* Master methods ---------------------------------------------------------*/
   5:Core/Src/spi_comms.c **** void master_reset_miso_packet(miso_packet_t *packet) {
  28              		.loc 1 5 54 view -0
  29              		.cfi_startproc
  30              		@ args = 0, pretend = 0, frame = 0
  31              		@ frame_needed = 0, uses_anonymous_args = 0
  32              		.loc 1 5 54 is_stmt 0 view .LVU1
  33 0000 08B5     		push	{r3, lr}
  34              		.cfi_def_cfa_offset 8
  35              		.cfi_offset 3, -8
  36              		.cfi_offset 14, -4
   6:Core/Src/spi_comms.c ****     memset(packet, 0, sizeof(miso_packet_t));
  37              		.loc 1 6 5 is_stmt 1 view .LVU2
  38 0002 1E22     		movs	r2, #30
  39 0004 0021     		movs	r1, #0
  40 0006 FFF7FEFF 		bl	memset
  41              	.LVL1:
   7:Core/Src/spi_comms.c **** }
  42              		.loc 1 7 1 is_stmt 0 view .LVU3
  43 000a 08BD     		pop	{r3, pc}
  44              		.cfi_endproc
  45              	.LFE68:
  47              		.section	.text.master_crc_packet,"ax",%progbits
  48              		.align	1
  49              		.global	master_crc_packet
  50              		.syntax unified
  51              		.thumb
  52              		.thumb_func
ARM GAS  C:\Users\zhmis\AppData\Local\Temp\cc1vK1hp.s 			page 2


  54              	master_crc_packet:
  55              	.LVL2:
  56              	.LFB69:
   8:Core/Src/spi_comms.c **** 
   9:Core/Src/spi_comms.c **** void master_crc_packet(mosi_packet_t *packet) {
  57              		.loc 1 9 47 is_stmt 1 view -0
  58              		.cfi_startproc
  59              		@ args = 0, pretend = 0, frame = 24
  60              		@ frame_needed = 0, uses_anonymous_args = 0
  61              		.loc 1 9 47 is_stmt 0 view .LVU5
  62 0000 10B5     		push	{r4, lr}
  63              		.cfi_def_cfa_offset 8
  64              		.cfi_offset 4, -8
  65              		.cfi_offset 14, -4
  66 0002 86B0     		sub	sp, sp, #24
  67              		.cfi_def_cfa_offset 32
  68 0004 0446     		mov	r4, r0
  10:Core/Src/spi_comms.c ****     uint32_t buffer[sizeof(mosi_packet_t) / 4];
  69              		.loc 1 10 5 is_stmt 1 view .LVU6
  11:Core/Src/spi_comms.c ****     memcpy(buffer, packet, sizeof(mosi_packet_t) - sizeof(uint32_t));
  70              		.loc 1 11 5 view .LVU7
  71 0006 0DF1040C 		add	ip, sp, #4
  72 000a 0068     		ldr	r0, [r0]	@ unaligned
  73              	.LVL3:
  74              		.loc 1 11 5 is_stmt 0 view .LVU8
  75 000c 6168     		ldr	r1, [r4, #4]	@ unaligned
  76 000e A268     		ldr	r2, [r4, #8]	@ unaligned
  77 0010 E368     		ldr	r3, [r4, #12]	@ unaligned
  78 0012 ACE80F00 		stmia	ip!, {r0, r1, r2, r3}
  79 0016 238A     		ldrh	r3, [r4, #16]	@ unaligned
  80 0018 ACF80030 		strh	r3, [ip]	@ unaligned
  12:Core/Src/spi_comms.c ****     uint32_t crc_check = HAL_CRC_Calculate(&hcrc, buffer, (sizeof(mosi_packet_t) - sizeof(uint32_t)
  81              		.loc 1 12 5 is_stmt 1 view .LVU9
  82              		.loc 1 12 26 is_stmt 0 view .LVU10
  83 001c 0422     		movs	r2, #4
  84 001e 0DEB0201 		add	r1, sp, r2
  85 0022 0348     		ldr	r0, .L5
  86 0024 FFF7FEFF 		bl	HAL_CRC_Calculate
  87              	.LVL4:
  13:Core/Src/spi_comms.c ****     packet->crc_res = crc_check;
  88              		.loc 1 13 5 is_stmt 1 view .LVU11
  89              		.loc 1 13 21 is_stmt 0 view .LVU12
  90 0028 C4F81200 		str	r0, [r4, #18]	@ unaligned
  14:Core/Src/spi_comms.c **** }
  91              		.loc 1 14 1 view .LVU13
  92 002c 06B0     		add	sp, sp, #24
  93              		.cfi_def_cfa_offset 8
  94              		@ sp needed
  95 002e 10BD     		pop	{r4, pc}
  96              	.LVL5:
  97              	.L6:
  98              		.loc 1 14 1 view .LVU14
  99              		.align	2
 100              	.L5:
 101 0030 00000000 		.word	hcrc
 102              		.cfi_endproc
 103              	.LFE69:
ARM GAS  C:\Users\zhmis\AppData\Local\Temp\cc1vK1hp.s 			page 3


 105              		.section	.text.master_verify_miso_packet,"ax",%progbits
 106              		.align	1
 107              		.global	master_verify_miso_packet
 108              		.syntax unified
 109              		.thumb
 110              		.thumb_func
 112              	master_verify_miso_packet:
 113              	.LVL6:
 114              	.LFB70:
  15:Core/Src/spi_comms.c **** 
  16:Core/Src/spi_comms.c **** uint8_t master_verify_miso_packet(miso_packet_t *packet) {
 115              		.loc 1 16 58 is_stmt 1 view -0
 116              		.cfi_startproc
 117              		@ args = 0, pretend = 0, frame = 32
 118              		@ frame_needed = 0, uses_anonymous_args = 0
 119              		.loc 1 16 58 is_stmt 0 view .LVU16
 120 0000 10B5     		push	{r4, lr}
 121              		.cfi_def_cfa_offset 8
 122              		.cfi_offset 4, -8
 123              		.cfi_offset 14, -4
 124 0002 88B0     		sub	sp, sp, #32
 125              		.cfi_def_cfa_offset 40
 126 0004 0446     		mov	r4, r0
  17:Core/Src/spi_comms.c ****     uint32_t buffer[sizeof(miso_packet_t) / 4];
 127              		.loc 1 17 5 is_stmt 1 view .LVU17
  18:Core/Src/spi_comms.c ****     memcpy(buffer, packet, sizeof(miso_packet_t) - sizeof(uint32_t));
 128              		.loc 1 18 5 view .LVU18
 129 0006 0DF1040C 		add	ip, sp, #4
 130 000a 0068     		ldr	r0, [r0]	@ unaligned
 131              	.LVL7:
 132              		.loc 1 18 5 is_stmt 0 view .LVU19
 133 000c 6168     		ldr	r1, [r4, #4]	@ unaligned
 134 000e A268     		ldr	r2, [r4, #8]	@ unaligned
 135 0010 E368     		ldr	r3, [r4, #12]	@ unaligned
 136 0012 ACE80F00 		stmia	ip!, {r0, r1, r2, r3}
 137 0016 2069     		ldr	r0, [r4, #16]	@ unaligned
 138 0018 6169     		ldr	r1, [r4, #20]	@ unaligned
 139 001a ACE80300 		stmia	ip!, {r0, r1}
 140 001e 238B     		ldrh	r3, [r4, #24]	@ unaligned
 141 0020 ACF80030 		strh	r3, [ip]	@ unaligned
  19:Core/Src/spi_comms.c ****     uint32_t crc_check = HAL_CRC_Calculate(&hcrc, buffer, (sizeof(miso_packet_t) - sizeof(uint32_t)
 142              		.loc 1 19 5 is_stmt 1 view .LVU20
 143              		.loc 1 19 26 is_stmt 0 view .LVU21
 144 0024 0622     		movs	r2, #6
 145 0026 01A9     		add	r1, sp, #4
 146 0028 0548     		ldr	r0, .L9
 147 002a FFF7FEFF 		bl	HAL_CRC_Calculate
 148              	.LVL8:
  20:Core/Src/spi_comms.c ****     return (packet->crc_res == crc_check);
 149              		.loc 1 20 5 is_stmt 1 view .LVU22
 150              		.loc 1 20 19 is_stmt 0 view .LVU23
 151 002e D4F81A30 		ldr	r3, [r4, #26]	@ unaligned
  21:Core/Src/spi_comms.c **** }
 152              		.loc 1 21 1 view .LVU24
 153 0032 8342     		cmp	r3, r0
 154 0034 14BF     		ite	ne
 155 0036 0020     		movne	r0, #0
ARM GAS  C:\Users\zhmis\AppData\Local\Temp\cc1vK1hp.s 			page 4


 156              	.LVL9:
 157              		.loc 1 21 1 view .LVU25
 158 0038 0120     		moveq	r0, #1
 159 003a 08B0     		add	sp, sp, #32
 160              		.cfi_def_cfa_offset 8
 161              		@ sp needed
 162 003c 10BD     		pop	{r4, pc}
 163              	.LVL10:
 164              	.L10:
 165              		.loc 1 21 1 view .LVU26
 166 003e 00BF     		.align	2
 167              	.L9:
 168 0040 00000000 		.word	hcrc
 169              		.cfi_endproc
 170              	.LFE70:
 172              		.section	.text.slave_reset_mosi_packet,"ax",%progbits
 173              		.align	1
 174              		.global	slave_reset_mosi_packet
 175              		.syntax unified
 176              		.thumb
 177              		.thumb_func
 179              	slave_reset_mosi_packet:
 180              	.LVL11:
 181              	.LFB71:
  22:Core/Src/spi_comms.c **** 
  23:Core/Src/spi_comms.c **** /* Slave methods ---------------------------------------------------------*/
  24:Core/Src/spi_comms.c **** void slave_reset_mosi_packet(mosi_packet_t *packet) {
 182              		.loc 1 24 53 is_stmt 1 view -0
 183              		.cfi_startproc
 184              		@ args = 0, pretend = 0, frame = 0
 185              		@ frame_needed = 0, uses_anonymous_args = 0
 186              		@ link register save eliminated.
  25:Core/Src/spi_comms.c ****     memset(packet, 0, sizeof(mosi_packet_t));
 187              		.loc 1 25 5 view .LVU28
 188 0000 0023     		movs	r3, #0
 189 0002 0360     		str	r3, [r0]	@ unaligned
 190 0004 4360     		str	r3, [r0, #4]	@ unaligned
 191 0006 8360     		str	r3, [r0, #8]	@ unaligned
 192 0008 C360     		str	r3, [r0, #12]	@ unaligned
 193 000a 0361     		str	r3, [r0, #16]	@ unaligned
 194 000c 8382     		strh	r3, [r0, #20]	@ unaligned
  26:Core/Src/spi_comms.c **** }
 195              		.loc 1 26 1 is_stmt 0 view .LVU29
 196 000e 7047     		bx	lr
 197              		.cfi_endproc
 198              	.LFE71:
 200              		.section	.text.slave_crc_packet,"ax",%progbits
 201              		.align	1
 202              		.global	slave_crc_packet
 203              		.syntax unified
 204              		.thumb
 205              		.thumb_func
 207              	slave_crc_packet:
 208              	.LVL12:
 209              	.LFB72:
  27:Core/Src/spi_comms.c **** 
  28:Core/Src/spi_comms.c **** void slave_crc_packet(miso_packet_t *packet) {
ARM GAS  C:\Users\zhmis\AppData\Local\Temp\cc1vK1hp.s 			page 5


 210              		.loc 1 28 46 is_stmt 1 view -0
 211              		.cfi_startproc
 212              		@ args = 0, pretend = 0, frame = 32
 213              		@ frame_needed = 0, uses_anonymous_args = 0
 214              		.loc 1 28 46 is_stmt 0 view .LVU31
 215 0000 10B5     		push	{r4, lr}
 216              		.cfi_def_cfa_offset 8
 217              		.cfi_offset 4, -8
 218              		.cfi_offset 14, -4
 219 0002 88B0     		sub	sp, sp, #32
 220              		.cfi_def_cfa_offset 40
 221 0004 0446     		mov	r4, r0
  29:Core/Src/spi_comms.c ****     uint32_t buffer[sizeof(miso_packet_t) / 4];
 222              		.loc 1 29 5 is_stmt 1 view .LVU32
  30:Core/Src/spi_comms.c ****     memcpy(buffer, packet, sizeof(miso_packet_t) - sizeof(uint32_t));
 223              		.loc 1 30 5 view .LVU33
 224 0006 0DF1040C 		add	ip, sp, #4
 225 000a 0068     		ldr	r0, [r0]	@ unaligned
 226              	.LVL13:
 227              		.loc 1 30 5 is_stmt 0 view .LVU34
 228 000c 6168     		ldr	r1, [r4, #4]	@ unaligned
 229 000e A268     		ldr	r2, [r4, #8]	@ unaligned
 230 0010 E368     		ldr	r3, [r4, #12]	@ unaligned
 231 0012 ACE80F00 		stmia	ip!, {r0, r1, r2, r3}
 232 0016 2069     		ldr	r0, [r4, #16]	@ unaligned
 233 0018 6169     		ldr	r1, [r4, #20]	@ unaligned
 234 001a ACE80300 		stmia	ip!, {r0, r1}
 235 001e 238B     		ldrh	r3, [r4, #24]	@ unaligned
 236 0020 ACF80030 		strh	r3, [ip]	@ unaligned
  31:Core/Src/spi_comms.c ****     uint32_t crc_check = HAL_CRC_Calculate(&hcrc, buffer, (sizeof(miso_packet_t) - sizeof(uint32_t)
 237              		.loc 1 31 5 is_stmt 1 view .LVU35
 238              		.loc 1 31 26 is_stmt 0 view .LVU36
 239 0024 0622     		movs	r2, #6
 240 0026 01A9     		add	r1, sp, #4
 241 0028 0348     		ldr	r0, .L14
 242 002a FFF7FEFF 		bl	HAL_CRC_Calculate
 243              	.LVL14:
  32:Core/Src/spi_comms.c ****     packet->crc_res = crc_check;
 244              		.loc 1 32 5 is_stmt 1 view .LVU37
 245              		.loc 1 32 21 is_stmt 0 view .LVU38
 246 002e C4F81A00 		str	r0, [r4, #26]	@ unaligned
  33:Core/Src/spi_comms.c **** }
 247              		.loc 1 33 1 view .LVU39
 248 0032 08B0     		add	sp, sp, #32
 249              		.cfi_def_cfa_offset 8
 250              		@ sp needed
 251 0034 10BD     		pop	{r4, pc}
 252              	.LVL15:
 253              	.L15:
 254              		.loc 1 33 1 view .LVU40
 255 0036 00BF     		.align	2
 256              	.L14:
 257 0038 00000000 		.word	hcrc
 258              		.cfi_endproc
 259              	.LFE72:
 261              		.section	.text.slave_verify_mosi_packet,"ax",%progbits
 262              		.align	1
ARM GAS  C:\Users\zhmis\AppData\Local\Temp\cc1vK1hp.s 			page 6


 263              		.global	slave_verify_mosi_packet
 264              		.syntax unified
 265              		.thumb
 266              		.thumb_func
 268              	slave_verify_mosi_packet:
 269              	.LVL16:
 270              	.LFB73:
  34:Core/Src/spi_comms.c **** 
  35:Core/Src/spi_comms.c **** uint8_t slave_verify_mosi_packet(mosi_packet_t *packet) {
 271              		.loc 1 35 57 is_stmt 1 view -0
 272              		.cfi_startproc
 273              		@ args = 0, pretend = 0, frame = 24
 274              		@ frame_needed = 0, uses_anonymous_args = 0
 275              		.loc 1 35 57 is_stmt 0 view .LVU42
 276 0000 10B5     		push	{r4, lr}
 277              		.cfi_def_cfa_offset 8
 278              		.cfi_offset 4, -8
 279              		.cfi_offset 14, -4
 280 0002 86B0     		sub	sp, sp, #24
 281              		.cfi_def_cfa_offset 32
 282 0004 0446     		mov	r4, r0
  36:Core/Src/spi_comms.c ****     uint32_t buffer[sizeof(mosi_packet_t) / 4];
 283              		.loc 1 36 5 is_stmt 1 view .LVU43
  37:Core/Src/spi_comms.c ****     memcpy(buffer, packet, sizeof(mosi_packet_t) - sizeof(uint32_t));
 284              		.loc 1 37 5 view .LVU44
 285 0006 0DF1040C 		add	ip, sp, #4
 286 000a 0068     		ldr	r0, [r0]	@ unaligned
 287              	.LVL17:
 288              		.loc 1 37 5 is_stmt 0 view .LVU45
 289 000c 6168     		ldr	r1, [r4, #4]	@ unaligned
 290 000e A268     		ldr	r2, [r4, #8]	@ unaligned
 291 0010 E368     		ldr	r3, [r4, #12]	@ unaligned
 292 0012 ACE80F00 		stmia	ip!, {r0, r1, r2, r3}
 293 0016 238A     		ldrh	r3, [r4, #16]	@ unaligned
 294 0018 ACF80030 		strh	r3, [ip]	@ unaligned
  38:Core/Src/spi_comms.c ****     uint32_t crc_check = HAL_CRC_Calculate(&hcrc, buffer, (sizeof(mosi_packet_t) - sizeof(uint32_t)
 295              		.loc 1 38 5 is_stmt 1 view .LVU46
 296              		.loc 1 38 26 is_stmt 0 view .LVU47
 297 001c 0422     		movs	r2, #4
 298 001e 0DEB0201 		add	r1, sp, r2
 299 0022 0548     		ldr	r0, .L18
 300 0024 FFF7FEFF 		bl	HAL_CRC_Calculate
 301              	.LVL18:
  39:Core/Src/spi_comms.c ****     return (packet->crc_res == crc_check);
 302              		.loc 1 39 5 is_stmt 1 view .LVU48
 303              		.loc 1 39 19 is_stmt 0 view .LVU49
 304 0028 D4F81230 		ldr	r3, [r4, #18]	@ unaligned
  40:Core/Src/spi_comms.c **** }
 305              		.loc 1 40 1 view .LVU50
 306 002c 8342     		cmp	r3, r0
 307 002e 14BF     		ite	ne
 308 0030 0020     		movne	r0, #0
 309              	.LVL19:
 310              		.loc 1 40 1 view .LVU51
 311 0032 0120     		moveq	r0, #1
 312 0034 06B0     		add	sp, sp, #24
 313              		.cfi_def_cfa_offset 8
ARM GAS  C:\Users\zhmis\AppData\Local\Temp\cc1vK1hp.s 			page 7


 314              		@ sp needed
 315 0036 10BD     		pop	{r4, pc}
 316              	.LVL20:
 317              	.L19:
 318              		.loc 1 40 1 view .LVU52
 319              		.align	2
 320              	.L18:
 321 0038 00000000 		.word	hcrc
 322              		.cfi_endproc
 323              	.LFE73:
 325              		.text
 326              	.Letext0:
 327              		.file 2 "C:/Users/zhmis/AppData/Roaming/Code/User/globalStorage/bmd.stm32-for-vscode/@xpack-dev-to
 328              		.file 3 "C:/Users/zhmis/AppData/Roaming/Code/User/globalStorage/bmd.stm32-for-vscode/@xpack-dev-to
 329              		.file 4 "Drivers/CMSIS/Device/ST/STM32F1xx/Include/stm32f103xb.h"
 330              		.file 5 "C:/Users/zhmis/AppData/Roaming/Code/User/globalStorage/bmd.stm32-for-vscode/@xpack-dev-to
 331              		.file 6 "Drivers/STM32F1xx_HAL_Driver/Inc/stm32f1xx_hal_def.h"
 332              		.file 7 "Drivers/STM32F1xx_HAL_Driver/Inc/stm32f1xx_hal_crc.h"
 333              		.file 8 "Core/Inc/spi_comms.h"
 334              		.file 9 "C:/Users/zhmis/AppData/Roaming/Code/User/globalStorage/bmd.stm32-for-vscode/@xpack-dev-to
 335              		.file 10 "Core/Inc/crc.h"
 336              		.file 11 "<built-in>"
ARM GAS  C:\Users\zhmis\AppData\Local\Temp\cc1vK1hp.s 			page 8


DEFINED SYMBOLS
                            *ABS*:00000000 spi_comms.c
C:\Users\zhmis\AppData\Local\Temp\cc1vK1hp.s:19     .text.master_reset_miso_packet:00000000 $t
C:\Users\zhmis\AppData\Local\Temp\cc1vK1hp.s:25     .text.master_reset_miso_packet:00000000 master_reset_miso_packet
C:\Users\zhmis\AppData\Local\Temp\cc1vK1hp.s:48     .text.master_crc_packet:00000000 $t
C:\Users\zhmis\AppData\Local\Temp\cc1vK1hp.s:54     .text.master_crc_packet:00000000 master_crc_packet
C:\Users\zhmis\AppData\Local\Temp\cc1vK1hp.s:101    .text.master_crc_packet:00000030 $d
C:\Users\zhmis\AppData\Local\Temp\cc1vK1hp.s:106    .text.master_verify_miso_packet:00000000 $t
C:\Users\zhmis\AppData\Local\Temp\cc1vK1hp.s:112    .text.master_verify_miso_packet:00000000 master_verify_miso_packet
C:\Users\zhmis\AppData\Local\Temp\cc1vK1hp.s:168    .text.master_verify_miso_packet:00000040 $d
C:\Users\zhmis\AppData\Local\Temp\cc1vK1hp.s:173    .text.slave_reset_mosi_packet:00000000 $t
C:\Users\zhmis\AppData\Local\Temp\cc1vK1hp.s:179    .text.slave_reset_mosi_packet:00000000 slave_reset_mosi_packet
C:\Users\zhmis\AppData\Local\Temp\cc1vK1hp.s:201    .text.slave_crc_packet:00000000 $t
C:\Users\zhmis\AppData\Local\Temp\cc1vK1hp.s:207    .text.slave_crc_packet:00000000 slave_crc_packet
C:\Users\zhmis\AppData\Local\Temp\cc1vK1hp.s:257    .text.slave_crc_packet:00000038 $d
C:\Users\zhmis\AppData\Local\Temp\cc1vK1hp.s:262    .text.slave_verify_mosi_packet:00000000 $t
C:\Users\zhmis\AppData\Local\Temp\cc1vK1hp.s:268    .text.slave_verify_mosi_packet:00000000 slave_verify_mosi_packet
C:\Users\zhmis\AppData\Local\Temp\cc1vK1hp.s:321    .text.slave_verify_mosi_packet:00000038 $d

UNDEFINED SYMBOLS
memset
HAL_CRC_Calculate
hcrc
