ARM GAS  C:\Users\zhmis\AppData\Local\Temp\ccfhuBrx.s 			page 1


   1              		.cpu cortex-m3
   2              		.arch armv7-m
   3              		.fpu softvfp
   4              		.eabi_attribute 20, 1
   5              		.eabi_attribute 21, 1
   6              		.eabi_attribute 23, 3
   7              		.eabi_attribute 24, 1
   8              		.eabi_attribute 25, 1
   9              		.eabi_attribute 26, 1
  10              		.eabi_attribute 30, 1
  11              		.eabi_attribute 34, 1
  12              		.eabi_attribute 18, 4
  13              		.file	"spi_slave_handler.c"
  14              		.text
  15              	.Ltext0:
  16              		.cfi_sections	.debug_frame
  17              		.file 1 "Core/Src/spi_slave_handler.c"
  18              		.section	.text.HAL_GPIO_EXTI_Callback,"ax",%progbits
  19              		.align	1
  20              		.global	HAL_GPIO_EXTI_Callback
  21              		.syntax unified
  22              		.thumb
  23              		.thumb_func
  25              	HAL_GPIO_EXTI_Callback:
  26              	.LVL0:
  27              	.LFB65:
   1:Core/Src/spi_slave_handler.c **** #include "spi_slave_handler.h"
   2:Core/Src/spi_slave_handler.c **** 
   3:Core/Src/spi_slave_handler.c **** miso_packet_t transmit_packet;
   4:Core/Src/spi_slave_handler.c **** mosi_packet_t received_packet, valid_packet;
   5:Core/Src/spi_slave_handler.c **** uint32_t interrupr_cnt, callback_cnt, invalid_cnt;
   6:Core/Src/spi_slave_handler.c **** uint32_t txrxthing;
   7:Core/Src/spi_slave_handler.c **** 
   8:Core/Src/spi_slave_handler.c **** void HAL_GPIO_EXTI_Callback(uint16_t GPIO_Pin)
   9:Core/Src/spi_slave_handler.c **** {
  28              		.loc 1 9 1 view -0
  29              		.cfi_startproc
  30              		@ args = 0, pretend = 0, frame = 0
  31              		@ frame_needed = 0, uses_anonymous_args = 0
  10:Core/Src/spi_slave_handler.c **** 	// interrupr_cnt++;
  11:Core/Src/spi_slave_handler.c **** 	if (GPIO_Pin == NSS_Pin)
  32              		.loc 1 11 2 view .LVU1
  33              		.loc 1 11 5 is_stmt 0 view .LVU2
  34 0000 B0F5805F 		cmp	r0, #4096
  35 0004 00D0     		beq	.L8
  36 0006 7047     		bx	lr
  37              	.L8:
   9:Core/Src/spi_slave_handler.c **** 	// interrupr_cnt++;
  38              		.loc 1 9 1 view .LVU3
  39 0008 10B5     		push	{r4, lr}
  40              		.cfi_def_cfa_offset 8
  41              		.cfi_offset 4, -8
  42              		.cfi_offset 14, -4
  12:Core/Src/spi_slave_handler.c **** 	{
  13:Core/Src/spi_slave_handler.c **** 		if (HAL_GPIO_ReadPin(NSS_GPIO_Port, NSS_Pin))
  43              		.loc 1 13 3 is_stmt 1 view .LVU4
  44              		.loc 1 13 7 is_stmt 0 view .LVU5
ARM GAS  C:\Users\zhmis\AppData\Local\Temp\ccfhuBrx.s 			page 2


  45 000a 4FF48051 		mov	r1, #4096
  46 000e 1248     		ldr	r0, .L9
  47              	.LVL1:
  48              		.loc 1 13 7 view .LVU6
  49 0010 FFF7FEFF 		bl	HAL_GPIO_ReadPin
  50              	.LVL2:
  51              		.loc 1 13 6 discriminator 1 view .LVU7
  52 0014 30B1     		cbz	r0, .L3
  14:Core/Src/spi_slave_handler.c **** 		{
  15:Core/Src/spi_slave_handler.c **** 			// interrupr_cnt++;
  16:Core/Src/spi_slave_handler.c **** 			hspi2.Instance->CR1 |= 0x100; // Set SSI bit
  53              		.loc 1 16 4 is_stmt 1 view .LVU8
  54              		.loc 1 16 9 is_stmt 0 view .LVU9
  55 0016 114B     		ldr	r3, .L9+4
  56 0018 1A68     		ldr	r2, [r3]
  57              		.loc 1 16 18 view .LVU10
  58 001a 1368     		ldr	r3, [r2]
  59              		.loc 1 16 24 view .LVU11
  60 001c 43F48073 		orr	r3, r3, #256
  61 0020 1360     		str	r3, [r2]
  62              	.L1:
  17:Core/Src/spi_slave_handler.c **** 		}
  18:Core/Src/spi_slave_handler.c **** 		else
  19:Core/Src/spi_slave_handler.c **** 		{
  20:Core/Src/spi_slave_handler.c **** 			// interrupr_cnt++;
  21:Core/Src/spi_slave_handler.c **** 			slave_crc_packet(&transmit_packet);
  22:Core/Src/spi_slave_handler.c **** 			hspi2.Instance->CR1 &= 0xFEFF; // Reset SSI bit
  23:Core/Src/spi_slave_handler.c **** 			txrxthing = (uint32_t)HAL_SPI_TransmitReceive_IT(&hspi2, (uint8_t *)&transmit_packet,
  24:Core/Src/spi_slave_handler.c **** 															 (uint8_t *)&received_packet, sizeof(mosi_packet_t));
  25:Core/Src/spi_slave_handler.c **** 			if (transmit_packet.servos_reset)
  26:Core/Src/spi_slave_handler.c **** 			{
  27:Core/Src/spi_slave_handler.c **** 				// Todo: add servo reset code
  28:Core/Src/spi_slave_handler.c **** 				transmit_packet.servos_reset = 0;
  29:Core/Src/spi_slave_handler.c **** 			}
  30:Core/Src/spi_slave_handler.c **** 		}
  31:Core/Src/spi_slave_handler.c **** 	}
  32:Core/Src/spi_slave_handler.c **** }
  63              		.loc 1 32 1 view .LVU12
  64 0022 10BD     		pop	{r4, pc}
  65              	.L3:
  21:Core/Src/spi_slave_handler.c **** 			hspi2.Instance->CR1 &= 0xFEFF; // Reset SSI bit
  66              		.loc 1 21 4 is_stmt 1 view .LVU13
  67 0024 0E4C     		ldr	r4, .L9+8
  68 0026 2046     		mov	r0, r4
  69 0028 FFF7FEFF 		bl	slave_crc_packet
  70              	.LVL3:
  22:Core/Src/spi_slave_handler.c **** 			txrxthing = (uint32_t)HAL_SPI_TransmitReceive_IT(&hspi2, (uint8_t *)&transmit_packet,
  71              		.loc 1 22 4 view .LVU14
  22:Core/Src/spi_slave_handler.c **** 			txrxthing = (uint32_t)HAL_SPI_TransmitReceive_IT(&hspi2, (uint8_t *)&transmit_packet,
  72              		.loc 1 22 9 is_stmt 0 view .LVU15
  73 002c 0B48     		ldr	r0, .L9+4
  74 002e 0268     		ldr	r2, [r0]
  22:Core/Src/spi_slave_handler.c **** 			txrxthing = (uint32_t)HAL_SPI_TransmitReceive_IT(&hspi2, (uint8_t *)&transmit_packet,
  75              		.loc 1 22 18 view .LVU16
  76 0030 1368     		ldr	r3, [r2]
  22:Core/Src/spi_slave_handler.c **** 			txrxthing = (uint32_t)HAL_SPI_TransmitReceive_IT(&hspi2, (uint8_t *)&transmit_packet,
  77              		.loc 1 22 24 view .LVU17
ARM GAS  C:\Users\zhmis\AppData\Local\Temp\ccfhuBrx.s 			page 3


  78 0032 23F48073 		bic	r3, r3, #256
  79 0036 1B04     		lsls	r3, r3, #16
  80 0038 1B0C     		lsrs	r3, r3, #16
  81 003a 1360     		str	r3, [r2]
  23:Core/Src/spi_slave_handler.c **** 															 (uint8_t *)&received_packet, sizeof(mosi_packet_t));
  82              		.loc 1 23 4 is_stmt 1 view .LVU18
  23:Core/Src/spi_slave_handler.c **** 															 (uint8_t *)&received_packet, sizeof(mosi_packet_t));
  83              		.loc 1 23 26 is_stmt 0 view .LVU19
  84 003c 1623     		movs	r3, #22
  85 003e 094A     		ldr	r2, .L9+12
  86 0040 2146     		mov	r1, r4
  87 0042 FFF7FEFF 		bl	HAL_SPI_TransmitReceive_IT
  88              	.LVL4:
  23:Core/Src/spi_slave_handler.c **** 															 (uint8_t *)&received_packet, sizeof(mosi_packet_t));
  89              		.loc 1 23 14 discriminator 1 view .LVU20
  90 0046 084B     		ldr	r3, .L9+16
  91 0048 1860     		str	r0, [r3]
  25:Core/Src/spi_slave_handler.c **** 			{
  92              		.loc 1 25 4 is_stmt 1 view .LVU21
  25:Core/Src/spi_slave_handler.c **** 			{
  93              		.loc 1 25 23 is_stmt 0 view .LVU22
  94 004a 637E     		ldrb	r3, [r4, #25]	@ zero_extendqisi2
  25:Core/Src/spi_slave_handler.c **** 			{
  95              		.loc 1 25 7 view .LVU23
  96 004c 002B     		cmp	r3, #0
  97 004e E8D0     		beq	.L1
  28:Core/Src/spi_slave_handler.c **** 			}
  98              		.loc 1 28 5 is_stmt 1 view .LVU24
  28:Core/Src/spi_slave_handler.c **** 			}
  99              		.loc 1 28 34 is_stmt 0 view .LVU25
 100 0050 0022     		movs	r2, #0
 101 0052 6276     		strb	r2, [r4, #25]
 102              		.loc 1 32 1 view .LVU26
 103 0054 E5E7     		b	.L1
 104              	.L10:
 105 0056 00BF     		.align	2
 106              	.L9:
 107 0058 000C0140 		.word	1073810432
 108 005c 00000000 		.word	hspi2
 109 0060 00000000 		.word	transmit_packet
 110 0064 00000000 		.word	received_packet
 111 0068 00000000 		.word	txrxthing
 112              		.cfi_endproc
 113              	.LFE65:
 115              		.section	.text.HAL_SPI_TxRxCpltCallback,"ax",%progbits
 116              		.align	1
 117              		.global	HAL_SPI_TxRxCpltCallback
 118              		.syntax unified
 119              		.thumb
 120              		.thumb_func
 122              	HAL_SPI_TxRxCpltCallback:
 123              	.LVL5:
 124              	.LFB66:
  33:Core/Src/spi_slave_handler.c **** 
  34:Core/Src/spi_slave_handler.c **** void HAL_SPI_TxRxCpltCallback(SPI_HandleTypeDef *hspi)
  35:Core/Src/spi_slave_handler.c **** {
 125              		.loc 1 35 1 is_stmt 1 view -0
ARM GAS  C:\Users\zhmis\AppData\Local\Temp\ccfhuBrx.s 			page 4


 126              		.cfi_startproc
 127              		@ args = 0, pretend = 0, frame = 0
 128              		@ frame_needed = 0, uses_anonymous_args = 0
 129              		.loc 1 35 1 is_stmt 0 view .LVU28
 130 0000 38B5     		push	{r3, r4, r5, lr}
 131              		.cfi_def_cfa_offset 16
 132              		.cfi_offset 3, -16
 133              		.cfi_offset 4, -12
 134              		.cfi_offset 5, -8
 135              		.cfi_offset 14, -4
  36:Core/Src/spi_slave_handler.c **** 	callback_cnt++;
 136              		.loc 1 36 2 is_stmt 1 view .LVU29
 137              		.loc 1 36 14 is_stmt 0 view .LVU30
 138 0002 144A     		ldr	r2, .L15
 139 0004 1368     		ldr	r3, [r2]
 140 0006 0133     		adds	r3, r3, #1
 141 0008 1360     		str	r3, [r2]
  37:Core/Src/spi_slave_handler.c **** 
  38:Core/Src/spi_slave_handler.c **** 	if (slave_verify_mosi_packet(&received_packet))
 142              		.loc 1 38 2 is_stmt 1 view .LVU31
 143              		.loc 1 38 6 is_stmt 0 view .LVU32
 144 000a 1348     		ldr	r0, .L15+4
 145              	.LVL6:
 146              		.loc 1 38 6 view .LVU33
 147 000c FFF7FEFF 		bl	slave_verify_mosi_packet
 148              	.LVL7:
 149              		.loc 1 38 5 discriminator 1 view .LVU34
 150 0010 C0B1     		cbz	r0, .L12
  39:Core/Src/spi_slave_handler.c **** 	{
  40:Core/Src/spi_slave_handler.c **** 		memcpy(&valid_packet, &received_packet, sizeof(mosi_packet_t));
 151              		.loc 1 40 3 is_stmt 1 view .LVU35
 152 0012 124D     		ldr	r5, .L15+8
 153 0014 AC46     		mov	ip, r5
 154 0016 104C     		ldr	r4, .L15+4
 155 0018 0FCC     		ldmia	r4!, {r0, r1, r2, r3}
 156 001a ACE80F00 		stmia	ip!, {r0, r1, r2, r3}
 157 001e 94E80300 		ldm	r4, {r0, r1}
 158 0022 4CF8040B 		str	r0, [ip], #4
 159 0026 ACF80010 		strh	r1, [ip]	@ movhi
  41:Core/Src/spi_slave_handler.c **** 		system_enabled = valid_packet.mode;
 160              		.loc 1 41 3 view .LVU36
 161              		.loc 1 41 32 is_stmt 0 view .LVU37
 162 002a 2A78     		ldrb	r2, [r5]	@ zero_extendqisi2
 163              		.loc 1 41 18 view .LVU38
 164 002c 0C4B     		ldr	r3, .L15+12
 165 002e 1A70     		strb	r2, [r3]
  42:Core/Src/spi_slave_handler.c **** 		reset_flag = valid_packet.reset_servos;
 166              		.loc 1 42 3 is_stmt 1 view .LVU39
 167              		.loc 1 42 28 is_stmt 0 view .LVU40
 168 0030 6A7C     		ldrb	r2, [r5, #17]	@ zero_extendqisi2
 169              		.loc 1 42 14 view .LVU41
 170 0032 0C4B     		ldr	r3, .L15+16
 171 0034 1A70     		strb	r2, [r3]
 172              	.L13:
  43:Core/Src/spi_slave_handler.c **** 	}
  44:Core/Src/spi_slave_handler.c **** 	else
  45:Core/Src/spi_slave_handler.c **** 	{
ARM GAS  C:\Users\zhmis\AppData\Local\Temp\ccfhuBrx.s 			page 5


  46:Core/Src/spi_slave_handler.c **** 		invalid_cnt++;
  47:Core/Src/spi_slave_handler.c **** 		system_enabled = 0;
  48:Core/Src/spi_slave_handler.c **** 	}
  49:Core/Src/spi_slave_handler.c **** 	hspi2.Instance->CR1 |= 0x100; // Set SSI bit
 173              		.loc 1 49 2 is_stmt 1 view .LVU42
 174              		.loc 1 49 7 is_stmt 0 view .LVU43
 175 0036 0C4B     		ldr	r3, .L15+20
 176 0038 1A68     		ldr	r2, [r3]
 177              		.loc 1 49 16 view .LVU44
 178 003a 1368     		ldr	r3, [r2]
 179              		.loc 1 49 22 view .LVU45
 180 003c 43F48073 		orr	r3, r3, #256
 181 0040 1360     		str	r3, [r2]
  50:Core/Src/spi_slave_handler.c **** }
 182              		.loc 1 50 1 view .LVU46
 183 0042 38BD     		pop	{r3, r4, r5, pc}
 184              	.L12:
  46:Core/Src/spi_slave_handler.c **** 		system_enabled = 0;
 185              		.loc 1 46 3 is_stmt 1 view .LVU47
  46:Core/Src/spi_slave_handler.c **** 		system_enabled = 0;
 186              		.loc 1 46 14 is_stmt 0 view .LVU48
 187 0044 094A     		ldr	r2, .L15+24
 188 0046 1368     		ldr	r3, [r2]
 189 0048 0133     		adds	r3, r3, #1
 190 004a 1360     		str	r3, [r2]
  47:Core/Src/spi_slave_handler.c **** 	}
 191              		.loc 1 47 3 is_stmt 1 view .LVU49
  47:Core/Src/spi_slave_handler.c **** 	}
 192              		.loc 1 47 18 is_stmt 0 view .LVU50
 193 004c 044B     		ldr	r3, .L15+12
 194 004e 0022     		movs	r2, #0
 195 0050 1A70     		strb	r2, [r3]
 196 0052 F0E7     		b	.L13
 197              	.L16:
 198              		.align	2
 199              	.L15:
 200 0054 00000000 		.word	callback_cnt
 201 0058 00000000 		.word	received_packet
 202 005c 00000000 		.word	valid_packet
 203 0060 00000000 		.word	system_enabled
 204 0064 00000000 		.word	reset_flag
 205 0068 00000000 		.word	hspi2
 206 006c 00000000 		.word	invalid_cnt
 207              		.cfi_endproc
 208              	.LFE66:
 210              		.global	txrxthing
 211              		.section	.bss.txrxthing,"aw",%nobits
 212              		.align	2
 215              	txrxthing:
 216 0000 00000000 		.space	4
 217              		.global	invalid_cnt
 218              		.section	.bss.invalid_cnt,"aw",%nobits
 219              		.align	2
 222              	invalid_cnt:
 223 0000 00000000 		.space	4
 224              		.global	callback_cnt
 225              		.section	.bss.callback_cnt,"aw",%nobits
ARM GAS  C:\Users\zhmis\AppData\Local\Temp\ccfhuBrx.s 			page 6


 226              		.align	2
 229              	callback_cnt:
 230 0000 00000000 		.space	4
 231              		.global	interrupr_cnt
 232              		.section	.bss.interrupr_cnt,"aw",%nobits
 233              		.align	2
 236              	interrupr_cnt:
 237 0000 00000000 		.space	4
 238              		.global	valid_packet
 239              		.section	.bss.valid_packet,"aw",%nobits
 240              		.align	2
 243              	valid_packet:
 244 0000 00000000 		.space	22
 244      00000000 
 244      00000000 
 244      00000000 
 244      00000000 
 245              		.global	received_packet
 246              		.section	.bss.received_packet,"aw",%nobits
 247              		.align	2
 250              	received_packet:
 251 0000 00000000 		.space	22
 251      00000000 
 251      00000000 
 251      00000000 
 251      00000000 
 252              		.global	transmit_packet
 253              		.section	.bss.transmit_packet,"aw",%nobits
 254              		.align	2
 257              	transmit_packet:
 258 0000 00000000 		.space	30
 258      00000000 
 258      00000000 
 258      00000000 
 258      00000000 
 259              		.text
 260              	.Letext0:
 261              		.file 2 "C:/Users/zhmis/AppData/Roaming/Code/User/globalStorage/bmd.stm32-for-vscode/@xpack-dev-to
 262              		.file 3 "C:/Users/zhmis/AppData/Roaming/Code/User/globalStorage/bmd.stm32-for-vscode/@xpack-dev-to
 263              		.file 4 "Drivers/CMSIS/Device/ST/STM32F1xx/Include/stm32f103xb.h"
 264              		.file 5 "Drivers/STM32F1xx_HAL_Driver/Inc/stm32f1xx_hal_def.h"
 265              		.file 6 "Drivers/STM32F1xx_HAL_Driver/Inc/stm32f1xx_hal_gpio.h"
 266              		.file 7 "Drivers/STM32F1xx_HAL_Driver/Inc/stm32f1xx_hal_dma.h"
 267              		.file 8 "Drivers/STM32F1xx_HAL_Driver/Inc/stm32f1xx_hal_spi.h"
 268              		.file 9 "Core/Inc/spi_comms.h"
 269              		.file 10 "Core/Inc/spi.h"
 270              		.file 11 "Core/Inc/global_flags.h"
 271              		.file 12 "Core/Inc/spi_slave_handler.h"
ARM GAS  C:\Users\zhmis\AppData\Local\Temp\ccfhuBrx.s 			page 7


DEFINED SYMBOLS
                            *ABS*:00000000 spi_slave_handler.c
C:\Users\zhmis\AppData\Local\Temp\ccfhuBrx.s:19     .text.HAL_GPIO_EXTI_Callback:00000000 $t
C:\Users\zhmis\AppData\Local\Temp\ccfhuBrx.s:25     .text.HAL_GPIO_EXTI_Callback:00000000 HAL_GPIO_EXTI_Callback
C:\Users\zhmis\AppData\Local\Temp\ccfhuBrx.s:107    .text.HAL_GPIO_EXTI_Callback:00000058 $d
C:\Users\zhmis\AppData\Local\Temp\ccfhuBrx.s:257    .bss.transmit_packet:00000000 transmit_packet
C:\Users\zhmis\AppData\Local\Temp\ccfhuBrx.s:250    .bss.received_packet:00000000 received_packet
C:\Users\zhmis\AppData\Local\Temp\ccfhuBrx.s:215    .bss.txrxthing:00000000 txrxthing
C:\Users\zhmis\AppData\Local\Temp\ccfhuBrx.s:116    .text.HAL_SPI_TxRxCpltCallback:00000000 $t
C:\Users\zhmis\AppData\Local\Temp\ccfhuBrx.s:122    .text.HAL_SPI_TxRxCpltCallback:00000000 HAL_SPI_TxRxCpltCallback
C:\Users\zhmis\AppData\Local\Temp\ccfhuBrx.s:200    .text.HAL_SPI_TxRxCpltCallback:00000054 $d
C:\Users\zhmis\AppData\Local\Temp\ccfhuBrx.s:229    .bss.callback_cnt:00000000 callback_cnt
C:\Users\zhmis\AppData\Local\Temp\ccfhuBrx.s:243    .bss.valid_packet:00000000 valid_packet
C:\Users\zhmis\AppData\Local\Temp\ccfhuBrx.s:222    .bss.invalid_cnt:00000000 invalid_cnt
C:\Users\zhmis\AppData\Local\Temp\ccfhuBrx.s:212    .bss.txrxthing:00000000 $d
C:\Users\zhmis\AppData\Local\Temp\ccfhuBrx.s:219    .bss.invalid_cnt:00000000 $d
C:\Users\zhmis\AppData\Local\Temp\ccfhuBrx.s:226    .bss.callback_cnt:00000000 $d
C:\Users\zhmis\AppData\Local\Temp\ccfhuBrx.s:236    .bss.interrupr_cnt:00000000 interrupr_cnt
C:\Users\zhmis\AppData\Local\Temp\ccfhuBrx.s:233    .bss.interrupr_cnt:00000000 $d
C:\Users\zhmis\AppData\Local\Temp\ccfhuBrx.s:240    .bss.valid_packet:00000000 $d
C:\Users\zhmis\AppData\Local\Temp\ccfhuBrx.s:247    .bss.received_packet:00000000 $d
C:\Users\zhmis\AppData\Local\Temp\ccfhuBrx.s:254    .bss.transmit_packet:00000000 $d

UNDEFINED SYMBOLS
HAL_GPIO_ReadPin
slave_crc_packet
HAL_SPI_TransmitReceive_IT
hspi2
slave_verify_mosi_packet
system_enabled
reset_flag
