ARM GAS  C:\Users\zhmis\AppData\Local\Temp\ccPzBD4i.s 			page 1


   1              		.cpu cortex-m3
   2              		.arch armv7-m
   3              		.fpu softvfp
   4              		.eabi_attribute 20, 1
   5              		.eabi_attribute 21, 1
   6              		.eabi_attribute 23, 3
   7              		.eabi_attribute 24, 1
   8              		.eabi_attribute 25, 1
   9              		.eabi_attribute 26, 1
  10              		.eabi_attribute 30, 1
  11              		.eabi_attribute 34, 1
  12              		.eabi_attribute 18, 4
  13              		.file	"stm32f1xx_it.c"
  14              		.text
  15              	.Ltext0:
  16              		.cfi_sections	.debug_frame
  17              		.file 1 "Core/Src/stm32f1xx_it.c"
  18              		.section	.text.NMI_Handler,"ax",%progbits
  19              		.align	1
  20              		.global	NMI_Handler
  21              		.syntax unified
  22              		.thumb
  23              		.thumb_func
  25              	NMI_Handler:
  26              	.LFB65:
   1:Core/Src/stm32f1xx_it.c **** /* USER CODE BEGIN Header */
   2:Core/Src/stm32f1xx_it.c **** /**
   3:Core/Src/stm32f1xx_it.c ****  ******************************************************************************
   4:Core/Src/stm32f1xx_it.c ****  * @file    stm32f1xx_it.c
   5:Core/Src/stm32f1xx_it.c ****  * @brief   Interrupt Service Routines.
   6:Core/Src/stm32f1xx_it.c ****  ******************************************************************************
   7:Core/Src/stm32f1xx_it.c ****  * @attention
   8:Core/Src/stm32f1xx_it.c ****  *
   9:Core/Src/stm32f1xx_it.c ****  * Copyright (c) 2023 STMicroelectronics.
  10:Core/Src/stm32f1xx_it.c ****  * All rights reserved.
  11:Core/Src/stm32f1xx_it.c ****  *
  12:Core/Src/stm32f1xx_it.c ****  * This software is licensed under terms that can be found in the LICENSE file
  13:Core/Src/stm32f1xx_it.c ****  * in the root directory of this software component.
  14:Core/Src/stm32f1xx_it.c ****  * If no LICENSE file comes with this software, it is provided AS-IS.
  15:Core/Src/stm32f1xx_it.c ****  *
  16:Core/Src/stm32f1xx_it.c ****  ******************************************************************************
  17:Core/Src/stm32f1xx_it.c ****  */
  18:Core/Src/stm32f1xx_it.c **** /* USER CODE END Header */
  19:Core/Src/stm32f1xx_it.c **** 
  20:Core/Src/stm32f1xx_it.c **** /* Includes ------------------------------------------------------------------*/
  21:Core/Src/stm32f1xx_it.c **** #include "main.h"
  22:Core/Src/stm32f1xx_it.c **** #include "stm32f1xx_it.h"
  23:Core/Src/stm32f1xx_it.c **** /* Private includes ----------------------------------------------------------*/
  24:Core/Src/stm32f1xx_it.c **** /* USER CODE BEGIN Includes */
  25:Core/Src/stm32f1xx_it.c **** #include "tim.h"
  26:Core/Src/stm32f1xx_it.c **** #include "IQmathLib.h"
  27:Core/Src/stm32f1xx_it.c **** #include "main_init.h"
  28:Core/Src/stm32f1xx_it.c **** /* USER CODE END Includes */
  29:Core/Src/stm32f1xx_it.c **** 
  30:Core/Src/stm32f1xx_it.c **** /* Private typedef -----------------------------------------------------------*/
  31:Core/Src/stm32f1xx_it.c **** /* USER CODE BEGIN TD */
  32:Core/Src/stm32f1xx_it.c **** 
ARM GAS  C:\Users\zhmis\AppData\Local\Temp\ccPzBD4i.s 			page 2


  33:Core/Src/stm32f1xx_it.c **** /* USER CODE END TD */
  34:Core/Src/stm32f1xx_it.c **** 
  35:Core/Src/stm32f1xx_it.c **** /* Private define ------------------------------------------------------------*/
  36:Core/Src/stm32f1xx_it.c **** /* USER CODE BEGIN PD */
  37:Core/Src/stm32f1xx_it.c **** 
  38:Core/Src/stm32f1xx_it.c **** /* USER CODE END PD */
  39:Core/Src/stm32f1xx_it.c **** 
  40:Core/Src/stm32f1xx_it.c **** /* Private macro -------------------------------------------------------------*/
  41:Core/Src/stm32f1xx_it.c **** /* USER CODE BEGIN PM */
  42:Core/Src/stm32f1xx_it.c **** 
  43:Core/Src/stm32f1xx_it.c **** /* USER CODE END PM */
  44:Core/Src/stm32f1xx_it.c **** 
  45:Core/Src/stm32f1xx_it.c **** /* Private variables ---------------------------------------------------------*/
  46:Core/Src/stm32f1xx_it.c **** /* USER CODE BEGIN PV */
  47:Core/Src/stm32f1xx_it.c **** uint16_t freq9khz, freq500Hz;
  48:Core/Src/stm32f1xx_it.c **** 
  49:Core/Src/stm32f1xx_it.c **** float setAngle = 0;
  50:Core/Src/stm32f1xx_it.c **** float setSpeed = 0;
  51:Core/Src/stm32f1xx_it.c **** float setCurrent = 0;
  52:Core/Src/stm32f1xx_it.c **** 
  53:Core/Src/stm32f1xx_it.c **** int16_t setpwm = 0;
  54:Core/Src/stm32f1xx_it.c **** 
  55:Core/Src/stm32f1xx_it.c **** uint16_t debugMode = 3, bandwidth_flag;
  56:Core/Src/stm32f1xx_it.c **** 
  57:Core/Src/stm32f1xx_it.c **** enum ControlMode {
  58:Core/Src/stm32f1xx_it.c **** 	Pos, Vel, Cu
  59:Core/Src/stm32f1xx_it.c **** };
  60:Core/Src/stm32f1xx_it.c **** 
  61:Core/Src/stm32f1xx_it.c **** enum ControlMode mode = Vel;
  62:Core/Src/stm32f1xx_it.c **** 
  63:Core/Src/stm32f1xx_it.c **** 
  64:Core/Src/stm32f1xx_it.c **** /* USER CODE END PV */
  65:Core/Src/stm32f1xx_it.c **** 
  66:Core/Src/stm32f1xx_it.c **** /* Private function prototypes -----------------------------------------------*/
  67:Core/Src/stm32f1xx_it.c **** /* USER CODE BEGIN PFP */
  68:Core/Src/stm32f1xx_it.c **** void HAL_TIM_PeriodElapsedCallback(TIM_HandleTypeDef *htim);
  69:Core/Src/stm32f1xx_it.c **** /* USER CODE END PFP */
  70:Core/Src/stm32f1xx_it.c **** 
  71:Core/Src/stm32f1xx_it.c **** /* Private user code ---------------------------------------------------------*/
  72:Core/Src/stm32f1xx_it.c **** /* USER CODE BEGIN 0 */
  73:Core/Src/stm32f1xx_it.c **** 
  74:Core/Src/stm32f1xx_it.c **** /* USER CODE END 0 */
  75:Core/Src/stm32f1xx_it.c **** 
  76:Core/Src/stm32f1xx_it.c **** /* External variables --------------------------------------------------------*/
  77:Core/Src/stm32f1xx_it.c **** extern DMA_HandleTypeDef hdma_adc1;
  78:Core/Src/stm32f1xx_it.c **** extern TIM_HandleTypeDef htim3;
  79:Core/Src/stm32f1xx_it.c **** /* USER CODE BEGIN EV */
  80:Core/Src/stm32f1xx_it.c **** 
  81:Core/Src/stm32f1xx_it.c **** /* USER CODE END EV */
  82:Core/Src/stm32f1xx_it.c **** 
  83:Core/Src/stm32f1xx_it.c **** /******************************************************************************/
  84:Core/Src/stm32f1xx_it.c **** /*           Cortex-M3 Processor Interruption and Exception Handlers          */
  85:Core/Src/stm32f1xx_it.c **** /******************************************************************************/
  86:Core/Src/stm32f1xx_it.c **** /**
  87:Core/Src/stm32f1xx_it.c ****   * @brief This function handles Non maskable interrupt.
  88:Core/Src/stm32f1xx_it.c ****   */
  89:Core/Src/stm32f1xx_it.c **** void NMI_Handler(void)
ARM GAS  C:\Users\zhmis\AppData\Local\Temp\ccPzBD4i.s 			page 3


  90:Core/Src/stm32f1xx_it.c **** {
  27              		.loc 1 90 1 view -0
  28              		.cfi_startproc
  29              		@ Volatile: function does not return.
  30              		@ args = 0, pretend = 0, frame = 0
  31              		@ frame_needed = 0, uses_anonymous_args = 0
  32              		@ link register save eliminated.
  33              	.L2:
  91:Core/Src/stm32f1xx_it.c ****   /* USER CODE BEGIN NonMaskableInt_IRQn 0 */
  92:Core/Src/stm32f1xx_it.c **** 
  93:Core/Src/stm32f1xx_it.c ****   /* USER CODE END NonMaskableInt_IRQn 0 */
  94:Core/Src/stm32f1xx_it.c ****   /* USER CODE BEGIN NonMaskableInt_IRQn 1 */
  95:Core/Src/stm32f1xx_it.c **** 	while (1) {
  34              		.loc 1 95 2 view .LVU1
  96:Core/Src/stm32f1xx_it.c **** 	}
  35              		.loc 1 96 2 view .LVU2
  95:Core/Src/stm32f1xx_it.c **** 	}
  36              		.loc 1 95 8 view .LVU3
  37 0000 FEE7     		b	.L2
  38              		.cfi_endproc
  39              	.LFE65:
  41              		.section	.text.HardFault_Handler,"ax",%progbits
  42              		.align	1
  43              		.global	HardFault_Handler
  44              		.syntax unified
  45              		.thumb
  46              		.thumb_func
  48              	HardFault_Handler:
  49              	.LFB66:
  97:Core/Src/stm32f1xx_it.c ****   /* USER CODE END NonMaskableInt_IRQn 1 */
  98:Core/Src/stm32f1xx_it.c **** }
  99:Core/Src/stm32f1xx_it.c **** 
 100:Core/Src/stm32f1xx_it.c **** /**
 101:Core/Src/stm32f1xx_it.c ****   * @brief This function handles Hard fault interrupt.
 102:Core/Src/stm32f1xx_it.c ****   */
 103:Core/Src/stm32f1xx_it.c **** void HardFault_Handler(void)
 104:Core/Src/stm32f1xx_it.c **** {
  50              		.loc 1 104 1 view -0
  51              		.cfi_startproc
  52              		@ Volatile: function does not return.
  53              		@ args = 0, pretend = 0, frame = 0
  54              		@ frame_needed = 0, uses_anonymous_args = 0
  55              		@ link register save eliminated.
  56              	.L4:
 105:Core/Src/stm32f1xx_it.c ****   /* USER CODE BEGIN HardFault_IRQn 0 */
 106:Core/Src/stm32f1xx_it.c **** 
 107:Core/Src/stm32f1xx_it.c ****   /* USER CODE END HardFault_IRQn 0 */
 108:Core/Src/stm32f1xx_it.c ****   while (1)
  57              		.loc 1 108 3 view .LVU5
 109:Core/Src/stm32f1xx_it.c ****   {
 110:Core/Src/stm32f1xx_it.c ****     /* USER CODE BEGIN W1_HardFault_IRQn 0 */
 111:Core/Src/stm32f1xx_it.c ****     /* USER CODE END W1_HardFault_IRQn 0 */
 112:Core/Src/stm32f1xx_it.c ****   }
  58              		.loc 1 112 3 view .LVU6
 108:Core/Src/stm32f1xx_it.c ****   {
  59              		.loc 1 108 9 view .LVU7
  60 0000 FEE7     		b	.L4
ARM GAS  C:\Users\zhmis\AppData\Local\Temp\ccPzBD4i.s 			page 4


  61              		.cfi_endproc
  62              	.LFE66:
  64              		.section	.text.MemManage_Handler,"ax",%progbits
  65              		.align	1
  66              		.global	MemManage_Handler
  67              		.syntax unified
  68              		.thumb
  69              		.thumb_func
  71              	MemManage_Handler:
  72              	.LFB67:
 113:Core/Src/stm32f1xx_it.c **** }
 114:Core/Src/stm32f1xx_it.c **** 
 115:Core/Src/stm32f1xx_it.c **** /**
 116:Core/Src/stm32f1xx_it.c ****   * @brief This function handles Memory management fault.
 117:Core/Src/stm32f1xx_it.c ****   */
 118:Core/Src/stm32f1xx_it.c **** void MemManage_Handler(void)
 119:Core/Src/stm32f1xx_it.c **** {
  73              		.loc 1 119 1 view -0
  74              		.cfi_startproc
  75              		@ Volatile: function does not return.
  76              		@ args = 0, pretend = 0, frame = 0
  77              		@ frame_needed = 0, uses_anonymous_args = 0
  78              		@ link register save eliminated.
  79              	.L6:
 120:Core/Src/stm32f1xx_it.c ****   /* USER CODE BEGIN MemoryManagement_IRQn 0 */
 121:Core/Src/stm32f1xx_it.c **** 
 122:Core/Src/stm32f1xx_it.c ****   /* USER CODE END MemoryManagement_IRQn 0 */
 123:Core/Src/stm32f1xx_it.c ****   while (1)
  80              		.loc 1 123 3 view .LVU9
 124:Core/Src/stm32f1xx_it.c ****   {
 125:Core/Src/stm32f1xx_it.c ****     /* USER CODE BEGIN W1_MemoryManagement_IRQn 0 */
 126:Core/Src/stm32f1xx_it.c ****     /* USER CODE END W1_MemoryManagement_IRQn 0 */
 127:Core/Src/stm32f1xx_it.c ****   }
  81              		.loc 1 127 3 view .LVU10
 123:Core/Src/stm32f1xx_it.c ****   {
  82              		.loc 1 123 9 view .LVU11
  83 0000 FEE7     		b	.L6
  84              		.cfi_endproc
  85              	.LFE67:
  87              		.section	.text.BusFault_Handler,"ax",%progbits
  88              		.align	1
  89              		.global	BusFault_Handler
  90              		.syntax unified
  91              		.thumb
  92              		.thumb_func
  94              	BusFault_Handler:
  95              	.LFB68:
 128:Core/Src/stm32f1xx_it.c **** }
 129:Core/Src/stm32f1xx_it.c **** 
 130:Core/Src/stm32f1xx_it.c **** /**
 131:Core/Src/stm32f1xx_it.c ****   * @brief This function handles Prefetch fault, memory access fault.
 132:Core/Src/stm32f1xx_it.c ****   */
 133:Core/Src/stm32f1xx_it.c **** void BusFault_Handler(void)
 134:Core/Src/stm32f1xx_it.c **** {
  96              		.loc 1 134 1 view -0
  97              		.cfi_startproc
  98              		@ Volatile: function does not return.
ARM GAS  C:\Users\zhmis\AppData\Local\Temp\ccPzBD4i.s 			page 5


  99              		@ args = 0, pretend = 0, frame = 0
 100              		@ frame_needed = 0, uses_anonymous_args = 0
 101              		@ link register save eliminated.
 102              	.L8:
 135:Core/Src/stm32f1xx_it.c ****   /* USER CODE BEGIN BusFault_IRQn 0 */
 136:Core/Src/stm32f1xx_it.c **** 
 137:Core/Src/stm32f1xx_it.c ****   /* USER CODE END BusFault_IRQn 0 */
 138:Core/Src/stm32f1xx_it.c ****   while (1)
 103              		.loc 1 138 3 view .LVU13
 139:Core/Src/stm32f1xx_it.c ****   {
 140:Core/Src/stm32f1xx_it.c ****     /* USER CODE BEGIN W1_BusFault_IRQn 0 */
 141:Core/Src/stm32f1xx_it.c ****     /* USER CODE END W1_BusFault_IRQn 0 */
 142:Core/Src/stm32f1xx_it.c ****   }
 104              		.loc 1 142 3 view .LVU14
 138:Core/Src/stm32f1xx_it.c ****   {
 105              		.loc 1 138 9 view .LVU15
 106 0000 FEE7     		b	.L8
 107              		.cfi_endproc
 108              	.LFE68:
 110              		.section	.text.UsageFault_Handler,"ax",%progbits
 111              		.align	1
 112              		.global	UsageFault_Handler
 113              		.syntax unified
 114              		.thumb
 115              		.thumb_func
 117              	UsageFault_Handler:
 118              	.LFB69:
 143:Core/Src/stm32f1xx_it.c **** }
 144:Core/Src/stm32f1xx_it.c **** 
 145:Core/Src/stm32f1xx_it.c **** /**
 146:Core/Src/stm32f1xx_it.c ****   * @brief This function handles Undefined instruction or illegal state.
 147:Core/Src/stm32f1xx_it.c ****   */
 148:Core/Src/stm32f1xx_it.c **** void UsageFault_Handler(void)
 149:Core/Src/stm32f1xx_it.c **** {
 119              		.loc 1 149 1 view -0
 120              		.cfi_startproc
 121              		@ Volatile: function does not return.
 122              		@ args = 0, pretend = 0, frame = 0
 123              		@ frame_needed = 0, uses_anonymous_args = 0
 124              		@ link register save eliminated.
 125              	.L10:
 150:Core/Src/stm32f1xx_it.c ****   /* USER CODE BEGIN UsageFault_IRQn 0 */
 151:Core/Src/stm32f1xx_it.c **** 
 152:Core/Src/stm32f1xx_it.c ****   /* USER CODE END UsageFault_IRQn 0 */
 153:Core/Src/stm32f1xx_it.c ****   while (1)
 126              		.loc 1 153 3 view .LVU17
 154:Core/Src/stm32f1xx_it.c ****   {
 155:Core/Src/stm32f1xx_it.c ****     /* USER CODE BEGIN W1_UsageFault_IRQn 0 */
 156:Core/Src/stm32f1xx_it.c ****     /* USER CODE END W1_UsageFault_IRQn 0 */
 157:Core/Src/stm32f1xx_it.c ****   }
 127              		.loc 1 157 3 view .LVU18
 153:Core/Src/stm32f1xx_it.c ****   {
 128              		.loc 1 153 9 view .LVU19
 129 0000 FEE7     		b	.L10
 130              		.cfi_endproc
 131              	.LFE69:
 133              		.section	.text.SVC_Handler,"ax",%progbits
ARM GAS  C:\Users\zhmis\AppData\Local\Temp\ccPzBD4i.s 			page 6


 134              		.align	1
 135              		.global	SVC_Handler
 136              		.syntax unified
 137              		.thumb
 138              		.thumb_func
 140              	SVC_Handler:
 141              	.LFB70:
 158:Core/Src/stm32f1xx_it.c **** }
 159:Core/Src/stm32f1xx_it.c **** 
 160:Core/Src/stm32f1xx_it.c **** /**
 161:Core/Src/stm32f1xx_it.c ****   * @brief This function handles System service call via SWI instruction.
 162:Core/Src/stm32f1xx_it.c ****   */
 163:Core/Src/stm32f1xx_it.c **** void SVC_Handler(void)
 164:Core/Src/stm32f1xx_it.c **** {
 142              		.loc 1 164 1 view -0
 143              		.cfi_startproc
 144              		@ args = 0, pretend = 0, frame = 0
 145              		@ frame_needed = 0, uses_anonymous_args = 0
 146              		@ link register save eliminated.
 165:Core/Src/stm32f1xx_it.c ****   /* USER CODE BEGIN SVCall_IRQn 0 */
 166:Core/Src/stm32f1xx_it.c **** 
 167:Core/Src/stm32f1xx_it.c ****   /* USER CODE END SVCall_IRQn 0 */
 168:Core/Src/stm32f1xx_it.c ****   /* USER CODE BEGIN SVCall_IRQn 1 */
 169:Core/Src/stm32f1xx_it.c **** 
 170:Core/Src/stm32f1xx_it.c ****   /* USER CODE END SVCall_IRQn 1 */
 171:Core/Src/stm32f1xx_it.c **** }
 147              		.loc 1 171 1 view .LVU21
 148 0000 7047     		bx	lr
 149              		.cfi_endproc
 150              	.LFE70:
 152              		.section	.text.DebugMon_Handler,"ax",%progbits
 153              		.align	1
 154              		.global	DebugMon_Handler
 155              		.syntax unified
 156              		.thumb
 157              		.thumb_func
 159              	DebugMon_Handler:
 160              	.LFB71:
 172:Core/Src/stm32f1xx_it.c **** 
 173:Core/Src/stm32f1xx_it.c **** /**
 174:Core/Src/stm32f1xx_it.c ****   * @brief This function handles Debug monitor.
 175:Core/Src/stm32f1xx_it.c ****   */
 176:Core/Src/stm32f1xx_it.c **** void DebugMon_Handler(void)
 177:Core/Src/stm32f1xx_it.c **** {
 161              		.loc 1 177 1 view -0
 162              		.cfi_startproc
 163              		@ args = 0, pretend = 0, frame = 0
 164              		@ frame_needed = 0, uses_anonymous_args = 0
 165              		@ link register save eliminated.
 178:Core/Src/stm32f1xx_it.c ****   /* USER CODE BEGIN DebugMonitor_IRQn 0 */
 179:Core/Src/stm32f1xx_it.c **** 
 180:Core/Src/stm32f1xx_it.c ****   /* USER CODE END DebugMonitor_IRQn 0 */
 181:Core/Src/stm32f1xx_it.c ****   /* USER CODE BEGIN DebugMonitor_IRQn 1 */
 182:Core/Src/stm32f1xx_it.c **** 
 183:Core/Src/stm32f1xx_it.c ****   /* USER CODE END DebugMonitor_IRQn 1 */
 184:Core/Src/stm32f1xx_it.c **** }
 166              		.loc 1 184 1 view .LVU23
ARM GAS  C:\Users\zhmis\AppData\Local\Temp\ccPzBD4i.s 			page 7


 167 0000 7047     		bx	lr
 168              		.cfi_endproc
 169              	.LFE71:
 171              		.section	.text.PendSV_Handler,"ax",%progbits
 172              		.align	1
 173              		.global	PendSV_Handler
 174              		.syntax unified
 175              		.thumb
 176              		.thumb_func
 178              	PendSV_Handler:
 179              	.LFB72:
 185:Core/Src/stm32f1xx_it.c **** 
 186:Core/Src/stm32f1xx_it.c **** /**
 187:Core/Src/stm32f1xx_it.c ****   * @brief This function handles Pendable request for system service.
 188:Core/Src/stm32f1xx_it.c ****   */
 189:Core/Src/stm32f1xx_it.c **** void PendSV_Handler(void)
 190:Core/Src/stm32f1xx_it.c **** {
 180              		.loc 1 190 1 view -0
 181              		.cfi_startproc
 182              		@ args = 0, pretend = 0, frame = 0
 183              		@ frame_needed = 0, uses_anonymous_args = 0
 184              		@ link register save eliminated.
 191:Core/Src/stm32f1xx_it.c ****   /* USER CODE BEGIN PendSV_IRQn 0 */
 192:Core/Src/stm32f1xx_it.c **** 
 193:Core/Src/stm32f1xx_it.c ****   /* USER CODE END PendSV_IRQn 0 */
 194:Core/Src/stm32f1xx_it.c ****   /* USER CODE BEGIN PendSV_IRQn 1 */
 195:Core/Src/stm32f1xx_it.c **** 
 196:Core/Src/stm32f1xx_it.c ****   /* USER CODE END PendSV_IRQn 1 */
 197:Core/Src/stm32f1xx_it.c **** }
 185              		.loc 1 197 1 view .LVU25
 186 0000 7047     		bx	lr
 187              		.cfi_endproc
 188              	.LFE72:
 190              		.section	.text.SysTick_Handler,"ax",%progbits
 191              		.align	1
 192              		.global	SysTick_Handler
 193              		.syntax unified
 194              		.thumb
 195              		.thumb_func
 197              	SysTick_Handler:
 198              	.LFB73:
 198:Core/Src/stm32f1xx_it.c **** 
 199:Core/Src/stm32f1xx_it.c **** /**
 200:Core/Src/stm32f1xx_it.c ****   * @brief This function handles System tick timer.
 201:Core/Src/stm32f1xx_it.c ****   */
 202:Core/Src/stm32f1xx_it.c **** void SysTick_Handler(void)
 203:Core/Src/stm32f1xx_it.c **** {
 199              		.loc 1 203 1 view -0
 200              		.cfi_startproc
 201              		@ args = 0, pretend = 0, frame = 0
 202              		@ frame_needed = 0, uses_anonymous_args = 0
 203 0000 08B5     		push	{r3, lr}
 204              		.cfi_def_cfa_offset 8
 205              		.cfi_offset 3, -8
 206              		.cfi_offset 14, -4
 204:Core/Src/stm32f1xx_it.c ****   /* USER CODE BEGIN SysTick_IRQn 0 */
 205:Core/Src/stm32f1xx_it.c **** 
ARM GAS  C:\Users\zhmis\AppData\Local\Temp\ccPzBD4i.s 			page 8


 206:Core/Src/stm32f1xx_it.c ****   /* USER CODE END SysTick_IRQn 0 */
 207:Core/Src/stm32f1xx_it.c ****   HAL_IncTick();
 207              		.loc 1 207 3 view .LVU27
 208 0002 FFF7FEFF 		bl	HAL_IncTick
 209              	.LVL0:
 208:Core/Src/stm32f1xx_it.c ****   /* USER CODE BEGIN SysTick_IRQn 1 */
 209:Core/Src/stm32f1xx_it.c **** 
 210:Core/Src/stm32f1xx_it.c **** 
 211:Core/Src/stm32f1xx_it.c ****   /* USER CODE END SysTick_IRQn 1 */
 212:Core/Src/stm32f1xx_it.c **** }
 210              		.loc 1 212 1 is_stmt 0 view .LVU28
 211 0006 08BD     		pop	{r3, pc}
 212              		.cfi_endproc
 213              	.LFE73:
 215              		.section	.text.DMA1_Channel1_IRQHandler,"ax",%progbits
 216              		.align	1
 217              		.global	DMA1_Channel1_IRQHandler
 218              		.syntax unified
 219              		.thumb
 220              		.thumb_func
 222              	DMA1_Channel1_IRQHandler:
 223              	.LFB74:
 213:Core/Src/stm32f1xx_it.c **** 
 214:Core/Src/stm32f1xx_it.c **** /******************************************************************************/
 215:Core/Src/stm32f1xx_it.c **** /* STM32F1xx Peripheral Interrupt Handlers                                    */
 216:Core/Src/stm32f1xx_it.c **** /* Add here the Interrupt Handlers for the used peripherals.                  */
 217:Core/Src/stm32f1xx_it.c **** /* For the available peripheral interrupt handler names,                      */
 218:Core/Src/stm32f1xx_it.c **** /* please refer to the startup file (startup_stm32f1xx.s).                    */
 219:Core/Src/stm32f1xx_it.c **** /******************************************************************************/
 220:Core/Src/stm32f1xx_it.c **** 
 221:Core/Src/stm32f1xx_it.c **** /**
 222:Core/Src/stm32f1xx_it.c ****   * @brief This function handles DMA1 channel1 global interrupt.
 223:Core/Src/stm32f1xx_it.c ****   */
 224:Core/Src/stm32f1xx_it.c **** void DMA1_Channel1_IRQHandler(void)
 225:Core/Src/stm32f1xx_it.c **** {
 224              		.loc 1 225 1 is_stmt 1 view -0
 225              		.cfi_startproc
 226              		@ args = 0, pretend = 0, frame = 0
 227              		@ frame_needed = 0, uses_anonymous_args = 0
 228 0000 08B5     		push	{r3, lr}
 229              		.cfi_def_cfa_offset 8
 230              		.cfi_offset 3, -8
 231              		.cfi_offset 14, -4
 226:Core/Src/stm32f1xx_it.c ****   /* USER CODE BEGIN DMA1_Channel1_IRQn 0 */
 227:Core/Src/stm32f1xx_it.c **** 
 228:Core/Src/stm32f1xx_it.c ****   /* USER CODE END DMA1_Channel1_IRQn 0 */
 229:Core/Src/stm32f1xx_it.c ****   HAL_DMA_IRQHandler(&hdma_adc1);
 232              		.loc 1 229 3 view .LVU30
 233 0002 0248     		ldr	r0, .L18
 234 0004 FFF7FEFF 		bl	HAL_DMA_IRQHandler
 235              	.LVL1:
 230:Core/Src/stm32f1xx_it.c ****   /* USER CODE BEGIN DMA1_Channel1_IRQn 1 */
 231:Core/Src/stm32f1xx_it.c **** 
 232:Core/Src/stm32f1xx_it.c ****   /* USER CODE END DMA1_Channel1_IRQn 1 */
 233:Core/Src/stm32f1xx_it.c **** }
 236              		.loc 1 233 1 is_stmt 0 view .LVU31
 237 0008 08BD     		pop	{r3, pc}
ARM GAS  C:\Users\zhmis\AppData\Local\Temp\ccPzBD4i.s 			page 9


 238              	.L19:
 239 000a 00BF     		.align	2
 240              	.L18:
 241 000c 00000000 		.word	hdma_adc1
 242              		.cfi_endproc
 243              	.LFE74:
 245              		.section	.text.TIM3_IRQHandler,"ax",%progbits
 246              		.align	1
 247              		.global	TIM3_IRQHandler
 248              		.syntax unified
 249              		.thumb
 250              		.thumb_func
 252              	TIM3_IRQHandler:
 253              	.LFB75:
 234:Core/Src/stm32f1xx_it.c **** 
 235:Core/Src/stm32f1xx_it.c **** /**
 236:Core/Src/stm32f1xx_it.c ****   * @brief This function handles TIM3 global interrupt.
 237:Core/Src/stm32f1xx_it.c ****   */
 238:Core/Src/stm32f1xx_it.c **** void TIM3_IRQHandler(void)
 239:Core/Src/stm32f1xx_it.c **** {
 254              		.loc 1 239 1 is_stmt 1 view -0
 255              		.cfi_startproc
 256              		@ args = 0, pretend = 0, frame = 0
 257              		@ frame_needed = 0, uses_anonymous_args = 0
 258 0000 08B5     		push	{r3, lr}
 259              		.cfi_def_cfa_offset 8
 260              		.cfi_offset 3, -8
 261              		.cfi_offset 14, -4
 240:Core/Src/stm32f1xx_it.c ****   /* USER CODE BEGIN TIM3_IRQn 0 */
 241:Core/Src/stm32f1xx_it.c **** 
 242:Core/Src/stm32f1xx_it.c ****   /* USER CODE END TIM3_IRQn 0 */
 243:Core/Src/stm32f1xx_it.c ****   HAL_TIM_IRQHandler(&htim3);
 262              		.loc 1 243 3 view .LVU33
 263 0002 0248     		ldr	r0, .L22
 264 0004 FFF7FEFF 		bl	HAL_TIM_IRQHandler
 265              	.LVL2:
 244:Core/Src/stm32f1xx_it.c ****   /* USER CODE BEGIN TIM3_IRQn 1 */
 245:Core/Src/stm32f1xx_it.c **** 
 246:Core/Src/stm32f1xx_it.c ****   /* USER CODE END TIM3_IRQn 1 */
 247:Core/Src/stm32f1xx_it.c **** }
 266              		.loc 1 247 1 is_stmt 0 view .LVU34
 267 0008 08BD     		pop	{r3, pc}
 268              	.L23:
 269 000a 00BF     		.align	2
 270              	.L22:
 271 000c 00000000 		.word	htim3
 272              		.cfi_endproc
 273              	.LFE75:
 275              		.global	mode
 276              		.section	.data.mode,"aw"
 279              	mode:
 280 0000 01       		.byte	1
 281              		.global	bandwidth_flag
 282              		.section	.bss.bandwidth_flag,"aw",%nobits
 283              		.align	1
 286              	bandwidth_flag:
 287 0000 0000     		.space	2
ARM GAS  C:\Users\zhmis\AppData\Local\Temp\ccPzBD4i.s 			page 10


 288              		.global	debugMode
 289              		.section	.data.debugMode,"aw"
 290              		.align	1
 293              	debugMode:
 294 0000 0300     		.short	3
 295              		.global	setpwm
 296              		.section	.bss.setpwm,"aw",%nobits
 297              		.align	1
 300              	setpwm:
 301 0000 0000     		.space	2
 302              		.global	setCurrent
 303              		.section	.bss.setCurrent,"aw",%nobits
 304              		.align	2
 307              	setCurrent:
 308 0000 00000000 		.space	4
 309              		.global	setSpeed
 310              		.section	.bss.setSpeed,"aw",%nobits
 311              		.align	2
 314              	setSpeed:
 315 0000 00000000 		.space	4
 316              		.global	setAngle
 317              		.section	.bss.setAngle,"aw",%nobits
 318              		.align	2
 321              	setAngle:
 322 0000 00000000 		.space	4
 323              		.global	freq500Hz
 324              		.section	.bss.freq500Hz,"aw",%nobits
 325              		.align	1
 328              	freq500Hz:
 329 0000 0000     		.space	2
 330              		.global	freq9khz
 331              		.section	.bss.freq9khz,"aw",%nobits
 332              		.align	1
 335              	freq9khz:
 336 0000 0000     		.space	2
 337              		.text
 338              	.Letext0:
 339              		.file 2 "C:/Users/zhmis/AppData/Roaming/Code/User/globalStorage/bmd.stm32-for-vscode/@xpack-dev-to
 340              		.file 3 "C:/Users/zhmis/AppData/Roaming/Code/User/globalStorage/bmd.stm32-for-vscode/@xpack-dev-to
 341              		.file 4 "Drivers/CMSIS/Device/ST/STM32F1xx/Include/stm32f103xb.h"
 342              		.file 5 "Drivers/STM32F1xx_HAL_Driver/Inc/stm32f1xx_hal_def.h"
 343              		.file 6 "Drivers/STM32F1xx_HAL_Driver/Inc/stm32f1xx_hal_dma.h"
 344              		.file 7 "Drivers/STM32F1xx_HAL_Driver/Inc/stm32f1xx_hal_tim.h"
 345              		.file 8 "Core/Inc/tim.h"
 346              		.file 9 "Drivers/STM32F1xx_HAL_Driver/Inc/stm32f1xx_hal.h"
ARM GAS  C:\Users\zhmis\AppData\Local\Temp\ccPzBD4i.s 			page 11


DEFINED SYMBOLS
                            *ABS*:00000000 stm32f1xx_it.c
C:\Users\zhmis\AppData\Local\Temp\ccPzBD4i.s:19     .text.NMI_Handler:00000000 $t
C:\Users\zhmis\AppData\Local\Temp\ccPzBD4i.s:25     .text.NMI_Handler:00000000 NMI_Handler
C:\Users\zhmis\AppData\Local\Temp\ccPzBD4i.s:42     .text.HardFault_Handler:00000000 $t
C:\Users\zhmis\AppData\Local\Temp\ccPzBD4i.s:48     .text.HardFault_Handler:00000000 HardFault_Handler
C:\Users\zhmis\AppData\Local\Temp\ccPzBD4i.s:65     .text.MemManage_Handler:00000000 $t
C:\Users\zhmis\AppData\Local\Temp\ccPzBD4i.s:71     .text.MemManage_Handler:00000000 MemManage_Handler
C:\Users\zhmis\AppData\Local\Temp\ccPzBD4i.s:88     .text.BusFault_Handler:00000000 $t
C:\Users\zhmis\AppData\Local\Temp\ccPzBD4i.s:94     .text.BusFault_Handler:00000000 BusFault_Handler
C:\Users\zhmis\AppData\Local\Temp\ccPzBD4i.s:111    .text.UsageFault_Handler:00000000 $t
C:\Users\zhmis\AppData\Local\Temp\ccPzBD4i.s:117    .text.UsageFault_Handler:00000000 UsageFault_Handler
C:\Users\zhmis\AppData\Local\Temp\ccPzBD4i.s:134    .text.SVC_Handler:00000000 $t
C:\Users\zhmis\AppData\Local\Temp\ccPzBD4i.s:140    .text.SVC_Handler:00000000 SVC_Handler
C:\Users\zhmis\AppData\Local\Temp\ccPzBD4i.s:153    .text.DebugMon_Handler:00000000 $t
C:\Users\zhmis\AppData\Local\Temp\ccPzBD4i.s:159    .text.DebugMon_Handler:00000000 DebugMon_Handler
C:\Users\zhmis\AppData\Local\Temp\ccPzBD4i.s:172    .text.PendSV_Handler:00000000 $t
C:\Users\zhmis\AppData\Local\Temp\ccPzBD4i.s:178    .text.PendSV_Handler:00000000 PendSV_Handler
C:\Users\zhmis\AppData\Local\Temp\ccPzBD4i.s:191    .text.SysTick_Handler:00000000 $t
C:\Users\zhmis\AppData\Local\Temp\ccPzBD4i.s:197    .text.SysTick_Handler:00000000 SysTick_Handler
C:\Users\zhmis\AppData\Local\Temp\ccPzBD4i.s:216    .text.DMA1_Channel1_IRQHandler:00000000 $t
C:\Users\zhmis\AppData\Local\Temp\ccPzBD4i.s:222    .text.DMA1_Channel1_IRQHandler:00000000 DMA1_Channel1_IRQHandler
C:\Users\zhmis\AppData\Local\Temp\ccPzBD4i.s:241    .text.DMA1_Channel1_IRQHandler:0000000c $d
C:\Users\zhmis\AppData\Local\Temp\ccPzBD4i.s:246    .text.TIM3_IRQHandler:00000000 $t
C:\Users\zhmis\AppData\Local\Temp\ccPzBD4i.s:252    .text.TIM3_IRQHandler:00000000 TIM3_IRQHandler
C:\Users\zhmis\AppData\Local\Temp\ccPzBD4i.s:271    .text.TIM3_IRQHandler:0000000c $d
C:\Users\zhmis\AppData\Local\Temp\ccPzBD4i.s:279    .data.mode:00000000 mode
C:\Users\zhmis\AppData\Local\Temp\ccPzBD4i.s:286    .bss.bandwidth_flag:00000000 bandwidth_flag
C:\Users\zhmis\AppData\Local\Temp\ccPzBD4i.s:283    .bss.bandwidth_flag:00000000 $d
C:\Users\zhmis\AppData\Local\Temp\ccPzBD4i.s:293    .data.debugMode:00000000 debugMode
C:\Users\zhmis\AppData\Local\Temp\ccPzBD4i.s:290    .data.debugMode:00000000 $d
C:\Users\zhmis\AppData\Local\Temp\ccPzBD4i.s:300    .bss.setpwm:00000000 setpwm
C:\Users\zhmis\AppData\Local\Temp\ccPzBD4i.s:297    .bss.setpwm:00000000 $d
C:\Users\zhmis\AppData\Local\Temp\ccPzBD4i.s:307    .bss.setCurrent:00000000 setCurrent
C:\Users\zhmis\AppData\Local\Temp\ccPzBD4i.s:304    .bss.setCurrent:00000000 $d
C:\Users\zhmis\AppData\Local\Temp\ccPzBD4i.s:314    .bss.setSpeed:00000000 setSpeed
C:\Users\zhmis\AppData\Local\Temp\ccPzBD4i.s:311    .bss.setSpeed:00000000 $d
C:\Users\zhmis\AppData\Local\Temp\ccPzBD4i.s:321    .bss.setAngle:00000000 setAngle
C:\Users\zhmis\AppData\Local\Temp\ccPzBD4i.s:318    .bss.setAngle:00000000 $d
C:\Users\zhmis\AppData\Local\Temp\ccPzBD4i.s:328    .bss.freq500Hz:00000000 freq500Hz
C:\Users\zhmis\AppData\Local\Temp\ccPzBD4i.s:325    .bss.freq500Hz:00000000 $d
C:\Users\zhmis\AppData\Local\Temp\ccPzBD4i.s:335    .bss.freq9khz:00000000 freq9khz
C:\Users\zhmis\AppData\Local\Temp\ccPzBD4i.s:332    .bss.freq9khz:00000000 $d

UNDEFINED SYMBOLS
HAL_IncTick
HAL_DMA_IRQHandler
hdma_adc1
HAL_TIM_IRQHandler
htim3
