ARM GAS  C:\Users\zhmis\AppData\Local\Temp\ccfMrXIg.s 			page 1


   1              		.cpu cortex-m3
   2              		.arch armv7-m
   3              		.fpu softvfp
   4              		.eabi_attribute 20, 1
   5              		.eabi_attribute 21, 1
   6              		.eabi_attribute 23, 3
   7              		.eabi_attribute 24, 1
   8              		.eabi_attribute 25, 1
   9              		.eabi_attribute 26, 1
  10              		.eabi_attribute 30, 1
  11              		.eabi_attribute 34, 1
  12              		.eabi_attribute 18, 4
  13              		.file	"usart.c"
  14              		.text
  15              	.Ltext0:
  16              		.cfi_sections	.debug_frame
  17              		.file 1 "Core/Src/usart.c"
  18              		.section	.text.MX_USART3_UART_Init,"ax",%progbits
  19              		.align	1
  20              		.global	MX_USART3_UART_Init
  21              		.syntax unified
  22              		.thumb
  23              		.thumb_func
  25              	MX_USART3_UART_Init:
  26              	.LFB65:
   1:Core/Src/usart.c **** /* USER CODE BEGIN Header */
   2:Core/Src/usart.c **** /**
   3:Core/Src/usart.c ****   ******************************************************************************
   4:Core/Src/usart.c ****   * @file    usart.c
   5:Core/Src/usart.c ****   * @brief   This file provides code for the configuration
   6:Core/Src/usart.c ****   *          of the USART instances.
   7:Core/Src/usart.c ****   ******************************************************************************
   8:Core/Src/usart.c ****   * @attention
   9:Core/Src/usart.c ****   *
  10:Core/Src/usart.c ****   * Copyright (c) 2025 STMicroelectronics.
  11:Core/Src/usart.c ****   * All rights reserved.
  12:Core/Src/usart.c ****   *
  13:Core/Src/usart.c ****   * This software is licensed under terms that can be found in the LICENSE file
  14:Core/Src/usart.c ****   * in the root directory of this software component.
  15:Core/Src/usart.c ****   * If no LICENSE file comes with this software, it is provided AS-IS.
  16:Core/Src/usart.c ****   *
  17:Core/Src/usart.c ****   ******************************************************************************
  18:Core/Src/usart.c ****   */
  19:Core/Src/usart.c **** /* USER CODE END Header */
  20:Core/Src/usart.c **** /* Includes ------------------------------------------------------------------*/
  21:Core/Src/usart.c **** #include "usart.h"
  22:Core/Src/usart.c **** 
  23:Core/Src/usart.c **** /* USER CODE BEGIN 0 */
  24:Core/Src/usart.c **** 
  25:Core/Src/usart.c **** /* USER CODE END 0 */
  26:Core/Src/usart.c **** 
  27:Core/Src/usart.c **** UART_HandleTypeDef huart3;
  28:Core/Src/usart.c **** DMA_HandleTypeDef hdma_usart3_rx;
  29:Core/Src/usart.c **** DMA_HandleTypeDef hdma_usart3_tx;
  30:Core/Src/usart.c **** 
  31:Core/Src/usart.c **** /* USART3 init function */
  32:Core/Src/usart.c **** 
ARM GAS  C:\Users\zhmis\AppData\Local\Temp\ccfMrXIg.s 			page 2


  33:Core/Src/usart.c **** void MX_USART3_UART_Init(void)
  34:Core/Src/usart.c **** {
  27              		.loc 1 34 1 view -0
  28              		.cfi_startproc
  29              		@ args = 0, pretend = 0, frame = 0
  30              		@ frame_needed = 0, uses_anonymous_args = 0
  31 0000 08B5     		push	{r3, lr}
  32              		.cfi_def_cfa_offset 8
  33              		.cfi_offset 3, -8
  34              		.cfi_offset 14, -4
  35:Core/Src/usart.c **** 
  36:Core/Src/usart.c ****   /* USER CODE BEGIN USART3_Init 0 */
  37:Core/Src/usart.c **** 
  38:Core/Src/usart.c ****   /* USER CODE END USART3_Init 0 */
  39:Core/Src/usart.c **** 
  40:Core/Src/usart.c ****   /* USER CODE BEGIN USART3_Init 1 */
  41:Core/Src/usart.c **** 
  42:Core/Src/usart.c ****   /* USER CODE END USART3_Init 1 */
  43:Core/Src/usart.c ****   huart3.Instance = USART3;
  35              		.loc 1 43 3 view .LVU1
  36              		.loc 1 43 19 is_stmt 0 view .LVU2
  37 0002 0A48     		ldr	r0, .L5
  38 0004 0A4B     		ldr	r3, .L5+4
  39 0006 0360     		str	r3, [r0]
  44:Core/Src/usart.c ****   huart3.Init.BaudRate = 1000000;
  40              		.loc 1 44 3 is_stmt 1 view .LVU3
  41              		.loc 1 44 24 is_stmt 0 view .LVU4
  42 0008 0A4B     		ldr	r3, .L5+8
  43 000a 4360     		str	r3, [r0, #4]
  45:Core/Src/usart.c ****   huart3.Init.WordLength = UART_WORDLENGTH_8B;
  44              		.loc 1 45 3 is_stmt 1 view .LVU5
  45              		.loc 1 45 26 is_stmt 0 view .LVU6
  46 000c 0023     		movs	r3, #0
  47 000e 8360     		str	r3, [r0, #8]
  46:Core/Src/usart.c ****   huart3.Init.StopBits = UART_STOPBITS_1;
  48              		.loc 1 46 3 is_stmt 1 view .LVU7
  49              		.loc 1 46 24 is_stmt 0 view .LVU8
  50 0010 C360     		str	r3, [r0, #12]
  47:Core/Src/usart.c ****   huart3.Init.Parity = UART_PARITY_NONE;
  51              		.loc 1 47 3 is_stmt 1 view .LVU9
  52              		.loc 1 47 22 is_stmt 0 view .LVU10
  53 0012 0361     		str	r3, [r0, #16]
  48:Core/Src/usart.c ****   huart3.Init.Mode = UART_MODE_TX_RX;
  54              		.loc 1 48 3 is_stmt 1 view .LVU11
  55              		.loc 1 48 20 is_stmt 0 view .LVU12
  56 0014 0C22     		movs	r2, #12
  57 0016 4261     		str	r2, [r0, #20]
  49:Core/Src/usart.c ****   huart3.Init.HwFlowCtl = UART_HWCONTROL_NONE;
  58              		.loc 1 49 3 is_stmt 1 view .LVU13
  59              		.loc 1 49 25 is_stmt 0 view .LVU14
  60 0018 8361     		str	r3, [r0, #24]
  50:Core/Src/usart.c ****   huart3.Init.OverSampling = UART_OVERSAMPLING_16;
  61              		.loc 1 50 3 is_stmt 1 view .LVU15
  62              		.loc 1 50 28 is_stmt 0 view .LVU16
  63 001a C361     		str	r3, [r0, #28]
  51:Core/Src/usart.c ****   if (HAL_UART_Init(&huart3) != HAL_OK)
  64              		.loc 1 51 3 is_stmt 1 view .LVU17
ARM GAS  C:\Users\zhmis\AppData\Local\Temp\ccfMrXIg.s 			page 3


  65              		.loc 1 51 7 is_stmt 0 view .LVU18
  66 001c FFF7FEFF 		bl	HAL_UART_Init
  67              	.LVL0:
  68              		.loc 1 51 6 discriminator 1 view .LVU19
  69 0020 00B9     		cbnz	r0, .L4
  70              	.L1:
  52:Core/Src/usart.c ****   {
  53:Core/Src/usart.c ****     Error_Handler();
  54:Core/Src/usart.c ****   }
  55:Core/Src/usart.c ****   /* USER CODE BEGIN USART3_Init 2 */
  56:Core/Src/usart.c **** 
  57:Core/Src/usart.c ****   /* USER CODE END USART3_Init 2 */
  58:Core/Src/usart.c **** 
  59:Core/Src/usart.c **** }
  71              		.loc 1 59 1 view .LVU20
  72 0022 08BD     		pop	{r3, pc}
  73              	.L4:
  53:Core/Src/usart.c ****   }
  74              		.loc 1 53 5 is_stmt 1 view .LVU21
  75 0024 FFF7FEFF 		bl	Error_Handler
  76              	.LVL1:
  77              		.loc 1 59 1 is_stmt 0 view .LVU22
  78 0028 FBE7     		b	.L1
  79              	.L6:
  80 002a 00BF     		.align	2
  81              	.L5:
  82 002c 00000000 		.word	huart3
  83 0030 00480040 		.word	1073760256
  84 0034 40420F00 		.word	1000000
  85              		.cfi_endproc
  86              	.LFE65:
  88              		.section	.text.HAL_UART_MspInit,"ax",%progbits
  89              		.align	1
  90              		.global	HAL_UART_MspInit
  91              		.syntax unified
  92              		.thumb
  93              		.thumb_func
  95              	HAL_UART_MspInit:
  96              	.LVL2:
  97              	.LFB66:
  60:Core/Src/usart.c **** 
  61:Core/Src/usart.c **** void HAL_UART_MspInit(UART_HandleTypeDef* uartHandle)
  62:Core/Src/usart.c **** {
  98              		.loc 1 62 1 is_stmt 1 view -0
  99              		.cfi_startproc
 100              		@ args = 0, pretend = 0, frame = 24
 101              		@ frame_needed = 0, uses_anonymous_args = 0
 102              		.loc 1 62 1 is_stmt 0 view .LVU24
 103 0000 70B5     		push	{r4, r5, r6, lr}
 104              		.cfi_def_cfa_offset 16
 105              		.cfi_offset 4, -16
 106              		.cfi_offset 5, -12
 107              		.cfi_offset 6, -8
 108              		.cfi_offset 14, -4
 109 0002 86B0     		sub	sp, sp, #24
 110              		.cfi_def_cfa_offset 40
  63:Core/Src/usart.c **** 
ARM GAS  C:\Users\zhmis\AppData\Local\Temp\ccfMrXIg.s 			page 4


  64:Core/Src/usart.c ****   GPIO_InitTypeDef GPIO_InitStruct = {0};
 111              		.loc 1 64 3 is_stmt 1 view .LVU25
 112              		.loc 1 64 20 is_stmt 0 view .LVU26
 113 0004 0023     		movs	r3, #0
 114 0006 0293     		str	r3, [sp, #8]
 115 0008 0393     		str	r3, [sp, #12]
 116 000a 0493     		str	r3, [sp, #16]
 117 000c 0593     		str	r3, [sp, #20]
  65:Core/Src/usart.c ****   if(uartHandle->Instance==USART3)
 118              		.loc 1 65 3 is_stmt 1 view .LVU27
 119              		.loc 1 65 16 is_stmt 0 view .LVU28
 120 000e 0268     		ldr	r2, [r0]
 121              		.loc 1 65 5 view .LVU29
 122 0010 334B     		ldr	r3, .L15
 123 0012 9A42     		cmp	r2, r3
 124 0014 01D0     		beq	.L12
 125              	.LVL3:
 126              	.L7:
  66:Core/Src/usart.c ****   {
  67:Core/Src/usart.c ****   /* USER CODE BEGIN USART3_MspInit 0 */
  68:Core/Src/usart.c **** 
  69:Core/Src/usart.c ****   /* USER CODE END USART3_MspInit 0 */
  70:Core/Src/usart.c ****     /* USART3 clock enable */
  71:Core/Src/usart.c ****     __HAL_RCC_USART3_CLK_ENABLE();
  72:Core/Src/usart.c **** 
  73:Core/Src/usart.c ****     __HAL_RCC_GPIOB_CLK_ENABLE();
  74:Core/Src/usart.c ****     /**USART3 GPIO Configuration
  75:Core/Src/usart.c ****     PB10     ------> USART3_TX
  76:Core/Src/usart.c ****     PB11     ------> USART3_RX
  77:Core/Src/usart.c ****     */
  78:Core/Src/usart.c ****     GPIO_InitStruct.Pin = GPIO_PIN_10;
  79:Core/Src/usart.c ****     GPIO_InitStruct.Mode = GPIO_MODE_AF_PP;
  80:Core/Src/usart.c ****     GPIO_InitStruct.Speed = GPIO_SPEED_FREQ_HIGH;
  81:Core/Src/usart.c ****     HAL_GPIO_Init(GPIOB, &GPIO_InitStruct);
  82:Core/Src/usart.c **** 
  83:Core/Src/usart.c ****     GPIO_InitStruct.Pin = GPIO_PIN_11;
  84:Core/Src/usart.c ****     GPIO_InitStruct.Mode = GPIO_MODE_INPUT;
  85:Core/Src/usart.c ****     GPIO_InitStruct.Pull = GPIO_NOPULL;
  86:Core/Src/usart.c ****     HAL_GPIO_Init(GPIOB, &GPIO_InitStruct);
  87:Core/Src/usart.c **** 
  88:Core/Src/usart.c ****     /* USART3 DMA Init */
  89:Core/Src/usart.c ****     /* USART3_RX Init */
  90:Core/Src/usart.c ****     hdma_usart3_rx.Instance = DMA1_Channel3;
  91:Core/Src/usart.c ****     hdma_usart3_rx.Init.Direction = DMA_PERIPH_TO_MEMORY;
  92:Core/Src/usart.c ****     hdma_usart3_rx.Init.PeriphInc = DMA_PINC_DISABLE;
  93:Core/Src/usart.c ****     hdma_usart3_rx.Init.MemInc = DMA_MINC_ENABLE;
  94:Core/Src/usart.c ****     hdma_usart3_rx.Init.PeriphDataAlignment = DMA_PDATAALIGN_BYTE;
  95:Core/Src/usart.c ****     hdma_usart3_rx.Init.MemDataAlignment = DMA_MDATAALIGN_BYTE;
  96:Core/Src/usart.c ****     hdma_usart3_rx.Init.Mode = DMA_NORMAL;
  97:Core/Src/usart.c ****     hdma_usart3_rx.Init.Priority = DMA_PRIORITY_HIGH;
  98:Core/Src/usart.c ****     if (HAL_DMA_Init(&hdma_usart3_rx) != HAL_OK)
  99:Core/Src/usart.c ****     {
 100:Core/Src/usart.c ****       Error_Handler();
 101:Core/Src/usart.c ****     }
 102:Core/Src/usart.c **** 
 103:Core/Src/usart.c ****     __HAL_LINKDMA(uartHandle,hdmarx,hdma_usart3_rx);
 104:Core/Src/usart.c **** 
ARM GAS  C:\Users\zhmis\AppData\Local\Temp\ccfMrXIg.s 			page 5


 105:Core/Src/usart.c ****     /* USART3_TX Init */
 106:Core/Src/usart.c ****     hdma_usart3_tx.Instance = DMA1_Channel2;
 107:Core/Src/usart.c ****     hdma_usart3_tx.Init.Direction = DMA_MEMORY_TO_PERIPH;
 108:Core/Src/usart.c ****     hdma_usart3_tx.Init.PeriphInc = DMA_PINC_DISABLE;
 109:Core/Src/usart.c ****     hdma_usart3_tx.Init.MemInc = DMA_MINC_ENABLE;
 110:Core/Src/usart.c ****     hdma_usart3_tx.Init.PeriphDataAlignment = DMA_PDATAALIGN_BYTE;
 111:Core/Src/usart.c ****     hdma_usart3_tx.Init.MemDataAlignment = DMA_MDATAALIGN_BYTE;
 112:Core/Src/usart.c ****     hdma_usart3_tx.Init.Mode = DMA_NORMAL;
 113:Core/Src/usart.c ****     hdma_usart3_tx.Init.Priority = DMA_PRIORITY_HIGH;
 114:Core/Src/usart.c ****     if (HAL_DMA_Init(&hdma_usart3_tx) != HAL_OK)
 115:Core/Src/usart.c ****     {
 116:Core/Src/usart.c ****       Error_Handler();
 117:Core/Src/usart.c ****     }
 118:Core/Src/usart.c **** 
 119:Core/Src/usart.c ****     __HAL_LINKDMA(uartHandle,hdmatx,hdma_usart3_tx);
 120:Core/Src/usart.c **** 
 121:Core/Src/usart.c ****     /* USART3 interrupt Init */
 122:Core/Src/usart.c ****     HAL_NVIC_SetPriority(USART3_IRQn, 0, 0);
 123:Core/Src/usart.c ****     HAL_NVIC_EnableIRQ(USART3_IRQn);
 124:Core/Src/usart.c ****   /* USER CODE BEGIN USART3_MspInit 1 */
 125:Core/Src/usart.c **** 
 126:Core/Src/usart.c ****   /* USER CODE END USART3_MspInit 1 */
 127:Core/Src/usart.c ****   }
 128:Core/Src/usart.c **** }
 127              		.loc 1 128 1 view .LVU30
 128 0016 06B0     		add	sp, sp, #24
 129              		.cfi_remember_state
 130              		.cfi_def_cfa_offset 16
 131              		@ sp needed
 132 0018 70BD     		pop	{r4, r5, r6, pc}
 133              	.LVL4:
 134              	.L12:
 135              		.cfi_restore_state
 136              		.loc 1 128 1 view .LVU31
 137 001a 0446     		mov	r4, r0
  71:Core/Src/usart.c **** 
 138              		.loc 1 71 5 is_stmt 1 view .LVU32
 139              	.LBB2:
  71:Core/Src/usart.c **** 
 140              		.loc 1 71 5 view .LVU33
  71:Core/Src/usart.c **** 
 141              		.loc 1 71 5 view .LVU34
 142 001c 03F5E433 		add	r3, r3, #116736
 143 0020 DA69     		ldr	r2, [r3, #28]
 144 0022 42F48022 		orr	r2, r2, #262144
 145 0026 DA61     		str	r2, [r3, #28]
  71:Core/Src/usart.c **** 
 146              		.loc 1 71 5 view .LVU35
 147 0028 DA69     		ldr	r2, [r3, #28]
 148 002a 02F48022 		and	r2, r2, #262144
 149 002e 0092     		str	r2, [sp]
  71:Core/Src/usart.c **** 
 150              		.loc 1 71 5 view .LVU36
 151 0030 009A     		ldr	r2, [sp]
 152              	.LBE2:
  71:Core/Src/usart.c **** 
 153              		.loc 1 71 5 view .LVU37
ARM GAS  C:\Users\zhmis\AppData\Local\Temp\ccfMrXIg.s 			page 6


  73:Core/Src/usart.c ****     /**USART3 GPIO Configuration
 154              		.loc 1 73 5 view .LVU38
 155              	.LBB3:
  73:Core/Src/usart.c ****     /**USART3 GPIO Configuration
 156              		.loc 1 73 5 view .LVU39
  73:Core/Src/usart.c ****     /**USART3 GPIO Configuration
 157              		.loc 1 73 5 view .LVU40
 158 0032 9A69     		ldr	r2, [r3, #24]
 159 0034 42F00802 		orr	r2, r2, #8
 160 0038 9A61     		str	r2, [r3, #24]
  73:Core/Src/usart.c ****     /**USART3 GPIO Configuration
 161              		.loc 1 73 5 view .LVU41
 162 003a 9B69     		ldr	r3, [r3, #24]
 163 003c 03F00803 		and	r3, r3, #8
 164 0040 0193     		str	r3, [sp, #4]
  73:Core/Src/usart.c ****     /**USART3 GPIO Configuration
 165              		.loc 1 73 5 view .LVU42
 166 0042 019B     		ldr	r3, [sp, #4]
 167              	.LBE3:
  73:Core/Src/usart.c ****     /**USART3 GPIO Configuration
 168              		.loc 1 73 5 view .LVU43
  78:Core/Src/usart.c ****     GPIO_InitStruct.Mode = GPIO_MODE_AF_PP;
 169              		.loc 1 78 5 view .LVU44
  78:Core/Src/usart.c ****     GPIO_InitStruct.Mode = GPIO_MODE_AF_PP;
 170              		.loc 1 78 25 is_stmt 0 view .LVU45
 171 0044 4FF48063 		mov	r3, #1024
 172 0048 0293     		str	r3, [sp, #8]
  79:Core/Src/usart.c ****     GPIO_InitStruct.Speed = GPIO_SPEED_FREQ_HIGH;
 173              		.loc 1 79 5 is_stmt 1 view .LVU46
  79:Core/Src/usart.c ****     GPIO_InitStruct.Speed = GPIO_SPEED_FREQ_HIGH;
 174              		.loc 1 79 26 is_stmt 0 view .LVU47
 175 004a 0223     		movs	r3, #2
 176 004c 0393     		str	r3, [sp, #12]
  80:Core/Src/usart.c ****     HAL_GPIO_Init(GPIOB, &GPIO_InitStruct);
 177              		.loc 1 80 5 is_stmt 1 view .LVU48
  80:Core/Src/usart.c ****     HAL_GPIO_Init(GPIOB, &GPIO_InitStruct);
 178              		.loc 1 80 27 is_stmt 0 view .LVU49
 179 004e 0323     		movs	r3, #3
 180 0050 0593     		str	r3, [sp, #20]
  81:Core/Src/usart.c **** 
 181              		.loc 1 81 5 is_stmt 1 view .LVU50
 182 0052 244E     		ldr	r6, .L15+4
 183 0054 02A9     		add	r1, sp, #8
 184 0056 3046     		mov	r0, r6
 185              	.LVL5:
  81:Core/Src/usart.c **** 
 186              		.loc 1 81 5 is_stmt 0 view .LVU51
 187 0058 FFF7FEFF 		bl	HAL_GPIO_Init
 188              	.LVL6:
  83:Core/Src/usart.c ****     GPIO_InitStruct.Mode = GPIO_MODE_INPUT;
 189              		.loc 1 83 5 is_stmt 1 view .LVU52
  83:Core/Src/usart.c ****     GPIO_InitStruct.Mode = GPIO_MODE_INPUT;
 190              		.loc 1 83 25 is_stmt 0 view .LVU53
 191 005c 4FF40063 		mov	r3, #2048
 192 0060 0293     		str	r3, [sp, #8]
  84:Core/Src/usart.c ****     GPIO_InitStruct.Pull = GPIO_NOPULL;
 193              		.loc 1 84 5 is_stmt 1 view .LVU54
ARM GAS  C:\Users\zhmis\AppData\Local\Temp\ccfMrXIg.s 			page 7


  84:Core/Src/usart.c ****     GPIO_InitStruct.Pull = GPIO_NOPULL;
 194              		.loc 1 84 26 is_stmt 0 view .LVU55
 195 0062 0025     		movs	r5, #0
 196 0064 0395     		str	r5, [sp, #12]
  85:Core/Src/usart.c ****     HAL_GPIO_Init(GPIOB, &GPIO_InitStruct);
 197              		.loc 1 85 5 is_stmt 1 view .LVU56
  85:Core/Src/usart.c ****     HAL_GPIO_Init(GPIOB, &GPIO_InitStruct);
 198              		.loc 1 85 26 is_stmt 0 view .LVU57
 199 0066 0495     		str	r5, [sp, #16]
  86:Core/Src/usart.c **** 
 200              		.loc 1 86 5 is_stmt 1 view .LVU58
 201 0068 02A9     		add	r1, sp, #8
 202 006a 3046     		mov	r0, r6
 203 006c FFF7FEFF 		bl	HAL_GPIO_Init
 204              	.LVL7:
  90:Core/Src/usart.c ****     hdma_usart3_rx.Init.Direction = DMA_PERIPH_TO_MEMORY;
 205              		.loc 1 90 5 view .LVU59
  90:Core/Src/usart.c ****     hdma_usart3_rx.Init.Direction = DMA_PERIPH_TO_MEMORY;
 206              		.loc 1 90 29 is_stmt 0 view .LVU60
 207 0070 1D48     		ldr	r0, .L15+8
 208 0072 1E4B     		ldr	r3, .L15+12
 209 0074 0360     		str	r3, [r0]
  91:Core/Src/usart.c ****     hdma_usart3_rx.Init.PeriphInc = DMA_PINC_DISABLE;
 210              		.loc 1 91 5 is_stmt 1 view .LVU61
  91:Core/Src/usart.c ****     hdma_usart3_rx.Init.PeriphInc = DMA_PINC_DISABLE;
 211              		.loc 1 91 35 is_stmt 0 view .LVU62
 212 0076 4560     		str	r5, [r0, #4]
  92:Core/Src/usart.c ****     hdma_usart3_rx.Init.MemInc = DMA_MINC_ENABLE;
 213              		.loc 1 92 5 is_stmt 1 view .LVU63
  92:Core/Src/usart.c ****     hdma_usart3_rx.Init.MemInc = DMA_MINC_ENABLE;
 214              		.loc 1 92 35 is_stmt 0 view .LVU64
 215 0078 8560     		str	r5, [r0, #8]
  93:Core/Src/usart.c ****     hdma_usart3_rx.Init.PeriphDataAlignment = DMA_PDATAALIGN_BYTE;
 216              		.loc 1 93 5 is_stmt 1 view .LVU65
  93:Core/Src/usart.c ****     hdma_usart3_rx.Init.PeriphDataAlignment = DMA_PDATAALIGN_BYTE;
 217              		.loc 1 93 32 is_stmt 0 view .LVU66
 218 007a 8023     		movs	r3, #128
 219 007c C360     		str	r3, [r0, #12]
  94:Core/Src/usart.c ****     hdma_usart3_rx.Init.MemDataAlignment = DMA_MDATAALIGN_BYTE;
 220              		.loc 1 94 5 is_stmt 1 view .LVU67
  94:Core/Src/usart.c ****     hdma_usart3_rx.Init.MemDataAlignment = DMA_MDATAALIGN_BYTE;
 221              		.loc 1 94 45 is_stmt 0 view .LVU68
 222 007e 0561     		str	r5, [r0, #16]
  95:Core/Src/usart.c ****     hdma_usart3_rx.Init.Mode = DMA_NORMAL;
 223              		.loc 1 95 5 is_stmt 1 view .LVU69
  95:Core/Src/usart.c ****     hdma_usart3_rx.Init.Mode = DMA_NORMAL;
 224              		.loc 1 95 42 is_stmt 0 view .LVU70
 225 0080 4561     		str	r5, [r0, #20]
  96:Core/Src/usart.c ****     hdma_usart3_rx.Init.Priority = DMA_PRIORITY_HIGH;
 226              		.loc 1 96 5 is_stmt 1 view .LVU71
  96:Core/Src/usart.c ****     hdma_usart3_rx.Init.Priority = DMA_PRIORITY_HIGH;
 227              		.loc 1 96 30 is_stmt 0 view .LVU72
 228 0082 8561     		str	r5, [r0, #24]
  97:Core/Src/usart.c ****     if (HAL_DMA_Init(&hdma_usart3_rx) != HAL_OK)
 229              		.loc 1 97 5 is_stmt 1 view .LVU73
  97:Core/Src/usart.c ****     if (HAL_DMA_Init(&hdma_usart3_rx) != HAL_OK)
 230              		.loc 1 97 34 is_stmt 0 view .LVU74
ARM GAS  C:\Users\zhmis\AppData\Local\Temp\ccfMrXIg.s 			page 8


 231 0084 4FF40053 		mov	r3, #8192
 232 0088 C361     		str	r3, [r0, #28]
  98:Core/Src/usart.c ****     {
 233              		.loc 1 98 5 is_stmt 1 view .LVU75
  98:Core/Src/usart.c ****     {
 234              		.loc 1 98 9 is_stmt 0 view .LVU76
 235 008a FFF7FEFF 		bl	HAL_DMA_Init
 236              	.LVL8:
  98:Core/Src/usart.c ****     {
 237              		.loc 1 98 8 discriminator 1 view .LVU77
 238 008e 00BB     		cbnz	r0, .L13
 239              	.L9:
 103:Core/Src/usart.c **** 
 240              		.loc 1 103 5 is_stmt 1 view .LVU78
 103:Core/Src/usart.c **** 
 241              		.loc 1 103 5 view .LVU79
 242 0090 154B     		ldr	r3, .L15+8
 243 0092 E363     		str	r3, [r4, #60]
 103:Core/Src/usart.c **** 
 244              		.loc 1 103 5 view .LVU80
 245 0094 5C62     		str	r4, [r3, #36]
 103:Core/Src/usart.c **** 
 246              		.loc 1 103 5 view .LVU81
 106:Core/Src/usart.c ****     hdma_usart3_tx.Init.Direction = DMA_MEMORY_TO_PERIPH;
 247              		.loc 1 106 5 view .LVU82
 106:Core/Src/usart.c ****     hdma_usart3_tx.Init.Direction = DMA_MEMORY_TO_PERIPH;
 248              		.loc 1 106 29 is_stmt 0 view .LVU83
 249 0096 1648     		ldr	r0, .L15+16
 250 0098 164B     		ldr	r3, .L15+20
 251 009a 0360     		str	r3, [r0]
 107:Core/Src/usart.c ****     hdma_usart3_tx.Init.PeriphInc = DMA_PINC_DISABLE;
 252              		.loc 1 107 5 is_stmt 1 view .LVU84
 107:Core/Src/usart.c ****     hdma_usart3_tx.Init.PeriphInc = DMA_PINC_DISABLE;
 253              		.loc 1 107 35 is_stmt 0 view .LVU85
 254 009c 1023     		movs	r3, #16
 255 009e 4360     		str	r3, [r0, #4]
 108:Core/Src/usart.c ****     hdma_usart3_tx.Init.MemInc = DMA_MINC_ENABLE;
 256              		.loc 1 108 5 is_stmt 1 view .LVU86
 108:Core/Src/usart.c ****     hdma_usart3_tx.Init.MemInc = DMA_MINC_ENABLE;
 257              		.loc 1 108 35 is_stmt 0 view .LVU87
 258 00a0 0023     		movs	r3, #0
 259 00a2 8360     		str	r3, [r0, #8]
 109:Core/Src/usart.c ****     hdma_usart3_tx.Init.PeriphDataAlignment = DMA_PDATAALIGN_BYTE;
 260              		.loc 1 109 5 is_stmt 1 view .LVU88
 109:Core/Src/usart.c ****     hdma_usart3_tx.Init.PeriphDataAlignment = DMA_PDATAALIGN_BYTE;
 261              		.loc 1 109 32 is_stmt 0 view .LVU89
 262 00a4 8022     		movs	r2, #128
 263 00a6 C260     		str	r2, [r0, #12]
 110:Core/Src/usart.c ****     hdma_usart3_tx.Init.MemDataAlignment = DMA_MDATAALIGN_BYTE;
 264              		.loc 1 110 5 is_stmt 1 view .LVU90
 110:Core/Src/usart.c ****     hdma_usart3_tx.Init.MemDataAlignment = DMA_MDATAALIGN_BYTE;
 265              		.loc 1 110 45 is_stmt 0 view .LVU91
 266 00a8 0361     		str	r3, [r0, #16]
 111:Core/Src/usart.c ****     hdma_usart3_tx.Init.Mode = DMA_NORMAL;
 267              		.loc 1 111 5 is_stmt 1 view .LVU92
 111:Core/Src/usart.c ****     hdma_usart3_tx.Init.Mode = DMA_NORMAL;
 268              		.loc 1 111 42 is_stmt 0 view .LVU93
ARM GAS  C:\Users\zhmis\AppData\Local\Temp\ccfMrXIg.s 			page 9


 269 00aa 4361     		str	r3, [r0, #20]
 112:Core/Src/usart.c ****     hdma_usart3_tx.Init.Priority = DMA_PRIORITY_HIGH;
 270              		.loc 1 112 5 is_stmt 1 view .LVU94
 112:Core/Src/usart.c ****     hdma_usart3_tx.Init.Priority = DMA_PRIORITY_HIGH;
 271              		.loc 1 112 30 is_stmt 0 view .LVU95
 272 00ac 8361     		str	r3, [r0, #24]
 113:Core/Src/usart.c ****     if (HAL_DMA_Init(&hdma_usart3_tx) != HAL_OK)
 273              		.loc 1 113 5 is_stmt 1 view .LVU96
 113:Core/Src/usart.c ****     if (HAL_DMA_Init(&hdma_usart3_tx) != HAL_OK)
 274              		.loc 1 113 34 is_stmt 0 view .LVU97
 275 00ae 4FF40053 		mov	r3, #8192
 276 00b2 C361     		str	r3, [r0, #28]
 114:Core/Src/usart.c ****     {
 277              		.loc 1 114 5 is_stmt 1 view .LVU98
 114:Core/Src/usart.c ****     {
 278              		.loc 1 114 9 is_stmt 0 view .LVU99
 279 00b4 FFF7FEFF 		bl	HAL_DMA_Init
 280              	.LVL9:
 114:Core/Src/usart.c ****     {
 281              		.loc 1 114 8 discriminator 1 view .LVU100
 282 00b8 70B9     		cbnz	r0, .L14
 283              	.L10:
 119:Core/Src/usart.c **** 
 284              		.loc 1 119 5 is_stmt 1 view .LVU101
 119:Core/Src/usart.c **** 
 285              		.loc 1 119 5 view .LVU102
 286 00ba 0D4B     		ldr	r3, .L15+16
 287 00bc A363     		str	r3, [r4, #56]
 119:Core/Src/usart.c **** 
 288              		.loc 1 119 5 view .LVU103
 289 00be 5C62     		str	r4, [r3, #36]
 119:Core/Src/usart.c **** 
 290              		.loc 1 119 5 view .LVU104
 122:Core/Src/usart.c ****     HAL_NVIC_EnableIRQ(USART3_IRQn);
 291              		.loc 1 122 5 view .LVU105
 292 00c0 0022     		movs	r2, #0
 293 00c2 1146     		mov	r1, r2
 294 00c4 2720     		movs	r0, #39
 295 00c6 FFF7FEFF 		bl	HAL_NVIC_SetPriority
 296              	.LVL10:
 123:Core/Src/usart.c ****   /* USER CODE BEGIN USART3_MspInit 1 */
 297              		.loc 1 123 5 view .LVU106
 298 00ca 2720     		movs	r0, #39
 299 00cc FFF7FEFF 		bl	HAL_NVIC_EnableIRQ
 300              	.LVL11:
 301              		.loc 1 128 1 is_stmt 0 view .LVU107
 302 00d0 A1E7     		b	.L7
 303              	.L13:
 100:Core/Src/usart.c ****     }
 304              		.loc 1 100 7 is_stmt 1 view .LVU108
 305 00d2 FFF7FEFF 		bl	Error_Handler
 306              	.LVL12:
 307 00d6 DBE7     		b	.L9
 308              	.L14:
 116:Core/Src/usart.c ****     }
 309              		.loc 1 116 7 view .LVU109
 310 00d8 FFF7FEFF 		bl	Error_Handler
ARM GAS  C:\Users\zhmis\AppData\Local\Temp\ccfMrXIg.s 			page 10


 311              	.LVL13:
 312 00dc EDE7     		b	.L10
 313              	.L16:
 314 00de 00BF     		.align	2
 315              	.L15:
 316 00e0 00480040 		.word	1073760256
 317 00e4 000C0140 		.word	1073810432
 318 00e8 00000000 		.word	hdma_usart3_rx
 319 00ec 30000240 		.word	1073872944
 320 00f0 00000000 		.word	hdma_usart3_tx
 321 00f4 1C000240 		.word	1073872924
 322              		.cfi_endproc
 323              	.LFE66:
 325              		.section	.text.HAL_UART_MspDeInit,"ax",%progbits
 326              		.align	1
 327              		.global	HAL_UART_MspDeInit
 328              		.syntax unified
 329              		.thumb
 330              		.thumb_func
 332              	HAL_UART_MspDeInit:
 333              	.LVL14:
 334              	.LFB67:
 129:Core/Src/usart.c **** 
 130:Core/Src/usart.c **** void HAL_UART_MspDeInit(UART_HandleTypeDef* uartHandle)
 131:Core/Src/usart.c **** {
 335              		.loc 1 131 1 view -0
 336              		.cfi_startproc
 337              		@ args = 0, pretend = 0, frame = 0
 338              		@ frame_needed = 0, uses_anonymous_args = 0
 132:Core/Src/usart.c **** 
 133:Core/Src/usart.c ****   if(uartHandle->Instance==USART3)
 339              		.loc 1 133 3 view .LVU111
 340              		.loc 1 133 16 is_stmt 0 view .LVU112
 341 0000 0268     		ldr	r2, [r0]
 342              		.loc 1 133 5 view .LVU113
 343 0002 0D4B     		ldr	r3, .L24
 344 0004 9A42     		cmp	r2, r3
 345 0006 00D0     		beq	.L23
 346 0008 7047     		bx	lr
 347              	.L23:
 131:Core/Src/usart.c **** 
 348              		.loc 1 131 1 view .LVU114
 349 000a 10B5     		push	{r4, lr}
 350              		.cfi_def_cfa_offset 8
 351              		.cfi_offset 4, -8
 352              		.cfi_offset 14, -4
 353 000c 0446     		mov	r4, r0
 134:Core/Src/usart.c ****   {
 135:Core/Src/usart.c ****   /* USER CODE BEGIN USART3_MspDeInit 0 */
 136:Core/Src/usart.c **** 
 137:Core/Src/usart.c ****   /* USER CODE END USART3_MspDeInit 0 */
 138:Core/Src/usart.c ****     /* Peripheral clock disable */
 139:Core/Src/usart.c ****     __HAL_RCC_USART3_CLK_DISABLE();
 354              		.loc 1 139 5 is_stmt 1 view .LVU115
 355 000e 0B4A     		ldr	r2, .L24+4
 356 0010 D369     		ldr	r3, [r2, #28]
 357 0012 23F48023 		bic	r3, r3, #262144
ARM GAS  C:\Users\zhmis\AppData\Local\Temp\ccfMrXIg.s 			page 11


 358 0016 D361     		str	r3, [r2, #28]
 140:Core/Src/usart.c **** 
 141:Core/Src/usart.c ****     /**USART3 GPIO Configuration
 142:Core/Src/usart.c ****     PB10     ------> USART3_TX
 143:Core/Src/usart.c ****     PB11     ------> USART3_RX
 144:Core/Src/usart.c ****     */
 145:Core/Src/usart.c ****     HAL_GPIO_DeInit(GPIOB, GPIO_PIN_10|GPIO_PIN_11);
 359              		.loc 1 145 5 view .LVU116
 360 0018 4FF44061 		mov	r1, #3072
 361 001c 0848     		ldr	r0, .L24+8
 362              	.LVL15:
 363              		.loc 1 145 5 is_stmt 0 view .LVU117
 364 001e FFF7FEFF 		bl	HAL_GPIO_DeInit
 365              	.LVL16:
 146:Core/Src/usart.c **** 
 147:Core/Src/usart.c ****     /* USART3 DMA DeInit */
 148:Core/Src/usart.c ****     HAL_DMA_DeInit(uartHandle->hdmarx);
 366              		.loc 1 148 5 is_stmt 1 view .LVU118
 367 0022 E06B     		ldr	r0, [r4, #60]
 368 0024 FFF7FEFF 		bl	HAL_DMA_DeInit
 369              	.LVL17:
 149:Core/Src/usart.c ****     HAL_DMA_DeInit(uartHandle->hdmatx);
 370              		.loc 1 149 5 view .LVU119
 371 0028 A06B     		ldr	r0, [r4, #56]
 372 002a FFF7FEFF 		bl	HAL_DMA_DeInit
 373              	.LVL18:
 150:Core/Src/usart.c **** 
 151:Core/Src/usart.c ****     /* USART3 interrupt Deinit */
 152:Core/Src/usart.c ****     HAL_NVIC_DisableIRQ(USART3_IRQn);
 374              		.loc 1 152 5 view .LVU120
 375 002e 2720     		movs	r0, #39
 376 0030 FFF7FEFF 		bl	HAL_NVIC_DisableIRQ
 377              	.LVL19:
 153:Core/Src/usart.c ****   /* USER CODE BEGIN USART3_MspDeInit 1 */
 154:Core/Src/usart.c **** 
 155:Core/Src/usart.c ****   /* USER CODE END USART3_MspDeInit 1 */
 156:Core/Src/usart.c ****   }
 157:Core/Src/usart.c **** }
 378              		.loc 1 157 1 is_stmt 0 view .LVU121
 379 0034 10BD     		pop	{r4, pc}
 380              	.LVL20:
 381              	.L25:
 382              		.loc 1 157 1 view .LVU122
 383 0036 00BF     		.align	2
 384              	.L24:
 385 0038 00480040 		.word	1073760256
 386 003c 00100240 		.word	1073876992
 387 0040 000C0140 		.word	1073810432
 388              		.cfi_endproc
 389              	.LFE67:
 391              		.global	hdma_usart3_tx
 392              		.section	.bss.hdma_usart3_tx,"aw",%nobits
 393              		.align	2
 396              	hdma_usart3_tx:
 397 0000 00000000 		.space	68
 397      00000000 
 397      00000000 
ARM GAS  C:\Users\zhmis\AppData\Local\Temp\ccfMrXIg.s 			page 12


 397      00000000 
 397      00000000 
 398              		.global	hdma_usart3_rx
 399              		.section	.bss.hdma_usart3_rx,"aw",%nobits
 400              		.align	2
 403              	hdma_usart3_rx:
 404 0000 00000000 		.space	68
 404      00000000 
 404      00000000 
 404      00000000 
 404      00000000 
 405              		.global	huart3
 406              		.section	.bss.huart3,"aw",%nobits
 407              		.align	2
 410              	huart3:
 411 0000 00000000 		.space	72
 411      00000000 
 411      00000000 
 411      00000000 
 411      00000000 
 412              		.text
 413              	.Letext0:
 414              		.file 2 "Drivers/CMSIS/Device/ST/STM32F1xx/Include/stm32f103xb.h"
 415              		.file 3 "C:/Users/zhmis/AppData/Roaming/Code/User/globalStorage/bmd.stm32-for-vscode/@xpack-dev-to
 416              		.file 4 "C:/Users/zhmis/AppData/Roaming/Code/User/globalStorage/bmd.stm32-for-vscode/@xpack-dev-to
 417              		.file 5 "Drivers/STM32F1xx_HAL_Driver/Inc/stm32f1xx_hal_def.h"
 418              		.file 6 "Drivers/STM32F1xx_HAL_Driver/Inc/stm32f1xx_hal_gpio.h"
 419              		.file 7 "Drivers/STM32F1xx_HAL_Driver/Inc/stm32f1xx_hal_dma.h"
 420              		.file 8 "Drivers/STM32F1xx_HAL_Driver/Inc/stm32f1xx_hal_uart.h"
 421              		.file 9 "Core/Inc/usart.h"
 422              		.file 10 "Drivers/STM32F1xx_HAL_Driver/Inc/stm32f1xx_hal_cortex.h"
 423              		.file 11 "Core/Inc/main.h"
ARM GAS  C:\Users\zhmis\AppData\Local\Temp\ccfMrXIg.s 			page 13


DEFINED SYMBOLS
                            *ABS*:00000000 usart.c
C:\Users\zhmis\AppData\Local\Temp\ccfMrXIg.s:19     .text.MX_USART3_UART_Init:00000000 $t
C:\Users\zhmis\AppData\Local\Temp\ccfMrXIg.s:25     .text.MX_USART3_UART_Init:00000000 MX_USART3_UART_Init
C:\Users\zhmis\AppData\Local\Temp\ccfMrXIg.s:82     .text.MX_USART3_UART_Init:0000002c $d
C:\Users\zhmis\AppData\Local\Temp\ccfMrXIg.s:410    .bss.huart3:00000000 huart3
C:\Users\zhmis\AppData\Local\Temp\ccfMrXIg.s:89     .text.HAL_UART_MspInit:00000000 $t
C:\Users\zhmis\AppData\Local\Temp\ccfMrXIg.s:95     .text.HAL_UART_MspInit:00000000 HAL_UART_MspInit
C:\Users\zhmis\AppData\Local\Temp\ccfMrXIg.s:316    .text.HAL_UART_MspInit:000000e0 $d
C:\Users\zhmis\AppData\Local\Temp\ccfMrXIg.s:403    .bss.hdma_usart3_rx:00000000 hdma_usart3_rx
C:\Users\zhmis\AppData\Local\Temp\ccfMrXIg.s:396    .bss.hdma_usart3_tx:00000000 hdma_usart3_tx
C:\Users\zhmis\AppData\Local\Temp\ccfMrXIg.s:326    .text.HAL_UART_MspDeInit:00000000 $t
C:\Users\zhmis\AppData\Local\Temp\ccfMrXIg.s:332    .text.HAL_UART_MspDeInit:00000000 HAL_UART_MspDeInit
C:\Users\zhmis\AppData\Local\Temp\ccfMrXIg.s:385    .text.HAL_UART_MspDeInit:00000038 $d
C:\Users\zhmis\AppData\Local\Temp\ccfMrXIg.s:393    .bss.hdma_usart3_tx:00000000 $d
C:\Users\zhmis\AppData\Local\Temp\ccfMrXIg.s:400    .bss.hdma_usart3_rx:00000000 $d
C:\Users\zhmis\AppData\Local\Temp\ccfMrXIg.s:407    .bss.huart3:00000000 $d

UNDEFINED SYMBOLS
HAL_UART_Init
Error_Handler
HAL_GPIO_Init
HAL_DMA_Init
HAL_NVIC_SetPriority
HAL_NVIC_EnableIRQ
HAL_GPIO_DeInit
HAL_DMA_DeInit
HAL_NVIC_DisableIRQ
