Archive member included to satisfy reference by file (symbol)

c:/st/stm32cubeide_1.12.0/stm32cubeide/plugins/com.st.stm32cube.ide.mcu.externaltools.gnu-tools-for-stm32.10.3-2021.10.win32_1.0.200.202301161003/tools/bin/../lib/gcc/arm-none-eabi/10.3.1/../../../../arm-none-eabi/lib/thumb/v7-m/nofp\libc_nano.a(lib_a-errno.o)
                              ./Core/Src/syscalls.o (__errno)
c:/st/stm32cubeide_1.12.0/stm32cubeide/plugins/com.st.stm32cube.ide.mcu.externaltools.gnu-tools-for-stm32.10.3-2021.10.win32_1.0.200.202301161003/tools/bin/../lib/gcc/arm-none-eabi/10.3.1/../../../../arm-none-eabi/lib/thumb/v7-m/nofp\libc_nano.a(lib_a-exit.o)
                              c:/st/stm32cubeide_1.12.0/stm32cubeide/plugins/com.st.stm32cube.ide.mcu.externaltools.gnu-tools-for-stm32.10.3-2021.10.win32_1.0.200.202301161003/tools/bin/../lib/gcc/arm-none-eabi/10.3.1/../../../../arm-none-eabi/lib/thumb/v7-m/nofp/crt0.o (exit)
c:/st/stm32cubeide_1.12.0/stm32cubeide/plugins/com.st.stm32cube.ide.mcu.externaltools.gnu-tools-for-stm32.10.3-2021.10.win32_1.0.200.202301161003/tools/bin/../lib/gcc/arm-none-eabi/10.3.1/../../../../arm-none-eabi/lib/thumb/v7-m/nofp\libc_nano.a(lib_a-impure.o)
                              c:/st/stm32cubeide_1.12.0/stm32cubeide/plugins/com.st.stm32cube.ide.mcu.externaltools.gnu-tools-for-stm32.10.3-2021.10.win32_1.0.200.202301161003/tools/bin/../lib/gcc/arm-none-eabi/10.3.1/../../../../arm-none-eabi/lib/thumb/v7-m/nofp\libc_nano.a(lib_a-exit.o) (_global_impure_ptr)
c:/st/stm32cubeide_1.12.0/stm32cubeide/plugins/com.st.stm32cube.ide.mcu.externaltools.gnu-tools-for-stm32.10.3-2021.10.win32_1.0.200.202301161003/tools/bin/../lib/gcc/arm-none-eabi/10.3.1/../../../../arm-none-eabi/lib/thumb/v7-m/nofp\libc_nano.a(lib_a-init.o)
                              c:/st/stm32cubeide_1.12.0/stm32cubeide/plugins/com.st.stm32cube.ide.mcu.externaltools.gnu-tools-for-stm32.10.3-2021.10.win32_1.0.200.202301161003/tools/bin/../lib/gcc/arm-none-eabi/10.3.1/../../../../arm-none-eabi/lib/thumb/v7-m/nofp/crt0.o (__libc_init_array)
c:/st/stm32cubeide_1.12.0/stm32cubeide/plugins/com.st.stm32cube.ide.mcu.externaltools.gnu-tools-for-stm32.10.3-2021.10.win32_1.0.200.202301161003/tools/bin/../lib/gcc/arm-none-eabi/10.3.1/../../../../arm-none-eabi/lib/thumb/v7-m/nofp\libc_nano.a(lib_a-memset.o)
                              c:/st/stm32cubeide_1.12.0/stm32cubeide/plugins/com.st.stm32cube.ide.mcu.externaltools.gnu-tools-for-stm32.10.3-2021.10.win32_1.0.200.202301161003/tools/bin/../lib/gcc/arm-none-eabi/10.3.1/../../../../arm-none-eabi/lib/thumb/v7-m/nofp/crt0.o (memset)
c:/st/stm32cubeide_1.12.0/stm32cubeide/plugins/com.st.stm32cube.ide.mcu.externaltools.gnu-tools-for-stm32.10.3-2021.10.win32_1.0.200.202301161003/tools/bin/../lib/gcc/arm-none-eabi/10.3.1/thumb/v7-m/nofp\libgcc.a(_arm_muldf3.o)
                              ./Core/Src/encoder_assert.o (__aeabi_dmul)
c:/st/stm32cubeide_1.12.0/stm32cubeide/plugins/com.st.stm32cube.ide.mcu.externaltools.gnu-tools-for-stm32.10.3-2021.10.win32_1.0.200.202301161003/tools/bin/../lib/gcc/arm-none-eabi/10.3.1/thumb/v7-m/nofp\libgcc.a(_arm_mulsf3.o)
                              ./Core/Src/reg.o (__aeabi_fmul)
c:/st/stm32cubeide_1.12.0/stm32cubeide/plugins/com.st.stm32cube.ide.mcu.externaltools.gnu-tools-for-stm32.10.3-2021.10.win32_1.0.200.202301161003/tools/bin/../lib/gcc/arm-none-eabi/10.3.1/thumb/v7-m/nofp\libgcc.a(_arm_addsubdf3.o)
                              ./Core/Src/encoder_assert.o (__aeabi_f2d)
c:/st/stm32cubeide_1.12.0/stm32cubeide/plugins/com.st.stm32cube.ide.mcu.externaltools.gnu-tools-for-stm32.10.3-2021.10.win32_1.0.200.202301161003/tools/bin/../lib/gcc/arm-none-eabi/10.3.1/thumb/v7-m/nofp\libgcc.a(_arm_muldivdf3.o)
                              ./Core/Src/encoder_assert.o (__aeabi_ddiv)
c:/st/stm32cubeide_1.12.0/stm32cubeide/plugins/com.st.stm32cube.ide.mcu.externaltools.gnu-tools-for-stm32.10.3-2021.10.win32_1.0.200.202301161003/tools/bin/../lib/gcc/arm-none-eabi/10.3.1/thumb/v7-m/nofp\libgcc.a(_arm_truncdfsf2.o)
                              ./Core/Src/encoder_assert.o (__aeabi_d2f)
c:/st/stm32cubeide_1.12.0/stm32cubeide/plugins/com.st.stm32cube.ide.mcu.externaltools.gnu-tools-for-stm32.10.3-2021.10.win32_1.0.200.202301161003/tools/bin/../lib/gcc/arm-none-eabi/10.3.1/thumb/v7-m/nofp\libgcc.a(_arm_addsubsf3.o)
                              ./Core/Src/encoder_assert.o (__aeabi_fsub)
c:/st/stm32cubeide_1.12.0/stm32cubeide/plugins/com.st.stm32cube.ide.mcu.externaltools.gnu-tools-for-stm32.10.3-2021.10.win32_1.0.200.202301161003/tools/bin/../lib/gcc/arm-none-eabi/10.3.1/thumb/v7-m/nofp\libgcc.a(_arm_muldivsf3.o)
                              ./Core/Src/encoder_assert.o (__aeabi_fdiv)
c:/st/stm32cubeide_1.12.0/stm32cubeide/plugins/com.st.stm32cube.ide.mcu.externaltools.gnu-tools-for-stm32.10.3-2021.10.win32_1.0.200.202301161003/tools/bin/../lib/gcc/arm-none-eabi/10.3.1/thumb/v7-m/nofp\libgcc.a(_arm_cmpsf2.o)
                              ./Core/Src/reg.o (__aeabi_fcmpeq)
[...]
Memory Configuration

Name             Origin             Length             Attributes
RAM              0x0000000020000000 0x0000000000005000 xrw
FLASH            0x0000000008000000 0x0000000000010000 xr
*default*        0x0000000000000000 0xffffffffffffffff

Linker script and memory map

LOAD c:/st/stm32cubeide_1.12.0/stm32cubeide/plugins/com.st.stm32cube.ide.mcu.externaltools.gnu-tools-for-stm32.10.3-2021.10.win32_1.0.200.202301161003/tools/bin/../lib/gcc/arm-none-eabi/10.3.1/thumb/v7-m/nofp/crti.o
LOAD c:/st/stm32cubeide_1.12.0/stm32cubeide/plugins/com.st.stm32cube.ide.mcu.externaltools.gnu-tools-for-stm32.10.3-2021.10.win32_1.0.200.202301161003/tools/bin/../lib/gcc/arm-none-eabi/10.3.1/thumb/v7-m/nofp/crtbegin.o
LOAD c:/st/stm32cubeide_1.12.0/stm32cubeide/plugins/com.st.stm32cube.ide.mcu.externaltools.gnu-tools-for-stm32.10.3-2021.10.win32_1.0.200.202301161003/tools/bin/../lib/gcc/arm-none-eabi/10.3.1/../../../../arm-none-eabi/lib/thumb/v7-m/nofp/crt0.o
LOAD ./Core/Src/encoder_assert.o
LOAD ./Core/Src/gpio.o
LOAD ./Core/Src/main.o
LOAD ./Core/Src/reg.o
LOAD ./Core/Src/stm32f1xx_hal_msp.o
LOAD ./Core/Src/stm32f1xx_it.o
LOAD ./Core/Src/syscalls.o
LOAD ./Core/Src/sysmem.o
LOAD ./Core/Src/system_stm32f1xx.o
LOAD ./Core/Src/tim.o
LOAD ./Core/Startup/startup_stm32f103c8tx.o
LOAD ./Drivers/STM32F1xx_HAL_Driver/Src/stm32f1xx_hal.o
LOAD ./Drivers/STM32F1xx_HAL_Driver/Src/stm32f1xx_hal_cortex.o
LOAD ./Drivers/STM32F1xx_HAL_Driver/Src/stm32f1xx_hal_dma.o
LOAD ./Drivers/STM32F1xx_HAL_Driver/Src/stm32f1xx_hal_exti.o
LOAD ./Drivers/STM32F1xx_HAL_Driver/Src/stm32f1xx_hal_flash.o
LOAD ./Drivers/STM32F1xx_HAL_Driver/Src/stm32f1xx_hal_flash_ex.o
LOAD ./Drivers/STM32F1xx_HAL_Driver/Src/stm32f1xx_hal_gpio.o
LOAD ./Drivers/STM32F1xx_HAL_Driver/Src/stm32f1xx_hal_gpio_ex.o
LOAD ./Drivers/STM32F1xx_HAL_Driver/Src/stm32f1xx_hal_pwr.o
LOAD ./Drivers/STM32F1xx_HAL_Driver/Src/stm32f1xx_hal_rcc.o
LOAD ./Drivers/STM32F1xx_HAL_Driver/Src/stm32f1xx_hal_rcc_ex.o
LOAD ./Drivers/STM32F1xx_HAL_Driver/Src/stm32f1xx_hal_tim.o
LOAD ./Drivers/STM32F1xx_HAL_Driver/Src/stm32f1xx_hal_tim_ex.o
LOAD C:\Users\JV4K\Documents\GitHub\STM32_Motor_control\libIQmathLib-cm3.a
START GROUP
LOAD c:/st/stm32cubeide_1.12.0/stm32cubeide/plugins/com.st.stm32cube.ide.mcu.externaltools.gnu-tools-for-stm32.10.3-2021.10.win32_1.0.200.202301161003/tools/bin/../lib/gcc/arm-none-eabi/10.3.1/../../../../arm-none-eabi/lib/thumb/v7-m/nofp\libc_nano.a
LOAD c:/st/stm32cubeide_1.12.0/stm32cubeide/plugins/com.st.stm32cube.ide.mcu.externaltools.gnu-tools-for-stm32.10.3-2021.10.win32_1.0.200.202301161003/tools/bin/../lib/gcc/arm-none-eabi/10.3.1/../../../../arm-none-eabi/lib/thumb/v7-m/nofp\libm.a
END GROUP
START GROUP
LOAD c:/st/stm32cubeide_1.12.0/stm32cubeide/plugins/com.st.stm32cube.ide.mcu.externaltools.gnu-tools-for-stm32.10.3-2021.10.win32_1.0.200.202301161003/tools/bin/../lib/gcc/arm-none-eabi/10.3.1/thumb/v7-m/nofp\libgcc.a
LOAD c:/st/stm32cubeide_1.12.0/stm32cubeide/plugins/com.st.stm32cube.ide.mcu.externaltools.gnu-tools-for-stm32.10.3-2021.10.win32_1.0.200.202301161003/tools/bin/../lib/gcc/arm-none-eabi/10.3.1/../../../../arm-none-eabi/lib/thumb/v7-m/nofp\libc_nano.a
END GROUP
START GROUP
LOAD c:/st/stm32cubeide_1.12.0/stm32cubeide/plugins/com.st.stm32cube.ide.mcu.externaltools.gnu-tools-for-stm32.10.3-2021.10.win32_1.0.200.202301161003/tools/bin/../lib/gcc/arm-none-eabi/10.3.1/thumb/v7-m/nofp\libgcc.a
LOAD c:/st/stm32cubeide_1.12.0/stm32cubeide/plugins/com.st.stm32cube.ide.mcu.externaltools.gnu-tools-for-stm32.10.3-2021.10.win32_1.0.200.202301161003/tools/bin/../lib/gcc/arm-none-eabi/10.3.1/../../../../arm-none-eabi/lib/thumb/v7-m/nofp\libc_nano.a
LOAD c:/st/stm32cubeide_1.12.0/stm32cubeide/plugins/com.st.stm32cube.ide.mcu.externaltools.gnu-tools-for-stm32.10.3-2021.10.win32_1.0.200.202301161003/tools/bin/../lib/gcc/arm-none-eabi/10.3.1/../../../../arm-none-eabi/lib/thumb/v7-m/nofp\libnosys.a
END GROUP
START GROUP
LOAD c:/st/stm32cubeide_1.12.0/stm32cubeide/plugins/com.st.stm32cube.ide.mcu.externaltools.gnu-tools-for-stm32.10.3-2021.10.win32_1.0.200.202301161003/tools/bin/../lib/gcc/arm-none-eabi/10.3.1/thumb/v7-m/nofp\libgcc.a
LOAD c:/st/stm32cubeide_1.12.0/stm32cubeide/plugins/com.st.stm32cube.ide.mcu.externaltools.gnu-tools-for-stm32.10.3-2021.10.win32_1.0.200.202301161003/tools/bin/../lib/gcc/arm-none-eabi/10.3.1/../../../../arm-none-eabi/lib/thumb/v7-m/nofp\libc_nano.a
LOAD c:/st/stm32cubeide_1.12.0/stm32cubeide/plugins/com.st.stm32cube.ide.mcu.externaltools.gnu-tools-for-stm32.10.3-2021.10.win32_1.0.200.202301161003/tools/bin/../lib/gcc/arm-none-eabi/10.3.1/../../../../arm-none-eabi/lib/thumb/v7-m/nofp\libnosys.a
END GROUP
LOAD c:/st/stm32cubeide_1.12.0/stm32cubeide/plugins/com.st.stm32cube.ide.mcu.externaltools.gnu-tools-for-stm32.10.3-2021.10.win32_1.0.200.202301161003/tools/bin/../lib/gcc/arm-none-eabi/10.3.1/thumb/v7-m/nofp/crtend.o
LOAD c:/st/stm32cubeide_1.12.0/stm32cubeide/plugins/com.st.stm32cube.ide.mcu.externaltools.gnu-tools-for-stm32.10.3-2021.10.win32_1.0.200.202301161003/tools/bin/../lib/gcc/arm-none-eabi/10.3.1/thumb/v7-m/nofp/crtn.o
                0x0000000020005000                _estack = (ORIGIN (RAM) + LENGTH (RAM))
                0x0000000000000200                _Min_Heap_Size = 0x200
                0x0000000000000400                _Min_Stack_Size = 0x400

.isr_vector     0x0000000008000000      0x10c
                0x0000000008000000                . = ALIGN (0x4)
 *(.isr_vector)
 .isr_vector    0x0000000008000000      0x10c ./Core/Startup/startup_stm32f103c8tx.o
                0x0000000008000000                g_pfnVectors
                0x000000000800010c                . = ALIGN (0x4)

.text           0x0000000008000110     0x3c0c
                0x0000000008000110                . = ALIGN (0x4)
 *(.text)
 .text          0x0000000008000110       0x40 c:/st/stm32cubeide_1.12.0/stm32cubeide/plugins/com.st.stm32cube.ide.mcu.externaltools.gnu-tools-for-stm32.10.3-2021.10.win32_1.0.200.202301161003/tools/bin/../lib/gcc/arm-none-eabi/10.3.1/thumb/v7-m/nofp/crtbegin.o
 .text          0x0000000008000150      0x378 c:/st/stm32cubeide_1.12.0/stm32cubeide/plugins/com.st.stm32cube.ide.mcu.externaltools.gnu-tools-for-stm32.10.3-2021.10.win32_1.0.200.202301161003/tools/bin/../lib/gcc/arm-none-eabi/10.3.1/thumb/v7-m/nofp\libgcc.a(_arm_addsubdf3.o)
                0x0000000008000150                __aeabi_drsub
                0x0000000008000158                __aeabi_dsub
                0x0000000008000158                __subdf3
                0x000000000800015c                __aeabi_dadd
                0x000000000800015c                __adddf3
                0x00000000080003d4                __floatunsidf
                0x00000000080003d4                __aeabi_ui2d
                0x00000000080003f4                __floatsidf
                0x00000000080003f4                __aeabi_i2d
                0x0000000008000418                __aeabi_f2d
                0x0000000008000418                __extendsfdf2
                0x000000000800045c                __floatundidf
                0x000000000800045c                __aeabi_ul2d
                0x000000000800046c                __floatdidf
                0x000000000800046c                __aeabi_l2d
 .text          0x00000000080004c8      0x424 c:/st/stm32cubeide_1.12.0/stm32cubeide/plugins/com.st.stm32cube.ide.mcu.externaltools.gnu-tools-for-stm32.10.3-2021.10.win32_1.0.200.202301161003/tools/bin/../lib/gcc/arm-none-eabi/10.3.1/thumb/v7-m/nofp\libgcc.a(_arm_muldivdf3.o)
                0x00000000080004c8                __aeabi_dmul
                0x00000000080004c8                __muldf3
                0x000000000800071c                __divdf3
                0x000000000800071c                __aeabi_ddiv
 .text          0x00000000080008ec       0xa0 c:/st/stm32cubeide_1.12.0/stm32cubeide/plugins/com.st.stm32cube.ide.mcu.externaltools.gnu-tools-for-stm32.10.3-2021.10.win32_1.0.200.202301161003/tools/bin/../lib/gcc/arm-none-eabi/10.3.1/thumb/v7-m/nofp\libgcc.a(_arm_truncdfsf2.o)
                0x00000000080008ec                __truncdfsf2
                0x00000000080008ec                __aeabi_d2f
 .text          0x000000000800098c      0x21c c:/st/stm32cubeide_1.12.0/stm32cubeide/plugins/com.st.stm32cube.ide.mcu.externaltools.gnu-tools-for-stm32.10.3-2021.10.win32_1.0.200.202301161003/tools/bin/../lib/gcc/arm-none-eabi/10.3.1/thumb/v7-m/nofp\libgcc.a(_arm_addsubsf3.o)
                0x000000000800098c                __aeabi_frsub
                0x0000000008000994                __subsf3
                0x0000000008000994                __aeabi_fsub
                0x0000000008000998                __aeabi_fadd
                0x0000000008000998                __addsf3
                0x0000000008000af8                __aeabi_ui2f
                0x0000000008000af8                __floatunsisf
                0x0000000008000b00                __aeabi_i2f
                0x0000000008000b00                __floatsisf
                0x0000000008000b1c                __aeabi_ul2f
                0x0000000008000b1c                __floatundisf
                0x0000000008000b2c                __aeabi_l2f
                0x0000000008000b2c                __floatdisf
 .text          0x0000000008000ba8      0x2a0 c:/st/stm32cubeide_1.12.0/stm32cubeide/plugins/com.st.stm32cube.ide.mcu.externaltools.gnu-tools-for-stm32.10.3-2021.10.win32_1.0.200.202301161003/tools/bin/../lib/gcc/arm-none-eabi/10.3.1/thumb/v7-m/nofp\libgcc.a(_arm_muldivsf3.o)
                0x0000000008000ba8                __mulsf3
                0x0000000008000ba8                __aeabi_fmul
                0x0000000008000d10                __aeabi_fdiv
                0x0000000008000d10                __divsf3
 .text          0x0000000008000e48       0xec c:/st/stm32cubeide_1.12.0/stm32cubeide/plugins/com.st.stm32cube.ide.mcu.externaltools.gnu-tools-for-stm32.10.3-2021.10.win32_1.0.200.202301161003/tools/bin/../lib/gcc/arm-none-eabi/10.3.1/thumb/v7-m/nofp\libgcc.a(_arm_cmpsf2.o)
                0x0000000008000e48                __gesf2
                0x0000000008000e48                __gtsf2
                0x0000000008000e50                __lesf2
                0x0000000008000e50                __ltsf2
                0x0000000008000e58                __nesf2
                0x0000000008000e58                __eqsf2
                0x0000000008000e58                __cmpsf2
                0x0000000008000eb8                __aeabi_cfrcmple
                0x0000000008000ec0                __aeabi_cfcmpeq
                0x0000000008000ec0                __aeabi_cfcmple
                0x0000000008000ed0                __aeabi_fcmpeq
                0x0000000008000ee4                __aeabi_fcmplt
                0x0000000008000ef8                __aeabi_fcmple
                0x0000000008000f0c                __aeabi_fcmpge
                0x0000000008000f20                __aeabi_fcmpgt
 .text          0x0000000008000f34       0x4c c:/st/stm32cubeide_1.12.0/stm32cubeide/plugins/com.st.stm32cube.ide.mcu.externaltools.gnu-tools-for-stm32.10.3-2021.10.win32_1.0.200.202301161003/tools/bin/../lib/gcc/arm-none-eabi/10.3.1/thumb/v7-m/nofp\libgcc.a(_arm_fixsfsi.o)
                0x0000000008000f34                __aeabi_f2iz
                0x0000000008000f34                __fixsfsi
 *(.text*)
 .text.EncoderPosition
                0x0000000008000f80       0xf0 ./Core/Src/encoder_assert.o
                0x0000000008000f80                EncoderPosition
 .text.EncoderVelocity
                0x0000000008001070       0xb0 ./Core/Src/encoder_assert.o
                0x0000000008001070                EncoderVelocity
 .text.EncoderInit
                0x0000000008001120       0x2c ./Core/Src/encoder_assert.o
                0x0000000008001120                EncoderInit
 .text.MX_GPIO_Init
                0x000000000800114c       0x98 ./Core/Src/gpio.o
                0x000000000800114c                MX_GPIO_Init
 .text.main     0x00000000080011e4      0x294 ./Core/Src/main.o
                0x00000000080011e4                main
 .text.SystemClock_Config
                0x0000000008001478       0x8a ./Core/Src/main.o
                0x0000000008001478                SystemClock_Config
 .text.Error_Handler
                0x0000000008001502        0xa ./Core/Src/main.o
                0x0000000008001502                Error_Handler
 .text.pid_reg_calc
                0x000000000800150c      0x262 ./Core/Src/reg.o
                0x000000000800150c                pid_reg_calc
 .text.RegParamsUpd
                0x000000000800176e       0x4e ./Core/Src/reg.o
                0x000000000800176e                RegParamsUpd
 .text.HAL_MspInit
                0x00000000080017bc       0x64 ./Core/Src/stm32f1xx_hal_msp.o
                0x00000000080017bc                HAL_MspInit
 .text.NMI_Handler
                0x0000000008001820        0x6 ./Core/Src/stm32f1xx_it.o
                0x0000000008001820                NMI_Handler
 .text.HardFault_Handler
                0x0000000008001826        0x6 ./Core/Src/stm32f1xx_it.o
                0x0000000008001826                HardFault_Handler
 .text.MemManage_Handler
                0x000000000800182c        0x6 ./Core/Src/stm32f1xx_it.o
                0x000000000800182c                MemManage_Handler
 .text.BusFault_Handler
                0x0000000008001832        0x6 ./Core/Src/stm32f1xx_it.o
                0x0000000008001832                BusFault_Handler
 .text.UsageFault_Handler
                0x0000000008001838        0x6 ./Core/Src/stm32f1xx_it.o
                0x0000000008001838                UsageFault_Handler
 .text.SVC_Handler
                0x000000000800183e        0xc ./Core/Src/stm32f1xx_it.o
                0x000000000800183e                SVC_Handler
 .text.DebugMon_Handler
                0x000000000800184a        0xc ./Core/Src/stm32f1xx_it.o
                0x000000000800184a                DebugMon_Handler
 .text.PendSV_Handler
                0x0000000008001856        0xc ./Core/Src/stm32f1xx_it.o
                0x0000000008001856                PendSV_Handler
 .text.SysTick_Handler
                0x0000000008001862        0xc ./Core/Src/stm32f1xx_it.o
                0x0000000008001862                SysTick_Handler
 *fill*         0x000000000800186e        0x2 
 .text.TIM3_IRQHandler
                0x0000000008001870       0xe8 ./Core/Src/stm32f1xx_it.o
                0x0000000008001870                TIM3_IRQHandler
 .text.Median_velocity_1
                0x0000000008001958      0x154 ./Core/Src/stm32f1xx_it.o
                0x0000000008001958                Median_velocity_1
 .text.SMA_velocity_1
                0x0000000008001aac       0x84 ./Core/Src/stm32f1xx_it.o
                0x0000000008001aac                SMA_velocity_1
 .text.Median_velocity_2
                0x0000000008001b30      0x154 ./Core/Src/stm32f1xx_it.o
                0x0000000008001b30                Median_velocity_2
 .text.SMA_velocity_2
                0x0000000008001c84       0x84 ./Core/Src/stm32f1xx_it.o
                0x0000000008001c84                SMA_velocity_2
 .text.SystemInit
                0x0000000008001d08        0xc ./Core/Src/system_stm32f1xx.o
                0x0000000008001d08                SystemInit
 .text.MX_TIM1_Init
                0x0000000008001d14       0xb0 ./Core/Src/tim.o
                0x0000000008001d14                MX_TIM1_Init
 .text.MX_TIM2_Init
                0x0000000008001dc4       0xa8 ./Core/Src/tim.o
                0x0000000008001dc4                MX_TIM2_Init
 .text.MX_TIM3_Init
                0x0000000008001e6c       0xc8 ./Core/Src/tim.o
                0x0000000008001e6c                MX_TIM3_Init
 .text.HAL_TIM_Encoder_MspInit
                0x0000000008001f34       0xd4 ./Core/Src/tim.o
                0x0000000008001f34                HAL_TIM_Encoder_MspInit
 .text.HAL_TIM_PWM_MspInit
                0x0000000008002008       0x4c ./Core/Src/tim.o
                0x0000000008002008                HAL_TIM_PWM_MspInit
 .text.HAL_TIM_MspPostInit
                0x0000000008002054       0x64 ./Core/Src/tim.o
                0x0000000008002054                HAL_TIM_MspPostInit
 .text.Reset_Handler
                0x00000000080020b8       0x48 ./Core/Startup/startup_stm32f103c8tx.o
                0x00000000080020b8                Reset_Handler
 .text.Default_Handler
                0x0000000008002100        0x2 ./Core/Startup/startup_stm32f103c8tx.o
                0x0000000008002100                RTC_Alarm_IRQHandler
                0x0000000008002100                EXTI2_IRQHandler
                0x0000000008002100                TIM1_CC_IRQHandler
                0x0000000008002100                PVD_IRQHandler
                0x0000000008002100                EXTI3_IRQHandler
                0x0000000008002100                EXTI0_IRQHandler
                0x0000000008002100                I2C2_EV_IRQHandler
                0x0000000008002100                ADC1_2_IRQHandler
                0x0000000008002100                SPI1_IRQHandler
                0x0000000008002100                TAMPER_IRQHandler
                0x0000000008002100                DMA1_Channel4_IRQHandler
                0x0000000008002100                USART3_IRQHandler
                0x0000000008002100                RTC_IRQHandler
                0x0000000008002100                DMA1_Channel7_IRQHandler
                0x0000000008002100                CAN1_RX1_IRQHandler
                0x0000000008002100                TIM4_IRQHandler
                0x0000000008002100                I2C1_EV_IRQHandler
                0x0000000008002100                DMA1_Channel6_IRQHandler
                0x0000000008002100                RCC_IRQHandler
                0x0000000008002100                TIM1_TRG_COM_IRQHandler
                0x0000000008002100                DMA1_Channel1_IRQHandler
                0x0000000008002100                Default_Handler
                0x0000000008002100                EXTI15_10_IRQHandler
                0x0000000008002100                EXTI9_5_IRQHandler
                0x0000000008002100                SPI2_IRQHandler
                0x0000000008002100                DMA1_Channel5_IRQHandler
                0x0000000008002100                EXTI4_IRQHandler
                0x0000000008002100                USB_LP_CAN1_RX0_IRQHandler
                0x0000000008002100                USB_HP_CAN1_TX_IRQHandler
                0x0000000008002100                DMA1_Channel3_IRQHandler
                0x0000000008002100                TIM1_UP_IRQHandler
                0x0000000008002100                WWDG_IRQHandler
                0x0000000008002100                TIM2_IRQHandler
                0x0000000008002100                TIM1_BRK_IRQHandler
                0x0000000008002100                EXTI1_IRQHandler
                0x0000000008002100                USART2_IRQHandler
                0x0000000008002100                I2C2_ER_IRQHandler
                0x0000000008002100                DMA1_Channel2_IRQHandler
                0x0000000008002100                CAN1_SCE_IRQHandler
                0x0000000008002100                FLASH_IRQHandler
                0x0000000008002100                USART1_IRQHandler
                0x0000000008002100                I2C1_ER_IRQHandler
                0x0000000008002100                USBWakeUp_IRQHandler
 *fill*         0x0000000008002102        0x2 
 .text.HAL_Init
                0x0000000008002104       0x2c ./Drivers/STM32F1xx_HAL_Driver/Src/stm32f1xx_hal.o
                0x0000000008002104                HAL_Init
 .text.HAL_InitTick
                0x0000000008002130       0x60 ./Drivers/STM32F1xx_HAL_Driver/Src/stm32f1xx_hal.o
                0x0000000008002130                HAL_InitTick
 .text.HAL_IncTick
                0x0000000008002190       0x24 ./Drivers/STM32F1xx_HAL_Driver/Src/stm32f1xx_hal.o
                0x0000000008002190                HAL_IncTick
 .text.HAL_GetTick
                0x00000000080021b4       0x14 ./Drivers/STM32F1xx_HAL_Driver/Src/stm32f1xx_hal.o
                0x00000000080021b4                HAL_GetTick
 .text.__NVIC_SetPriorityGrouping
                0x00000000080021c8       0x48 ./Drivers/STM32F1xx_HAL_Driver/Src/stm32f1xx_hal_cortex.o
 .text.__NVIC_GetPriorityGrouping
                0x0000000008002210       0x1c ./Drivers/STM32F1xx_HAL_Driver/Src/stm32f1xx_hal_cortex.o
 .text.__NVIC_EnableIRQ
                0x000000000800222c       0x38 ./Drivers/STM32F1xx_HAL_Driver/Src/stm32f1xx_hal_cortex.o
 .text.__NVIC_SetPriority
                0x0000000008002264       0x54 ./Drivers/STM32F1xx_HAL_Driver/Src/stm32f1xx_hal_cortex.o
 .text.NVIC_EncodePriority
                0x00000000080022b8       0x64 ./Drivers/STM32F1xx_HAL_Driver/Src/stm32f1xx_hal_cortex.o
 .text.SysTick_Config
                0x000000000800231c       0x44 ./Drivers/STM32F1xx_HAL_Driver/Src/stm32f1xx_hal_cortex.o
 .text.HAL_NVIC_SetPriorityGrouping
                0x0000000008002360       0x16 ./Drivers/STM32F1xx_HAL_Driver/Src/stm32f1xx_hal_cortex.o
                0x0000000008002360                HAL_NVIC_SetPriorityGrouping
 .text.HAL_NVIC_SetPriority
                0x0000000008002376       0x38 ./Drivers/STM32F1xx_HAL_Driver/Src/stm32f1xx_hal_cortex.o
                0x0000000008002376                HAL_NVIC_SetPriority
 .text.HAL_NVIC_EnableIRQ
                0x00000000080023ae       0x1c ./Drivers/STM32F1xx_HAL_Driver/Src/stm32f1xx_hal_cortex.o
                0x00000000080023ae                HAL_NVIC_EnableIRQ
 .text.HAL_SYSTICK_Config
                0x00000000080023ca       0x18 ./Drivers/STM32F1xx_HAL_Driver/Src/stm32f1xx_hal_cortex.o
                0x00000000080023ca                HAL_SYSTICK_Config
 *fill*         0x00000000080023e2        0x2 
 .text.HAL_GPIO_Init
                0x00000000080023e4      0x308 ./Drivers/STM32F1xx_HAL_Driver/Src/stm32f1xx_hal_gpio.o
                0x00000000080023e4                HAL_GPIO_Init
 .text.HAL_GPIO_WritePin
                0x00000000080026ec       0x30 ./Drivers/STM32F1xx_HAL_Driver/Src/stm32f1xx_hal_gpio.o
                0x00000000080026ec                HAL_GPIO_WritePin
 .text.HAL_RCC_OscConfig
                0x000000000800271c      0x504 ./Drivers/STM32F1xx_HAL_Driver/Src/stm32f1xx_hal_rcc.o
                0x000000000800271c                HAL_RCC_OscConfig
 .text.HAL_RCC_ClockConfig
                0x0000000008002c20      0x1d4 ./Drivers/STM32F1xx_HAL_Driver/Src/stm32f1xx_hal_rcc.o
                0x0000000008002c20                HAL_RCC_ClockConfig
 .text.HAL_RCC_GetSysClockFreq
                0x0000000008002df4       0xa8 ./Drivers/STM32F1xx_HAL_Driver/Src/stm32f1xx_hal_rcc.o
                0x0000000008002df4                HAL_RCC_GetSysClockFreq
 .text.RCC_Delay
                0x0000000008002e9c       0x3c ./Drivers/STM32F1xx_HAL_Driver/Src/stm32f1xx_hal_rcc.o
 .text.HAL_TIM_Base_Start_IT
                0x0000000008002ed8       0xa4 ./Drivers/STM32F1xx_HAL_Driver/Src/stm32f1xx_hal_tim.o
                0x0000000008002ed8                HAL_TIM_Base_Start_IT
 .text.HAL_TIM_PWM_Init
                0x0000000008002f7c       0x9e ./Drivers/STM32F1xx_HAL_Driver/Src/stm32f1xx_hal_tim.o
                0x0000000008002f7c                HAL_TIM_PWM_Init
 *fill*         0x000000000800301a        0x2 
 .text.HAL_TIM_PWM_Start
                0x000000000800301c      0x144 ./Drivers/STM32F1xx_HAL_Driver/Src/stm32f1xx_hal_tim.o
                0x000000000800301c                HAL_TIM_PWM_Start
 .text.HAL_TIM_Encoder_Init
                0x0000000008003160      0x144 ./Drivers/STM32F1xx_HAL_Driver/Src/stm32f1xx_hal_tim.o
                0x0000000008003160                HAL_TIM_Encoder_Init
 .text.HAL_TIM_Encoder_Start
                0x00000000080032a4      0x11c ./Drivers/STM32F1xx_HAL_Driver/Src/stm32f1xx_hal_tim.o
                0x00000000080032a4                HAL_TIM_Encoder_Start
 .text.HAL_TIM_IRQHandler
                0x00000000080033c0      0x210 ./Drivers/STM32F1xx_HAL_Driver/Src/stm32f1xx_hal_tim.o
                0x00000000080033c0                HAL_TIM_IRQHandler
 .text.HAL_TIM_PWM_ConfigChannel
                0x00000000080035d0      0x184 ./Drivers/STM32F1xx_HAL_Driver/Src/stm32f1xx_hal_tim.o
                0x00000000080035d0                HAL_TIM_PWM_ConfigChannel
 .text.HAL_TIM_PeriodElapsedCallback
                0x0000000008003754       0x12 ./Drivers/STM32F1xx_HAL_Driver/Src/stm32f1xx_hal_tim.o
                0x0000000008003754                HAL_TIM_PeriodElapsedCallback
 .text.HAL_TIM_OC_DelayElapsedCallback
                0x0000000008003766       0x12 ./Drivers/STM32F1xx_HAL_Driver/Src/stm32f1xx_hal_tim.o
                0x0000000008003766                HAL_TIM_OC_DelayElapsedCallback
 .text.HAL_TIM_IC_CaptureCallback
                0x0000000008003778       0x12 ./Drivers/STM32F1xx_HAL_Driver/Src/stm32f1xx_hal_tim.o
                0x0000000008003778                HAL_TIM_IC_CaptureCallback
 .text.HAL_TIM_PWM_PulseFinishedCallback
                0x000000000800378a       0x12 ./Drivers/STM32F1xx_HAL_Driver/Src/stm32f1xx_hal_tim.o
                0x000000000800378a                HAL_TIM_PWM_PulseFinishedCallback
 .text.HAL_TIM_TriggerCallback
                0x000000000800379c       0x12 ./Drivers/STM32F1xx_HAL_Driver/Src/stm32f1xx_hal_tim.o
                0x000000000800379c                HAL_TIM_TriggerCallback
 *fill*         0x00000000080037ae        0x2 
 .text.TIM_Base_SetConfig
                0x00000000080037b0       0xc4 ./Drivers/STM32F1xx_HAL_Driver/Src/stm32f1xx_hal_tim.o
                0x00000000080037b0                TIM_Base_SetConfig
 .text.TIM_OC1_SetConfig
                0x0000000008003874       0xcc ./Drivers/STM32F1xx_HAL_Driver/Src/stm32f1xx_hal_tim.o
 .text.TIM_OC2_SetConfig
                0x0000000008003940       0xd4 ./Drivers/STM32F1xx_HAL_Driver/Src/stm32f1xx_hal_tim.o
                0x0000000008003940                TIM_OC2_SetConfig
 .text.TIM_OC3_SetConfig
                0x0000000008003a14       0xd4 ./Drivers/STM32F1xx_HAL_Driver/Src/stm32f1xx_hal_tim.o
 .text.TIM_OC4_SetConfig
                0x0000000008003ae8       0x9c ./Drivers/STM32F1xx_HAL_Driver/Src/stm32f1xx_hal_tim.o
 .text.TIM_CCxChannelCmd
                0x0000000008003b84       0x48 ./Drivers/STM32F1xx_HAL_Driver/Src/stm32f1xx_hal_tim.o
                0x0000000008003b84                TIM_CCxChannelCmd
 .text.HAL_TIMEx_MasterConfigSynchronization
                0x0000000008003bcc       0xbc ./Drivers/STM32F1xx_HAL_Driver/Src/stm32f1xx_hal_tim_ex.o
                0x0000000008003bcc                HAL_TIMEx_MasterConfigSynchronization
 .text.HAL_TIMEx_CommutCallback
                0x0000000008003c88       0x12 ./Drivers/STM32F1xx_HAL_Driver/Src/stm32f1xx_hal_tim_ex.o
                0x0000000008003c88                HAL_TIMEx_CommutCallback
 .text.HAL_TIMEx_BreakCallback
                0x0000000008003c9a       0x12 ./Drivers/STM32F1xx_HAL_Driver/Src/stm32f1xx_hal_tim_ex.o
                0x0000000008003c9a                HAL_TIMEx_BreakCallback
 .text.__libc_init_array
                0x0000000008003cac       0x48 c:/st/stm32cubeide_1.12.0/stm32cubeide/plugins/com.st.stm32cube.ide.mcu.externaltools.gnu-tools-for-stm32.10.3-2021.10.win32_1.0.200.202301161003/tools/bin/../lib/gcc/arm-none-eabi/10.3.1/../../../../arm-none-eabi/lib/thumb/v7-m/nofp\libc_nano.a(lib_a-init.o)
                0x0000000008003cac                __libc_init_array
 .text.memset   0x0000000008003cf4       0x10 c:/st/stm32cubeide_1.12.0/stm32cubeide/plugins/com.st.stm32cube.ide.mcu.externaltools.gnu-tools-for-stm32.10.3-2021.10.win32_1.0.200.202301161003/tools/bin/../lib/gcc/arm-none-eabi/10.3.1/../../../../arm-none-eabi/lib/thumb/v7-m/nofp\libc_nano.a(lib_a-memset.o)
                0x0000000008003cf4                memset
 *(.glue_7)
 .glue_7        0x0000000008003d04        0x0 linker stubs
 *(.glue_7t)
 .glue_7t       0x0000000008003d04        0x0 linker stubs
 *(.eh_frame)
 .eh_frame      0x0000000008003d04        0x0 c:/st/stm32cubeide_1.12.0/stm32cubeide/plugins/com.st.stm32cube.ide.mcu.externaltools.gnu-tools-for-stm32.10.3-2021.10.win32_1.0.200.202301161003/tools/bin/../lib/gcc/arm-none-eabi/10.3.1/thumb/v7-m/nofp/crtbegin.o
 *(.init)
 .init          0x0000000008003d04        0x4 c:/st/stm32cubeide_1.12.0/stm32cubeide/plugins/com.st.stm32cube.ide.mcu.externaltools.gnu-tools-for-stm32.10.3-2021.10.win32_1.0.200.202301161003/tools/bin/../lib/gcc/arm-none-eabi/10.3.1/thumb/v7-m/nofp/crti.o
                0x0000000008003d04                _init
 .init          0x0000000008003d08        0x8 c:/st/stm32cubeide_1.12.0/stm32cubeide/plugins/com.st.stm32cube.ide.mcu.externaltools.gnu-tools-for-stm32.10.3-2021.10.win32_1.0.200.202301161003/tools/bin/../lib/gcc/arm-none-eabi/10.3.1/thumb/v7-m/nofp/crtn.o
 *(.fini)
 .fini          0x0000000008003d10        0x4 c:/st/stm32cubeide_1.12.0/stm32cubeide/plugins/com.st.stm32cube.ide.mcu.externaltools.gnu-tools-for-stm32.10.3-2021.10.win32_1.0.200.202301161003/tools/bin/../lib/gcc/arm-none-eabi/10.3.1/thumb/v7-m/nofp/crti.o
                0x0000000008003d10                _fini
 .fini          0x0000000008003d14        0x8 c:/st/stm32cubeide_1.12.0/stm32cubeide/plugins/com.st.stm32cube.ide.mcu.externaltools.gnu-tools-for-stm32.10.3-2021.10.win32_1.0.200.202301161003/tools/bin/../lib/gcc/arm-none-eabi/10.3.1/thumb/v7-m/nofp/crtn.o
                0x0000000008003d1c                . = ALIGN (0x4)
                0x0000000008003d1c                _etext = .

.vfp11_veneer   0x0000000008003d1c        0x0
 .vfp11_veneer  0x0000000008003d1c        0x0 linker stubs

.v4_bx          0x0000000008003d1c        0x0
 .v4_bx         0x0000000008003d1c        0x0 linker stubs

.iplt           0x0000000008003d1c        0x0
 .iplt          0x0000000008003d1c        0x0 c:/st/stm32cubeide_1.12.0/stm32cubeide/plugins/com.st.stm32cube.ide.mcu.externaltools.gnu-tools-for-stm32.10.3-2021.10.win32_1.0.200.202301161003/tools/bin/../lib/gcc/arm-none-eabi/10.3.1/thumb/v7-m/nofp/crtbegin.o

.rodata         0x0000000008003d1c       0x24
                0x0000000008003d1c                . = ALIGN (0x4)
 *(.rodata)
 *(.rodata*)
 .rodata.AHBPrescTable
                0x0000000008003d1c       0x10 ./Core/Src/system_stm32f1xx.o
                0x0000000008003d1c                AHBPrescTable
 .rodata.aPLLMULFactorTable.1
                0x0000000008003d2c       0x10 ./Drivers/STM32F1xx_HAL_Driver/Src/stm32f1xx_hal_rcc.o
 .rodata.aPredivFactorTable.0
                0x0000000008003d3c        0x2 ./Drivers/STM32F1xx_HAL_Driver/Src/stm32f1xx_hal_rcc.o
                0x0000000008003d40                . = ALIGN (0x4)
 *fill*         0x0000000008003d3e        0x2 

.rel.dyn        0x0000000008003d40        0x0
 .rel.iplt      0x0000000008003d40        0x0 c:/st/stm32cubeide_1.12.0/stm32cubeide/plugins/com.st.stm32cube.ide.mcu.externaltools.gnu-tools-for-stm32.10.3-2021.10.win32_1.0.200.202301161003/tools/bin/../lib/gcc/arm-none-eabi/10.3.1/thumb/v7-m/nofp/crtbegin.o

.ARM.extab      0x0000000008003d40        0x0
                0x0000000008003d40                . = ALIGN (0x4)
 *(.ARM.extab* .gnu.linkonce.armextab.*)
                0x0000000008003d40                . = ALIGN (0x4)

.ARM            0x0000000008003d40        0x0
                0x0000000008003d40                . = ALIGN (0x4)
                0x0000000008003d40                __exidx_start = .
 *(.ARM.exidx*)
                0x0000000008003d40                __exidx_end = .
                0x0000000008003d40                . = ALIGN (0x4)

.preinit_array  0x0000000008003d40        0x0
                0x0000000008003d40                . = ALIGN (0x4)
                0x0000000008003d40                PROVIDE (__preinit_array_start = .)
 *(.preinit_array*)
                0x0000000008003d40                PROVIDE (__preinit_array_end = .)
                0x0000000008003d40                . = ALIGN (0x4)

.init_array     0x0000000008003d40        0x4
                0x0000000008003d40                . = ALIGN (0x4)
                0x0000000008003d40                PROVIDE (__init_array_start = .)
 *(SORT_BY_NAME(.init_array.*))
 *(.init_array*)
 .init_array    0x0000000008003d40        0x4 c:/st/stm32cubeide_1.12.0/stm32cubeide/plugins/com.st.stm32cube.ide.mcu.externaltools.gnu-tools-for-stm32.10.3-2021.10.win32_1.0.200.202301161003/tools/bin/../lib/gcc/arm-none-eabi/10.3.1/thumb/v7-m/nofp/crtbegin.o
                0x0000000008003d44                PROVIDE (__init_array_end = .)
                0x0000000008003d44                . = ALIGN (0x4)

.fini_array     0x0000000008003d44        0x4
                0x0000000008003d44                . = ALIGN (0x4)
                [!provide]                        PROVIDE (__fini_array_start = .)
 *(SORT_BY_NAME(.fini_array.*))
 *(.fini_array*)
 .fini_array    0x0000000008003d44        0x4 c:/st/stm32cubeide_1.12.0/stm32cubeide/plugins/com.st.stm32cube.ide.mcu.externaltools.gnu-tools-for-stm32.10.3-2021.10.win32_1.0.200.202301161003/tools/bin/../lib/gcc/arm-none-eabi/10.3.1/thumb/v7-m/nofp/crtbegin.o
                [!provide]                        PROVIDE (__fini_array_end = .)
                0x0000000008003d48                . = ALIGN (0x4)
                0x0000000008003d48                _sidata = LOADADDR (.data)

.data           0x0000000020000000        0xc load address 0x0000000008003d48
                0x0000000020000000                . = ALIGN (0x4)
                0x0000000020000000                _sdata = .
 *(.data)
 *(.data*)
 .data.SystemCoreClock
                0x0000000020000000        0x4 ./Core/Src/system_stm32f1xx.o
                0x0000000020000000                SystemCoreClock
 .data.uwTickPrio
                0x0000000020000004        0x4 ./Drivers/STM32F1xx_HAL_Driver/Src/stm32f1xx_hal.o
                0x0000000020000004                uwTickPrio
 .data.uwTickFreq
                0x0000000020000008        0x1 ./Drivers/STM32F1xx_HAL_Driver/Src/stm32f1xx_hal.o
                0x0000000020000008                uwTickFreq
 *(.RamFunc)
 *(.RamFunc*)
                0x000000002000000c                . = ALIGN (0x4)
 *fill*         0x0000000020000009        0x3 
                0x000000002000000c                _edata = .

.igot.plt       0x000000002000000c        0x0 load address 0x0000000008003d54
 .igot.plt      0x000000002000000c        0x0 c:/st/stm32cubeide_1.12.0/stm32cubeide/plugins/com.st.stm32cube.ide.mcu.externaltools.gnu-tools-for-stm32.10.3-2021.10.win32_1.0.200.202301161003/tools/bin/../lib/gcc/arm-none-eabi/10.3.1/thumb/v7-m/nofp/crtbegin.o
                0x000000002000000c                . = ALIGN (0x4)

.bss            0x000000002000000c      0x478 load address 0x0000000008003d54
                0x000000002000000c                _sbss = .
                0x000000002000000c                __bss_start__ = _sbss
 *(.bss)
 .bss           0x000000002000000c       0x1c c:/st/stm32cubeide_1.12.0/stm32cubeide/plugins/com.st.stm32cube.ide.mcu.externaltools.gnu-tools-for-stm32.10.3-2021.10.win32_1.0.200.202301161003/tools/bin/../lib/gcc/arm-none-eabi/10.3.1/thumb/v7-m/nofp/crtbegin.o
 *(.bss*)
 .bss.ang_reg1  0x0000000020000028       0x48 ./Core/Src/main.o
                0x0000000020000028                ang_reg1
 .bss.vel_reg1  0x0000000020000070       0x48 ./Core/Src/main.o
                0x0000000020000070                vel_reg1
 .bss.ang_reg2  0x00000000200000b8       0x48 ./Core/Src/main.o
                0x00000000200000b8                ang_reg2
 .bss.vel_reg2  0x0000000020000100       0x48 ./Core/Src/main.o
                0x0000000020000100                vel_reg2
 .bss.deltt     0x0000000020000148        0x4 ./Core/Src/main.o
                0x0000000020000148                deltt
 .bss.enc1      0x000000002000014c       0x28 ./Core/Src/main.o
                0x000000002000014c                enc1
 .bss.enc2      0x0000000020000174       0x28 ./Core/Src/main.o
                0x0000000020000174                enc2
 .bss.FilteredVel1
                0x000000002000019c        0x4 ./Core/Src/main.o
                0x000000002000019c                FilteredVel1
 .bss.FilteredVel2
                0x00000000200001a0        0x4 ./Core/Src/main.o
                0x00000000200001a0                FilteredVel2
 .bss.freq3khz  0x00000000200001a4        0x2 ./Core/Src/stm32f1xx_it.o
                0x00000000200001a4                freq3khz
 .bss.freq100hz
                0x00000000200001a6        0x2 ./Core/Src/stm32f1xx_it.o
                0x00000000200001a6                freq100hz
 .bss.MedianVel1
                0x00000000200001a8        0x4 ./Core/Src/stm32f1xx_it.o
                0x00000000200001a8                MedianVel1
 .bss.MedianVel2
                0x00000000200001ac        0x4 ./Core/Src/stm32f1xx_it.o
                0x00000000200001ac                MedianVel2
 .bss.count.9   0x00000000200001b0        0x4 ./Core/Src/stm32f1xx_it.o
 .bss.buffer.8  0x00000000200001b4       0x78 ./Core/Src/stm32f1xx_it.o
 .bss.t.7       0x000000002000022c        0x4 ./Core/Src/stm32f1xx_it.o
 .bss.average.6
                0x0000000020000230        0x4 ./Core/Src/stm32f1xx_it.o
 .bss.vals.5    0x0000000020000234       0x78 ./Core/Src/stm32f1xx_it.o
 .bss.count.4   0x00000000200002ac        0x4 ./Core/Src/stm32f1xx_it.o
 .bss.buffer.3  0x00000000200002b0       0x78 ./Core/Src/stm32f1xx_it.o
 .bss.t.2       0x0000000020000328        0x4 ./Core/Src/stm32f1xx_it.o
 .bss.average.1
                0x000000002000032c        0x4 ./Core/Src/stm32f1xx_it.o
 .bss.vals.0    0x0000000020000330       0x78 ./Core/Src/stm32f1xx_it.o
 .bss.htim1     0x00000000200003a8       0x48 ./Core/Src/tim.o
                0x00000000200003a8                htim1
 .bss.htim2     0x00000000200003f0       0x48 ./Core/Src/tim.o
                0x00000000200003f0                htim2
 .bss.htim3     0x0000000020000438       0x48 ./Core/Src/tim.o
                0x0000000020000438                htim3
 .bss.uwTick    0x0000000020000480        0x4 ./Drivers/STM32F1xx_HAL_Driver/Src/stm32f1xx_hal.o
                0x0000000020000480                uwTick
 *(COMMON)
                0x0000000020000484                . = ALIGN (0x4)
                0x0000000020000484                _ebss = .
                0x0000000020000484                __bss_end__ = _ebss

._user_heap_stack
                0x0000000020000484      0x604 load address 0x0000000008003d54
                0x0000000020000488                . = ALIGN (0x8)
 *fill*         0x0000000020000484        0x4 
                [!provide]                        PROVIDE (end = .)
                0x0000000020000488                PROVIDE (_end = .)
                0x0000000020000688                . = (. + _Min_Heap_Size)
 *fill*         0x0000000020000488      0x200 
                0x0000000020000a88                . = (. + _Min_Stack_Size)
 *fill*         0x0000000020000688      0x400 
                0x0000000020000a88                . = ALIGN (0x8)

/DISCARD/
 libc.a(*)
 libm.a(*)
 libgcc.a(*)

.ARM.attributes
                0x0000000000000000       0x29
 *(.ARM.attributes)
 .ARM.attributes
                0x0000000000000000       0x1d c:/st/stm32cubeide_1.12.0/stm32cubeide/plugins/com.st.stm32cube.ide.mcu.externaltools.gnu-tools-for-stm32.10.3-2021.10.win32_1.0.200.202301161003/tools/bin/../lib/gcc/arm-none-eabi/10.3.1/thumb/v7-m/nofp/crti.o
 .ARM.attributes
                0x000000000000001d       0x2d c:/st/stm32cubeide_1.12.0/stm32cubeide/plugins/com.st.stm32cube.ide.mcu.externaltools.gnu-tools-for-stm32.10.3-2021.10.win32_1.0.200.202301161003/tools/bin/../lib/gcc/arm-none-eabi/10.3.1/thumb/v7-m/nofp/crtbegin.o
 .ARM.attributes
                0x000000000000004a       0x2d ./Core/Src/encoder_assert.o
 .ARM.attributes
                0x0000000000000077       0x2d ./Core/Src/gpio.o
 .ARM.attributes
                0x00000000000000a4       0x2d ./Core/Src/main.o
 .ARM.attributes
                0x00000000000000d1       0x2d ./Core/Src/reg.o
 .ARM.attributes
                0x00000000000000fe       0x2d ./Core/Src/stm32f1xx_hal_msp.o
 .ARM.attributes
                0x000000000000012b       0x2d ./Core/Src/stm32f1xx_it.o
 .ARM.attributes
                0x0000000000000158       0x2d ./Core/Src/system_stm32f1xx.o
 .ARM.attributes
                0x0000000000000185       0x2d ./Core/Src/tim.o
 .ARM.attributes
                0x00000000000001b2       0x21 ./Core/Startup/startup_stm32f103c8tx.o
 .ARM.attributes
                0x00000000000001d3       0x2d ./Drivers/STM32F1xx_HAL_Driver/Src/stm32f1xx_hal.o
 .ARM.attributes
                0x0000000000000200       0x2d ./Drivers/STM32F1xx_HAL_Driver/Src/stm32f1xx_hal_cortex.o
 .ARM.attributes
                0x000000000000022d       0x2d ./Drivers/STM32F1xx_HAL_Driver/Src/stm32f1xx_hal_gpio.o
 .ARM.attributes
                0x000000000000025a       0x2d ./Drivers/STM32F1xx_HAL_Driver/Src/stm32f1xx_hal_rcc.o
 .ARM.attributes
                0x0000000000000287       0x2d ./Drivers/STM32F1xx_HAL_Driver/Src/stm32f1xx_hal_tim.o
 .ARM.attributes
                0x00000000000002b4       0x2d ./Drivers/STM32F1xx_HAL_Driver/Src/stm32f1xx_hal_tim_ex.o
 .ARM.attributes
                0x00000000000002e1       0x2d c:/st/stm32cubeide_1.12.0/stm32cubeide/plugins/com.st.stm32cube.ide.mcu.externaltools.gnu-tools-for-stm32.10.3-2021.10.win32_1.0.200.202301161003/tools/bin/../lib/gcc/arm-none-eabi/10.3.1/../../../../arm-none-eabi/lib/thumb/v7-m/nofp\libc_nano.a(lib_a-init.o)
 .ARM.attributes
                0x000000000000030e       0x2d c:/st/stm32cubeide_1.12.0/stm32cubeide/plugins/com.st.stm32cube.ide.mcu.externaltools.gnu-tools-for-stm32.10.3-2021.10.win32_1.0.200.202301161003/tools/bin/../lib/gcc/arm-none-eabi/10.3.1/../../../../arm-none-eabi/lib/thumb/v7-m/nofp\libc_nano.a(lib_a-memset.o)
 .ARM.attributes
                0x000000000000033b       0x1d c:/st/stm32cubeide_1.12.0/stm32cubeide/plugins/com.st.stm32cube.ide.mcu.externaltools.gnu-tools-for-stm32.10.3-2021.10.win32_1.0.200.202301161003/tools/bin/../lib/gcc/arm-none-eabi/10.3.1/thumb/v7-m/nofp\libgcc.a(_arm_addsubdf3.o)
 .ARM.attributes
                0x0000000000000358       0x1d c:/st/stm32cubeide_1.12.0/stm32cubeide/plugins/com.st.stm32cube.ide.mcu.externaltools.gnu-tools-for-stm32.10.3-2021.10.win32_1.0.200.202301161003/tools/bin/../lib/gcc/arm-none-eabi/10.3.1/thumb/v7-m/nofp\libgcc.a(_arm_muldivdf3.o)
 .ARM.attributes
                0x0000000000000375       0x1d c:/st/stm32cubeide_1.12.0/stm32cubeide/plugins/com.st.stm32cube.ide.mcu.externaltools.gnu-tools-for-stm32.10.3-2021.10.win32_1.0.200.202301161003/tools/bin/../lib/gcc/arm-none-eabi/10.3.1/thumb/v7-m/nofp\libgcc.a(_arm_truncdfsf2.o)
 .ARM.attributes
                0x0000000000000392       0x1d c:/st/stm32cubeide_1.12.0/stm32cubeide/plugins/com.st.stm32cube.ide.mcu.externaltools.gnu-tools-for-stm32.10.3-2021.10.win32_1.0.200.202301161003/tools/bin/../lib/gcc/arm-none-eabi/10.3.1/thumb/v7-m/nofp\libgcc.a(_arm_addsubsf3.o)
 .ARM.attributes
                0x00000000000003af       0x1d c:/st/stm32cubeide_1.12.0/stm32cubeide/plugins/com.st.stm32cube.ide.mcu.externaltools.gnu-tools-for-stm32.10.3-2021.10.win32_1.0.200.202301161003/tools/bin/../lib/gcc/arm-none-eabi/10.3.1/thumb/v7-m/nofp\libgcc.a(_arm_muldivsf3.o)
 .ARM.attributes
                0x00000000000003cc       0x1d c:/st/stm32cubeide_1.12.0/stm32cubeide/plugins/com.st.stm32cube.ide.mcu.externaltools.gnu-tools-for-stm32.10.3-2021.10.win32_1.0.200.202301161003/tools/bin/../lib/gcc/arm-none-eabi/10.3.1/thumb/v7-m/nofp\libgcc.a(_arm_cmpsf2.o)
 .ARM.attributes
                0x00000000000003e9       0x1d c:/st/stm32cubeide_1.12.0/stm32cubeide/plugins/com.st.stm32cube.ide.mcu.externaltools.gnu-tools-for-stm32.10.3-2021.10.win32_1.0.200.202301161003/tools/bin/../lib/gcc/arm-none-eabi/10.3.1/thumb/v7-m/nofp\libgcc.a(_arm_fixsfsi.o)
 .ARM.attributes
                0x0000000000000406       0x1d c:/st/stm32cubeide_1.12.0/stm32cubeide/plugins/com.st.stm32cube.ide.mcu.externaltools.gnu-tools-for-stm32.10.3-2021.10.win32_1.0.200.202301161003/tools/bin/../lib/gcc/arm-none-eabi/10.3.1/thumb/v7-m/nofp/crtn.o
OUTPUT(Servo_Controller_f103.elf elf32-littlearm)
LOAD linker stubs
LOAD c:/st/stm32cubeide_1.12.0/stm32cubeide/plugins/com.st.stm32cube.ide.mcu.externaltools.gnu-tools-for-stm32.10.3-2021.10.win32_1.0.200.202301161003/tools/bin/../lib/gcc/arm-none-eabi/10.3.1/../../../../arm-none-eabi/lib/thumb/v7-m/nofp\libc.a
LOAD c:/st/stm32cubeide_1.12.0/stm32cubeide/plugins/com.st.stm32cube.ide.mcu.externaltools.gnu-tools-for-stm32.10.3-2021.10.win32_1.0.200.202301161003/tools/bin/../lib/gcc/arm-none-eabi/10.3.1/../../../../arm-none-eabi/lib/thumb/v7-m/nofp\libm.a
LOAD c:/st/stm32cubeide_1.12.0/stm32cubeide/plugins/com.st.stm32cube.ide.mcu.externaltools.gnu-tools-for-stm32.10.3-2021.10.win32_1.0.200.202301161003/tools/bin/../lib/gcc/arm-none-eabi/10.3.1/thumb/v7-m/nofp\libgcc.a

.debug_info     0x0000000000000000     0x9a6b
 .debug_info    0x0000000000000000      0x7d3 ./Core/Src/encoder_assert.o
 .debug_info    0x00000000000007d3      0x2ee ./Core/Src/gpio.o
 .debug_info    0x0000000000000ac1      0xc93 ./Core/Src/main.o
 .debug_info    0x0000000000001754      0x285 ./Core/Src/reg.o
 .debug_info    0x00000000000019d9      0x210 ./Core/Src/stm32f1xx_hal_msp.o
 .debug_info    0x0000000000001be9      0xc1f ./Core/Src/stm32f1xx_it.o
 .debug_info    0x0000000000002808      0x23d ./Core/Src/system_stm32f1xx.o
 .debug_info    0x0000000000002a45      0xdc4 ./Core/Src/tim.o
 .debug_info    0x0000000000003809       0x22 ./Core/Startup/startup_stm32f103c8tx.o
 .debug_info    0x000000000000382b      0x734 ./Drivers/STM32F1xx_HAL_Driver/Src/stm32f1xx_hal.o
 .debug_info    0x0000000000003f5f      0xb20 ./Drivers/STM32F1xx_HAL_Driver/Src/stm32f1xx_hal_cortex.o
 .debug_info    0x0000000000004a7f      0x615 ./Drivers/STM32F1xx_HAL_Driver/Src/stm32f1xx_hal_gpio.o
 .debug_info    0x0000000000005094      0x865 ./Drivers/STM32F1xx_HAL_Driver/Src/stm32f1xx_hal_rcc.o
 .debug_info    0x00000000000058f9     0x2bab ./Drivers/STM32F1xx_HAL_Driver/Src/stm32f1xx_hal_tim.o
 .debug_info    0x00000000000084a4     0x15c7 ./Drivers/STM32F1xx_HAL_Driver/Src/stm32f1xx_hal_tim_ex.o

.debug_abbrev   0x0000000000000000     0x1aa0
 .debug_abbrev  0x0000000000000000      0x19a ./Core/Src/encoder_assert.o
 .debug_abbrev  0x000000000000019a      0x134 ./Core/Src/gpio.o
 .debug_abbrev  0x00000000000002ce      0x227 ./Core/Src/main.o
 .debug_abbrev  0x00000000000004f5       0xf1 ./Core/Src/reg.o
 .debug_abbrev  0x00000000000005e6       0xd4 ./Core/Src/stm32f1xx_hal_msp.o
 .debug_abbrev  0x00000000000006ba      0x222 ./Core/Src/stm32f1xx_it.o
 .debug_abbrev  0x00000000000008dc      0x13b ./Core/Src/system_stm32f1xx.o
 .debug_abbrev  0x0000000000000a17      0x25c ./Core/Src/tim.o
 .debug_abbrev  0x0000000000000c73       0x12 ./Core/Startup/startup_stm32f103c8tx.o
 .debug_abbrev  0x0000000000000c85      0x1fb ./Drivers/STM32F1xx_HAL_Driver/Src/stm32f1xx_hal.o
 .debug_abbrev  0x0000000000000e80      0x2ed ./Drivers/STM32F1xx_HAL_Driver/Src/stm32f1xx_hal_cortex.o
 .debug_abbrev  0x000000000000116d      0x1bb ./Drivers/STM32F1xx_HAL_Driver/Src/stm32f1xx_hal_gpio.o
 .debug_abbrev  0x0000000000001328      0x2a8 ./Drivers/STM32F1xx_HAL_Driver/Src/stm32f1xx_hal_rcc.o
 .debug_abbrev  0x00000000000015d0      0x264 ./Drivers/STM32F1xx_HAL_Driver/Src/stm32f1xx_hal_tim.o
 .debug_abbrev  0x0000000000001834      0x26c ./Drivers/STM32F1xx_HAL_Driver/Src/stm32f1xx_hal_tim_ex.o

.debug_aranges  0x0000000000000000      0xa08
 .debug_aranges
                0x0000000000000000       0x38 ./Core/Src/encoder_assert.o
 .debug_aranges
                0x0000000000000038       0x20 ./Core/Src/gpio.o
 .debug_aranges
                0x0000000000000058       0x30 ./Core/Src/main.o
 .debug_aranges
                0x0000000000000088       0x30 ./Core/Src/reg.o
 .debug_aranges
                0x00000000000000b8       0x20 ./Core/Src/stm32f1xx_hal_msp.o
 .debug_aranges
                0x00000000000000d8       0x88 ./Core/Src/stm32f1xx_it.o
 .debug_aranges
                0x0000000000000160       0x28 ./Core/Src/system_stm32f1xx.o
 .debug_aranges
                0x0000000000000188       0x58 ./Core/Src/tim.o
 .debug_aranges
                0x00000000000001e0       0x28 ./Core/Startup/startup_stm32f103c8tx.o
 .debug_aranges
                0x0000000000000208       0xe0 ./Drivers/STM32F1xx_HAL_Driver/Src/stm32f1xx_hal.o
 .debug_aranges
                0x00000000000002e8      0x100 ./Drivers/STM32F1xx_HAL_Driver/Src/stm32f1xx_hal_cortex.o
 .debug_aranges
                0x00000000000003e8       0x58 ./Drivers/STM32F1xx_HAL_Driver/Src/stm32f1xx_hal_gpio.o
 .debug_aranges
                0x0000000000000440       0x90 ./Drivers/STM32F1xx_HAL_Driver/Src/stm32f1xx_hal_rcc.o
 .debug_aranges
                0x00000000000004d0      0x3d0 ./Drivers/STM32F1xx_HAL_Driver/Src/stm32f1xx_hal_tim.o
 .debug_aranges
                0x00000000000008a0      0x168 ./Drivers/STM32F1xx_HAL_Driver/Src/stm32f1xx_hal_tim_ex.o

.debug_ranges   0x0000000000000000      0x920
 .debug_ranges  0x0000000000000000       0x28 ./Core/Src/encoder_assert.o
 .debug_ranges  0x0000000000000028       0x10 ./Core/Src/gpio.o
 .debug_ranges  0x0000000000000038       0x20 ./Core/Src/main.o
 .debug_ranges  0x0000000000000058       0x20 ./Core/Src/reg.o
 .debug_ranges  0x0000000000000078       0x10 ./Core/Src/stm32f1xx_hal_msp.o
 .debug_ranges  0x0000000000000088       0x78 ./Core/Src/stm32f1xx_it.o
 .debug_ranges  0x0000000000000100       0x18 ./Core/Src/system_stm32f1xx.o
 .debug_ranges  0x0000000000000118       0x48 ./Core/Src/tim.o
 .debug_ranges  0x0000000000000160       0x20 ./Core/Startup/startup_stm32f103c8tx.o
 .debug_ranges  0x0000000000000180       0xd0 ./Drivers/STM32F1xx_HAL_Driver/Src/stm32f1xx_hal.o
 .debug_ranges  0x0000000000000250       0xf0 ./Drivers/STM32F1xx_HAL_Driver/Src/stm32f1xx_hal_cortex.o
 .debug_ranges  0x0000000000000340       0x48 ./Drivers/STM32F1xx_HAL_Driver/Src/stm32f1xx_hal_gpio.o
 .debug_ranges  0x0000000000000388       0x80 ./Drivers/STM32F1xx_HAL_Driver/Src/stm32f1xx_hal_rcc.o
 .debug_ranges  0x0000000000000408      0x3c0 ./Drivers/STM32F1xx_HAL_Driver/Src/stm32f1xx_hal_tim.o
 .debug_ranges  0x00000000000007c8      0x158 ./Drivers/STM32F1xx_HAL_Driver/Src/stm32f1xx_hal_tim_ex.o

.debug_macro    0x0000000000000000    0x16d16
 .debug_macro   0x0000000000000000      0x1b8 ./Core/Src/encoder_assert.o
 .debug_macro   0x00000000000001b8      0xa6c ./Core/Src/encoder_assert.o
 .debug_macro   0x0000000000000c24      0x215 ./Core/Src/encoder_assert.o
 .debug_macro   0x0000000000000e39       0x2e ./Core/Src/encoder_assert.o
 .debug_macro   0x0000000000000e67       0x22 ./Core/Src/encoder_assert.o
 .debug_macro   0x0000000000000e89       0x22 ./Core/Src/encoder_assert.o
 .debug_macro   0x0000000000000eab       0x8e ./Core/Src/encoder_assert.o
 .debug_macro   0x0000000000000f39       0x51 ./Core/Src/encoder_assert.o
 .debug_macro   0x0000000000000f8a      0x103 ./Core/Src/encoder_assert.o
 .debug_macro   0x000000000000108d       0x6a ./Core/Src/encoder_assert.o
 .debug_macro   0x00000000000010f7      0x1df ./Core/Src/encoder_assert.o
 .debug_macro   0x00000000000012d6       0x1c ./Core/Src/encoder_assert.o
 .debug_macro   0x00000000000012f2       0x22 ./Core/Src/encoder_assert.o
 .debug_macro   0x0000000000001314       0xbd ./Core/Src/encoder_assert.o
 .debug_macro   0x00000000000013d1      0xd23 ./Core/Src/encoder_assert.o
 .debug_macro   0x00000000000020f4     0xe09e ./Core/Src/encoder_assert.o
 .debug_macro   0x0000000000010192       0x6d ./Core/Src/encoder_assert.o
 .debug_macro   0x00000000000101ff     0x348d ./Core/Src/encoder_assert.o
 .debug_macro   0x000000000001368c      0x174 ./Core/Src/encoder_assert.o
 .debug_macro   0x0000000000013800       0x5c ./Core/Src/encoder_assert.o
 .debug_macro   0x000000000001385c      0x5bc ./Core/Src/encoder_assert.o
 .debug_macro   0x0000000000013e18      0x289 ./Core/Src/encoder_assert.o
 .debug_macro   0x00000000000140a1      0x1cb ./Core/Src/encoder_assert.o
 .debug_macro   0x000000000001426c      0x114 ./Core/Src/encoder_assert.o
 .debug_macro   0x0000000000014380      0x1b2 ./Core/Src/encoder_assert.o
 .debug_macro   0x0000000000014532       0x27 ./Core/Src/encoder_assert.o
 .debug_macro   0x0000000000014559      0x136 ./Core/Src/encoder_assert.o
 .debug_macro   0x000000000001468f      0x1bc ./Core/Src/encoder_assert.o
 .debug_macro   0x000000000001484b       0x34 ./Core/Src/encoder_assert.o
 .debug_macro   0x000000000001487f       0x3c ./Core/Src/encoder_assert.o
 .debug_macro   0x00000000000148bb       0x57 ./Core/Src/encoder_assert.o
 .debug_macro   0x0000000000014912       0x87 ./Core/Src/encoder_assert.o
 .debug_macro   0x0000000000014999      0x240 ./Core/Src/encoder_assert.o
 .debug_macro   0x0000000000014bd9      0x140 ./Core/Src/encoder_assert.o
 .debug_macro   0x0000000000014d19      0x8ed ./Core/Src/encoder_assert.o
 .debug_macro   0x0000000000015606       0x83 ./Core/Src/encoder_assert.o
 .debug_macro   0x0000000000015689       0x4c ./Core/Src/encoder_assert.o
 .debug_macro   0x00000000000156d5      0x1b2 ./Core/Src/gpio.o
 .debug_macro   0x0000000000015887      0x1d3 ./Core/Src/main.o
 .debug_macro   0x0000000000015a5a       0x10 ./Core/Src/main.o
 .debug_macro   0x0000000000015a6a      0x1b2 ./Core/Src/reg.o
 .debug_macro   0x0000000000015c1c      0x1a8 ./Core/Src/stm32f1xx_hal_msp.o
 .debug_macro   0x0000000000015dc4      0x1cf ./Core/Src/stm32f1xx_it.o
 .debug_macro   0x0000000000015f93      0x199 ./Core/Src/system_stm32f1xx.o
 .debug_macro   0x000000000001612c      0x1b2 ./Core/Src/tim.o
 .debug_macro   0x00000000000162de      0x1bd ./Drivers/STM32F1xx_HAL_Driver/Src/stm32f1xx_hal.o
 .debug_macro   0x000000000001649b      0x199 ./Drivers/STM32F1xx_HAL_Driver/Src/stm32f1xx_hal_cortex.o
 .debug_macro   0x0000000000016634      0x204 ./Drivers/STM32F1xx_HAL_Driver/Src/stm32f1xx_hal_gpio.o
 .debug_macro   0x0000000000016838      0x1ab ./Drivers/STM32F1xx_HAL_Driver/Src/stm32f1xx_hal_rcc.o
 .debug_macro   0x00000000000169e3      0x19a ./Drivers/STM32F1xx_HAL_Driver/Src/stm32f1xx_hal_tim.o
 .debug_macro   0x0000000000016b7d      0x199 ./Drivers/STM32F1xx_HAL_Driver/Src/stm32f1xx_hal_tim_ex.o

.debug_line     0x0000000000000000     0xb396
 .debug_line    0x0000000000000000      0x75e ./Core/Src/encoder_assert.o
 .debug_line    0x000000000000075e      0x670 ./Core/Src/gpio.o
 .debug_line    0x0000000000000dce      0x78b ./Core/Src/main.o
 .debug_line    0x0000000000001559      0x7d0 ./Core/Src/reg.o
 .debug_line    0x0000000000001d29      0x662 ./Core/Src/stm32f1xx_hal_msp.o
 .debug_line    0x000000000000238b      0x9b7 ./Core/Src/stm32f1xx_it.o
 .debug_line    0x0000000000002d42      0x6e0 ./Core/Src/system_stm32f1xx.o
 .debug_line    0x0000000000003422      0x831 ./Core/Src/tim.o
 .debug_line    0x0000000000003c53       0x87 ./Core/Startup/startup_stm32f103c8tx.o
 .debug_line    0x0000000000003cda      0x90d ./Drivers/STM32F1xx_HAL_Driver/Src/stm32f1xx_hal.o
 .debug_line    0x00000000000045e7      0xaf5 ./Drivers/STM32F1xx_HAL_Driver/Src/stm32f1xx_hal_cortex.o
 .debug_line    0x00000000000050dc      0x9a6 ./Drivers/STM32F1xx_HAL_Driver/Src/stm32f1xx_hal_gpio.o
 .debug_line    0x0000000000005a82      0xd19 ./Drivers/STM32F1xx_HAL_Driver/Src/stm32f1xx_hal_rcc.o
 .debug_line    0x000000000000679b     0x3398 ./Drivers/STM32F1xx_HAL_Driver/Src/stm32f1xx_hal_tim.o
 .debug_line    0x0000000000009b33     0x1863 ./Drivers/STM32F1xx_HAL_Driver/Src/stm32f1xx_hal_tim_ex.o

.debug_str      0x0000000000000000    0x843ba
 .debug_str     0x0000000000000000    0x81b30 ./Core/Src/encoder_assert.o
                                      0x81f12 (size before relaxing)
 .debug_str     0x0000000000081b30       0xff ./Core/Src/gpio.o
                                      0x81a43 (size before relaxing)
 .debug_str     0x0000000000081c2f      0x2f5 ./Core/Src/main.o
                                      0x82211 (size before relaxing)
 .debug_str     0x0000000000081f24       0x46 ./Core/Src/reg.o
                                      0x819db (size before relaxing)
 .debug_str     0x0000000000081f6a       0x5a ./Core/Src/stm32f1xx_hal_msp.o
                                      0x819cb (size before relaxing)
 .debug_str     0x0000000000081fc4      0x189 ./Core/Src/stm32f1xx_it.o
                                      0x820f8 (size before relaxing)
 .debug_str     0x000000000008214d       0x88 ./Core/Src/system_stm32f1xx.o
                                      0x81906 (size before relaxing)
 .debug_str     0x00000000000821d5      0x507 ./Core/Src/tim.o
                                      0x8248c (size before relaxing)
 .debug_str     0x00000000000826dc       0x36 ./Core/Startup/startup_stm32f103c8tx.o
                                         0x85 (size before relaxing)
 .debug_str     0x0000000000082712      0x38e ./Drivers/STM32F1xx_HAL_Driver/Src/stm32f1xx_hal.o
                                      0x82039 (size before relaxing)
 .debug_str     0x0000000000082aa0      0x28a ./Drivers/STM32F1xx_HAL_Driver/Src/stm32f1xx_hal_cortex.o
                                      0x81f85 (size before relaxing)
 .debug_str     0x0000000000082d2a      0x2e6 ./Drivers/STM32F1xx_HAL_Driver/Src/stm32f1xx_hal_gpio.o
                                      0x81c8c (size before relaxing)
 .debug_str     0x0000000000083010      0x229 ./Drivers/STM32F1xx_HAL_Driver/Src/stm32f1xx_hal_rcc.o
                                      0x81d35 (size before relaxing)
 .debug_str     0x0000000000083239      0xcee ./Drivers/STM32F1xx_HAL_Driver/Src/stm32f1xx_hal_tim.o
                                      0x82d27 (size before relaxing)
 .debug_str     0x0000000000083f27      0x493 ./Drivers/STM32F1xx_HAL_Driver/Src/stm32f1xx_hal_tim_ex.o
                                      0x82543 (size before relaxing)

.comment        0x0000000000000000       0x50
 .comment       0x0000000000000000       0x50 ./Core/Src/encoder_assert.o
                                         0x51 (size before relaxing)
 .comment       0x0000000000000050       0x51 ./Core/Src/gpio.o
 .comment       0x0000000000000050       0x51 ./Core/Src/main.o
 .comment       0x0000000000000050       0x51 ./Core/Src/reg.o
 .comment       0x0000000000000050       0x51 ./Core/Src/stm32f1xx_hal_msp.o
 .comment       0x0000000000000050       0x51 ./Core/Src/stm32f1xx_it.o
 .comment       0x0000000000000050       0x51 ./Core/Src/system_stm32f1xx.o
 .comment       0x0000000000000050       0x51 ./Core/Src/tim.o
 .comment       0x0000000000000050       0x51 ./Drivers/STM32F1xx_HAL_Driver/Src/stm32f1xx_hal.o
 .comment       0x0000000000000050       0x51 ./Drivers/STM32F1xx_HAL_Driver/Src/stm32f1xx_hal_cortex.o
 .comment       0x0000000000000050       0x51 ./Drivers/STM32F1xx_HAL_Driver/Src/stm32f1xx_hal_gpio.o
 .comment       0x0000000000000050       0x51 ./Drivers/STM32F1xx_HAL_Driver/Src/stm32f1xx_hal_rcc.o
 .comment       0x0000000000000050       0x51 ./Drivers/STM32F1xx_HAL_Driver/Src/stm32f1xx_hal_tim.o
 .comment       0x0000000000000050       0x51 ./Drivers/STM32F1xx_HAL_Driver/Src/stm32f1xx_hal_tim_ex.o

.debug_frame    0x0000000000000000     0x2adc
 .debug_frame   0x0000000000000000       0xb0 ./Core/Src/encoder_assert.o
 .debug_frame   0x00000000000000b0       0x34 ./Core/Src/gpio.o
 .debug_frame   0x00000000000000e4       0x6c ./Core/Src/main.o
 .debug_frame   0x0000000000000150       0x8c ./Core/Src/reg.o
 .debug_frame   0x00000000000001dc       0x38 ./Core/Src/stm32f1xx_hal_msp.o
 .debug_frame   0x0000000000000214      0x1b0 ./Core/Src/stm32f1xx_it.o
 .debug_frame   0x00000000000003c4       0x58 ./Core/Src/system_stm32f1xx.o
 .debug_frame   0x000000000000041c      0x130 ./Core/Src/tim.o
 .debug_frame   0x000000000000054c      0x334 ./Drivers/STM32F1xx_HAL_Driver/Src/stm32f1xx_hal.o
 .debug_frame   0x0000000000000880      0x428 ./Drivers/STM32F1xx_HAL_Driver/Src/stm32f1xx_hal_cortex.o
 .debug_frame   0x0000000000000ca8      0x14c ./Drivers/STM32F1xx_HAL_Driver/Src/stm32f1xx_hal_gpio.o
 .debug_frame   0x0000000000000df4      0x218 ./Drivers/STM32F1xx_HAL_Driver/Src/stm32f1xx_hal_rcc.o
 .debug_frame   0x000000000000100c     0x11bc ./Drivers/STM32F1xx_HAL_Driver/Src/stm32f1xx_hal_tim.o
 .debug_frame   0x00000000000021c8      0x638 ./Drivers/STM32F1xx_HAL_Driver/Src/stm32f1xx_hal_tim_ex.o
 .debug_frame   0x0000000000002800       0x2c c:/st/stm32cubeide_1.12.0/stm32cubeide/plugins/com.st.stm32cube.ide.mcu.externaltools.gnu-tools-for-stm32.10.3-2021.10.win32_1.0.200.202301161003/tools/bin/../lib/gcc/arm-none-eabi/10.3.1/../../../../arm-none-eabi/lib/thumb/v7-m/nofp\libc_nano.a(lib_a-init.o)
 .debug_frame   0x000000000000282c       0x20 c:/st/stm32cubeide_1.12.0/stm32cubeide/plugins/com.st.stm32cube.ide.mcu.externaltools.gnu-tools-for-stm32.10.3-2021.10.win32_1.0.200.202301161003/tools/bin/../lib/gcc/arm-none-eabi/10.3.1/../../../../arm-none-eabi/lib/thumb/v7-m/nofp\libc_nano.a(lib_a-memset.o)
 .debug_frame   0x000000000000284c       0xac c:/st/stm32cubeide_1.12.0/stm32cubeide/plugins/com.st.stm32cube.ide.mcu.externaltools.gnu-tools-for-stm32.10.3-2021.10.win32_1.0.200.202301161003/tools/bin/../lib/gcc/arm-none-eabi/10.3.1/thumb/v7-m/nofp\libgcc.a(_arm_addsubdf3.o)
 .debug_frame   0x00000000000028f8       0x50 c:/st/stm32cubeide_1.12.0/stm32cubeide/plugins/com.st.stm32cube.ide.mcu.externaltools.gnu-tools-for-stm32.10.3-2021.10.win32_1.0.200.202301161003/tools/bin/../lib/gcc/arm-none-eabi/10.3.1/thumb/v7-m/nofp\libgcc.a(_arm_muldivdf3.o)
 .debug_frame   0x0000000000002948       0x24 c:/st/stm32cubeide_1.12.0/stm32cubeide/plugins/com.st.stm32cube.ide.mcu.externaltools.gnu-tools-for-stm32.10.3-2021.10.win32_1.0.200.202301161003/tools/bin/../lib/gcc/arm-none-eabi/10.3.1/thumb/v7-m/nofp\libgcc.a(_arm_truncdfsf2.o)
 .debug_frame   0x000000000000296c       0x4c c:/st/stm32cubeide_1.12.0/stm32cubeide/plugins/com.st.stm32cube.ide.mcu.externaltools.gnu-tools-for-stm32.10.3-2021.10.win32_1.0.200.202301161003/tools/bin/../lib/gcc/arm-none-eabi/10.3.1/thumb/v7-m/nofp\libgcc.a(_arm_addsubsf3.o)
 .debug_frame   0x00000000000029b8       0x38 c:/st/stm32cubeide_1.12.0/stm32cubeide/plugins/com.st.stm32cube.ide.mcu.externaltools.gnu-tools-for-stm32.10.3-2021.10.win32_1.0.200.202301161003/tools/bin/../lib/gcc/arm-none-eabi/10.3.1/thumb/v7-m/nofp\libgcc.a(_arm_muldivsf3.o)
 .debug_frame   0x00000000000029f0       0xc8 c:/st/stm32cubeide_1.12.0/stm32cubeide/plugins/com.st.stm32cube.ide.mcu.externaltools.gnu-tools-for-stm32.10.3-2021.10.win32_1.0.200.202301161003/tools/bin/../lib/gcc/arm-none-eabi/10.3.1/thumb/v7-m/nofp\libgcc.a(_arm_cmpsf2.o)
 .debug_frame   0x0000000000002ab8       0x24 c:/st/stm32cubeide_1.12.0/stm32cubeide/plugins/com.st.stm32cube.ide.mcu.externaltools.gnu-tools-for-stm32.10.3-2021.10.win32_1.0.200.202301161003/tools/bin/../lib/gcc/arm-none-eabi/10.3.1/thumb/v7-m/nofp\libgcc.a(_arm_fixsfsi.o)
