ARM GAS  C:\Users\zhmis\AppData\Local\Temp\cc5JiEaA.s 			page 1


   1              		.cpu cortex-m3
   2              		.arch armv7-m
   3              		.fpu softvfp
   4              		.eabi_attribute 20, 1
   5              		.eabi_attribute 21, 1
   6              		.eabi_attribute 23, 3
   7              		.eabi_attribute 24, 1
   8              		.eabi_attribute 25, 1
   9              		.eabi_attribute 26, 1
  10              		.eabi_attribute 30, 1
  11              		.eabi_attribute 34, 1
  12              		.eabi_attribute 18, 4
  13              		.file	"gpio.c"
  14              		.text
  15              	.Ltext0:
  16              		.cfi_sections	.debug_frame
  17              		.file 1 "Core/Src/gpio.c"
  18              		.section	.text.MX_GPIO_Init,"ax",%progbits
  19              		.align	1
  20              		.global	MX_GPIO_Init
  21              		.syntax unified
  22              		.thumb
  23              		.thumb_func
  25              	MX_GPIO_Init:
  26              	.LFB65:
   1:Core/Src/gpio.c **** /* USER CODE BEGIN Header */
   2:Core/Src/gpio.c **** /**
   3:Core/Src/gpio.c ****   ******************************************************************************
   4:Core/Src/gpio.c ****   * @file    gpio.c
   5:Core/Src/gpio.c ****   * @brief   This file provides code for the configuration
   6:Core/Src/gpio.c ****   *          of all used GPIO pins.
   7:Core/Src/gpio.c ****   ******************************************************************************
   8:Core/Src/gpio.c ****   * @attention
   9:Core/Src/gpio.c ****   *
  10:Core/Src/gpio.c ****   * Copyright (c) 2023 STMicroelectronics.
  11:Core/Src/gpio.c ****   * All rights reserved.
  12:Core/Src/gpio.c ****   *
  13:Core/Src/gpio.c ****   * This software is licensed under terms that can be found in the LICENSE file
  14:Core/Src/gpio.c ****   * in the root directory of this software component.
  15:Core/Src/gpio.c ****   * If no LICENSE file comes with this software, it is provided AS-IS.
  16:Core/Src/gpio.c ****   *
  17:Core/Src/gpio.c ****   ******************************************************************************
  18:Core/Src/gpio.c ****   */
  19:Core/Src/gpio.c **** /* USER CODE END Header */
  20:Core/Src/gpio.c **** 
  21:Core/Src/gpio.c **** /* Includes ------------------------------------------------------------------*/
  22:Core/Src/gpio.c **** #include "gpio.h"
  23:Core/Src/gpio.c **** 
  24:Core/Src/gpio.c **** /* USER CODE BEGIN 0 */
  25:Core/Src/gpio.c **** 
  26:Core/Src/gpio.c **** /* USER CODE END 0 */
  27:Core/Src/gpio.c **** 
  28:Core/Src/gpio.c **** /*----------------------------------------------------------------------------*/
  29:Core/Src/gpio.c **** /* Configure GPIO                                                             */
  30:Core/Src/gpio.c **** /*----------------------------------------------------------------------------*/
  31:Core/Src/gpio.c **** /* USER CODE BEGIN 1 */
  32:Core/Src/gpio.c **** 
ARM GAS  C:\Users\zhmis\AppData\Local\Temp\cc5JiEaA.s 			page 2


  33:Core/Src/gpio.c **** /* USER CODE END 1 */
  34:Core/Src/gpio.c **** 
  35:Core/Src/gpio.c **** /** Configure pins as
  36:Core/Src/gpio.c ****         * Analog
  37:Core/Src/gpio.c ****         * Input
  38:Core/Src/gpio.c ****         * Output
  39:Core/Src/gpio.c ****         * EVENT_OUT
  40:Core/Src/gpio.c ****         * EXTI
  41:Core/Src/gpio.c **** */
  42:Core/Src/gpio.c **** void MX_GPIO_Init(void)
  43:Core/Src/gpio.c **** {
  27              		.loc 1 43 1 view -0
  28              		.cfi_startproc
  29              		@ args = 0, pretend = 0, frame = 32
  30              		@ frame_needed = 0, uses_anonymous_args = 0
  31 0000 2DE9F041 		push	{r4, r5, r6, r7, r8, lr}
  32              		.cfi_def_cfa_offset 24
  33              		.cfi_offset 4, -24
  34              		.cfi_offset 5, -20
  35              		.cfi_offset 6, -16
  36              		.cfi_offset 7, -12
  37              		.cfi_offset 8, -8
  38              		.cfi_offset 14, -4
  39 0004 88B0     		sub	sp, sp, #32
  40              		.cfi_def_cfa_offset 56
  44:Core/Src/gpio.c **** 
  45:Core/Src/gpio.c ****   GPIO_InitTypeDef GPIO_InitStruct = {0};
  41              		.loc 1 45 3 view .LVU1
  42              		.loc 1 45 20 is_stmt 0 view .LVU2
  43 0006 0024     		movs	r4, #0
  44 0008 0494     		str	r4, [sp, #16]
  45 000a 0594     		str	r4, [sp, #20]
  46 000c 0694     		str	r4, [sp, #24]
  47 000e 0794     		str	r4, [sp, #28]
  46:Core/Src/gpio.c **** 
  47:Core/Src/gpio.c ****   /* GPIO Ports Clock Enable */
  48:Core/Src/gpio.c ****   __HAL_RCC_GPIOD_CLK_ENABLE();
  48              		.loc 1 48 3 is_stmt 1 view .LVU3
  49              	.LBB2:
  50              		.loc 1 48 3 view .LVU4
  51              		.loc 1 48 3 view .LVU5
  52 0010 2E4B     		ldr	r3, .L3
  53 0012 9A69     		ldr	r2, [r3, #24]
  54 0014 42F02002 		orr	r2, r2, #32
  55 0018 9A61     		str	r2, [r3, #24]
  56              		.loc 1 48 3 view .LVU6
  57 001a 9A69     		ldr	r2, [r3, #24]
  58 001c 02F02002 		and	r2, r2, #32
  59 0020 0192     		str	r2, [sp, #4]
  60              		.loc 1 48 3 view .LVU7
  61 0022 019A     		ldr	r2, [sp, #4]
  62              	.LBE2:
  63              		.loc 1 48 3 view .LVU8
  49:Core/Src/gpio.c ****   __HAL_RCC_GPIOA_CLK_ENABLE();
  64              		.loc 1 49 3 view .LVU9
  65              	.LBB3:
  66              		.loc 1 49 3 view .LVU10
ARM GAS  C:\Users\zhmis\AppData\Local\Temp\cc5JiEaA.s 			page 3


  67              		.loc 1 49 3 view .LVU11
  68 0024 9A69     		ldr	r2, [r3, #24]
  69 0026 42F00402 		orr	r2, r2, #4
  70 002a 9A61     		str	r2, [r3, #24]
  71              		.loc 1 49 3 view .LVU12
  72 002c 9A69     		ldr	r2, [r3, #24]
  73 002e 02F00402 		and	r2, r2, #4
  74 0032 0292     		str	r2, [sp, #8]
  75              		.loc 1 49 3 view .LVU13
  76 0034 029A     		ldr	r2, [sp, #8]
  77              	.LBE3:
  78              		.loc 1 49 3 view .LVU14
  50:Core/Src/gpio.c ****   __HAL_RCC_GPIOB_CLK_ENABLE();
  79              		.loc 1 50 3 view .LVU15
  80              	.LBB4:
  81              		.loc 1 50 3 view .LVU16
  82              		.loc 1 50 3 view .LVU17
  83 0036 9A69     		ldr	r2, [r3, #24]
  84 0038 42F00802 		orr	r2, r2, #8
  85 003c 9A61     		str	r2, [r3, #24]
  86              		.loc 1 50 3 view .LVU18
  87 003e 9B69     		ldr	r3, [r3, #24]
  88 0040 03F00803 		and	r3, r3, #8
  89 0044 0393     		str	r3, [sp, #12]
  90              		.loc 1 50 3 view .LVU19
  91 0046 039B     		ldr	r3, [sp, #12]
  92              	.LBE4:
  93              		.loc 1 50 3 view .LVU20
  51:Core/Src/gpio.c **** 
  52:Core/Src/gpio.c ****   /*Configure GPIO pin Output Level */
  53:Core/Src/gpio.c ****   HAL_GPIO_WritePin(ENA_GPIO_Port, ENA_Pin, GPIO_PIN_RESET);
  94              		.loc 1 53 3 view .LVU21
  95 0048 DFF88480 		ldr	r8, .L3+4
  96 004c 2246     		mov	r2, r4
  97 004e 4FF40041 		mov	r1, #32768
  98 0052 4046     		mov	r0, r8
  99 0054 FFF7FEFF 		bl	HAL_GPIO_WritePin
 100              	.LVL0:
  54:Core/Src/gpio.c **** 
  55:Core/Src/gpio.c ****   /*Configure GPIO pin Output Level */
  56:Core/Src/gpio.c ****   HAL_GPIO_WritePin(GPIOB, INA2_Pin|INB2_Pin|ENA2_Pin|INA_Pin
 101              		.loc 1 56 3 view .LVU22
 102 0058 1E4E     		ldr	r6, .L3+8
 103 005a 2246     		mov	r2, r4
 104 005c F821     		movs	r1, #248
 105 005e 3046     		mov	r0, r6
 106 0060 FFF7FEFF 		bl	HAL_GPIO_WritePin
 107              	.LVL1:
  57:Core/Src/gpio.c ****                           |INB_Pin, GPIO_PIN_RESET);
  58:Core/Src/gpio.c **** 
  59:Core/Src/gpio.c ****   /*Configure GPIO pin : PtPin */
  60:Core/Src/gpio.c ****   GPIO_InitStruct.Pin = NSS_Pin;
 108              		.loc 1 60 3 view .LVU23
 109              		.loc 1 60 23 is_stmt 0 view .LVU24
 110 0064 4FF48053 		mov	r3, #4096
 111 0068 0493     		str	r3, [sp, #16]
  61:Core/Src/gpio.c ****   GPIO_InitStruct.Mode = GPIO_MODE_IT_RISING_FALLING;
ARM GAS  C:\Users\zhmis\AppData\Local\Temp\cc5JiEaA.s 			page 4


 112              		.loc 1 61 3 is_stmt 1 view .LVU25
 113              		.loc 1 61 24 is_stmt 0 view .LVU26
 114 006a 1B4B     		ldr	r3, .L3+12
 115 006c 0593     		str	r3, [sp, #20]
  62:Core/Src/gpio.c ****   GPIO_InitStruct.Pull = GPIO_NOPULL;
 116              		.loc 1 62 3 is_stmt 1 view .LVU27
 117              		.loc 1 62 24 is_stmt 0 view .LVU28
 118 006e 0694     		str	r4, [sp, #24]
  63:Core/Src/gpio.c ****   HAL_GPIO_Init(NSS_GPIO_Port, &GPIO_InitStruct);
 119              		.loc 1 63 3 is_stmt 1 view .LVU29
 120 0070 04A9     		add	r1, sp, #16
 121 0072 3046     		mov	r0, r6
 122 0074 FFF7FEFF 		bl	HAL_GPIO_Init
 123              	.LVL2:
  64:Core/Src/gpio.c **** 
  65:Core/Src/gpio.c ****   /*Configure GPIO pin : PtPin */
  66:Core/Src/gpio.c ****   GPIO_InitStruct.Pin = ENA_Pin;
 124              		.loc 1 66 3 view .LVU30
 125              		.loc 1 66 23 is_stmt 0 view .LVU31
 126 0078 4FF40043 		mov	r3, #32768
 127 007c 0493     		str	r3, [sp, #16]
  67:Core/Src/gpio.c ****   GPIO_InitStruct.Mode = GPIO_MODE_OUTPUT_PP;
 128              		.loc 1 67 3 is_stmt 1 view .LVU32
 129              		.loc 1 67 24 is_stmt 0 view .LVU33
 130 007e 0127     		movs	r7, #1
 131 0080 0597     		str	r7, [sp, #20]
  68:Core/Src/gpio.c ****   GPIO_InitStruct.Pull = GPIO_PULLDOWN;
 132              		.loc 1 68 3 is_stmt 1 view .LVU34
 133              		.loc 1 68 24 is_stmt 0 view .LVU35
 134 0082 0225     		movs	r5, #2
 135 0084 0695     		str	r5, [sp, #24]
  69:Core/Src/gpio.c ****   GPIO_InitStruct.Speed = GPIO_SPEED_FREQ_LOW;
 136              		.loc 1 69 3 is_stmt 1 view .LVU36
 137              		.loc 1 69 25 is_stmt 0 view .LVU37
 138 0086 0795     		str	r5, [sp, #28]
  70:Core/Src/gpio.c ****   HAL_GPIO_Init(ENA_GPIO_Port, &GPIO_InitStruct);
 139              		.loc 1 70 3 is_stmt 1 view .LVU38
 140 0088 04A9     		add	r1, sp, #16
 141 008a 4046     		mov	r0, r8
 142 008c FFF7FEFF 		bl	HAL_GPIO_Init
 143              	.LVL3:
  71:Core/Src/gpio.c **** 
  72:Core/Src/gpio.c ****   /*Configure GPIO pin : PtPin */
  73:Core/Src/gpio.c ****   GPIO_InitStruct.Pin = INA2_Pin;
 144              		.loc 1 73 3 view .LVU39
 145              		.loc 1 73 23 is_stmt 0 view .LVU40
 146 0090 0823     		movs	r3, #8
 147 0092 0493     		str	r3, [sp, #16]
  74:Core/Src/gpio.c ****   GPIO_InitStruct.Mode = GPIO_MODE_OUTPUT_PP;
 148              		.loc 1 74 3 is_stmt 1 view .LVU41
 149              		.loc 1 74 24 is_stmt 0 view .LVU42
 150 0094 0597     		str	r7, [sp, #20]
  75:Core/Src/gpio.c ****   GPIO_InitStruct.Pull = GPIO_PULLDOWN;
 151              		.loc 1 75 3 is_stmt 1 view .LVU43
 152              		.loc 1 75 24 is_stmt 0 view .LVU44
 153 0096 0695     		str	r5, [sp, #24]
  76:Core/Src/gpio.c ****   GPIO_InitStruct.Speed = GPIO_SPEED_FREQ_LOW;
ARM GAS  C:\Users\zhmis\AppData\Local\Temp\cc5JiEaA.s 			page 5


 154              		.loc 1 76 3 is_stmt 1 view .LVU45
 155              		.loc 1 76 25 is_stmt 0 view .LVU46
 156 0098 0795     		str	r5, [sp, #28]
  77:Core/Src/gpio.c ****   HAL_GPIO_Init(INA2_GPIO_Port, &GPIO_InitStruct);
 157              		.loc 1 77 3 is_stmt 1 view .LVU47
 158 009a 04A9     		add	r1, sp, #16
 159 009c 3046     		mov	r0, r6
 160 009e FFF7FEFF 		bl	HAL_GPIO_Init
 161              	.LVL4:
  78:Core/Src/gpio.c **** 
  79:Core/Src/gpio.c ****   /*Configure GPIO pins : PBPin PBPin PBPin PBPin */
  80:Core/Src/gpio.c ****   GPIO_InitStruct.Pin = INB2_Pin|ENA2_Pin|INA_Pin|INB_Pin;
 162              		.loc 1 80 3 view .LVU48
 163              		.loc 1 80 23 is_stmt 0 view .LVU49
 164 00a2 F023     		movs	r3, #240
 165 00a4 0493     		str	r3, [sp, #16]
  81:Core/Src/gpio.c ****   GPIO_InitStruct.Mode = GPIO_MODE_OUTPUT_PP;
 166              		.loc 1 81 3 is_stmt 1 view .LVU50
 167              		.loc 1 81 24 is_stmt 0 view .LVU51
 168 00a6 0597     		str	r7, [sp, #20]
  82:Core/Src/gpio.c ****   GPIO_InitStruct.Pull = GPIO_NOPULL;
 169              		.loc 1 82 3 is_stmt 1 view .LVU52
 170              		.loc 1 82 24 is_stmt 0 view .LVU53
 171 00a8 0694     		str	r4, [sp, #24]
  83:Core/Src/gpio.c ****   GPIO_InitStruct.Speed = GPIO_SPEED_FREQ_LOW;
 172              		.loc 1 83 3 is_stmt 1 view .LVU54
 173              		.loc 1 83 25 is_stmt 0 view .LVU55
 174 00aa 0795     		str	r5, [sp, #28]
  84:Core/Src/gpio.c ****   HAL_GPIO_Init(GPIOB, &GPIO_InitStruct);
 175              		.loc 1 84 3 is_stmt 1 view .LVU56
 176 00ac 04A9     		add	r1, sp, #16
 177 00ae 3046     		mov	r0, r6
 178 00b0 FFF7FEFF 		bl	HAL_GPIO_Init
 179              	.LVL5:
  85:Core/Src/gpio.c **** 
  86:Core/Src/gpio.c ****   /* EXTI interrupt init*/
  87:Core/Src/gpio.c ****   HAL_NVIC_SetPriority(EXTI15_10_IRQn, 0, 0);
 180              		.loc 1 87 3 view .LVU57
 181 00b4 2246     		mov	r2, r4
 182 00b6 2146     		mov	r1, r4
 183 00b8 2820     		movs	r0, #40
 184 00ba FFF7FEFF 		bl	HAL_NVIC_SetPriority
 185              	.LVL6:
  88:Core/Src/gpio.c ****   HAL_NVIC_EnableIRQ(EXTI15_10_IRQn);
 186              		.loc 1 88 3 view .LVU58
 187 00be 2820     		movs	r0, #40
 188 00c0 FFF7FEFF 		bl	HAL_NVIC_EnableIRQ
 189              	.LVL7:
  89:Core/Src/gpio.c **** 
  90:Core/Src/gpio.c **** }
 190              		.loc 1 90 1 is_stmt 0 view .LVU59
 191 00c4 08B0     		add	sp, sp, #32
 192              		.cfi_def_cfa_offset 24
 193              		@ sp needed
 194 00c6 BDE8F081 		pop	{r4, r5, r6, r7, r8, pc}
 195              	.L4:
 196 00ca 00BF     		.align	2
ARM GAS  C:\Users\zhmis\AppData\Local\Temp\cc5JiEaA.s 			page 6


 197              	.L3:
 198 00cc 00100240 		.word	1073876992
 199 00d0 00080140 		.word	1073809408
 200 00d4 000C0140 		.word	1073810432
 201 00d8 00003110 		.word	271646720
 202              		.cfi_endproc
 203              	.LFE65:
 205              		.text
 206              	.Letext0:
 207              		.file 2 "Drivers/CMSIS/Device/ST/STM32F1xx/Include/stm32f103xb.h"
 208              		.file 3 "C:/msys64/mingw64/arm-none-eabi/include/machine/_default_types.h"
 209              		.file 4 "C:/msys64/mingw64/arm-none-eabi/include/sys/_stdint.h"
 210              		.file 5 "Drivers/STM32F1xx_HAL_Driver/Inc/stm32f1xx_hal_gpio.h"
 211              		.file 6 "Drivers/STM32F1xx_HAL_Driver/Inc/stm32f1xx_hal_cortex.h"
ARM GAS  C:\Users\zhmis\AppData\Local\Temp\cc5JiEaA.s 			page 7


DEFINED SYMBOLS
                            *ABS*:00000000 gpio.c
C:\Users\zhmis\AppData\Local\Temp\cc5JiEaA.s:19     .text.MX_GPIO_Init:00000000 $t
C:\Users\zhmis\AppData\Local\Temp\cc5JiEaA.s:25     .text.MX_GPIO_Init:00000000 MX_GPIO_Init
C:\Users\zhmis\AppData\Local\Temp\cc5JiEaA.s:198    .text.MX_GPIO_Init:000000cc $d

UNDEFINED SYMBOLS
HAL_GPIO_WritePin
HAL_GPIO_Init
HAL_NVIC_SetPriority
HAL_NVIC_EnableIRQ
