ARM GAS  C:\Users\zhmis\AppData\Local\Temp\cczBQMeQ.s 			page 1


   1              		.cpu cortex-m3
   2              		.arch armv7-m
   3              		.fpu softvfp
   4              		.eabi_attribute 20, 1
   5              		.eabi_attribute 21, 1
   6              		.eabi_attribute 23, 3
   7              		.eabi_attribute 24, 1
   8              		.eabi_attribute 25, 1
   9              		.eabi_attribute 26, 1
  10              		.eabi_attribute 30, 1
  11              		.eabi_attribute 34, 1
  12              		.eabi_attribute 18, 4
  13              		.file	"pins_init.c"
  14              		.text
  15              	.Ltext0:
  16              		.cfi_sections	.debug_frame
  17              		.file 1 "Core/Src/pins_init.c"
  18              		.section	.text.pin_init_mtcrl,"ax",%progbits
  19              		.align	1
  20              		.global	pin_init_mtcrl
  21              		.syntax unified
  22              		.thumb
  23              		.thumb_func
  25              	pin_init_mtcrl:
  26              	.LFB65:
   1:Core/Src/pins_init.c **** #include "pins_init.h"
   2:Core/Src/pins_init.c **** 
   3:Core/Src/pins_init.c **** void pin_init_mtcrl()
   4:Core/Src/pins_init.c **** {
  27              		.loc 1 4 1 view -0
  28              		.cfi_startproc
  29              		@ args = 0, pretend = 0, frame = 0
  30              		@ frame_needed = 0, uses_anonymous_args = 0
  31 0000 08B5     		push	{r3, lr}
  32              		.cfi_def_cfa_offset 8
  33              		.cfi_offset 3, -8
  34              		.cfi_offset 14, -4
   5:Core/Src/pins_init.c ****     // Init DMA
   6:Core/Src/pins_init.c ****     MX_DMA_Init();
  35              		.loc 1 6 5 view .LVU1
  36 0002 FFF7FEFF 		bl	MX_DMA_Init
  37              	.LVL0:
   7:Core/Src/pins_init.c ****     // Initialize gpio; dma for adc
   8:Core/Src/pins_init.c ****     MX_GPIO_Init();
  38              		.loc 1 8 5 view .LVU2
  39 0006 FFF7FEFF 		bl	MX_GPIO_Init
  40              	.LVL1:
   9:Core/Src/pins_init.c **** 
  10:Core/Src/pins_init.c ****     // Block powering motors by setting Enable pins of a driver LOW
  11:Core/Src/pins_init.c **** 	HAL_GPIO_WritePin(ENA_GPIO_Port, ENA_Pin, GPIO_PIN_RESET);
  41              		.loc 1 11 2 view .LVU3
  42 000a 0022     		movs	r2, #0
  43 000c 4FF40041 		mov	r1, #32768
  44 0010 0448     		ldr	r0, .L3
  45 0012 FFF7FEFF 		bl	HAL_GPIO_WritePin
  46              	.LVL2:
  12:Core/Src/pins_init.c **** 	HAL_GPIO_WritePin(ENA2_GPIO_Port, ENA2_Pin, GPIO_PIN_RESET);
ARM GAS  C:\Users\zhmis\AppData\Local\Temp\cczBQMeQ.s 			page 2


  47              		.loc 1 12 2 view .LVU4
  48 0016 0022     		movs	r2, #0
  49 0018 2021     		movs	r1, #32
  50 001a 0348     		ldr	r0, .L3+4
  51 001c FFF7FEFF 		bl	HAL_GPIO_WritePin
  52              	.LVL3:
  13:Core/Src/pins_init.c **** }...
  53              		.loc 1 13 1 is_stmt 0 view .LVU5
  54 0020 08BD     		pop	{r3, pc}
  55              	.L4:
  56 0022 00BF     		.align	2
  57              	.L3:
  58 0024 00080140 		.word	1073809408
  59 0028 000C0140 		.word	1073810432
  60              		.cfi_endproc
  61              	.LFE65:
  63              		.text
  64              	.Letext0:
  65              		.file 2 "C:/msys64/mingw64/arm-none-eabi/include/machine/_default_types.h"
  66              		.file 3 "C:/msys64/mingw64/arm-none-eabi/include/sys/_stdint.h"
  67              		.file 4 "Drivers/CMSIS/Device/ST/STM32F1xx/Include/stm32f103xb.h"
  68              		.file 5 "Drivers/STM32F1xx_HAL_Driver/Inc/stm32f1xx_hal_gpio.h"
  69              		.file 6 "Core/Inc/gpio.h"
  70              		.file 7 "Core/Inc/dma.h"
ARM GAS  C:\Users\zhmis\AppData\Local\Temp\cczBQMeQ.s 			page 3


DEFINED SYMBOLS
                            *ABS*:00000000 pins_init.c
C:\Users\zhmis\AppData\Local\Temp\cczBQMeQ.s:19     .text.pin_init_mtcrl:00000000 $t
C:\Users\zhmis\AppData\Local\Temp\cczBQMeQ.s:25     .text.pin_init_mtcrl:00000000 pin_init_mtcrl
C:\Users\zhmis\AppData\Local\Temp\cczBQMeQ.s:58     .text.pin_init_mtcrl:00000024 $d

UNDEFINED SYMBOLS
MX_DMA_Init
MX_GPIO_Init
HAL_GPIO_WritePin
