ARM GAS  C:\Users\zhmis\AppData\Local\Temp\ccXBJqo1.s 			page 1


   1              		.cpu cortex-m3
   2              		.arch armv7-m
   3              		.fpu softvfp
   4              		.eabi_attribute 20, 1
   5              		.eabi_attribute 21, 1
   6              		.eabi_attribute 23, 3
   7              		.eabi_attribute 24, 1
   8              		.eabi_attribute 25, 1
   9              		.eabi_attribute 26, 1
  10              		.eabi_attribute 30, 1
  11              		.eabi_attribute 34, 1
  12              		.eabi_attribute 18, 4
  13              		.file	"servo_init.c"
  14              		.text
  15              	.Ltext0:
  16              		.cfi_sections	.debug_frame
  17              		.file 1 "Core/Src/servo_init.c"
  18              		.section	.text.servo_periph_init,"ax",%progbits
  19              		.align	1
  20              		.global	servo_periph_init
  21              		.syntax unified
  22              		.thumb
  23              		.thumb_func
  25              	servo_periph_init:
  26              	.LFB65:
   1:Core/Src/servo_init.c **** #include "servo_init.h"
   2:Core/Src/servo_init.c **** 
   3:Core/Src/servo_init.c **** servo_iq18_t servo1_g, servo2_g;
   4:Core/Src/servo_init.c **** 
   5:Core/Src/servo_init.c **** void servo_periph_init()
   6:Core/Src/servo_init.c **** {
  27              		.loc 1 6 1 view -0
  28              		.cfi_startproc
  29              		@ args = 0, pretend = 0, frame = 0
  30              		@ frame_needed = 0, uses_anonymous_args = 0
  31 0000 10B5     		push	{r4, lr}
  32              		.cfi_def_cfa_offset 8
  33              		.cfi_offset 4, -8
  34              		.cfi_offset 14, -4
   7:Core/Src/servo_init.c **** 
   8:Core/Src/servo_init.c ****     // Init timers
   9:Core/Src/servo_init.c **** 
  10:Core/Src/servo_init.c ****     // TIM1&2 for encoders
  11:Core/Src/servo_init.c ****     MX_TIM1_Init();
  35              		.loc 1 11 5 view .LVU1
  36 0002 FFF7FEFF 		bl	MX_TIM1_Init
  37              	.LVL0:
  12:Core/Src/servo_init.c ****     MX_TIM2_Init();
  38              		.loc 1 12 5 view .LVU2
  39 0006 FFF7FEFF 		bl	MX_TIM2_Init
  40              	.LVL1:
  13:Core/Src/servo_init.c **** 
  14:Core/Src/servo_init.c ****     // TIM3&4 for periodical tasks
  15:Core/Src/servo_init.c ****     MX_TIM3_Init(); // PWM as well
  41              		.loc 1 15 5 view .LVU3
  42 000a FFF7FEFF 		bl	MX_TIM3_Init
  43              	.LVL2:
ARM GAS  C:\Users\zhmis\AppData\Local\Temp\ccXBJqo1.s 			page 2


  16:Core/Src/servo_init.c **** 
  17:Core/Src/servo_init.c ****     // Init & calibrate ADC
  18:Core/Src/servo_init.c ****     MX_ADC1_Init();
  44              		.loc 1 18 5 view .LVU4
  45 000e FFF7FEFF 		bl	MX_ADC1_Init
  46              	.LVL3:
  19:Core/Src/servo_init.c ****     HAL_ADCEx_Calibration_Start(&hadc1);
  47              		.loc 1 19 5 view .LVU5
  48 0012 0F48     		ldr	r0, .L3
  49 0014 FFF7FEFF 		bl	HAL_ADCEx_Calibration_Start
  50              	.LVL4:
  20:Core/Src/servo_init.c **** 
  21:Core/Src/servo_init.c ****     // Start timers
  22:Core/Src/servo_init.c **** 
  23:Core/Src/servo_init.c ****     // Clear CNT and start timers 1&2 in encoder mode
  24:Core/Src/servo_init.c ****     __HAL_TIM_CLEAR_IT(&htim1, TIM_IT_UPDATE);
  51              		.loc 1 24 5 view .LVU6
  52 0018 0E48     		ldr	r0, .L3+4
  53 001a 0368     		ldr	r3, [r0]
  54 001c 6FF00104 		mvn	r4, #1
  55 0020 1C61     		str	r4, [r3, #16]
  25:Core/Src/servo_init.c ****     HAL_TIM_Encoder_Start(&htim1, TIM_CHANNEL_ALL);
  56              		.loc 1 25 5 view .LVU7
  57 0022 3C21     		movs	r1, #60
  58 0024 FFF7FEFF 		bl	HAL_TIM_Encoder_Start
  59              	.LVL5:
  26:Core/Src/servo_init.c ****     __HAL_TIM_CLEAR_IT(&htim2, TIM_IT_UPDATE);
  60              		.loc 1 26 5 view .LVU8
  61 0028 0B48     		ldr	r0, .L3+8
  62 002a 0368     		ldr	r3, [r0]
  63 002c 1C61     		str	r4, [r3, #16]
  27:Core/Src/servo_init.c ****     HAL_TIM_Encoder_Start(&htim2, TIM_CHANNEL_ALL);
  64              		.loc 1 27 5 view .LVU9
  65 002e 3C21     		movs	r1, #60
  66 0030 FFF7FEFF 		bl	HAL_TIM_Encoder_Start
  67              	.LVL6:
  28:Core/Src/servo_init.c **** 
  29:Core/Src/servo_init.c ****     // Start TIM3 in PWM mode and also turn on interrupts
  30:Core/Src/servo_init.c ****     HAL_TIM_PWM_Start(&htim3, TIM_CHANNEL_1);
  68              		.loc 1 30 5 view .LVU10
  69 0034 094C     		ldr	r4, .L3+12
  70 0036 0021     		movs	r1, #0
  71 0038 2046     		mov	r0, r4
  72 003a FFF7FEFF 		bl	HAL_TIM_PWM_Start
  73              	.LVL7:
  31:Core/Src/servo_init.c ****     HAL_TIM_PWM_Start(&htim3, TIM_CHANNEL_2);
  74              		.loc 1 31 5 view .LVU11
  75 003e 0421     		movs	r1, #4
  76 0040 2046     		mov	r0, r4
  77 0042 FFF7FEFF 		bl	HAL_TIM_PWM_Start
  78              	.LVL8:
  32:Core/Src/servo_init.c ****     HAL_TIM_Base_Start_IT(&htim3);
  79              		.loc 1 32 5 view .LVU12
  80 0046 2046     		mov	r0, r4
  81 0048 FFF7FEFF 		bl	HAL_TIM_Base_Start_IT
  82              	.LVL9:
  33:Core/Src/servo_init.c **** }
ARM GAS  C:\Users\zhmis\AppData\Local\Temp\ccXBJqo1.s 			page 3


  83              		.loc 1 33 1 is_stmt 0 view .LVU13
  84 004c 10BD     		pop	{r4, pc}
  85              	.L4:
  86 004e 00BF     		.align	2
  87              	.L3:
  88 0050 00000000 		.word	hadc1
  89 0054 00000000 		.word	htim1
  90 0058 00000000 		.word	htim2
  91 005c 00000000 		.word	htim3
  92              		.cfi_endproc
  93              	.LFE65:
  95              		.section	.text.servo_init,"ax",%progbits
  96              		.align	1
  97              		.global	servo_init
  98              		.syntax unified
  99              		.thumb
 100              		.thumb_func
 102              	servo_init:
 103              	.LFB66:
  34:Core/Src/servo_init.c **** 
  35:Core/Src/servo_init.c **** void servo_init()
  36:Core/Src/servo_init.c **** {
 104              		.loc 1 36 1 is_stmt 1 view -0
 105              		.cfi_startproc
 106              		@ args = 0, pretend = 0, frame = 0
 107              		@ frame_needed = 0, uses_anonymous_args = 0
 108 0000 2DE9F04F 		push	{r4, r5, r6, r7, r8, r9, r10, fp, lr}
 109              		.cfi_def_cfa_offset 36
 110              		.cfi_offset 4, -36
 111              		.cfi_offset 5, -32
 112              		.cfi_offset 6, -28
 113              		.cfi_offset 7, -24
 114              		.cfi_offset 8, -20
 115              		.cfi_offset 9, -16
 116              		.cfi_offset 10, -12
 117              		.cfi_offset 11, -8
 118              		.cfi_offset 14, -4
 119 0004 87B0     		sub	sp, sp, #28
 120              		.cfi_def_cfa_offset 64
  37:Core/Src/servo_init.c ****     // Init servo1
  38:Core/Src/servo_init.c ****     if (SERVO1_ENABLE)
 121              		.loc 1 38 5 view .LVU15
  39:Core/Src/servo_init.c ****     {
  40:Core/Src/servo_init.c ****         servo_iq18_base_init(&servo1_g, Triple, MT_VELOCITY, MT_GEAR_RATIO, SERVO1_REVERSE);
 122              		.loc 1 40 9 view .LVU16
 123 0006 484D     		ldr	r5, .L7
 124 0008 4FF00008 		mov	r8, #0
 125 000c CDF80080 		str	r8, [sp]
 126 0010 464B     		ldr	r3, .L7+4
 127 0012 474A     		ldr	r2, .L7+8
 128 0014 0221     		movs	r1, #2
 129 0016 2846     		mov	r0, r5
 130 0018 FFF7FEFF 		bl	servo_iq18_base_init
 131              	.LVL10:
  41:Core/Src/servo_init.c ****         servo_iq18_encoder_init(&servo1_g, &htim2, ENC_TPR, SERVO1_ENC_REVERSE);
 132              		.loc 1 41 9 view .LVU17
 133 001c 4346     		mov	r3, r8
ARM GAS  C:\Users\zhmis\AppData\Local\Temp\ccXBJqo1.s 			page 4


 134 001e 2C22     		movs	r2, #44
 135 0020 4449     		ldr	r1, .L7+12
 136 0022 2846     		mov	r0, r5
 137 0024 FFF7FEFF 		bl	servo_iq18_encoder_init
 138              	.LVL11:
  42:Core/Src/servo_init.c **** 
  43:Core/Src/servo_init.c ****         servo_iq18_driver_init(&servo1_g, &htim3, 1, INA_GPIO_Port, INA_Pin,
 139              		.loc 1 43 9 view .LVU18
 140 0028 434F     		ldr	r7, .L7+16
 141 002a 4FF47A73 		mov	r3, #1000
 142 002e 0493     		str	r3, [sp, #16]
 143 0030 CDF80C80 		str	r8, [sp, #12]
 144 0034 8023     		movs	r3, #128
 145 0036 0293     		str	r3, [sp, #8]
 146 0038 0197     		str	r7, [sp, #4]
 147 003a 4023     		movs	r3, #64
 148 003c 0093     		str	r3, [sp]
 149 003e 3B46     		mov	r3, r7
 150 0040 0122     		movs	r2, #1
 151 0042 3E49     		ldr	r1, .L7+20
 152 0044 2846     		mov	r0, r5
 153 0046 FFF7FEFF 		bl	servo_iq18_driver_init
 154              	.LVL12:
  44:Core/Src/servo_init.c ****                                INB_GPIO_Port,
  45:Core/Src/servo_init.c ****                                INB_Pin, 0, 1000);
  46:Core/Src/servo_init.c **** 
  47:Core/Src/servo_init.c ****         servo_iq18_position_init(&servo1_g, ANG_KP, ANG_KI, ANG_KD, ANG_DT, ANG_KB);
 155              		.loc 1 47 9 view .LVU19
 156 004a 0024     		movs	r4, #0
 157 004c 0194     		str	r4, [sp, #4]	@ float
 158 004e DFF8F0A0 		ldr	r10, .L7+24
 159 0052 CDF800A0 		str	r10, [sp]	@ float
 160 0056 2346     		mov	r3, r4
 161 0058 2246     		mov	r2, r4
 162 005a 3A49     		ldr	r1, .L7+28
 163 005c 2846     		mov	r0, r5
 164 005e FFF7FEFF 		bl	servo_iq18_position_init
 165              	.LVL13:
  48:Core/Src/servo_init.c ****         servo_iq18_velocity_init(&servo1_g, VEL_KP, VEL_KI,
 166              		.loc 1 48 9 view .LVU20
 167 0062 DFF8E4B0 		ldr	fp, .L7+32
 168 0066 CDF804B0 		str	fp, [sp, #4]	@ float
 169 006a CDF800A0 		str	r10, [sp]	@ float
 170 006e 2346     		mov	r3, r4
 171 0070 364A     		ldr	r2, .L7+36
 172 0072 3749     		ldr	r1, .L7+40
 173 0074 2846     		mov	r0, r5
 174 0076 FFF7FEFF 		bl	servo_iq18_velocity_init
 175              	.LVL14:
  49:Core/Src/servo_init.c ****                                  VEL_KD, VEL_DT, VEL_KB);
  50:Core/Src/servo_init.c ****         servo_iq18_current_init(&servo1_g, CUR_LIMIT, CUR_KP, CUR_KI, CUR_KD,
 176              		.loc 1 50 9 view .LVU21
 177 007a 364E     		ldr	r6, .L7+44
 178 007c 0296     		str	r6, [sp, #8]	@ float
 179 007e DFF8D890 		ldr	r9, .L7+48
 180 0082 CDF80490 		str	r9, [sp, #4]	@ float
 181 0086 0094     		str	r4, [sp]	@ float
ARM GAS  C:\Users\zhmis\AppData\Local\Temp\ccXBJqo1.s 			page 5


 182 0088 3346     		mov	r3, r6
 183 008a 344A     		ldr	r2, .L7+52
 184 008c 4FF07E51 		mov	r1, #1065353216
 185 0090 2846     		mov	r0, r5
 186 0092 FFF7FEFF 		bl	servo_iq18_current_init
 187              	.LVL15:
  51:Core/Src/servo_init.c ****                                 CUR_DT, CUR_KB);
  52:Core/Src/servo_init.c ****         servo_iq18_setPositionTolerance(&servo1_g, ANG_TOLERANCE);
 188              		.loc 1 52 9 view .LVU22
 189 0096 3249     		ldr	r1, .L7+56
 190 0098 2846     		mov	r0, r5
 191 009a FFF7FEFF 		bl	servo_iq18_setPositionTolerance
 192              	.LVL16:
  53:Core/Src/servo_init.c ****     }
  54:Core/Src/servo_init.c **** 
  55:Core/Src/servo_init.c ****     // Init servo2
  56:Core/Src/servo_init.c ****     if (SERVO2_ENABLE)
 193              		.loc 1 56 5 view .LVU23
  57:Core/Src/servo_init.c ****     {
  58:Core/Src/servo_init.c ****         servo_iq18_base_init(&servo2_g, Triple, MT_VELOCITY, MT_GEAR_RATIO, SERVO2_REVERSE);
 194              		.loc 1 58 9 view .LVU24
 195 009e 314D     		ldr	r5, .L7+60
 196 00a0 0122     		movs	r2, #1
 197 00a2 0092     		str	r2, [sp]
 198 00a4 214B     		ldr	r3, .L7+4
 199 00a6 224A     		ldr	r2, .L7+8
 200 00a8 0221     		movs	r1, #2
 201 00aa 2846     		mov	r0, r5
 202 00ac FFF7FEFF 		bl	servo_iq18_base_init
 203              	.LVL17:
  59:Core/Src/servo_init.c ****         servo_iq18_encoder_init(&servo2_g, &htim1, ENC_TPR, SERVO2_ENC_REVERSE);
 204              		.loc 1 59 9 view .LVU25
 205 00b0 0123     		movs	r3, #1
 206 00b2 2C22     		movs	r2, #44
 207 00b4 2C49     		ldr	r1, .L7+64
 208 00b6 2846     		mov	r0, r5
 209 00b8 FFF7FEFF 		bl	servo_iq18_encoder_init
 210              	.LVL18:
  60:Core/Src/servo_init.c **** 
  61:Core/Src/servo_init.c ****         servo_iq18_driver_init(&servo2_g, &htim3, 2, INA2_GPIO_Port, INA2_Pin,
 211              		.loc 1 61 9 view .LVU26
 212 00bc 4FF47A73 		mov	r3, #1000
 213 00c0 0493     		str	r3, [sp, #16]
 214 00c2 CDF80C80 		str	r8, [sp, #12]
 215 00c6 1023     		movs	r3, #16
 216 00c8 0293     		str	r3, [sp, #8]
 217 00ca 0197     		str	r7, [sp, #4]
 218 00cc 0823     		movs	r3, #8
 219 00ce 0093     		str	r3, [sp]
 220 00d0 3B46     		mov	r3, r7
 221 00d2 0222     		movs	r2, #2
 222 00d4 1949     		ldr	r1, .L7+20
 223 00d6 2846     		mov	r0, r5
 224 00d8 FFF7FEFF 		bl	servo_iq18_driver_init
 225              	.LVL19:
  62:Core/Src/servo_init.c ****                                INB2_GPIO_Port,
  63:Core/Src/servo_init.c ****                                INB2_Pin, 0, 1000);
ARM GAS  C:\Users\zhmis\AppData\Local\Temp\ccXBJqo1.s 			page 6


  64:Core/Src/servo_init.c **** 
  65:Core/Src/servo_init.c ****         servo_iq18_position_init(&servo2_g, ANG_KP, ANG_KI, ANG_KD, ANG_DT, ANG_KB);
 226              		.loc 1 65 9 view .LVU27
 227 00dc 0194     		str	r4, [sp, #4]	@ float
 228 00de CDF800A0 		str	r10, [sp]	@ float
 229 00e2 2346     		mov	r3, r4
 230 00e4 2246     		mov	r2, r4
 231 00e6 1749     		ldr	r1, .L7+28
 232 00e8 2846     		mov	r0, r5
 233 00ea FFF7FEFF 		bl	servo_iq18_position_init
 234              	.LVL20:
  66:Core/Src/servo_init.c ****         servo_iq18_velocity_init(&servo2_g, VEL_KP, VEL_KI,
 235              		.loc 1 66 9 view .LVU28
 236 00ee CDF804B0 		str	fp, [sp, #4]	@ float
 237 00f2 CDF800A0 		str	r10, [sp]	@ float
 238 00f6 2346     		mov	r3, r4
 239 00f8 144A     		ldr	r2, .L7+36
 240 00fa 1549     		ldr	r1, .L7+40
 241 00fc 2846     		mov	r0, r5
 242 00fe FFF7FEFF 		bl	servo_iq18_velocity_init
 243              	.LVL21:
  67:Core/Src/servo_init.c ****                                  VEL_KD, VEL_DT, VEL_KB);
  68:Core/Src/servo_init.c ****         servo_iq18_current_init(&servo2_g, CUR_LIMIT, CUR_KP, CUR_KI, CUR_KD,
 244              		.loc 1 68 9 view .LVU29
 245 0102 0296     		str	r6, [sp, #8]	@ float
 246 0104 CDF80490 		str	r9, [sp, #4]	@ float
 247 0108 0094     		str	r4, [sp]	@ float
 248 010a 3346     		mov	r3, r6
 249 010c 134A     		ldr	r2, .L7+52
 250 010e 4FF07E51 		mov	r1, #1065353216
 251 0112 2846     		mov	r0, r5
 252 0114 FFF7FEFF 		bl	servo_iq18_current_init
 253              	.LVL22:
  69:Core/Src/servo_init.c ****                                 CUR_DT, CUR_KB);
  70:Core/Src/servo_init.c ****         servo_iq18_setPositionTolerance(&servo2_g, ANG_TOLERANCE);
 254              		.loc 1 70 9 view .LVU30
 255 0118 1149     		ldr	r1, .L7+56
 256 011a 2846     		mov	r0, r5
 257 011c FFF7FEFF 		bl	servo_iq18_setPositionTolerance
 258              	.LVL23:
  71:Core/Src/servo_init.c ****     }
  72:Core/Src/servo_init.c **** }...
 259              		.loc 1 72 1 is_stmt 0 view .LVU31
 260 0120 07B0     		add	sp, sp, #28
 261              		.cfi_def_cfa_offset 36
 262              		@ sp needed
 263 0122 BDE8F08F 		pop	{r4, r5, r6, r7, r8, r9, r10, fp, pc}
 264              	.L8:
 265 0126 00BF     		.align	2
 266              	.L7:
 267 0128 00000000 		.word	servo1_g
 268 012c 6666AA41 		.word	1101686374
 269 0130 00208544 		.word	1149575168
 270 0134 00000000 		.word	htim2
 271 0138 000C0140 		.word	1073810432
 272 013c 00000000 		.word	htim3
 273 0140 6F12833B 		.word	998445679
ARM GAS  C:\Users\zhmis\AppData\Local\Temp\ccXBJqo1.s 			page 7


 274 0144 2FDD6440 		.word	1080352047
 275 0148 986E123F 		.word	1058172568
 276 014c 5C8F423E 		.word	1044549468
 277 0150 855F6A3D 		.word	1030381445
 278 0154 CB596144 		.word	1147230667
 279 0158 4404E938 		.word	954795076
 280 015c 87168940 		.word	1082726023
 281 0160 0AD7A33C 		.word	1017370378
 282 0164 00000000 		.word	servo2_g
 283 0168 00000000 		.word	htim1
 284              		.cfi_endproc
 285              	.LFE66:
 287              		.global	servo2_g
 288              		.section	.bss.servo2_g,"aw",%nobits
 289              		.align	2
 292              	servo2_g:
 293 0000 00000000 		.space	292
 293      00000000 
 293      00000000 
 293      00000000 
 293      00000000 
 294              		.global	servo1_g
 295              		.section	.bss.servo1_g,"aw",%nobits
 296              		.align	2
 299              	servo1_g:
 300 0000 00000000 		.space	292
 300      00000000 
 300      00000000 
 300      00000000 
 300      00000000 
 301              		.text
 302              	.Letext0:
 303              		.file 2 "C:/msys64/mingw64/arm-none-eabi/include/machine/_default_types.h"
 304              		.file 3 "C:/msys64/mingw64/arm-none-eabi/include/sys/_stdint.h"
 305              		.file 4 "Drivers/CMSIS/Device/ST/STM32F1xx/Include/stm32f103xb.h"
 306              		.file 5 "Drivers/CMSIS/Device/ST/STM32F1xx/Include/stm32f1xx.h"
 307              		.file 6 "Drivers/STM32F1xx_HAL_Driver/Inc/stm32f1xx_hal_def.h"
 308              		.file 7 "Drivers/STM32F1xx_HAL_Driver/Inc/stm32f1xx_hal_dma.h"
 309              		.file 8 "Drivers/STM32F1xx_HAL_Driver/Inc/stm32f1xx_hal_adc.h"
 310              		.file 9 "Drivers/STM32F1xx_HAL_Driver/Inc/stm32f1xx_hal_tim.h"
 311              		.file 10 "Core/Inc/tim.h"
 312              		.file 11 "Core/Inc/adc.h"
 313              		.file 12 "Core/Inc/IQmathLib.h"
 314              		.file 13 "Core/Inc/ema_iq18.h"
 315              		.file 14 "Core/Inc/encoder_iq18.h"
 316              		.file 15 "Core/Inc/pid_iq18.h"
 317              		.file 16 "Core/Inc/pwm.h"
 318              		.file 17 "Core/Inc/servo_iq18.h"
 319              		.file 18 "Core/Inc/servo_init.h"
 320              		.file 19 "Drivers/STM32F1xx_HAL_Driver/Inc/stm32f1xx_hal_adc_ex.h"
ARM GAS  C:\Users\zhmis\AppData\Local\Temp\ccXBJqo1.s 			page 8


DEFINED SYMBOLS
                            *ABS*:00000000 servo_init.c
C:\Users\zhmis\AppData\Local\Temp\ccXBJqo1.s:19     .text.servo_periph_init:00000000 $t
C:\Users\zhmis\AppData\Local\Temp\ccXBJqo1.s:25     .text.servo_periph_init:00000000 servo_periph_init
C:\Users\zhmis\AppData\Local\Temp\ccXBJqo1.s:88     .text.servo_periph_init:00000050 $d
C:\Users\zhmis\AppData\Local\Temp\ccXBJqo1.s:96     .text.servo_init:00000000 $t
C:\Users\zhmis\AppData\Local\Temp\ccXBJqo1.s:102    .text.servo_init:00000000 servo_init
C:\Users\zhmis\AppData\Local\Temp\ccXBJqo1.s:267    .text.servo_init:00000128 $d
C:\Users\zhmis\AppData\Local\Temp\ccXBJqo1.s:299    .bss.servo1_g:00000000 servo1_g
C:\Users\zhmis\AppData\Local\Temp\ccXBJqo1.s:292    .bss.servo2_g:00000000 servo2_g
C:\Users\zhmis\AppData\Local\Temp\ccXBJqo1.s:289    .bss.servo2_g:00000000 $d
C:\Users\zhmis\AppData\Local\Temp\ccXBJqo1.s:296    .bss.servo1_g:00000000 $d

UNDEFINED SYMBOLS
MX_TIM1_Init
MX_TIM2_Init
MX_TIM3_Init
MX_ADC1_Init
HAL_ADCEx_Calibration_Start
HAL_TIM_Encoder_Start
HAL_TIM_PWM_Start
HAL_TIM_Base_Start_IT
hadc1
htim1
htim2
htim3
servo_iq18_base_init
servo_iq18_encoder_init
servo_iq18_driver_init
servo_iq18_position_init
servo_iq18_velocity_init
servo_iq18_current_init
servo_iq18_setPositionTolerance
