Archive member included to satisfy reference by file (symbol)

.\libIQmathLib-cm3.a(IQNdiv.o)
                              build/debug/Core/Src/encoder_iq18.o (_IQ18div)
.\libIQmathLib-cm3.a(IQNmpy.o)
                              build/debug/Core/Src/adc_current.o (_IQ18mpy)
c:/Users/zhmis/AppData/Roaming/Code/User/globalStorage/bmd.stm32-for-vscode/@xpack-dev-tools/arm-none-eabi-gcc/13.3.1-1.1.1/.content/bin/../lib/gcc/arm-none-eabi/13.3.1/../../../../arm-none-eabi/lib/thumb/v7-m/nofp\libc_nano.a(libc_a-atexit.o)
                              c:/Users/zhmis/AppData/Roaming/Code/User/globalStorage/bmd.stm32-for-vscode/@xpack-dev-tools/arm-none-eabi-gcc/13.3.1-1.1.1/.content/bin/../lib/gcc/arm-none-eabi/13.3.1/../../../../arm-none-eabi/lib/thumb/v7-m/nofp/crt0.o (atexit)
c:/Users/zhmis/AppData/Roaming/Code/User/globalStorage/bmd.stm32-for-vscode/@xpack-dev-tools/arm-none-eabi-gcc/13.3.1-1.1.1/.content/bin/../lib/gcc/arm-none-eabi/13.3.1/../../../../arm-none-eabi/lib/thumb/v7-m/nofp\libc_nano.a(libc_a-exit.o)
                              c:/Users/zhmis/AppData/Roaming/Code/User/globalStorage/bmd.stm32-for-vscode/@xpack-dev-tools/arm-none-eabi-gcc/13.3.1-1.1.1/.content/bin/../lib/gcc/arm-none-eabi/13.3.1/../../../../arm-none-eabi/lib/thumb/v7-m/nofp/crt0.o (exit)
c:/Users/zhmis/AppData/Roaming/Code/User/globalStorage/bmd.stm32-for-vscode/@xpack-dev-tools/arm-none-eabi-gcc/13.3.1-1.1.1/.content/bin/../lib/gcc/arm-none-eabi/13.3.1/../../../../arm-none-eabi/lib/thumb/v7-m/nofp\libc_nano.a(libc_a-malloc.o)
                              build/debug/Core/Src/ema_iq18.o (malloc)
c:/Users/zhmis/AppData/Roaming/Code/User/globalStorage/bmd.stm32-for-vscode/@xpack-dev-tools/arm-none-eabi-gcc/13.3.1-1.1.1/.content/bin/../lib/gcc/arm-none-eabi/13.3.1/../../../../arm-none-eabi/lib/thumb/v7-m/nofp\libc_nano.a(libc_a-mallocr.o)
                              c:/Users/zhmis/AppData/Roaming/Code/User/globalStorage/bmd.stm32-for-vscode/@xpack-dev-tools/arm-none-eabi-gcc/13.3.1-1.1.1/.content/bin/../lib/gcc/arm-none-eabi/13.3.1/../../../../arm-none-eabi/lib/thumb/v7-m/nofp\libc_nano.a(libc_a-malloc.o) (_malloc_r)
c:/Users/zhmis/AppData/Roaming/Code/User/globalStorage/bmd.stm32-for-vscode/@xpack-dev-tools/arm-none-eabi-gcc/13.3.1-1.1.1/.content/bin/../lib/gcc/arm-none-eabi/13.3.1/../../../../arm-none-eabi/lib/thumb/v7-m/nofp\libc_nano.a(libc_a-mlock.o)
                              c:/Users/zhmis/AppData/Roaming/Code/User/globalStorage/bmd.stm32-for-vscode/@xpack-dev-tools/arm-none-eabi-gcc/13.3.1-1.1.1/.content/bin/../lib/gcc/arm-none-eabi/13.3.1/../../../../arm-none-eabi/lib/thumb/v7-m/nofp\libc_nano.a(libc_a-mallocr.o) (__malloc_lock)
c:/Users/zhmis/AppData/Roaming/Code/User/globalStorage/bmd.stm32-for-vscode/@xpack-dev-tools/arm-none-eabi-gcc/13.3.1-1.1.1/.content/bin/../lib/gcc/arm-none-eabi/13.3.1/../../../../arm-none-eabi/lib/thumb/v7-m/nofp\libc_nano.a(libc_a-findfp.o)
                              c:/Users/zhmis/AppData/Roaming/Code/User/globalStorage/bmd.stm32-for-vscode/@xpack-dev-tools/arm-none-eabi-gcc/13.3.1-1.1.1/.content/bin/../lib/gcc/arm-none-eabi/13.3.1/../../../../arm-none-eabi/lib/thumb/v7-m/nofp\libc_nano.a(libc_a-exit.o) (__stdio_exit_handler)
c:/Users/zhmis/AppData/Roaming/Code/User/globalStorage/bmd.stm32-for-vscode/@xpack-dev-tools/arm-none-eabi-gcc/13.3.1-1.1.1/.content/bin/../lib/gcc/arm-none-eabi/13.3.1/../../../../arm-none-eabi/lib/thumb/v7-m/nofp\libc_nano.a(libc_a-fwalk.o)
                              c:/Users/zhmis/AppData/Roaming/Code/User/globalStorage/bmd.stm32-for-vscode/@xpack-dev-tools/arm-none-eabi-gcc/13.3.1-1.1.1/.content/bin/../lib/gcc/arm-none-eabi/13.3.1/../../../../arm-none-eabi/lib/thumb/v7-m/nofp\libc_nano.a(libc_a-findfp.o) (_fwalk_sglue)
c:/Users/zhmis/AppData/Roaming/Code/User/globalStorage/bmd.stm32-for-vscode/@xpack-dev-tools/arm-none-eabi-gcc/13.3.1-1.1.1/.content/bin/../lib/gcc/arm-none-eabi/13.3.1/../../../../arm-none-eabi/lib/thumb/v7-m/nofp\libc_nano.a(libc_a-stdio.o)
                              c:/Users/zhmis/AppData/Roaming/Code/User/globalStorage/bmd.stm32-for-vscode/@xpack-dev-tools/arm-none-eabi-gcc/13.3.1-1.1.1/.content/bin/../lib/gcc/arm-none-eabi/13.3.1/../../../../arm-none-eabi/lib/thumb/v7-m/nofp\libc_nano.a(libc_a-findfp.o) (__sread)
c:/Users/zhmis/AppData/Roaming/Code/User/globalStorage/bmd.stm32-for-vscode/@xpack-dev-tools/arm-none-eabi-gcc/13.3.1-1.1.1/.content/bin/../lib/gcc/arm-none-eabi/13.3.1/../../../../arm-none-eabi/lib/thumb/v7-m/nofp\libc_nano.a(libc_a-memset.o)
                              c:/Users/zhmis/AppData/Roaming/Code/User/globalStorage/bmd.stm32-for-vscode/@xpack-dev-tools/arm-none-eabi-gcc/13.3.1-1.1.1/.content/bin/../lib/gcc/arm-none-eabi/13.3.1/../../../../arm-none-eabi/lib/thumb/v7-m/nofp/crt0.o (memset)
[...]
Memory Configuration

Name             Origin             Length             Attributes
RAM              0x20000000         0x00005000         xrw
FLASH            0x08000000         0x00010000         xr
*default*        0x00000000         0xffffffff

Linker script and memory map

LOAD c:/Users/zhmis/AppData/Roaming/Code/User/globalStorage/bmd.stm32-for-vscode/@xpack-dev-tools/arm-none-eabi-gcc/13.3.1-1.1.1/.content/bin/../lib/gcc/arm-none-eabi/13.3.1/thumb/v7-m/nofp/crti.o
LOAD c:/Users/zhmis/AppData/Roaming/Code/User/globalStorage/bmd.stm32-for-vscode/@xpack-dev-tools/arm-none-eabi-gcc/13.3.1-1.1.1/.content/bin/../lib/gcc/arm-none-eabi/13.3.1/thumb/v7-m/nofp/crtbegin.o
LOAD c:/Users/zhmis/AppData/Roaming/Code/User/globalStorage/bmd.stm32-for-vscode/@xpack-dev-tools/arm-none-eabi-gcc/13.3.1-1.1.1/.content/bin/../lib/gcc/arm-none-eabi/13.3.1/../../../../arm-none-eabi/lib/thumb/v7-m/nofp/crt0.o
LOAD build/debug/Core/Src/adc.o
LOAD build/debug/Core/Src/adc_current.o
LOAD build/debug/Core/Src/crc_8_16.o
LOAD build/debug/Core/Src/dma.o
LOAD build/debug/Core/Src/ema_iq18.o
LOAD build/debug/Core/Src/encoder_iq18.o
LOAD build/debug/Core/Src/global_flags.o
LOAD build/debug/Core/Src/gpio.o
LOAD build/debug/Core/Src/loops_handler.o
LOAD build/debug/Core/Src/main.o
LOAD build/debug/Core/Src/main_init.o
LOAD build/debug/Core/Src/pid_iq18.o
LOAD build/debug/Core/Src/pins_init.o
LOAD build/debug/Core/Src/potamon_bus_lowlvl_handle.o
LOAD build/debug/Core/Src/pwm.o
LOAD build/debug/Core/Src/servo_init.o
LOAD build/debug/Core/Src/servo_iq18.o
LOAD build/debug/Core/Src/stm32f1xx_hal_msp.o
LOAD build/debug/Core/Src/stm32f1xx_it.o
LOAD build/debug/Core/Src/syscalls.o
LOAD build/debug/Core/Src/sysmem.o
LOAD build/debug/Core/Src/system_stm32f1xx.o
LOAD build/debug/Core/Src/tim.o
LOAD build/debug/Core/Src/usart.o
LOAD build/debug/Drivers/STM32F1xx_HAL_Driver/Src/stm32f1xx_hal.o
LOAD build/debug/Drivers/STM32F1xx_HAL_Driver/Src/stm32f1xx_hal_adc.o
LOAD build/debug/Drivers/STM32F1xx_HAL_Driver/Src/stm32f1xx_hal_adc_ex.o
LOAD build/debug/Drivers/STM32F1xx_HAL_Driver/Src/stm32f1xx_hal_cortex.o
LOAD build/debug/Drivers/STM32F1xx_HAL_Driver/Src/stm32f1xx_hal_dma.o
LOAD build/debug/Drivers/STM32F1xx_HAL_Driver/Src/stm32f1xx_hal_exti.o
LOAD build/debug/Drivers/STM32F1xx_HAL_Driver/Src/stm32f1xx_hal_flash.o
LOAD build/debug/Drivers/STM32F1xx_HAL_Driver/Src/stm32f1xx_hal_flash_ex.o
LOAD build/debug/Drivers/STM32F1xx_HAL_Driver/Src/stm32f1xx_hal_gpio.o
LOAD build/debug/Drivers/STM32F1xx_HAL_Driver/Src/stm32f1xx_hal_gpio_ex.o
LOAD build/debug/Drivers/STM32F1xx_HAL_Driver/Src/stm32f1xx_hal_pwr.o
LOAD build/debug/Drivers/STM32F1xx_HAL_Driver/Src/stm32f1xx_hal_rcc.o
LOAD build/debug/Drivers/STM32F1xx_HAL_Driver/Src/stm32f1xx_hal_rcc_ex.o
LOAD build/debug/Drivers/STM32F1xx_HAL_Driver/Src/stm32f1xx_hal_tim.o
LOAD build/debug/Drivers/STM32F1xx_HAL_Driver/Src/stm32f1xx_hal_tim_ex.o
LOAD build/debug/Drivers/STM32F1xx_HAL_Driver/Src/stm32f1xx_hal_uart.o
LOAD build/debug/startup_stm32f103xb.o
LOAD .\libIQmathLib-cm3.a
LOAD c:/Users/zhmis/AppData/Roaming/Code/User/globalStorage/bmd.stm32-for-vscode/@xpack-dev-tools/arm-none-eabi-gcc/13.3.1-1.1.1/.content/bin/../lib/gcc/arm-none-eabi/13.3.1/../../../../arm-none-eabi/lib/thumb/v7-m/nofp\libc_nano.a
LOAD c:/Users/zhmis/AppData/Roaming/Code/User/globalStorage/bmd.stm32-for-vscode/@xpack-dev-tools/arm-none-eabi-gcc/13.3.1-1.1.1/.content/bin/../lib/gcc/arm-none-eabi/13.3.1/../../../../arm-none-eabi/lib/thumb/v7-m/nofp\libm.a
LOAD c:/Users/zhmis/AppData/Roaming/Code/User/globalStorage/bmd.stm32-for-vscode/@xpack-dev-tools/arm-none-eabi-gcc/13.3.1-1.1.1/.content/bin/../lib/gcc/arm-none-eabi/13.3.1/../../../../arm-none-eabi/lib/thumb/v7-m/nofp\libnosys.a
START GROUP
LOAD c:/Users/zhmis/AppData/Roaming/Code/User/globalStorage/bmd.stm32-for-vscode/@xpack-dev-tools/arm-none-eabi-gcc/13.3.1-1.1.1/.content/bin/../lib/gcc/arm-none-eabi/13.3.1/thumb/v7-m/nofp\libgcc.a
LOAD c:/Users/zhmis/AppData/Roaming/Code/User/globalStorage/bmd.stm32-for-vscode/@xpack-dev-tools/arm-none-eabi-gcc/13.3.1-1.1.1/.content/bin/../lib/gcc/arm-none-eabi/13.3.1/../../../../arm-none-eabi/lib/thumb/v7-m/nofp\libc_nano.a
END GROUP
START GROUP
LOAD c:/Users/zhmis/AppData/Roaming/Code/User/globalStorage/bmd.stm32-for-vscode/@xpack-dev-tools/arm-none-eabi-gcc/13.3.1-1.1.1/.content/bin/../lib/gcc/arm-none-eabi/13.3.1/thumb/v7-m/nofp\libgcc.a
LOAD c:/Users/zhmis/AppData/Roaming/Code/User/globalStorage/bmd.stm32-for-vscode/@xpack-dev-tools/arm-none-eabi-gcc/13.3.1-1.1.1/.content/bin/../lib/gcc/arm-none-eabi/13.3.1/../../../../arm-none-eabi/lib/thumb/v7-m/nofp\libc_nano.a
END GROUP
LOAD c:/Users/zhmis/AppData/Roaming/Code/User/globalStorage/bmd.stm32-for-vscode/@xpack-dev-tools/arm-none-eabi-gcc/13.3.1-1.1.1/.content/bin/../lib/gcc/arm-none-eabi/13.3.1/thumb/v7-m/nofp/crtend.o
LOAD c:/Users/zhmis/AppData/Roaming/Code/User/globalStorage/bmd.stm32-for-vscode/@xpack-dev-tools/arm-none-eabi-gcc/13.3.1-1.1.1/.content/bin/../lib/gcc/arm-none-eabi/13.3.1/thumb/v7-m/nofp/crtn.o
                0x20005000                        _estack = (ORIGIN (RAM) + LENGTH (RAM))
                0x00000200                        _Min_Heap_Size = 0x200
                0x00000400                        _Min_Stack_Size = 0x400

.isr_vector     0x08000000      0x10c
                0x08000000                        . = ALIGN (0x4)
 *(.isr_vector)
 .isr_vector    0x08000000      0x10c build/debug/startup_stm32f103xb.o
                0x08000000                g_pfnVectors
                0x0800010c                        . = ALIGN (0x4)

.text           0x0800010c     0x41c0
                0x0800010c                        . = ALIGN (0x4)
 *(.text)
 .text          0x0800010c      0x2a0 c:/Users/zhmis/AppData/Roaming/Code/User/globalStorage/bmd.stm32-for-vscode/@xpack-dev-tools/arm-none-eabi-gcc/13.3.1-1.1.1/.content/bin/../lib/gcc/arm-none-eabi/13.3.1/thumb/v7-m/nofp\libgcc.a(_arm_muldivsf3.o)
                0x0800010c                __mulsf3
                0x0800010c                __aeabi_fmul
                0x08000274                __aeabi_fdiv
                0x08000274                __divsf3
 .text          0x080003ac       0x4c c:/Users/zhmis/AppData/Roaming/Code/User/globalStorage/bmd.stm32-for-vscode/@xpack-dev-tools/arm-none-eabi-gcc/13.3.1-1.1.1/.content/bin/../lib/gcc/arm-none-eabi/13.3.1/thumb/v7-m/nofp\libgcc.a(_arm_fixsfsi.o)
                0x080003ac                __aeabi_f2iz
                0x080003ac                __fixsfsi
 *(.text*)
 .text.__do_global_dtors_aux
                0x080003f8       0x24 c:/Users/zhmis/AppData/Roaming/Code/User/globalStorage/bmd.stm32-for-vscode/@xpack-dev-tools/arm-none-eabi-gcc/13.3.1-1.1.1/.content/bin/../lib/gcc/arm-none-eabi/13.3.1/thumb/v7-m/nofp/crtbegin.o
 .text.frame_dummy
                0x0800041c       0x1c c:/Users/zhmis/AppData/Roaming/Code/User/globalStorage/bmd.stm32-for-vscode/@xpack-dev-tools/arm-none-eabi-gcc/13.3.1-1.1.1/.content/bin/../lib/gcc/arm-none-eabi/13.3.1/thumb/v7-m/nofp/crtbegin.o
 .text.MX_ADC1_Init
                0x08000438       0x78 build/debug/Core/Src/adc.o
                0x08000438                MX_ADC1_Init
 .text.HAL_ADC_MspInit
                0x080004b0       0xa0 build/debug/Core/Src/adc.o
                0x080004b0                HAL_ADC_MspInit
 .text.adc_cur_init
                0x08000550       0x4c build/debug/Core/Src/adc_current.o
                0x08000550                adc_cur_init
 .text.adc_callback_handler
                0x0800059c       0x80 build/debug/Core/Src/adc_current.o
                0x0800059c                adc_callback_handler
 .text.HAL_ADC_ConvCpltCallback
                0x0800061c        0x8 build/debug/Core/Src/adc_current.o
                0x0800061c                HAL_ADC_ConvCpltCallback
 .text.crc8_ccitt
                0x08000624       0x3c build/debug/Core/Src/crc_8_16.o
                0x08000624                crc8_ccitt
 .text.crc16_ccitt
                0x08000660       0x42 build/debug/Core/Src/crc_8_16.o
                0x08000660                crc16_ccitt
 *fill*         0x080006a2        0x2 
 .text.MX_DMA_Init
                0x080006a4       0x54 build/debug/Core/Src/dma.o
                0x080006a4                MX_DMA_Init
 .text.initEMA_iq18
                0x080006f8       0x26 build/debug/Core/Src/ema_iq18.o
                0x080006f8                initEMA_iq18
 .text.updateEMA_iq18
                0x0800071e       0x24 build/debug/Core/Src/ema_iq18.o
                0x0800071e                updateEMA_iq18
 *fill*         0x08000742        0x2 
 .text.encoder_updatePosition_iq18
                0x08000744       0x64 build/debug/Core/Src/encoder_iq18.o
                0x08000744                encoder_updatePosition_iq18
 .text.encoder_updateVelocity_qep_iq18
                0x080007a8       0x20 build/debug/Core/Src/encoder_iq18.o
                0x080007a8                encoder_updateVelocity_qep_iq18
 .text.encoder_reset_iq18
                0x080007c8       0x14 build/debug/Core/Src/encoder_iq18.o
                0x080007c8                encoder_reset_iq18
 .text.encoder_getAngle_iq18
                0x080007dc        0xc build/debug/Core/Src/encoder_iq18.o
                0x080007dc                encoder_getAngle_iq18
 .text.encoder_getVelocity_iq18
                0x080007e8        0xc build/debug/Core/Src/encoder_iq18.o
                0x080007e8                encoder_getVelocity_iq18
 .text.MX_GPIO_Init
                0x080007f4      0x128 build/debug/Core/Src/gpio.o
                0x080007f4                MX_GPIO_Init
 .text.HAL_TIM_PeriodElapsedCallback
                0x0800091c       0xf8 build/debug/Core/Src/loops_handler.o
                0x0800091c                HAL_TIM_PeriodElapsedCallback
 .text.Error_Handler
                0x08000a14        0x4 build/debug/Core/Src/main.o
                0x08000a14                Error_Handler
 .text.SystemClock_Config
                0x08000a18       0x84 build/debug/Core/Src/main.o
                0x08000a18                SystemClock_Config
 .text.main     0x08000a9c       0x2c build/debug/Core/Src/main.o
                0x08000a9c                main
 .text.init_mtr_ctrl
                0x08000ac8       0x54 build/debug/Core/Src/main_init.o
                0x08000ac8                init_mtr_ctrl
 .text.pid_iq18_reset
                0x08000b1c        0xe build/debug/Core/Src/pid_iq18.o
                0x08000b1c                pid_iq18_reset
 .text.pid_iq18_calculate
                0x08000b2a       0x80 build/debug/Core/Src/pid_iq18.o
                0x08000b2a                pid_iq18_calculate
 .text.pid_iq18_getOutput
                0x08000baa        0x4 build/debug/Core/Src/pid_iq18.o
                0x08000baa                pid_iq18_getOutput
 *fill*         0x08000bae        0x2 
 .text.pin_init_mtcrl
                0x08000bb0       0x2c build/debug/Core/Src/pins_init.o
                0x08000bb0                pin_init_mtcrl
 .text.pack_encoder_feedback
                0x08000bdc       0x54 build/debug/Core/Src/potamon_bus_lowlvl_handle.o
                0x08000bdc                pack_encoder_feedback
 .text.pack_current_feedback
                0x08000c30       0x2c build/debug/Core/Src/potamon_bus_lowlvl_handle.o
                0x08000c30                pack_current_feedback
 .text.sync_packet_handler
                0x08000c5c      0x19c build/debug/Core/Src/potamon_bus_lowlvl_handle.o
                0x08000c5c                sync_packet_handler
 .text.HAL_UART_RxCpltCallback
                0x08000df8      0x1f4 build/debug/Core/Src/potamon_bus_lowlvl_handle.o
                0x08000df8                HAL_UART_RxCpltCallback
 .text.HAL_UART_TxCpltCallback
                0x08000fec       0x30 build/debug/Core/Src/potamon_bus_lowlvl_handle.o
                0x08000fec                HAL_UART_TxCpltCallback
 .text.pwm_setSpeed
                0x0800101c       0xb0 build/debug/Core/Src/pwm.o
                0x0800101c                pwm_setSpeed
 .text.servo_periph_init
                0x080010cc       0x58 build/debug/Core/Src/servo_init.o
                0x080010cc                servo_periph_init
 .text.servo_init
                0x08001124      0x16c build/debug/Core/Src/servo_init.o
                0x08001124                servo_init
 .text.servo_iq18_base_init
                0x08001290       0x5c build/debug/Core/Src/servo_iq18.o
                0x08001290                servo_iq18_base_init
 .text.servo_iq18_encoder_init
                0x080012ec       0x2c build/debug/Core/Src/servo_iq18.o
                0x080012ec                servo_iq18_encoder_init
 .text.servo_iq18_driver_init
                0x08001318       0x70 build/debug/Core/Src/servo_iq18.o
                0x08001318                servo_iq18_driver_init
 .text.servo_iq18_position_init
                0x08001388       0x5a build/debug/Core/Src/servo_iq18.o
                0x08001388                servo_iq18_position_init
 .text.servo_iq18_velocity_init
                0x080013e2       0x60 build/debug/Core/Src/servo_iq18.o
                0x080013e2                servo_iq18_velocity_init
 .text.servo_iq18_current_init
                0x08001442       0x94 build/debug/Core/Src/servo_iq18.o
                0x08001442                servo_iq18_current_init
 .text.servo_iq18_setPositionTolerance
                0x080014d6       0x16 build/debug/Core/Src/servo_iq18.o
                0x080014d6                servo_iq18_setPositionTolerance
 .text.servo_iq18_velocityLoop
                0x080014ec       0x98 build/debug/Core/Src/servo_iq18.o
                0x080014ec                servo_iq18_velocityLoop
 .text.servo_iq18_currentLoop
                0x08001584       0x4e build/debug/Core/Src/servo_iq18.o
                0x08001584                servo_iq18_currentLoop
 .text.servo_iq18_controlVelocity
                0x080015d2       0x2c build/debug/Core/Src/servo_iq18.o
                0x080015d2                servo_iq18_controlVelocity
 .text.servo_iq18_reset
                0x080015fe       0x22 build/debug/Core/Src/servo_iq18.o
                0x080015fe                servo_iq18_reset
 .text.HAL_MspInit
                0x08001620       0x44 build/debug/Core/Src/stm32f1xx_hal_msp.o
                0x08001620                HAL_MspInit
 .text.NMI_Handler
                0x08001664        0x2 build/debug/Core/Src/stm32f1xx_it.o
                0x08001664                NMI_Handler
 .text.HardFault_Handler
                0x08001666        0x2 build/debug/Core/Src/stm32f1xx_it.o
                0x08001666                HardFault_Handler
 .text.MemManage_Handler
                0x08001668        0x2 build/debug/Core/Src/stm32f1xx_it.o
                0x08001668                MemManage_Handler
 .text.BusFault_Handler
                0x0800166a        0x2 build/debug/Core/Src/stm32f1xx_it.o
                0x0800166a                BusFault_Handler
 .text.UsageFault_Handler
                0x0800166c        0x2 build/debug/Core/Src/stm32f1xx_it.o
                0x0800166c                UsageFault_Handler
 .text.SVC_Handler
                0x0800166e        0x2 build/debug/Core/Src/stm32f1xx_it.o
                0x0800166e                SVC_Handler
 .text.DebugMon_Handler
                0x08001670        0x2 build/debug/Core/Src/stm32f1xx_it.o
                0x08001670                DebugMon_Handler
 .text.PendSV_Handler
                0x08001672        0x2 build/debug/Core/Src/stm32f1xx_it.o
                0x08001672                PendSV_Handler
 .text.SysTick_Handler
                0x08001674        0x8 build/debug/Core/Src/stm32f1xx_it.o
                0x08001674                SysTick_Handler
 .text.DMA1_Channel1_IRQHandler
                0x0800167c       0x10 build/debug/Core/Src/stm32f1xx_it.o
                0x0800167c                DMA1_Channel1_IRQHandler
 .text.DMA1_Channel2_IRQHandler
                0x0800168c       0x10 build/debug/Core/Src/stm32f1xx_it.o
                0x0800168c                DMA1_Channel2_IRQHandler
 .text.DMA1_Channel3_IRQHandler
                0x0800169c       0x10 build/debug/Core/Src/stm32f1xx_it.o
                0x0800169c                DMA1_Channel3_IRQHandler
 .text.TIM3_IRQHandler
                0x080016ac       0x10 build/debug/Core/Src/stm32f1xx_it.o
                0x080016ac                TIM3_IRQHandler
 .text.USART3_IRQHandler
                0x080016bc       0x10 build/debug/Core/Src/stm32f1xx_it.o
                0x080016bc                USART3_IRQHandler
 .text.EXTI15_10_IRQHandler
                0x080016cc        0xc build/debug/Core/Src/stm32f1xx_it.o
                0x080016cc                EXTI15_10_IRQHandler
 .text._sbrk    0x080016d8       0x48 build/debug/Core/Src/sysmem.o
                0x080016d8                _sbrk
 .text.SystemInit
                0x08001720        0x2 build/debug/Core/Src/system_stm32f1xx.o
                0x08001720                SystemInit
 *fill*         0x08001722        0x2 
 .text.MX_TIM1_Init
                0x08001724       0x6c build/debug/Core/Src/tim.o
                0x08001724                MX_TIM1_Init
 .text.MX_TIM2_Init
                0x08001790       0x68 build/debug/Core/Src/tim.o
                0x08001790                MX_TIM2_Init
 .text.HAL_TIM_Encoder_MspInit
                0x080017f8       0x9c build/debug/Core/Src/tim.o
                0x080017f8                HAL_TIM_Encoder_MspInit
 .text.HAL_TIM_PWM_MspInit
                0x08001894       0x40 build/debug/Core/Src/tim.o
                0x08001894                HAL_TIM_PWM_MspInit
 .text.HAL_TIM_MspPostInit
                0x080018d4       0x50 build/debug/Core/Src/tim.o
                0x080018d4                HAL_TIM_MspPostInit
 .text.MX_TIM3_Init
                0x08001924       0x98 build/debug/Core/Src/tim.o
                0x08001924                MX_TIM3_Init
 .text.MX_USART3_UART_Init
                0x080019bc       0x38 build/debug/Core/Src/usart.o
                0x080019bc                MX_USART3_UART_Init
 .text.HAL_UART_MspInit
                0x080019f4       0xf8 build/debug/Core/Src/usart.o
                0x080019f4                HAL_UART_MspInit
 .text.HAL_InitTick
                0x08001aec       0x4c build/debug/Drivers/STM32F1xx_HAL_Driver/Src/stm32f1xx_hal.o
                0x08001aec                HAL_InitTick
 .text.HAL_Init
                0x08001b38       0x24 build/debug/Drivers/STM32F1xx_HAL_Driver/Src/stm32f1xx_hal.o
                0x08001b38                HAL_Init
 .text.HAL_IncTick
                0x08001b5c       0x18 build/debug/Drivers/STM32F1xx_HAL_Driver/Src/stm32f1xx_hal.o
                0x08001b5c                HAL_IncTick
 .text.HAL_GetTick
                0x08001b74        0xc build/debug/Drivers/STM32F1xx_HAL_Driver/Src/stm32f1xx_hal.o
                0x08001b74                HAL_GetTick
 .text.ADC_DMAConvCplt
                0x08001b80       0x52 build/debug/Drivers/STM32F1xx_HAL_Driver/Src/stm32f1xx_hal_adc.o
                0x08001b80                ADC_DMAConvCplt
 .text.HAL_ADC_ConvHalfCpltCallback
                0x08001bd2        0x2 build/debug/Drivers/STM32F1xx_HAL_Driver/Src/stm32f1xx_hal_adc.o
                0x08001bd2                HAL_ADC_ConvHalfCpltCallback
 .text.ADC_DMAHalfConvCplt
                0x08001bd4        0xa build/debug/Drivers/STM32F1xx_HAL_Driver/Src/stm32f1xx_hal_adc.o
                0x08001bd4                ADC_DMAHalfConvCplt
 .text.HAL_ADC_ErrorCallback
                0x08001bde        0x2 build/debug/Drivers/STM32F1xx_HAL_Driver/Src/stm32f1xx_hal_adc.o
                0x08001bde                HAL_ADC_ErrorCallback
 .text.ADC_DMAError
                0x08001be0       0x1a build/debug/Drivers/STM32F1xx_HAL_Driver/Src/stm32f1xx_hal_adc.o
                0x08001be0                ADC_DMAError
 *fill*         0x08001bfa        0x2 
 .text.HAL_ADC_ConfigChannel
                0x08001bfc      0x140 build/debug/Drivers/STM32F1xx_HAL_Driver/Src/stm32f1xx_hal_adc.o
                0x08001bfc                HAL_ADC_ConfigChannel
 .text.ADC_Enable
                0x08001d3c       0x88 build/debug/Drivers/STM32F1xx_HAL_Driver/Src/stm32f1xx_hal_adc.o
                0x08001d3c                ADC_Enable
 .text.HAL_ADC_Start_DMA
                0x08001dc4      0x130 build/debug/Drivers/STM32F1xx_HAL_Driver/Src/stm32f1xx_hal_adc.o
                0x08001dc4                HAL_ADC_Start_DMA
 .text.ADC_ConversionStop_Disable
                0x08001ef4       0x56 build/debug/Drivers/STM32F1xx_HAL_Driver/Src/stm32f1xx_hal_adc.o
                0x08001ef4                ADC_ConversionStop_Disable
 *fill*         0x08001f4a        0x2 
 .text.HAL_ADC_Init
                0x08001f4c      0x108 build/debug/Drivers/STM32F1xx_HAL_Driver/Src/stm32f1xx_hal_adc.o
                0x08001f4c                HAL_ADC_Init
 .text.HAL_ADCEx_Calibration_Start
                0x08002054      0x100 build/debug/Drivers/STM32F1xx_HAL_Driver/Src/stm32f1xx_hal_adc_ex.o
                0x08002054                HAL_ADCEx_Calibration_Start
 .text.__NVIC_SetPriority
                0x08002154       0x28 build/debug/Drivers/STM32F1xx_HAL_Driver/Src/stm32f1xx_hal_cortex.o
 .text.NVIC_EncodePriority
                0x0800217c       0x3e build/debug/Drivers/STM32F1xx_HAL_Driver/Src/stm32f1xx_hal_cortex.o
 *fill*         0x080021ba        0x2 
 .text.HAL_NVIC_SetPriorityGrouping
                0x080021bc       0x24 build/debug/Drivers/STM32F1xx_HAL_Driver/Src/stm32f1xx_hal_cortex.o
                0x080021bc                HAL_NVIC_SetPriorityGrouping
 .text.HAL_NVIC_SetPriority
                0x080021e0       0x20 build/debug/Drivers/STM32F1xx_HAL_Driver/Src/stm32f1xx_hal_cortex.o
                0x080021e0                HAL_NVIC_SetPriority
 .text.HAL_NVIC_EnableIRQ
                0x08002200       0x1c build/debug/Drivers/STM32F1xx_HAL_Driver/Src/stm32f1xx_hal_cortex.o
                0x08002200                HAL_NVIC_EnableIRQ
 .text.HAL_SYSTICK_Config
                0x0800221c       0x28 build/debug/Drivers/STM32F1xx_HAL_Driver/Src/stm32f1xx_hal_cortex.o
                0x0800221c                HAL_SYSTICK_Config
 .text.DMA_SetConfig
                0x08002244       0x2c build/debug/Drivers/STM32F1xx_HAL_Driver/Src/stm32f1xx_hal_dma.o
 .text.HAL_DMA_Init
                0x08002270       0x68 build/debug/Drivers/STM32F1xx_HAL_Driver/Src/stm32f1xx_hal_dma.o
                0x08002270                HAL_DMA_Init
 .text.HAL_DMA_Start_IT
                0x080022d8       0x76 build/debug/Drivers/STM32F1xx_HAL_Driver/Src/stm32f1xx_hal_dma.o
                0x080022d8                HAL_DMA_Start_IT
 .text.HAL_DMA_Abort
                0x0800234e       0x46 build/debug/Drivers/STM32F1xx_HAL_Driver/Src/stm32f1xx_hal_dma.o
                0x0800234e                HAL_DMA_Abort
 .text.HAL_DMA_Abort_IT
                0x08002394       0x98 build/debug/Drivers/STM32F1xx_HAL_Driver/Src/stm32f1xx_hal_dma.o
                0x08002394                HAL_DMA_Abort_IT
 .text.HAL_DMA_IRQHandler
                0x0800242c      0x144 build/debug/Drivers/STM32F1xx_HAL_Driver/Src/stm32f1xx_hal_dma.o
                0x0800242c                HAL_DMA_IRQHandler
 .text.HAL_GPIO_Init
                0x08002570      0x21c build/debug/Drivers/STM32F1xx_HAL_Driver/Src/stm32f1xx_hal_gpio.o
                0x08002570                HAL_GPIO_Init
 .text.HAL_GPIO_WritePin
                0x0800278c        0xc build/debug/Drivers/STM32F1xx_HAL_Driver/Src/stm32f1xx_hal_gpio.o
                0x0800278c                HAL_GPIO_WritePin
 .text.HAL_GPIO_EXTI_Callback
                0x08002798        0x2 build/debug/Drivers/STM32F1xx_HAL_Driver/Src/stm32f1xx_hal_gpio.o
                0x08002798                HAL_GPIO_EXTI_Callback
 *fill*         0x0800279a        0x2 
 .text.HAL_GPIO_EXTI_IRQHandler
                0x0800279c       0x1c build/debug/Drivers/STM32F1xx_HAL_Driver/Src/stm32f1xx_hal_gpio.o
                0x0800279c                HAL_GPIO_EXTI_IRQHandler
 .text.RCC_Delay
                0x080027b8       0x2c build/debug/Drivers/STM32F1xx_HAL_Driver/Src/stm32f1xx_hal_rcc.o
 .text.HAL_RCC_OscConfig
                0x080027e4      0x410 build/debug/Drivers/STM32F1xx_HAL_Driver/Src/stm32f1xx_hal_rcc.o
                0x080027e4                HAL_RCC_OscConfig
 .text.HAL_RCC_GetSysClockFreq
                0x08002bf4       0x54 build/debug/Drivers/STM32F1xx_HAL_Driver/Src/stm32f1xx_hal_rcc.o
                0x08002bf4                HAL_RCC_GetSysClockFreq
 .text.HAL_RCC_ClockConfig
                0x08002c48      0x16c build/debug/Drivers/STM32F1xx_HAL_Driver/Src/stm32f1xx_hal_rcc.o
                0x08002c48                HAL_RCC_ClockConfig
 .text.HAL_RCC_GetHCLKFreq
                0x08002db4        0xc build/debug/Drivers/STM32F1xx_HAL_Driver/Src/stm32f1xx_hal_rcc.o
                0x08002db4                HAL_RCC_GetHCLKFreq
 .text.HAL_RCC_GetPCLK1Freq
                0x08002dc0       0x20 build/debug/Drivers/STM32F1xx_HAL_Driver/Src/stm32f1xx_hal_rcc.o
                0x08002dc0                HAL_RCC_GetPCLK1Freq
 .text.HAL_RCC_GetPCLK2Freq
                0x08002de0       0x20 build/debug/Drivers/STM32F1xx_HAL_Driver/Src/stm32f1xx_hal_rcc.o
                0x08002de0                HAL_RCC_GetPCLK2Freq
 .text.HAL_RCCEx_PeriphCLKConfig
                0x08002e00      0x118 build/debug/Drivers/STM32F1xx_HAL_Driver/Src/stm32f1xx_hal_rcc_ex.o
                0x08002e00                HAL_RCCEx_PeriphCLKConfig
 .text.HAL_RCCEx_GetPeriphCLKFreq
                0x08002f18       0xd8 build/debug/Drivers/STM32F1xx_HAL_Driver/Src/stm32f1xx_hal_rcc_ex.o
                0x08002f18                HAL_RCCEx_GetPeriphCLKFreq
 .text.TIM_OC1_SetConfig
                0x08002ff0       0x54 build/debug/Drivers/STM32F1xx_HAL_Driver/Src/stm32f1xx_hal_tim.o
 .text.TIM_OC3_SetConfig
                0x08003044       0x5c build/debug/Drivers/STM32F1xx_HAL_Driver/Src/stm32f1xx_hal_tim.o
 .text.TIM_OC4_SetConfig
                0x080030a0       0x48 build/debug/Drivers/STM32F1xx_HAL_Driver/Src/stm32f1xx_hal_tim.o
 .text.HAL_TIM_OC_DelayElapsedCallback
                0x080030e8        0x2 build/debug/Drivers/STM32F1xx_HAL_Driver/Src/stm32f1xx_hal_tim.o
                0x080030e8                HAL_TIM_OC_DelayElapsedCallback
 .text.HAL_TIM_IC_CaptureCallback
                0x080030ea        0x2 build/debug/Drivers/STM32F1xx_HAL_Driver/Src/stm32f1xx_hal_tim.o
                0x080030ea                HAL_TIM_IC_CaptureCallback
 .text.HAL_TIM_PWM_PulseFinishedCallback
                0x080030ec        0x2 build/debug/Drivers/STM32F1xx_HAL_Driver/Src/stm32f1xx_hal_tim.o
                0x080030ec                HAL_TIM_PWM_PulseFinishedCallback
 .text.HAL_TIM_TriggerCallback
                0x080030ee        0x2 build/debug/Drivers/STM32F1xx_HAL_Driver/Src/stm32f1xx_hal_tim.o
                0x080030ee                HAL_TIM_TriggerCallback
 .text.HAL_TIM_IRQHandler
                0x080030f0      0x15e build/debug/Drivers/STM32F1xx_HAL_Driver/Src/stm32f1xx_hal_tim.o
                0x080030f0                HAL_TIM_IRQHandler
 *fill*         0x0800324e        0x2 
 .text.TIM_Base_SetConfig
                0x08003250       0x84 build/debug/Drivers/STM32F1xx_HAL_Driver/Src/stm32f1xx_hal_tim.o
                0x08003250                TIM_Base_SetConfig
 .text.HAL_TIM_PWM_Init
                0x080032d4       0x58 build/debug/Drivers/STM32F1xx_HAL_Driver/Src/stm32f1xx_hal_tim.o
                0x080032d4                HAL_TIM_PWM_Init
 .text.HAL_TIM_Encoder_Init
                0x0800332c       0xb6 build/debug/Drivers/STM32F1xx_HAL_Driver/Src/stm32f1xx_hal_tim.o
                0x0800332c                HAL_TIM_Encoder_Init
 *fill*         0x080033e2        0x2 
 .text.TIM_OC2_SetConfig
                0x080033e4       0x5c build/debug/Drivers/STM32F1xx_HAL_Driver/Src/stm32f1xx_hal_tim.o
                0x080033e4                TIM_OC2_SetConfig
 .text.HAL_TIM_PWM_ConfigChannel
                0x08003440       0xdc build/debug/Drivers/STM32F1xx_HAL_Driver/Src/stm32f1xx_hal_tim.o
                0x08003440                HAL_TIM_PWM_ConfigChannel
 .text.TIM_CCxChannelCmd
                0x0800351c       0x1e build/debug/Drivers/STM32F1xx_HAL_Driver/Src/stm32f1xx_hal_tim.o
                0x0800351c                TIM_CCxChannelCmd
 *fill*         0x0800353a        0x2 
 .text.HAL_TIM_PWM_Start
                0x0800353c       0xdc build/debug/Drivers/STM32F1xx_HAL_Driver/Src/stm32f1xx_hal_tim.o
                0x0800353c                HAL_TIM_PWM_Start
 .text.HAL_TIM_Encoder_Start
                0x08003618       0xcc build/debug/Drivers/STM32F1xx_HAL_Driver/Src/stm32f1xx_hal_tim.o
                0x08003618                HAL_TIM_Encoder_Start
 .text.HAL_TIMEx_MasterConfigSynchronization
                0x080036e4       0x6c build/debug/Drivers/STM32F1xx_HAL_Driver/Src/stm32f1xx_hal_tim_ex.o
                0x080036e4                HAL_TIMEx_MasterConfigSynchronization
 .text.HAL_TIMEx_CommutCallback
                0x08003750        0x2 build/debug/Drivers/STM32F1xx_HAL_Driver/Src/stm32f1xx_hal_tim_ex.o
                0x08003750                HAL_TIMEx_CommutCallback
 .text.HAL_TIMEx_BreakCallback
                0x08003752        0x2 build/debug/Drivers/STM32F1xx_HAL_Driver/Src/stm32f1xx_hal_tim_ex.o
                0x08003752                HAL_TIMEx_BreakCallback
 .text.UART_EndTxTransfer
                0x08003754       0x20 build/debug/Drivers/STM32F1xx_HAL_Driver/Src/stm32f1xx_hal_uart.o
 .text.UART_EndRxTransfer
                0x08003774       0x5c build/debug/Drivers/STM32F1xx_HAL_Driver/Src/stm32f1xx_hal_uart.o
 .text.UART_Transmit_IT
                0x080037d0       0x60 build/debug/Drivers/STM32F1xx_HAL_Driver/Src/stm32f1xx_hal_uart.o
 .text.UART_SetConfig
                0x08003830       0x94 build/debug/Drivers/STM32F1xx_HAL_Driver/Src/stm32f1xx_hal_uart.o
 .text.HAL_UART_Init
                0x080038c4       0x60 build/debug/Drivers/STM32F1xx_HAL_Driver/Src/stm32f1xx_hal_uart.o
                0x080038c4                HAL_UART_Init
 .text.HAL_UART_Transmit_DMA
                0x08003924       0x84 build/debug/Drivers/STM32F1xx_HAL_Driver/Src/stm32f1xx_hal_uart.o
                0x08003924                HAL_UART_Transmit_DMA
 .text.UART_DMATransmitCplt
                0x080039a8       0x4c build/debug/Drivers/STM32F1xx_HAL_Driver/Src/stm32f1xx_hal_uart.o
 .text.UART_EndTransmit_IT
                0x080039f4       0x1a build/debug/Drivers/STM32F1xx_HAL_Driver/Src/stm32f1xx_hal_uart.o
 .text.HAL_UART_TxHalfCpltCallback
                0x08003a0e        0x2 build/debug/Drivers/STM32F1xx_HAL_Driver/Src/stm32f1xx_hal_uart.o
                0x08003a0e                HAL_UART_TxHalfCpltCallback
 .text.UART_DMATxHalfCplt
                0x08003a10        0xa build/debug/Drivers/STM32F1xx_HAL_Driver/Src/stm32f1xx_hal_uart.o
 .text.HAL_UART_RxHalfCpltCallback
                0x08003a1a        0x2 build/debug/Drivers/STM32F1xx_HAL_Driver/Src/stm32f1xx_hal_uart.o
                0x08003a1a                HAL_UART_RxHalfCpltCallback
 .text.HAL_UART_ErrorCallback
                0x08003a1c        0x2 build/debug/Drivers/STM32F1xx_HAL_Driver/Src/stm32f1xx_hal_uart.o
                0x08003a1c                HAL_UART_ErrorCallback
 .text.UART_DMAError
                0x08003a1e       0x58 build/debug/Drivers/STM32F1xx_HAL_Driver/Src/stm32f1xx_hal_uart.o
 .text.UART_DMAAbortOnError
                0x08003a76       0x10 build/debug/Drivers/STM32F1xx_HAL_Driver/Src/stm32f1xx_hal_uart.o
 .text.HAL_UARTEx_RxEventCallback
                0x08003a86        0x2 build/debug/Drivers/STM32F1xx_HAL_Driver/Src/stm32f1xx_hal_uart.o
                0x08003a86                HAL_UARTEx_RxEventCallback
 .text.UART_Receive_IT
                0x08003a88       0xe6 build/debug/Drivers/STM32F1xx_HAL_Driver/Src/stm32f1xx_hal_uart.o
 *fill*         0x08003b6e        0x2 
 .text.HAL_UART_IRQHandler
                0x08003b70      0x284 build/debug/Drivers/STM32F1xx_HAL_Driver/Src/stm32f1xx_hal_uart.o
                0x08003b70                HAL_UART_IRQHandler
 .text.UART_DMARxHalfCplt
                0x08003df4       0x1e build/debug/Drivers/STM32F1xx_HAL_Driver/Src/stm32f1xx_hal_uart.o
 .text.UART_DMAReceiveCplt
                0x08003e12       0x9a build/debug/Drivers/STM32F1xx_HAL_Driver/Src/stm32f1xx_hal_uart.o
 .text.UART_Start_Receive_IT
                0x08003eac       0x36 build/debug/Drivers/STM32F1xx_HAL_Driver/Src/stm32f1xx_hal_uart.o
                0x08003eac                UART_Start_Receive_IT
 .text.HAL_UART_Receive_IT
                0x08003ee2       0x26 build/debug/Drivers/STM32F1xx_HAL_Driver/Src/stm32f1xx_hal_uart.o
                0x08003ee2                HAL_UART_Receive_IT
 .text.UART_Start_Receive_DMA
                0x08003f08       0xa4 build/debug/Drivers/STM32F1xx_HAL_Driver/Src/stm32f1xx_hal_uart.o
                0x08003f08                UART_Start_Receive_DMA
 .text.HAL_UART_Receive_DMA
                0x08003fac       0x26 build/debug/Drivers/STM32F1xx_HAL_Driver/Src/stm32f1xx_hal_uart.o
                0x08003fac                HAL_UART_Receive_DMA
 *fill*         0x08003fd2        0x2 
 .text.Reset_Handler
                0x08003fd4       0x48 build/debug/startup_stm32f103xb.o
                0x08003fd4                Reset_Handler
 .text.Default_Handler
                0x0800401c        0x2 build/debug/startup_stm32f103xb.o
                0x0800401c                RTC_Alarm_IRQHandler
                0x0800401c                EXTI2_IRQHandler
                0x0800401c                TIM1_CC_IRQHandler
                0x0800401c                PVD_IRQHandler
                0x0800401c                EXTI3_IRQHandler
                0x0800401c                EXTI0_IRQHandler
                0x0800401c                I2C2_EV_IRQHandler
                0x0800401c                ADC1_2_IRQHandler
                0x0800401c                SPI1_IRQHandler
                0x0800401c                TAMPER_IRQHandler
                0x0800401c                DMA1_Channel4_IRQHandler
                0x0800401c                RTC_IRQHandler
                0x0800401c                DMA1_Channel7_IRQHandler
                0x0800401c                CAN1_RX1_IRQHandler
                0x0800401c                TIM4_IRQHandler
                0x0800401c                I2C1_EV_IRQHandler
                0x0800401c                DMA1_Channel6_IRQHandler
                0x0800401c                RCC_IRQHandler
                0x0800401c                TIM1_TRG_COM_IRQHandler
                0x0800401c                Default_Handler
                0x0800401c                EXTI9_5_IRQHandler
                0x0800401c                SPI2_IRQHandler
                0x0800401c                DMA1_Channel5_IRQHandler
                0x0800401c                EXTI4_IRQHandler
                0x0800401c                USB_LP_CAN1_RX0_IRQHandler
                0x0800401c                USB_HP_CAN1_TX_IRQHandler
                0x0800401c                TIM1_UP_IRQHandler
                0x0800401c                WWDG_IRQHandler
                0x0800401c                TIM2_IRQHandler
                0x0800401c                TIM1_BRK_IRQHandler
                0x0800401c                EXTI1_IRQHandler
                0x0800401c                USART2_IRQHandler
                0x0800401c                I2C2_ER_IRQHandler
                0x0800401c                CAN1_SCE_IRQHandler
                0x0800401c                FLASH_IRQHandler
                0x0800401c                USART1_IRQHandler
                0x0800401c                I2C1_ER_IRQHandler
                0x0800401c                USBWakeUp_IRQHandler
 *fill*         0x0800401e        0x2 
 .text._IQ18div
                0x08004020       0x90 .\libIQmathLib-cm3.a(IQNdiv.o)
                0x08004020                _IQ18div
 .text._IQ18mpy
                0x080040b0       0x10 .\libIQmathLib-cm3.a(IQNmpy.o)
                0x080040b0                _IQ18mpy
 .text.malloc   0x080040c0       0x10 c:/Users/zhmis/AppData/Roaming/Code/User/globalStorage/bmd.stm32-for-vscode/@xpack-dev-tools/arm-none-eabi-gcc/13.3.1-1.1.1/.content/bin/../lib/gcc/arm-none-eabi/13.3.1/../../../../arm-none-eabi/lib/thumb/v7-m/nofp\libc_nano.a(libc_a-malloc.o)
                0x080040c0                malloc
 .text.sbrk_aligned
                0x080040d0       0x44 c:/Users/zhmis/AppData/Roaming/Code/User/globalStorage/bmd.stm32-for-vscode/@xpack-dev-tools/arm-none-eabi-gcc/13.3.1-1.1.1/.content/bin/../lib/gcc/arm-none-eabi/13.3.1/../../../../arm-none-eabi/lib/thumb/v7-m/nofp\libc_nano.a(libc_a-mallocr.o)
 .text._malloc_r
                0x08004114      0x100 c:/Users/zhmis/AppData/Roaming/Code/User/globalStorage/bmd.stm32-for-vscode/@xpack-dev-tools/arm-none-eabi-gcc/13.3.1-1.1.1/.content/bin/../lib/gcc/arm-none-eabi/13.3.1/../../../../arm-none-eabi/lib/thumb/v7-m/nofp\libc_nano.a(libc_a-mallocr.o)
                0x08004114                _malloc_r
 .text.__malloc_lock
                0x08004214        0xc c:/Users/zhmis/AppData/Roaming/Code/User/globalStorage/bmd.stm32-for-vscode/@xpack-dev-tools/arm-none-eabi-gcc/13.3.1-1.1.1/.content/bin/../lib/gcc/arm-none-eabi/13.3.1/../../../../arm-none-eabi/lib/thumb/v7-m/nofp\libc_nano.a(libc_a-mlock.o)
                0x08004214                __malloc_lock
 .text.__malloc_unlock
                0x08004220        0xc c:/Users/zhmis/AppData/Roaming/Code/User/globalStorage/bmd.stm32-for-vscode/@xpack-dev-tools/arm-none-eabi-gcc/13.3.1-1.1.1/.content/bin/../lib/gcc/arm-none-eabi/13.3.1/../../../../arm-none-eabi/lib/thumb/v7-m/nofp\libc_nano.a(libc_a-mlock.o)
                0x08004220                __malloc_unlock
 .text.memset   0x0800422c       0x10 c:/Users/zhmis/AppData/Roaming/Code/User/globalStorage/bmd.stm32-for-vscode/@xpack-dev-tools/arm-none-eabi-gcc/13.3.1-1.1.1/.content/bin/../lib/gcc/arm-none-eabi/13.3.1/../../../../arm-none-eabi/lib/thumb/v7-m/nofp\libc_nano.a(libc_a-memset.o)
                0x0800422c                memset
 .text._sbrk_r  0x0800423c       0x20 c:/Users/zhmis/AppData/Roaming/Code/User/globalStorage/bmd.stm32-for-vscode/@xpack-dev-tools/arm-none-eabi-gcc/13.3.1-1.1.1/.content/bin/../lib/gcc/arm-none-eabi/13.3.1/../../../../arm-none-eabi/lib/thumb/v7-m/nofp\libc_nano.a(libc_a-sbrkr.o)
                0x0800423c                _sbrk_r
 .text.__errno  0x0800425c        0xc c:/Users/zhmis/AppData/Roaming/Code/User/globalStorage/bmd.stm32-for-vscode/@xpack-dev-tools/arm-none-eabi-gcc/13.3.1-1.1.1/.content/bin/../lib/gcc/arm-none-eabi/13.3.1/../../../../arm-none-eabi/lib/thumb/v7-m/nofp\libc_nano.a(libc_a-errno.o)
                0x0800425c                __errno
 .text.__libc_init_array
                0x08004268       0x48 c:/Users/zhmis/AppData/Roaming/Code/User/globalStorage/bmd.stm32-for-vscode/@xpack-dev-tools/arm-none-eabi-gcc/13.3.1-1.1.1/.content/bin/../lib/gcc/arm-none-eabi/13.3.1/../../../../arm-none-eabi/lib/thumb/v7-m/nofp\libc_nano.a(libc_a-init.o)
                0x08004268                __libc_init_array
 .text.__retarget_lock_acquire_recursive
                0x080042b0        0x2 c:/Users/zhmis/AppData/Roaming/Code/User/globalStorage/bmd.stm32-for-vscode/@xpack-dev-tools/arm-none-eabi-gcc/13.3.1-1.1.1/.content/bin/../lib/gcc/arm-none-eabi/13.3.1/../../../../arm-none-eabi/lib/thumb/v7-m/nofp\libc_nano.a(libc_a-lock.o)
                0x080042b0                __retarget_lock_acquire_recursive
 .text.__retarget_lock_release_recursive
                0x080042b2        0x2 c:/Users/zhmis/AppData/Roaming/Code/User/globalStorage/bmd.stm32-for-vscode/@xpack-dev-tools/arm-none-eabi-gcc/13.3.1-1.1.1/.content/bin/../lib/gcc/arm-none-eabi/13.3.1/../../../../arm-none-eabi/lib/thumb/v7-m/nofp\libc_nano.a(libc_a-lock.o)
                0x080042b2                __retarget_lock_release_recursive
 *(.glue_7)
 .glue_7        0x080042b4        0x0 linker stubs
 *(.glue_7t)
 .glue_7t       0x080042b4        0x0 linker stubs
 *(.eh_frame)
 .eh_frame      0x080042b4        0x0 c:/Users/zhmis/AppData/Roaming/Code/User/globalStorage/bmd.stm32-for-vscode/@xpack-dev-tools/arm-none-eabi-gcc/13.3.1-1.1.1/.content/bin/../lib/gcc/arm-none-eabi/13.3.1/thumb/v7-m/nofp/crtbegin.o
 *(.init)
 .init          0x080042b4        0x4 c:/Users/zhmis/AppData/Roaming/Code/User/globalStorage/bmd.stm32-for-vscode/@xpack-dev-tools/arm-none-eabi-gcc/13.3.1-1.1.1/.content/bin/../lib/gcc/arm-none-eabi/13.3.1/thumb/v7-m/nofp/crti.o
                0x080042b4                _init
 .init          0x080042b8        0x8 c:/Users/zhmis/AppData/Roaming/Code/User/globalStorage/bmd.stm32-for-vscode/@xpack-dev-tools/arm-none-eabi-gcc/13.3.1-1.1.1/.content/bin/../lib/gcc/arm-none-eabi/13.3.1/thumb/v7-m/nofp/crtn.o
 *(.fini)
 .fini          0x080042c0        0x4 c:/Users/zhmis/AppData/Roaming/Code/User/globalStorage/bmd.stm32-for-vscode/@xpack-dev-tools/arm-none-eabi-gcc/13.3.1-1.1.1/.content/bin/../lib/gcc/arm-none-eabi/13.3.1/thumb/v7-m/nofp/crti.o
                0x080042c0                _fini
 .fini          0x080042c4        0x8 c:/Users/zhmis/AppData/Roaming/Code/User/globalStorage/bmd.stm32-for-vscode/@xpack-dev-tools/arm-none-eabi-gcc/13.3.1-1.1.1/.content/bin/../lib/gcc/arm-none-eabi/13.3.1/thumb/v7-m/nofp/crtn.o
                0x080042cc                        . = ALIGN (0x4)
                0x080042cc                        _etext = .

.vfp11_veneer   0x080042cc        0x0
 .vfp11_veneer  0x080042cc        0x0 linker stubs

.v4_bx          0x080042cc        0x0
 .v4_bx         0x080042cc        0x0 linker stubs

.iplt           0x080042cc        0x0
 .iplt          0x080042cc        0x0 c:/Users/zhmis/AppData/Roaming/Code/User/globalStorage/bmd.stm32-for-vscode/@xpack-dev-tools/arm-none-eabi-gcc/13.3.1-1.1.1/.content/bin/../lib/gcc/arm-none-eabi/13.3.1/thumb/v7-m/nofp/crtbegin.o

.rodata         0x080042cc       0x40
                0x080042cc                        . = ALIGN (0x4)
 *(.rodata)
 *(.rodata*)
 .rodata.APBPrescTable
                0x080042cc        0x8 build/debug/Core/Src/system_stm32f1xx.o
                0x080042cc                APBPrescTable
 .rodata.AHBPrescTable
                0x080042d4       0x10 build/debug/Core/Src/system_stm32f1xx.o
                0x080042d4                AHBPrescTable
 .rodata.aPredivFactorTable.0
                0x080042e4        0x2 build/debug/Drivers/STM32F1xx_HAL_Driver/Src/stm32f1xx_hal_rcc.o
 *fill*         0x080042e6        0x2 
 .rodata.aPLLMULFactorTable.1
                0x080042e8       0x10 build/debug/Drivers/STM32F1xx_HAL_Driver/Src/stm32f1xx_hal_rcc.o
 .rodata.aPredivFactorTable.0
                0x080042f8        0x2 build/debug/Drivers/STM32F1xx_HAL_Driver/Src/stm32f1xx_hal_rcc_ex.o
 *fill*         0x080042fa        0x2 
 .rodata.aPLLMULFactorTable.1
                0x080042fc       0x10 build/debug/Drivers/STM32F1xx_HAL_Driver/Src/stm32f1xx_hal_rcc_ex.o
                0x0800430c                        . = ALIGN (0x4)

.rel.dyn        0x0800430c        0x0
 .rel.iplt      0x0800430c        0x0 c:/Users/zhmis/AppData/Roaming/Code/User/globalStorage/bmd.stm32-for-vscode/@xpack-dev-tools/arm-none-eabi-gcc/13.3.1-1.1.1/.content/bin/../lib/gcc/arm-none-eabi/13.3.1/thumb/v7-m/nofp/crtbegin.o

.ARM.extab
 *(.ARM.extab* .gnu.linkonce.armextab.*)

.ARM            0x0800430c        0x0
                0x0800430c                        __exidx_start = .
 *(.ARM.exidx*)
                0x0800430c                        __exidx_end = .

.preinit_array  0x0800430c        0x0
                0x0800430c                        PROVIDE (__preinit_array_start = .)
 *(.preinit_array*)
                0x0800430c                        PROVIDE (__preinit_array_end = .)

.init_array     0x0800430c        0x4
                0x0800430c                        PROVIDE (__init_array_start = .)
 *(SORT_BY_NAME(.init_array.*))
 *(.init_array*)
 .init_array    0x0800430c        0x4 c:/Users/zhmis/AppData/Roaming/Code/User/globalStorage/bmd.stm32-for-vscode/@xpack-dev-tools/arm-none-eabi-gcc/13.3.1-1.1.1/.content/bin/../lib/gcc/arm-none-eabi/13.3.1/thumb/v7-m/nofp/crtbegin.o
                0x08004310                        PROVIDE (__init_array_end = .)

.fini_array     0x08004310        0x4
                0x08004310                        PROVIDE (__fini_array_start = .)
 *(SORT_BY_NAME(.fini_array.*))
 *(.fini_array*)
 .fini_array    0x08004310        0x4 c:/Users/zhmis/AppData/Roaming/Code/User/globalStorage/bmd.stm32-for-vscode/@xpack-dev-tools/arm-none-eabi-gcc/13.3.1-1.1.1/.content/bin/../lib/gcc/arm-none-eabi/13.3.1/thumb/v7-m/nofp/crtbegin.o
                0x08004314                        PROVIDE (__fini_array_end = .)
                0x08004314                        _sidata = LOADADDR (.data)

.data           0x20000000       0x60 load address 0x08004314
                0x20000000                        . = ALIGN (0x4)
                0x20000000                        _sdata = .
 *(.data)
 *(.data*)
 .data.ch_order
                0x20000000        0x4 build/debug/Core/Src/adc_current.o
                0x20000000                ch_order
 .data.SystemCoreClock
                0x20000004        0x4 build/debug/Core/Src/system_stm32f1xx.o
                0x20000004                SystemCoreClock
 .data.uwTickFreq
                0x20000008        0x1 build/debug/Drivers/STM32F1xx_HAL_Driver/Src/stm32f1xx_hal.o
                0x20000008                uwTickFreq
 *fill*         0x20000009        0x3 
 .data.uwTickPrio
                0x2000000c        0x4 build/debug/Drivers/STM32F1xx_HAL_Driver/Src/stm32f1xx_hal.o
                0x2000000c                uwTickPrio
 .data._impure_ptr
                0x20000010        0x4 c:/Users/zhmis/AppData/Roaming/Code/User/globalStorage/bmd.stm32-for-vscode/@xpack-dev-tools/arm-none-eabi-gcc/13.3.1-1.1.1/.content/bin/../lib/gcc/arm-none-eabi/13.3.1/../../../../arm-none-eabi/lib/thumb/v7-m/nofp\libc_nano.a(libc_a-impure.o)
                0x20000010                _impure_ptr
 .data._impure_data
                0x20000014       0x4c c:/Users/zhmis/AppData/Roaming/Code/User/globalStorage/bmd.stm32-for-vscode/@xpack-dev-tools/arm-none-eabi-gcc/13.3.1-1.1.1/.content/bin/../lib/gcc/arm-none-eabi/13.3.1/../../../../arm-none-eabi/lib/thumb/v7-m/nofp\libc_nano.a(libc_a-impure.o)
                0x20000014                _impure_data
                0x20000060                        . = ALIGN (0x4)
                0x20000060                        _edata = .

.igot.plt       0x20000060        0x0 load address 0x08004374
 .igot.plt      0x20000060        0x0 c:/Users/zhmis/AppData/Roaming/Code/User/globalStorage/bmd.stm32-for-vscode/@xpack-dev-tools/arm-none-eabi-gcc/13.3.1-1.1.1/.content/bin/../lib/gcc/arm-none-eabi/13.3.1/thumb/v7-m/nofp/crtbegin.o
                0x20000060                        . = ALIGN (0x4)

.bss            0x20000060      0x688 load address 0x08004374
                0x20000060                        _sbss = .
                0x20000060                        __bss_start__ = _sbss
 *(.bss)
 *(.bss*)
 .bss.completed.1
                0x20000060        0x1 c:/Users/zhmis/AppData/Roaming/Code/User/globalStorage/bmd.stm32-for-vscode/@xpack-dev-tools/arm-none-eabi-gcc/13.3.1-1.1.1/.content/bin/../lib/gcc/arm-none-eabi/13.3.1/thumb/v7-m/nofp/crtbegin.o
 *fill*         0x20000061        0x3 
 .bss.object.0  0x20000064       0x18 c:/Users/zhmis/AppData/Roaming/Code/User/globalStorage/bmd.stm32-for-vscode/@xpack-dev-tools/arm-none-eabi-gcc/13.3.1-1.1.1/.content/bin/../lib/gcc/arm-none-eabi/13.3.1/thumb/v7-m/nofp/crtbegin.o
 .bss.hdma_adc1
                0x2000007c       0x44 build/debug/Core/Src/adc.o
                0x2000007c                hdma_adc1
 .bss.hadc1     0x200000c0       0x30 build/debug/Core/Src/adc.o
                0x200000c0                hadc1
 .bss.filter2   0x200000f0        0x4 build/debug/Core/Src/adc_current.o
                0x200000f0                filter2
 .bss.filter1   0x200000f4        0x4 build/debug/Core/Src/adc_current.o
                0x200000f4                filter1
 .bss.current   0x200000f8        0x8 build/debug/Core/Src/adc_current.o
                0x200000f8                current
 .bss.adc       0x20000100        0x4 build/debug/Core/Src/adc_current.o
                0x20000100                adc
 .bss.reset_flag
                0x20000104        0x1 build/debug/Core/Src/global_flags.o
                0x20000104                reset_flag
 .bss.system_enabled
                0x20000105        0x1 build/debug/Core/Src/global_flags.o
                0x20000105                system_enabled
 .bss.irq_counter250
                0x20000106        0x2 build/debug/Core/Src/loops_handler.o
                0x20000106                irq_counter250
 .bss.irq_counter9k
                0x20000108        0x2 build/debug/Core/Src/loops_handler.o
                0x20000108                irq_counter9k
 *fill*         0x2000010a        0x2 
 .bss.servo2_g  0x2000010c      0x124 build/debug/Core/Src/main.o
                0x2000010c                servo2_g
 .bss.servo1_g  0x20000230      0x124 build/debug/Core/Src/main.o
                0x20000230                servo1_g
 .bss.failed_data_packets_count
                0x20000354        0x4 build/debug/Core/Src/potamon_bus_lowlvl_handle.o
                0x20000354                failed_data_packets_count
 .bss.failed_sync_packets_count
                0x20000358        0x4 build/debug/Core/Src/potamon_bus_lowlvl_handle.o
                0x20000358                failed_sync_packets_count
 .bss.huisosal  0x2000035c        0x2 build/debug/Core/Src/potamon_bus_lowlvl_handle.o
                0x2000035c                huisosal
 .bss.chunk_counter
                0x2000035e        0x1 build/debug/Core/Src/potamon_bus_lowlvl_handle.o
                0x2000035e                chunk_counter
 .bss.expected_packet
                0x2000035f        0x1 build/debug/Core/Src/potamon_bus_lowlvl_handle.o
                0x2000035f                expected_packet
 .bss.data_current
                0x20000360        0x7 build/debug/Core/Src/potamon_bus_lowlvl_handle.o
                0x20000360                data_current
 *fill*         0x20000367        0x1 
 .bss.data_encoder
                0x20000368        0xf build/debug/Core/Src/potamon_bus_lowlvl_handle.o
                0x20000368                data_encoder
 *fill*         0x20000377        0x1 
 .bss.data_traj_n
                0x20000378        0x8 build/debug/Core/Src/potamon_bus_lowlvl_handle.o
                0x20000378                data_traj_n
 .bss.data_traj_n_unchecked
                0x20000380        0x8 build/debug/Core/Src/potamon_bus_lowlvl_handle.o
                0x20000380                data_traj_n_unchecked
 .bss.data_ctrl
                0x20000388       0x10 build/debug/Core/Src/potamon_bus_lowlvl_handle.o
                0x20000388                data_ctrl
 .bss.data_ctrl_unchecked
                0x20000398       0x10 build/debug/Core/Src/potamon_bus_lowlvl_handle.o
                0x20000398                data_ctrl_unchecked
 .bss.packet_sync
                0x200003a8        0x2 build/debug/Core/Src/potamon_bus_lowlvl_handle.o
                0x200003a8                packet_sync
 *fill*         0x200003aa        0x2 
 .bss.uart_rx_dump_buffer
                0x200003ac       0x43 build/debug/Core/Src/potamon_bus_lowlvl_handle.o
                0x200003ac                uart_rx_dump_buffer
 *fill*         0x200003ef        0x1 
 .bss.__sbrk_heap_end
                0x200003f0        0x4 build/debug/Core/Src/sysmem.o
 .bss.htim3     0x200003f4       0x48 build/debug/Core/Src/tim.o
                0x200003f4                htim3
 .bss.htim2     0x2000043c       0x48 build/debug/Core/Src/tim.o
                0x2000043c                htim2
 .bss.htim1     0x20000484       0x48 build/debug/Core/Src/tim.o
                0x20000484                htim1
 .bss.hdma_usart3_tx
                0x200004cc       0x44 build/debug/Core/Src/usart.o
                0x200004cc                hdma_usart3_tx
 .bss.hdma_usart3_rx
                0x20000510       0x44 build/debug/Core/Src/usart.o
                0x20000510                hdma_usart3_rx
 .bss.huart3    0x20000554       0x48 build/debug/Core/Src/usart.o
                0x20000554                huart3
 .bss.uwTick    0x2000059c        0x4 build/debug/Drivers/STM32F1xx_HAL_Driver/Src/stm32f1xx_hal.o
                0x2000059c                uwTick
 .bss.__malloc_sbrk_start
                0x200005a0        0x4 c:/Users/zhmis/AppData/Roaming/Code/User/globalStorage/bmd.stm32-for-vscode/@xpack-dev-tools/arm-none-eabi-gcc/13.3.1-1.1.1/.content/bin/../lib/gcc/arm-none-eabi/13.3.1/../../../../arm-none-eabi/lib/thumb/v7-m/nofp\libc_nano.a(libc_a-mallocr.o)
                0x200005a0                __malloc_sbrk_start
 .bss.__malloc_free_list
                0x200005a4        0x4 c:/Users/zhmis/AppData/Roaming/Code/User/globalStorage/bmd.stm32-for-vscode/@xpack-dev-tools/arm-none-eabi-gcc/13.3.1-1.1.1/.content/bin/../lib/gcc/arm-none-eabi/13.3.1/../../../../arm-none-eabi/lib/thumb/v7-m/nofp\libc_nano.a(libc_a-mallocr.o)
                0x200005a4                __malloc_free_list
 .bss.__sf      0x200005a8      0x138 c:/Users/zhmis/AppData/Roaming/Code/User/globalStorage/bmd.stm32-for-vscode/@xpack-dev-tools/arm-none-eabi-gcc/13.3.1-1.1.1/.content/bin/../lib/gcc/arm-none-eabi/13.3.1/../../../../arm-none-eabi/lib/thumb/v7-m/nofp\libc_nano.a(libc_a-findfp.o)
                0x200005a8                __sf
 .bss.errno     0x200006e0        0x4 c:/Users/zhmis/AppData/Roaming/Code/User/globalStorage/bmd.stm32-for-vscode/@xpack-dev-tools/arm-none-eabi-gcc/13.3.1-1.1.1/.content/bin/../lib/gcc/arm-none-eabi/13.3.1/../../../../arm-none-eabi/lib/thumb/v7-m/nofp\libc_nano.a(libc_a-reent.o)
                0x200006e0                errno
 .bss.__lock___malloc_recursive_mutex
                0x200006e4        0x1 c:/Users/zhmis/AppData/Roaming/Code/User/globalStorage/bmd.stm32-for-vscode/@xpack-dev-tools/arm-none-eabi-gcc/13.3.1-1.1.1/.content/bin/../lib/gcc/arm-none-eabi/13.3.1/../../../../arm-none-eabi/lib/thumb/v7-m/nofp\libc_nano.a(libc_a-lock.o)
                0x200006e4                __lock___malloc_recursive_mutex
 *(COMMON)
                0x200006e8                        . = ALIGN (0x4)
 *fill*         0x200006e5        0x3 
                0x200006e8                        _ebss = .
                0x200006e8                        __bss_end__ = _ebss

._user_heap_stack
                0x200006e8      0x600 load address 0x08004374
                0x200006e8                        . = ALIGN (0x8)
                [!provide]                        PROVIDE (end = .)
                0x200006e8                        PROVIDE (_end = .)
                0x200008e8                        . = (. + _Min_Heap_Size)
 *fill*         0x200006e8      0x200 
                0x20000ce8                        . = (. + _Min_Stack_Size)
 *fill*         0x200008e8      0x400 
                0x20000ce8                        . = ALIGN (0x8)

/DISCARD/
 libc.a(*)
 libm.a(*)
 libgcc.a(*)

.ARM.attributes
                0x00000000       0x29
 *(.ARM.attributes)
 .ARM.attributes
                0x00000000       0x1d c:/Users/zhmis/AppData/Roaming/Code/User/globalStorage/bmd.stm32-for-vscode/@xpack-dev-tools/arm-none-eabi-gcc/13.3.1-1.1.1/.content/bin/../lib/gcc/arm-none-eabi/13.3.1/thumb/v7-m/nofp/crti.o
 .ARM.attributes
                0x0000001d       0x2d c:/Users/zhmis/AppData/Roaming/Code/User/globalStorage/bmd.stm32-for-vscode/@xpack-dev-tools/arm-none-eabi-gcc/13.3.1-1.1.1/.content/bin/../lib/gcc/arm-none-eabi/13.3.1/thumb/v7-m/nofp/crtbegin.o
 .ARM.attributes
                0x0000004a       0x2d build/debug/Core/Src/adc.o
 .ARM.attributes
                0x00000077       0x2d build/debug/Core/Src/adc_current.o
 .ARM.attributes
                0x000000a4       0x2d build/debug/Core/Src/crc_8_16.o
 .ARM.attributes
                0x000000d1       0x2d build/debug/Core/Src/dma.o
 .ARM.attributes
                0x000000fe       0x2d build/debug/Core/Src/ema_iq18.o
 .ARM.attributes
                0x0000012b       0x2d build/debug/Core/Src/encoder_iq18.o
 .ARM.attributes
                0x00000158       0x2d build/debug/Core/Src/global_flags.o
 .ARM.attributes
                0x00000185       0x2d build/debug/Core/Src/gpio.o
 .ARM.attributes
                0x000001b2       0x2d build/debug/Core/Src/loops_handler.o
 .ARM.attributes
                0x000001df       0x2d build/debug/Core/Src/main.o
 .ARM.attributes
                0x0000020c       0x2d build/debug/Core/Src/main_init.o
 .ARM.attributes
                0x00000239       0x2d build/debug/Core/Src/pid_iq18.o
 .ARM.attributes
                0x00000266       0x2d build/debug/Core/Src/pins_init.o
 .ARM.attributes
                0x00000293       0x2d build/debug/Core/Src/potamon_bus_lowlvl_handle.o
 .ARM.attributes
                0x000002c0       0x2d build/debug/Core/Src/pwm.o
 .ARM.attributes
                0x000002ed       0x2d build/debug/Core/Src/servo_init.o
 .ARM.attributes
                0x0000031a       0x2d build/debug/Core/Src/servo_iq18.o
 .ARM.attributes
                0x00000347       0x2d build/debug/Core/Src/stm32f1xx_hal_msp.o
 .ARM.attributes
                0x00000374       0x2d build/debug/Core/Src/stm32f1xx_it.o
 .ARM.attributes
                0x000003a1       0x2d build/debug/Core/Src/sysmem.o
 .ARM.attributes
                0x000003ce       0x2d build/debug/Core/Src/system_stm32f1xx.o
 .ARM.attributes
                0x000003fb       0x2d build/debug/Core/Src/tim.o
 .ARM.attributes
                0x00000428       0x2d build/debug/Core/Src/usart.o
 .ARM.attributes
                0x00000455       0x2d build/debug/Drivers/STM32F1xx_HAL_Driver/Src/stm32f1xx_hal.o
 .ARM.attributes
                0x00000482       0x2d build/debug/Drivers/STM32F1xx_HAL_Driver/Src/stm32f1xx_hal_adc.o
 .ARM.attributes
                0x000004af       0x2d build/debug/Drivers/STM32F1xx_HAL_Driver/Src/stm32f1xx_hal_adc_ex.o
 .ARM.attributes
                0x000004dc       0x2d build/debug/Drivers/STM32F1xx_HAL_Driver/Src/stm32f1xx_hal_cortex.o
 .ARM.attributes
                0x00000509       0x2d build/debug/Drivers/STM32F1xx_HAL_Driver/Src/stm32f1xx_hal_dma.o
 .ARM.attributes
                0x00000536       0x2d build/debug/Drivers/STM32F1xx_HAL_Driver/Src/stm32f1xx_hal_gpio.o
 .ARM.attributes
                0x00000563       0x2d build/debug/Drivers/STM32F1xx_HAL_Driver/Src/stm32f1xx_hal_rcc.o
 .ARM.attributes
                0x00000590       0x2d build/debug/Drivers/STM32F1xx_HAL_Driver/Src/stm32f1xx_hal_rcc_ex.o
 .ARM.attributes
                0x000005bd       0x2d build/debug/Drivers/STM32F1xx_HAL_Driver/Src/stm32f1xx_hal_tim.o
 .ARM.attributes
                0x000005ea       0x2d build/debug/Drivers/STM32F1xx_HAL_Driver/Src/stm32f1xx_hal_tim_ex.o
 .ARM.attributes
                0x00000617       0x2d build/debug/Drivers/STM32F1xx_HAL_Driver/Src/stm32f1xx_hal_uart.o
 .ARM.attributes
                0x00000644       0x21 build/debug/startup_stm32f103xb.o
 .ARM.attributes
                0x00000665       0x21 .\libIQmathLib-cm3.a(IQNdiv.o)
 .ARM.attributes
                0x00000686       0x21 .\libIQmathLib-cm3.a(IQNmpy.o)
 .ARM.attributes
                0x000006a7       0x2d c:/Users/zhmis/AppData/Roaming/Code/User/globalStorage/bmd.stm32-for-vscode/@xpack-dev-tools/arm-none-eabi-gcc/13.3.1-1.1.1/.content/bin/../lib/gcc/arm-none-eabi/13.3.1/../../../../arm-none-eabi/lib/thumb/v7-m/nofp\libc_nano.a(libc_a-malloc.o)
 .ARM.attributes
                0x000006d4       0x2d c:/Users/zhmis/AppData/Roaming/Code/User/globalStorage/bmd.stm32-for-vscode/@xpack-dev-tools/arm-none-eabi-gcc/13.3.1-1.1.1/.content/bin/../lib/gcc/arm-none-eabi/13.3.1/../../../../arm-none-eabi/lib/thumb/v7-m/nofp\libc_nano.a(libc_a-mallocr.o)
 .ARM.attributes
                0x00000701       0x2d c:/Users/zhmis/AppData/Roaming/Code/User/globalStorage/bmd.stm32-for-vscode/@xpack-dev-tools/arm-none-eabi-gcc/13.3.1-1.1.1/.content/bin/../lib/gcc/arm-none-eabi/13.3.1/../../../../arm-none-eabi/lib/thumb/v7-m/nofp\libc_nano.a(libc_a-mlock.o)
 .ARM.attributes
                0x0000072e       0x2d c:/Users/zhmis/AppData/Roaming/Code/User/globalStorage/bmd.stm32-for-vscode/@xpack-dev-tools/arm-none-eabi-gcc/13.3.1-1.1.1/.content/bin/../lib/gcc/arm-none-eabi/13.3.1/../../../../arm-none-eabi/lib/thumb/v7-m/nofp\libc_nano.a(libc_a-findfp.o)
 .ARM.attributes
                0x0000075b       0x2d c:/Users/zhmis/AppData/Roaming/Code/User/globalStorage/bmd.stm32-for-vscode/@xpack-dev-tools/arm-none-eabi-gcc/13.3.1-1.1.1/.content/bin/../lib/gcc/arm-none-eabi/13.3.1/../../../../arm-none-eabi/lib/thumb/v7-m/nofp\libc_nano.a(libc_a-memset.o)
 .ARM.attributes
                0x00000788       0x2d c:/Users/zhmis/AppData/Roaming/Code/User/globalStorage/bmd.stm32-for-vscode/@xpack-dev-tools/arm-none-eabi-gcc/13.3.1-1.1.1/.content/bin/../lib/gcc/arm-none-eabi/13.3.1/../../../../arm-none-eabi/lib/thumb/v7-m/nofp\libc_nano.a(libc_a-reent.o)
 .ARM.attributes
                0x000007b5       0x2d c:/Users/zhmis/AppData/Roaming/Code/User/globalStorage/bmd.stm32-for-vscode/@xpack-dev-tools/arm-none-eabi-gcc/13.3.1-1.1.1/.content/bin/../lib/gcc/arm-none-eabi/13.3.1/../../../../arm-none-eabi/lib/thumb/v7-m/nofp\libc_nano.a(libc_a-impure.o)
 .ARM.attributes
                0x000007e2       0x2d c:/Users/zhmis/AppData/Roaming/Code/User/globalStorage/bmd.stm32-for-vscode/@xpack-dev-tools/arm-none-eabi-gcc/13.3.1-1.1.1/.content/bin/../lib/gcc/arm-none-eabi/13.3.1/../../../../arm-none-eabi/lib/thumb/v7-m/nofp\libc_nano.a(libc_a-sbrkr.o)
 .ARM.attributes
                0x0000080f       0x2d c:/Users/zhmis/AppData/Roaming/Code/User/globalStorage/bmd.stm32-for-vscode/@xpack-dev-tools/arm-none-eabi-gcc/13.3.1-1.1.1/.content/bin/../lib/gcc/arm-none-eabi/13.3.1/../../../../arm-none-eabi/lib/thumb/v7-m/nofp\libc_nano.a(libc_a-errno.o)
 .ARM.attributes
                0x0000083c       0x2d c:/Users/zhmis/AppData/Roaming/Code/User/globalStorage/bmd.stm32-for-vscode/@xpack-dev-tools/arm-none-eabi-gcc/13.3.1-1.1.1/.content/bin/../lib/gcc/arm-none-eabi/13.3.1/../../../../arm-none-eabi/lib/thumb/v7-m/nofp\libc_nano.a(libc_a-init.o)
 .ARM.attributes
                0x00000869       0x2d c:/Users/zhmis/AppData/Roaming/Code/User/globalStorage/bmd.stm32-for-vscode/@xpack-dev-tools/arm-none-eabi-gcc/13.3.1-1.1.1/.content/bin/../lib/gcc/arm-none-eabi/13.3.1/../../../../arm-none-eabi/lib/thumb/v7-m/nofp\libc_nano.a(libc_a-lock.o)
 .ARM.attributes
                0x00000896       0x1d c:/Users/zhmis/AppData/Roaming/Code/User/globalStorage/bmd.stm32-for-vscode/@xpack-dev-tools/arm-none-eabi-gcc/13.3.1-1.1.1/.content/bin/../lib/gcc/arm-none-eabi/13.3.1/thumb/v7-m/nofp\libgcc.a(_arm_muldivsf3.o)
 .ARM.attributes
                0x000008b3       0x1d c:/Users/zhmis/AppData/Roaming/Code/User/globalStorage/bmd.stm32-for-vscode/@xpack-dev-tools/arm-none-eabi-gcc/13.3.1-1.1.1/.content/bin/../lib/gcc/arm-none-eabi/13.3.1/thumb/v7-m/nofp\libgcc.a(_arm_fixsfsi.o)
 .ARM.attributes
                0x000008d0       0x1d c:/Users/zhmis/AppData/Roaming/Code/User/globalStorage/bmd.stm32-for-vscode/@xpack-dev-tools/arm-none-eabi-gcc/13.3.1-1.1.1/.content/bin/../lib/gcc/arm-none-eabi/13.3.1/thumb/v7-m/nofp/crtn.o
OUTPUT(build/Servo_Controller_f103.elf elf32-littlearm)
LOAD linker stubs
LOAD c:/Users/zhmis/AppData/Roaming/Code/User/globalStorage/bmd.stm32-for-vscode/@xpack-dev-tools/arm-none-eabi-gcc/13.3.1-1.1.1/.content/bin/../lib/gcc/arm-none-eabi/13.3.1/../../../../arm-none-eabi/lib/thumb/v7-m/nofp\libc.a
LOAD c:/Users/zhmis/AppData/Roaming/Code/User/globalStorage/bmd.stm32-for-vscode/@xpack-dev-tools/arm-none-eabi-gcc/13.3.1-1.1.1/.content/bin/../lib/gcc/arm-none-eabi/13.3.1/../../../../arm-none-eabi/lib/thumb/v7-m/nofp\libm.a
LOAD c:/Users/zhmis/AppData/Roaming/Code/User/globalStorage/bmd.stm32-for-vscode/@xpack-dev-tools/arm-none-eabi-gcc/13.3.1-1.1.1/.content/bin/../lib/gcc/arm-none-eabi/13.3.1/thumb/v7-m/nofp\libgcc.a

.comment        0x00000000       0x39
 .comment       0x00000000       0x39 c:/Users/zhmis/AppData/Roaming/Code/User/globalStorage/bmd.stm32-for-vscode/@xpack-dev-tools/arm-none-eabi-gcc/13.3.1-1.1.1/.content/bin/../lib/gcc/arm-none-eabi/13.3.1/thumb/v7-m/nofp/crtbegin.o
                                 0x3a (size before relaxing)
 .comment       0x00000039       0x3a build/debug/Core/Src/adc.o
 .comment       0x00000039       0x3a build/debug/Core/Src/adc_current.o
 .comment       0x00000039       0x3a build/debug/Core/Src/crc_8_16.o
 .comment       0x00000039       0x3a build/debug/Core/Src/dma.o
 .comment       0x00000039       0x3a build/debug/Core/Src/ema_iq18.o
 .comment       0x00000039       0x3a build/debug/Core/Src/encoder_iq18.o
 .comment       0x00000039       0x3a build/debug/Core/Src/global_flags.o
 .comment       0x00000039       0x3a build/debug/Core/Src/gpio.o
 .comment       0x00000039       0x3a build/debug/Core/Src/loops_handler.o
 .comment       0x00000039       0x3a build/debug/Core/Src/main.o
 .comment       0x00000039       0x3a build/debug/Core/Src/main_init.o
 .comment       0x00000039       0x3a build/debug/Core/Src/pid_iq18.o
 .comment       0x00000039       0x3a build/debug/Core/Src/pins_init.o
 .comment       0x00000039       0x3a build/debug/Core/Src/potamon_bus_lowlvl_handle.o
 .comment       0x00000039       0x3a build/debug/Core/Src/pwm.o
 .comment       0x00000039       0x3a build/debug/Core/Src/servo_init.o
 .comment       0x00000039       0x3a build/debug/Core/Src/servo_iq18.o
 .comment       0x00000039       0x3a build/debug/Core/Src/stm32f1xx_hal_msp.o
 .comment       0x00000039       0x3a build/debug/Core/Src/stm32f1xx_it.o
 .comment       0x00000039       0x3a build/debug/Core/Src/sysmem.o
 .comment       0x00000039       0x3a build/debug/Core/Src/system_stm32f1xx.o
 .comment       0x00000039       0x3a build/debug/Core/Src/tim.o
 .comment       0x00000039       0x3a build/debug/Core/Src/usart.o
 .comment       0x00000039       0x3a build/debug/Drivers/STM32F1xx_HAL_Driver/Src/stm32f1xx_hal.o
 .comment       0x00000039       0x3a build/debug/Drivers/STM32F1xx_HAL_Driver/Src/stm32f1xx_hal_adc.o
 .comment       0x00000039       0x3a build/debug/Drivers/STM32F1xx_HAL_Driver/Src/stm32f1xx_hal_adc_ex.o
 .comment       0x00000039       0x3a build/debug/Drivers/STM32F1xx_HAL_Driver/Src/stm32f1xx_hal_cortex.o
 .comment       0x00000039       0x3a build/debug/Drivers/STM32F1xx_HAL_Driver/Src/stm32f1xx_hal_dma.o
 .comment       0x00000039       0x3a build/debug/Drivers/STM32F1xx_HAL_Driver/Src/stm32f1xx_hal_gpio.o
 .comment       0x00000039       0x3a build/debug/Drivers/STM32F1xx_HAL_Driver/Src/stm32f1xx_hal_rcc.o
 .comment       0x00000039       0x3a build/debug/Drivers/STM32F1xx_HAL_Driver/Src/stm32f1xx_hal_rcc_ex.o
 .comment       0x00000039       0x3a build/debug/Drivers/STM32F1xx_HAL_Driver/Src/stm32f1xx_hal_tim.o
 .comment       0x00000039       0x3a build/debug/Drivers/STM32F1xx_HAL_Driver/Src/stm32f1xx_hal_tim_ex.o
 .comment       0x00000039       0x3a build/debug/Drivers/STM32F1xx_HAL_Driver/Src/stm32f1xx_hal_uart.o
 .comment       0x00000039       0x3a c:/Users/zhmis/AppData/Roaming/Code/User/globalStorage/bmd.stm32-for-vscode/@xpack-dev-tools/arm-none-eabi-gcc/13.3.1-1.1.1/.content/bin/../lib/gcc/arm-none-eabi/13.3.1/../../../../arm-none-eabi/lib/thumb/v7-m/nofp\libc_nano.a(libc_a-malloc.o)
 .comment       0x00000039       0x3a c:/Users/zhmis/AppData/Roaming/Code/User/globalStorage/bmd.stm32-for-vscode/@xpack-dev-tools/arm-none-eabi-gcc/13.3.1-1.1.1/.content/bin/../lib/gcc/arm-none-eabi/13.3.1/../../../../arm-none-eabi/lib/thumb/v7-m/nofp\libc_nano.a(libc_a-mallocr.o)
 .comment       0x00000039       0x3a c:/Users/zhmis/AppData/Roaming/Code/User/globalStorage/bmd.stm32-for-vscode/@xpack-dev-tools/arm-none-eabi-gcc/13.3.1-1.1.1/.content/bin/../lib/gcc/arm-none-eabi/13.3.1/../../../../arm-none-eabi/lib/thumb/v7-m/nofp\libc_nano.a(libc_a-mlock.o)
 .comment       0x00000039       0x3a c:/Users/zhmis/AppData/Roaming/Code/User/globalStorage/bmd.stm32-for-vscode/@xpack-dev-tools/arm-none-eabi-gcc/13.3.1-1.1.1/.content/bin/../lib/gcc/arm-none-eabi/13.3.1/../../../../arm-none-eabi/lib/thumb/v7-m/nofp\libc_nano.a(libc_a-findfp.o)
 .comment       0x00000039       0x3a c:/Users/zhmis/AppData/Roaming/Code/User/globalStorage/bmd.stm32-for-vscode/@xpack-dev-tools/arm-none-eabi-gcc/13.3.1-1.1.1/.content/bin/../lib/gcc/arm-none-eabi/13.3.1/../../../../arm-none-eabi/lib/thumb/v7-m/nofp\libc_nano.a(libc_a-memset.o)
 .comment       0x00000039       0x3a c:/Users/zhmis/AppData/Roaming/Code/User/globalStorage/bmd.stm32-for-vscode/@xpack-dev-tools/arm-none-eabi-gcc/13.3.1-1.1.1/.content/bin/../lib/gcc/arm-none-eabi/13.3.1/../../../../arm-none-eabi/lib/thumb/v7-m/nofp\libc_nano.a(libc_a-reent.o)
 .comment       0x00000039       0x3a c:/Users/zhmis/AppData/Roaming/Code/User/globalStorage/bmd.stm32-for-vscode/@xpack-dev-tools/arm-none-eabi-gcc/13.3.1-1.1.1/.content/bin/../lib/gcc/arm-none-eabi/13.3.1/../../../../arm-none-eabi/lib/thumb/v7-m/nofp\libc_nano.a(libc_a-impure.o)
 .comment       0x00000039       0x3a c:/Users/zhmis/AppData/Roaming/Code/User/globalStorage/bmd.stm32-for-vscode/@xpack-dev-tools/arm-none-eabi-gcc/13.3.1-1.1.1/.content/bin/../lib/gcc/arm-none-eabi/13.3.1/../../../../arm-none-eabi/lib/thumb/v7-m/nofp\libc_nano.a(libc_a-sbrkr.o)
 .comment       0x00000039       0x3a c:/Users/zhmis/AppData/Roaming/Code/User/globalStorage/bmd.stm32-for-vscode/@xpack-dev-tools/arm-none-eabi-gcc/13.3.1-1.1.1/.content/bin/../lib/gcc/arm-none-eabi/13.3.1/../../../../arm-none-eabi/lib/thumb/v7-m/nofp\libc_nano.a(libc_a-errno.o)
 .comment       0x00000039       0x3a c:/Users/zhmis/AppData/Roaming/Code/User/globalStorage/bmd.stm32-for-vscode/@xpack-dev-tools/arm-none-eabi-gcc/13.3.1-1.1.1/.content/bin/../lib/gcc/arm-none-eabi/13.3.1/../../../../arm-none-eabi/lib/thumb/v7-m/nofp\libc_nano.a(libc_a-init.o)
 .comment       0x00000039       0x3a c:/Users/zhmis/AppData/Roaming/Code/User/globalStorage/bmd.stm32-for-vscode/@xpack-dev-tools/arm-none-eabi-gcc/13.3.1-1.1.1/.content/bin/../lib/gcc/arm-none-eabi/13.3.1/../../../../arm-none-eabi/lib/thumb/v7-m/nofp\libc_nano.a(libc_a-lock.o)

.debug_info     0x00000000    0x1abf4
 .debug_info    0x00000000      0x8db build/debug/Core/Src/adc.o
 .debug_info    0x000008db      0x7b8 build/debug/Core/Src/adc_current.o
 .debug_info    0x00001093      0x1ae build/debug/Core/Src/crc_8_16.o
 .debug_info    0x00001241      0x362 build/debug/Core/Src/dma.o
 .debug_info    0x000015a3      0x1fb build/debug/Core/Src/ema_iq18.o
 .debug_info    0x0000179e      0x9ba build/debug/Core/Src/encoder_iq18.o
 .debug_info    0x00002158       0xb7 build/debug/Core/Src/global_flags.o
 .debug_info    0x0000220f      0x583 build/debug/Core/Src/gpio.o
 .debug_info    0x00002792      0xcf1 build/debug/Core/Src/loops_handler.o
 .debug_info    0x00003483      0xe86 build/debug/Core/Src/main.o
 .debug_info    0x00004309      0xe53 build/debug/Core/Src/main_init.o
 .debug_info    0x0000515c      0x556 build/debug/Core/Src/pid_iq18.o
 .debug_info    0x000056b2      0x1d9 build/debug/Core/Src/pins_init.o
 .debug_info    0x0000588b     0x16e1 build/debug/Core/Src/potamon_bus_lowlvl_handle.o
 .debug_info    0x00006f6c      0x94d build/debug/Core/Src/pwm.o
 .debug_info    0x000078b9     0x1158 build/debug/Core/Src/servo_init.o
 .debug_info    0x00008a11     0x147d build/debug/Core/Src/servo_iq18.o
 .debug_info    0x00009e8e      0x1fb build/debug/Core/Src/stm32f1xx_hal_msp.o
 .debug_info    0x0000a089      0xb22 build/debug/Core/Src/stm32f1xx_it.o
 .debug_info    0x0000abab      0x171 build/debug/Core/Src/sysmem.o
 .debug_info    0x0000ad1c      0x22d build/debug/Core/Src/system_stm32f1xx.o
 .debug_info    0x0000af49      0xfae build/debug/Core/Src/tim.o
 .debug_info    0x0000bef7      0xa8f build/debug/Core/Src/usart.o
 .debug_info    0x0000c986      0x7a2 build/debug/Drivers/STM32F1xx_HAL_Driver/Src/stm32f1xx_hal.o
 .debug_info    0x0000d128      0xed9 build/debug/Drivers/STM32F1xx_HAL_Driver/Src/stm32f1xx_hal_adc.o
 .debug_info    0x0000e001      0xc3a build/debug/Drivers/STM32F1xx_HAL_Driver/Src/stm32f1xx_hal_adc_ex.o
 .debug_info    0x0000ec3b      0xcd9 build/debug/Drivers/STM32F1xx_HAL_Driver/Src/stm32f1xx_hal_cortex.o
 .debug_info    0x0000f914      0x7f2 build/debug/Drivers/STM32F1xx_HAL_Driver/Src/stm32f1xx_hal_dma.o
 .debug_info    0x00010106      0x604 build/debug/Drivers/STM32F1xx_HAL_Driver/Src/stm32f1xx_hal_gpio.o
 .debug_info    0x0001070a      0x9c7 build/debug/Drivers/STM32F1xx_HAL_Driver/Src/stm32f1xx_hal_rcc.o
 .debug_info    0x000110d1      0x420 build/debug/Drivers/STM32F1xx_HAL_Driver/Src/stm32f1xx_hal_rcc_ex.o
 .debug_info    0x000114f1     0x3c0f build/debug/Drivers/STM32F1xx_HAL_Driver/Src/stm32f1xx_hal_tim.o
 .debug_info    0x00015100     0x1aac build/debug/Drivers/STM32F1xx_HAL_Driver/Src/stm32f1xx_hal_tim_ex.o
 .debug_info    0x00016bac     0x3f85 build/debug/Drivers/STM32F1xx_HAL_Driver/Src/stm32f1xx_hal_uart.o
 .debug_info    0x0001ab31       0x30 build/debug/startup_stm32f103xb.o
 .debug_info    0x0001ab61       0x57 c:/Users/zhmis/AppData/Roaming/Code/User/globalStorage/bmd.stm32-for-vscode/@xpack-dev-tools/arm-none-eabi-gcc/13.3.1-1.1.1/.content/bin/../lib/gcc/arm-none-eabi/13.3.1/thumb/v7-m/nofp\libgcc.a(_arm_muldivsf3.o)
 .debug_info    0x0001abb8       0x3c c:/Users/zhmis/AppData/Roaming/Code/User/globalStorage/bmd.stm32-for-vscode/@xpack-dev-tools/arm-none-eabi-gcc/13.3.1-1.1.1/.content/bin/../lib/gcc/arm-none-eabi/13.3.1/thumb/v7-m/nofp\libgcc.a(_arm_fixsfsi.o)

.debug_abbrev   0x00000000     0x4298
 .debug_abbrev  0x00000000      0x207 build/debug/Core/Src/adc.o
 .debug_abbrev  0x00000207      0x24a build/debug/Core/Src/adc_current.o
 .debug_abbrev  0x00000451       0xbd build/debug/Core/Src/crc_8_16.o
 .debug_abbrev  0x0000050e      0x119 build/debug/Core/Src/dma.o
 .debug_abbrev  0x00000627      0x12e build/debug/Core/Src/ema_iq18.o
 .debug_abbrev  0x00000755      0x21f build/debug/Core/Src/encoder_iq18.o
 .debug_abbrev  0x00000974       0x5b build/debug/Core/Src/global_flags.o
 .debug_abbrev  0x000009cf      0x173 build/debug/Core/Src/gpio.o
 .debug_abbrev  0x00000b42      0x1f1 build/debug/Core/Src/loops_handler.o
 .debug_abbrev  0x00000d33      0x29d build/debug/Core/Src/main.o
 .debug_abbrev  0x00000fd0      0x21a build/debug/Core/Src/main_init.o
 .debug_abbrev  0x000011ea      0x146 build/debug/Core/Src/pid_iq18.o
 .debug_abbrev  0x00001330      0x118 build/debug/Core/Src/pins_init.o
 .debug_abbrev  0x00001448      0x26b build/debug/Core/Src/potamon_bus_lowlvl_handle.o
 .debug_abbrev  0x000016b3      0x1be build/debug/Core/Src/pwm.o
 .debug_abbrev  0x00001871      0x215 build/debug/Core/Src/servo_init.o
 .debug_abbrev  0x00001a86      0x285 build/debug/Core/Src/servo_iq18.o
 .debug_abbrev  0x00001d0b       0xed build/debug/Core/Src/stm32f1xx_hal_msp.o
 .debug_abbrev  0x00001df8      0x219 build/debug/Core/Src/stm32f1xx_it.o
 .debug_abbrev  0x00002011       0xea build/debug/Core/Src/sysmem.o
 .debug_abbrev  0x000020fb      0x143 build/debug/Core/Src/system_stm32f1xx.o
 .debug_abbrev  0x0000223e      0x28d build/debug/Core/Src/tim.o
 .debug_abbrev  0x000024cb      0x239 build/debug/Core/Src/usart.o
 .debug_abbrev  0x00002704      0x22d build/debug/Drivers/STM32F1xx_HAL_Driver/Src/stm32f1xx_hal.o
 .debug_abbrev  0x00002931      0x252 build/debug/Drivers/STM32F1xx_HAL_Driver/Src/stm32f1xx_hal_adc.o
 .debug_abbrev  0x00002b83      0x287 build/debug/Drivers/STM32F1xx_HAL_Driver/Src/stm32f1xx_hal_adc_ex.o
 .debug_abbrev  0x00002e0a      0x36d build/debug/Drivers/STM32F1xx_HAL_Driver/Src/stm32f1xx_hal_cortex.o
 .debug_abbrev  0x00003177      0x244 build/debug/Drivers/STM32F1xx_HAL_Driver/Src/stm32f1xx_hal_dma.o
 .debug_abbrev  0x000033bb      0x1f7 build/debug/Drivers/STM32F1xx_HAL_Driver/Src/stm32f1xx_hal_gpio.o
 .debug_abbrev  0x000035b2      0x2a0 build/debug/Drivers/STM32F1xx_HAL_Driver/Src/stm32f1xx_hal_rcc.o
 .debug_abbrev  0x00003852      0x1d8 build/debug/Drivers/STM32F1xx_HAL_Driver/Src/stm32f1xx_hal_rcc_ex.o
 .debug_abbrev  0x00003a2a      0x270 build/debug/Drivers/STM32F1xx_HAL_Driver/Src/stm32f1xx_hal_tim.o
 .debug_abbrev  0x00003c9a      0x26e build/debug/Drivers/STM32F1xx_HAL_Driver/Src/stm32f1xx_hal_tim_ex.o
 .debug_abbrev  0x00003f08      0x31c build/debug/Drivers/STM32F1xx_HAL_Driver/Src/stm32f1xx_hal_uart.o
 .debug_abbrev  0x00004224       0x24 build/debug/startup_stm32f103xb.o
 .debug_abbrev  0x00004248       0x28 c:/Users/zhmis/AppData/Roaming/Code/User/globalStorage/bmd.stm32-for-vscode/@xpack-dev-tools/arm-none-eabi-gcc/13.3.1-1.1.1/.content/bin/../lib/gcc/arm-none-eabi/13.3.1/thumb/v7-m/nofp\libgcc.a(_arm_muldivsf3.o)
 .debug_abbrev  0x00004270       0x28 c:/Users/zhmis/AppData/Roaming/Code/User/globalStorage/bmd.stm32-for-vscode/@xpack-dev-tools/arm-none-eabi-gcc/13.3.1-1.1.1/.content/bin/../lib/gcc/arm-none-eabi/13.3.1/thumb/v7-m/nofp\libgcc.a(_arm_fixsfsi.o)

.debug_loclists
                0x00000000     0xac72
 .debug_loclists
                0x00000000       0x5c build/debug/Core/Src/adc.o
 .debug_loclists
                0x0000005c       0x5d build/debug/Core/Src/adc_current.o
 .debug_loclists
                0x000000b9       0xeb build/debug/Core/Src/crc_8_16.o
 .debug_loclists
                0x000001a4       0x9b build/debug/Core/Src/ema_iq18.o
 .debug_loclists
                0x0000023f      0x14b build/debug/Core/Src/encoder_iq18.o
 .debug_loclists
                0x0000038a       0x5c build/debug/Core/Src/loops_handler.o
 .debug_loclists
                0x000003e6      0x23a build/debug/Core/Src/pid_iq18.o
 .debug_loclists
                0x00000620      0x2bd build/debug/Core/Src/potamon_bus_lowlvl_handle.o
 .debug_loclists
                0x000008dd       0xb9 build/debug/Core/Src/pwm.o
 .debug_loclists
                0x00000996      0x523 build/debug/Core/Src/servo_iq18.o
 .debug_loclists
                0x00000eb9       0x17 build/debug/Core/Src/stm32f1xx_hal_msp.o
 .debug_loclists
                0x00000ed0       0x52 build/debug/Core/Src/sysmem.o
 .debug_loclists
                0x00000f22       0xb7 build/debug/Core/Src/system_stm32f1xx.o
 .debug_loclists
                0x00000fd9      0x12a build/debug/Core/Src/tim.o
 .debug_loclists
                0x00001103       0x5c build/debug/Core/Src/usart.o
 .debug_loclists
                0x0000115f       0xe1 build/debug/Drivers/STM32F1xx_HAL_Driver/Src/stm32f1xx_hal.o
 .debug_loclists
                0x00001240      0x7c5 build/debug/Drivers/STM32F1xx_HAL_Driver/Src/stm32f1xx_hal_adc.o
 .debug_loclists
                0x00001a05      0x5b1 build/debug/Drivers/STM32F1xx_HAL_Driver/Src/stm32f1xx_hal_adc_ex.o
 .debug_loclists
                0x00001fb6      0x530 build/debug/Drivers/STM32F1xx_HAL_Driver/Src/stm32f1xx_hal_cortex.o
 .debug_loclists
                0x000024e6      0x562 build/debug/Drivers/STM32F1xx_HAL_Driver/Src/stm32f1xx_hal_dma.o
 .debug_loclists
                0x00002a48      0x318 build/debug/Drivers/STM32F1xx_HAL_Driver/Src/stm32f1xx_hal_gpio.o
 .debug_loclists
                0x00002d60      0x42e build/debug/Drivers/STM32F1xx_HAL_Driver/Src/stm32f1xx_hal_rcc.o
 .debug_loclists
                0x0000318e      0x2eb build/debug/Drivers/STM32F1xx_HAL_Driver/Src/stm32f1xx_hal_rcc_ex.o
 .debug_loclists
                0x00003479     0x37db build/debug/Drivers/STM32F1xx_HAL_Driver/Src/stm32f1xx_hal_tim.o
 .debug_loclists
                0x00006c54     0x1398 build/debug/Drivers/STM32F1xx_HAL_Driver/Src/stm32f1xx_hal_tim_ex.o
 .debug_loclists
                0x00007fec     0x2c86 build/debug/Drivers/STM32F1xx_HAL_Driver/Src/stm32f1xx_hal_uart.o

.debug_aranges  0x00000000     0x1158
 .debug_aranges
                0x00000000       0x30 build/debug/Core/Src/adc.o
 .debug_aranges
                0x00000030       0x30 build/debug/Core/Src/adc_current.o
 .debug_aranges
                0x00000060       0x28 build/debug/Core/Src/crc_8_16.o
 .debug_aranges
                0x00000088       0x20 build/debug/Core/Src/dma.o
 .debug_aranges
                0x000000a8       0x28 build/debug/Core/Src/ema_iq18.o
 .debug_aranges
                0x000000d0       0x48 build/debug/Core/Src/encoder_iq18.o
 .debug_aranges
                0x00000118       0x18 build/debug/Core/Src/global_flags.o
 .debug_aranges
                0x00000130       0x20 build/debug/Core/Src/gpio.o
 .debug_aranges
                0x00000150       0x20 build/debug/Core/Src/loops_handler.o
 .debug_aranges
                0x00000170       0x30 build/debug/Core/Src/main.o
 .debug_aranges
                0x000001a0       0x20 build/debug/Core/Src/main_init.o
 .debug_aranges
                0x000001c0       0x68 build/debug/Core/Src/pid_iq18.o
 .debug_aranges
                0x00000228       0x20 build/debug/Core/Src/pins_init.o
 .debug_aranges
                0x00000248       0x40 build/debug/Core/Src/potamon_bus_lowlvl_handle.o
 .debug_aranges
                0x00000288       0x38 build/debug/Core/Src/pwm.o
 .debug_aranges
                0x000002c0       0x28 build/debug/Core/Src/servo_init.o
 .debug_aranges
                0x000002e8       0xa0 build/debug/Core/Src/servo_iq18.o
 .debug_aranges
                0x00000388       0x20 build/debug/Core/Src/stm32f1xx_hal_msp.o
 .debug_aranges
                0x000003a8       0x90 build/debug/Core/Src/stm32f1xx_it.o
 .debug_aranges
                0x00000438       0x20 build/debug/Core/Src/sysmem.o
 .debug_aranges
                0x00000458       0x28 build/debug/Core/Src/system_stm32f1xx.o
 .debug_aranges
                0x00000480       0x58 build/debug/Core/Src/tim.o
 .debug_aranges
                0x000004d8       0x30 build/debug/Core/Src/usart.o
 .debug_aranges
                0x00000508       0xe0 build/debug/Drivers/STM32F1xx_HAL_Driver/Src/stm32f1xx_hal.o
 .debug_aranges
                0x000005e8       0xf0 build/debug/Drivers/STM32F1xx_HAL_Driver/Src/stm32f1xx_hal_adc.o
 .debug_aranges
                0x000006d8       0x80 build/debug/Drivers/STM32F1xx_HAL_Driver/Src/stm32f1xx_hal_adc_ex.o
 .debug_aranges
                0x00000758       0xc0 build/debug/Drivers/STM32F1xx_HAL_Driver/Src/stm32f1xx_hal_cortex.o
 .debug_aranges
                0x00000818       0x80 build/debug/Drivers/STM32F1xx_HAL_Driver/Src/stm32f1xx_hal_dma.o
 .debug_aranges
                0x00000898       0x58 build/debug/Drivers/STM32F1xx_HAL_Driver/Src/stm32f1xx_hal_gpio.o
 .debug_aranges
                0x000008f0       0x90 build/debug/Drivers/STM32F1xx_HAL_Driver/Src/stm32f1xx_hal_rcc.o
 .debug_aranges
                0x00000980       0x30 build/debug/Drivers/STM32F1xx_HAL_Driver/Src/stm32f1xx_hal_rcc_ex.o
 .debug_aranges
                0x000009b0      0x3d0 build/debug/Drivers/STM32F1xx_HAL_Driver/Src/stm32f1xx_hal_tim.o
 .debug_aranges
                0x00000d80      0x168 build/debug/Drivers/STM32F1xx_HAL_Driver/Src/stm32f1xx_hal_tim_ex.o
 .debug_aranges
                0x00000ee8      0x208 build/debug/Drivers/STM32F1xx_HAL_Driver/Src/stm32f1xx_hal_uart.o
 .debug_aranges
                0x000010f0       0x28 build/debug/startup_stm32f103xb.o
 .debug_aranges
                0x00001118       0x20 c:/Users/zhmis/AppData/Roaming/Code/User/globalStorage/bmd.stm32-for-vscode/@xpack-dev-tools/arm-none-eabi-gcc/13.3.1-1.1.1/.content/bin/../lib/gcc/arm-none-eabi/13.3.1/thumb/v7-m/nofp\libgcc.a(_arm_muldivsf3.o)
 .debug_aranges
                0x00001138       0x20 c:/Users/zhmis/AppData/Roaming/Code/User/globalStorage/bmd.stm32-for-vscode/@xpack-dev-tools/arm-none-eabi-gcc/13.3.1-1.1.1/.content/bin/../lib/gcc/arm-none-eabi/13.3.1/thumb/v7-m/nofp\libgcc.a(_arm_fixsfsi.o)

.debug_rnglists
                0x00000000      0xcf6
 .debug_rnglists
                0x00000000       0x20 build/debug/Core/Src/adc.o
 .debug_rnglists
                0x00000020       0x20 build/debug/Core/Src/adc_current.o
 .debug_rnglists
                0x00000040       0x49 build/debug/Core/Src/crc_8_16.o
 .debug_rnglists
                0x00000089       0x13 build/debug/Core/Src/dma.o
 .debug_rnglists
                0x0000009c       0x19 build/debug/Core/Src/ema_iq18.o
 .debug_rnglists
                0x000000b5       0x31 build/debug/Core/Src/encoder_iq18.o
 .debug_rnglists
                0x000000e6       0x14 build/debug/Core/Src/gpio.o
 .debug_rnglists
                0x000000fa       0x14 build/debug/Core/Src/loops_handler.o
 .debug_rnglists
                0x0000010e       0x20 build/debug/Core/Src/main.o
 .debug_rnglists
                0x0000012e       0x13 build/debug/Core/Src/main_init.o
 .debug_rnglists
                0x00000141       0x4a build/debug/Core/Src/pid_iq18.o
 .debug_rnglists
                0x0000018b       0x13 build/debug/Core/Src/pins_init.o
 .debug_rnglists
                0x0000019e       0x2d build/debug/Core/Src/potamon_bus_lowlvl_handle.o
 .debug_rnglists
                0x000001cb       0x26 build/debug/Core/Src/pwm.o
 .debug_rnglists
                0x000001f1       0x1a build/debug/Core/Src/servo_init.o
 .debug_rnglists
                0x0000020b       0x81 build/debug/Core/Src/servo_iq18.o
 .debug_rnglists
                0x0000028c       0x13 build/debug/Core/Src/stm32f1xx_hal_msp.o
 .debug_rnglists
                0x0000029f       0x67 build/debug/Core/Src/stm32f1xx_it.o
 .debug_rnglists
                0x00000306       0x13 build/debug/Core/Src/sysmem.o
 .debug_rnglists
                0x00000319       0x1a build/debug/Core/Src/system_stm32f1xx.o
 .debug_rnglists
                0x00000333       0x3f build/debug/Core/Src/tim.o
 .debug_rnglists
                0x00000372       0x20 build/debug/Core/Src/usart.o
 .debug_rnglists
                0x00000392       0xa3 build/debug/Drivers/STM32F1xx_HAL_Driver/Src/stm32f1xx_hal.o
 .debug_rnglists
                0x00000435       0xb8 build/debug/Drivers/STM32F1xx_HAL_Driver/Src/stm32f1xx_hal_adc.o
 .debug_rnglists
                0x000004ed       0x62 build/debug/Drivers/STM32F1xx_HAL_Driver/Src/stm32f1xx_hal_adc_ex.o
 .debug_rnglists
                0x0000054f       0x8b build/debug/Drivers/STM32F1xx_HAL_Driver/Src/stm32f1xx_hal_cortex.o
 .debug_rnglists
                0x000005da       0x5e build/debug/Drivers/STM32F1xx_HAL_Driver/Src/stm32f1xx_hal_dma.o
 .debug_rnglists
                0x00000638       0x3f build/debug/Drivers/STM32F1xx_HAL_Driver/Src/stm32f1xx_hal_gpio.o
 .debug_rnglists
                0x00000677       0x7d build/debug/Drivers/STM32F1xx_HAL_Driver/Src/stm32f1xx_hal_rcc.o
 .debug_rnglists
                0x000006f4       0x2f build/debug/Drivers/STM32F1xx_HAL_Driver/Src/stm32f1xx_hal_rcc_ex.o
 .debug_rnglists
                0x00000723      0x2ff build/debug/Drivers/STM32F1xx_HAL_Driver/Src/stm32f1xx_hal_tim.o
 .debug_rnglists
                0x00000a22      0x11a build/debug/Drivers/STM32F1xx_HAL_Driver/Src/stm32f1xx_hal_tim_ex.o
 .debug_rnglists
                0x00000b3c      0x1a1 build/debug/Drivers/STM32F1xx_HAL_Driver/Src/stm32f1xx_hal_uart.o
 .debug_rnglists
                0x00000cdd       0x19 build/debug/startup_stm32f103xb.o

.debug_line     0x00000000    0x139e0
 .debug_line    0x00000000      0x40e build/debug/Core/Src/adc.o
 .debug_line    0x0000040e      0x372 build/debug/Core/Src/adc_current.o
 .debug_line    0x00000780      0x362 build/debug/Core/Src/crc_8_16.o
 .debug_line    0x00000ae2      0x22b build/debug/Core/Src/dma.o
 .debug_line    0x00000d0d      0x23b build/debug/Core/Src/ema_iq18.o
 .debug_line    0x00000f48      0x440 build/debug/Core/Src/encoder_iq18.o
 .debug_line    0x00001388      0x1b6 build/debug/Core/Src/global_flags.o
 .debug_line    0x0000153e      0x31b build/debug/Core/Src/gpio.o
 .debug_line    0x00001859      0x3bf build/debug/Core/Src/loops_handler.o
 .debug_line    0x00001c18      0x478 build/debug/Core/Src/main.o
 .debug_line    0x00002090      0x36f build/debug/Core/Src/main_init.o
 .debug_line    0x000023ff      0x2a1 build/debug/Core/Src/pid_iq18.o
 .debug_line    0x000026a0      0x243 build/debug/Core/Src/pins_init.o
 .debug_line    0x000028e3      0x7e0 build/debug/Core/Src/potamon_bus_lowlvl_handle.o
 .debug_line    0x000030c3      0x3b2 build/debug/Core/Src/pwm.o
 .debug_line    0x00003475      0x349 build/debug/Core/Src/servo_init.o
 .debug_line    0x000037be      0x7e9 build/debug/Core/Src/servo_iq18.o
 .debug_line    0x00003fa7      0x204 build/debug/Core/Src/stm32f1xx_hal_msp.o
 .debug_line    0x000041ab      0x401 build/debug/Core/Src/stm32f1xx_it.o
 .debug_line    0x000045ac      0x2bc build/debug/Core/Src/sysmem.o
 .debug_line    0x00004868      0x2cd build/debug/Core/Src/system_stm32f1xx.o
 .debug_line    0x00004b35      0x65a build/debug/Core/Src/tim.o
 .debug_line    0x0000518f      0x44a build/debug/Core/Src/usart.o
 .debug_line    0x000055d9      0x5b6 build/debug/Drivers/STM32F1xx_HAL_Driver/Src/stm32f1xx_hal.o
 .debug_line    0x00005b8f      0xf0c build/debug/Drivers/STM32F1xx_HAL_Driver/Src/stm32f1xx_hal_adc.o
 .debug_line    0x00006a9b      0xbd8 build/debug/Drivers/STM32F1xx_HAL_Driver/Src/stm32f1xx_hal_adc_ex.o
 .debug_line    0x00007673      0x72f build/debug/Drivers/STM32F1xx_HAL_Driver/Src/stm32f1xx_hal_cortex.o
 .debug_line    0x00007da2      0xb77 build/debug/Drivers/STM32F1xx_HAL_Driver/Src/stm32f1xx_hal_dma.o
 .debug_line    0x00008919      0x658 build/debug/Drivers/STM32F1xx_HAL_Driver/Src/stm32f1xx_hal_gpio.o
 .debug_line    0x00008f71      0xd32 build/debug/Drivers/STM32F1xx_HAL_Driver/Src/stm32f1xx_hal_rcc.o
 .debug_line    0x00009ca3      0x532 build/debug/Drivers/STM32F1xx_HAL_Driver/Src/stm32f1xx_hal_rcc_ex.o
 .debug_line    0x0000a1d5     0x4677 build/debug/Drivers/STM32F1xx_HAL_Driver/Src/stm32f1xx_hal_tim.o
 .debug_line    0x0000e84c     0x1a74 build/debug/Drivers/STM32F1xx_HAL_Driver/Src/stm32f1xx_hal_tim_ex.o
 .debug_line    0x000102c0     0x3527 build/debug/Drivers/STM32F1xx_HAL_Driver/Src/stm32f1xx_hal_uart.o
 .debug_line    0x000137e7       0x74 build/debug/startup_stm32f103xb.o
 .debug_line    0x0001385b      0x123 c:/Users/zhmis/AppData/Roaming/Code/User/globalStorage/bmd.stm32-for-vscode/@xpack-dev-tools/arm-none-eabi-gcc/13.3.1-1.1.1/.content/bin/../lib/gcc/arm-none-eabi/13.3.1/thumb/v7-m/nofp\libgcc.a(_arm_muldivsf3.o)
 .debug_line    0x0001397e       0x62 c:/Users/zhmis/AppData/Roaming/Code/User/globalStorage/bmd.stm32-for-vscode/@xpack-dev-tools/arm-none-eabi-gcc/13.3.1-1.1.1/.content/bin/../lib/gcc/arm-none-eabi/13.3.1/thumb/v7-m/nofp\libgcc.a(_arm_fixsfsi.o)

.debug_str      0x00000000     0x4d10
 .debug_str     0x00000000     0x4d10 build/debug/Core/Src/adc.o
                                0x63b (size before relaxing)
 .debug_str     0x00004d10      0x5c3 build/debug/Core/Src/adc_current.o
 .debug_str     0x00004d10      0x1b1 build/debug/Core/Src/crc_8_16.o
 .debug_str     0x00004d10      0x4ce build/debug/Core/Src/dma.o
 .debug_str     0x00004d10      0x1f5 build/debug/Core/Src/ema_iq18.o
 .debug_str     0x00004d10      0x85a build/debug/Core/Src/encoder_iq18.o
 .debug_str     0x00004d10      0x196 build/debug/Core/Src/global_flags.o
 .debug_str     0x00004d10      0x576 build/debug/Core/Src/gpio.o
 .debug_str     0x00004d10      0xa90 build/debug/Core/Src/loops_handler.o
 .debug_str     0x00004d10      0xc4f build/debug/Core/Src/main.o
 .debug_str     0x00004d10      0xc50 build/debug/Core/Src/main_init.o
 .debug_str     0x00004d10      0x306 build/debug/Core/Src/pid_iq18.o
 .debug_str     0x00004d10      0x20a build/debug/Core/Src/pins_init.o
 .debug_str     0x00004d10      0xf13 build/debug/Core/Src/potamon_bus_lowlvl_handle.o
 .debug_str     0x00004d10      0x76b build/debug/Core/Src/pwm.o
 .debug_str     0x00004d10      0xc07 build/debug/Core/Src/servo_init.o
 .debug_str     0x00004d10      0xc6f build/debug/Core/Src/servo_iq18.o
 .debug_str     0x00004d10      0x203 build/debug/Core/Src/stm32f1xx_hal_msp.o
 .debug_str     0x00004d10      0xa74 build/debug/Core/Src/stm32f1xx_it.o
 .debug_str     0x00004d10      0x1f7 build/debug/Core/Src/sysmem.o
 .debug_str     0x00004d10      0x233 build/debug/Core/Src/system_stm32f1xx.o
 .debug_str     0x00004d10      0xcd1 build/debug/Core/Src/tim.o
 .debug_str     0x00004d10      0xa0b build/debug/Core/Src/usart.o
 .debug_str     0x00004d10      0x80d build/debug/Drivers/STM32F1xx_HAL_Driver/Src/stm32f1xx_hal.o
 .debug_str     0x00004d10      0x8b9 build/debug/Drivers/STM32F1xx_HAL_Driver/Src/stm32f1xx_hal_adc.o
 .debug_str     0x00004d10      0x89c build/debug/Drivers/STM32F1xx_HAL_Driver/Src/stm32f1xx_hal_adc_ex.o
 .debug_str     0x00004d10      0x8b2 build/debug/Drivers/STM32F1xx_HAL_Driver/Src/stm32f1xx_hal_cortex.o
 .debug_str     0x00004d10      0x5dc build/debug/Drivers/STM32F1xx_HAL_Driver/Src/stm32f1xx_hal_dma.o
 .debug_str     0x00004d10      0x3df build/debug/Drivers/STM32F1xx_HAL_Driver/Src/stm32f1xx_hal_gpio.o
 .debug_str     0x00004d10      0x60a build/debug/Drivers/STM32F1xx_HAL_Driver/Src/stm32f1xx_hal_rcc.o
 .debug_str     0x00004d10      0x3b2 build/debug/Drivers/STM32F1xx_HAL_Driver/Src/stm32f1xx_hal_rcc_ex.o
 .debug_str     0x00004d10     0x1664 build/debug/Drivers/STM32F1xx_HAL_Driver/Src/stm32f1xx_hal_tim.o
 .debug_str     0x00004d10      0xe70 build/debug/Drivers/STM32F1xx_HAL_Driver/Src/stm32f1xx_hal_tim_ex.o
 .debug_str     0x00004d10      0xcd3 build/debug/Drivers/STM32F1xx_HAL_Driver/Src/stm32f1xx_hal_uart.o
 .debug_str     0x00004d10       0x66 build/debug/startup_stm32f103xb.o
 .debug_str     0x00004d10      0x167 c:/Users/zhmis/AppData/Roaming/Code/User/globalStorage/bmd.stm32-for-vscode/@xpack-dev-tools/arm-none-eabi-gcc/13.3.1-1.1.1/.content/bin/../lib/gcc/arm-none-eabi/13.3.1/thumb/v7-m/nofp\libgcc.a(_arm_muldivsf3.o)
 .debug_str     0x00004d10      0x152 c:/Users/zhmis/AppData/Roaming/Code/User/globalStorage/bmd.stm32-for-vscode/@xpack-dev-tools/arm-none-eabi-gcc/13.3.1-1.1.1/.content/bin/../lib/gcc/arm-none-eabi/13.3.1/thumb/v7-m/nofp\libgcc.a(_arm_fixsfsi.o)

.debug_frame    0x00000000     0x2b54
 .debug_frame   0x00000000       0x68 build/debug/Core/Src/adc.o
 .debug_frame   0x00000068       0x60 build/debug/Core/Src/adc_current.o
 .debug_frame   0x000000c8       0x40 build/debug/Core/Src/crc_8_16.o
 .debug_frame   0x00000108       0x2c build/debug/Core/Src/dma.o
 .debug_frame   0x00000134       0x48 build/debug/Core/Src/ema_iq18.o
 .debug_frame   0x0000017c       0x90 build/debug/Core/Src/encoder_iq18.o
 .debug_frame   0x0000020c       0x38 build/debug/Core/Src/gpio.o
 .debug_frame   0x00000244       0x2c build/debug/Core/Src/loops_handler.o
 .debug_frame   0x00000270       0x58 build/debug/Core/Src/main.o
 .debug_frame   0x000002c8       0x28 build/debug/Core/Src/main_init.o