ARM GAS  C:\Users\zhmis\AppData\Local\Temp\ccg0yqwM.s 			page 1


   1              		.cpu cortex-m3
   2              		.arch armv7-m
   3              		.fpu softvfp
   4              		.eabi_attribute 20, 1
   5              		.eabi_attribute 21, 1
   6              		.eabi_attribute 23, 3
   7              		.eabi_attribute 24, 1
   8              		.eabi_attribute 25, 1
   9              		.eabi_attribute 26, 1
  10              		.eabi_attribute 30, 1
  11              		.eabi_attribute 34, 1
  12              		.eabi_attribute 18, 4
  13              		.file	"spi_slave_handler.c"
  14              		.text
  15              	.Ltext0:
  16              		.cfi_sections	.debug_frame
  17              		.file 1 "Core/Src/spi_slave_handler.c"
  18              		.section	.text.HAL_GPIO_EXTI_Callback,"ax",%progbits
  19              		.align	1
  20              		.global	HAL_GPIO_EXTI_Callback
  21              		.syntax unified
  22              		.thumb
  23              		.thumb_func
  25              	HAL_GPIO_EXTI_Callback:
  26              	.LVL0:
  27              	.LFB65:
   1:Core/Src/spi_slave_handler.c **** #include "spi_slave_handler.h"
   2:Core/Src/spi_slave_handler.c **** 
   3:Core/Src/spi_slave_handler.c **** miso_packet_t transmit_packet;
   4:Core/Src/spi_slave_handler.c **** mosi_packet_t received_packet, valid_packet;
   5:Core/Src/spi_slave_handler.c **** uint32_t interrupr_cnt, callback_cnt, invalid_cnt;
   6:Core/Src/spi_slave_handler.c **** uint32_t txrxthing;
   7:Core/Src/spi_slave_handler.c **** 
   8:Core/Src/spi_slave_handler.c **** void HAL_GPIO_EXTI_Callback(uint16_t GPIO_Pin)
   9:Core/Src/spi_slave_handler.c **** {
  28              		.loc 1 9 1 view -0
  29              		.cfi_startproc
  30              		@ args = 0, pretend = 0, frame = 0
  31              		@ frame_needed = 0, uses_anonymous_args = 0
  10:Core/Src/spi_slave_handler.c **** 	// interrupr_cnt++;
  11:Core/Src/spi_slave_handler.c **** 	if (GPIO_Pin == NSS_Pin)
  32              		.loc 1 11 2 view .LVU1
  33              		.loc 1 11 5 is_stmt 0 view .LVU2
  34 0000 B0F5805F 		cmp	r0, #4096
  35 0004 00D0     		beq	.L8
  36 0006 7047     		bx	lr
  37              	.L8:
   9:Core/Src/spi_slave_handler.c **** 	// interrupr_cnt++;
  38              		.loc 1 9 1 view .LVU3
  39 0008 10B5     		push	{r4, lr}
  40              		.cfi_def_cfa_offset 8
  41              		.cfi_offset 4, -8
  42              		.cfi_offset 14, -4
  12:Core/Src/spi_slave_handler.c **** 	{
  13:Core/Src/spi_slave_handler.c **** 		if (HAL_GPIO_ReadPin(NSS_GPIO_Port, NSS_Pin))
  43              		.loc 1 13 3 is_stmt 1 view .LVU4
  44              		.loc 1 13 7 is_stmt 0 view .LVU5
ARM GAS  C:\Users\zhmis\AppData\Local\Temp\ccg0yqwM.s 			page 2


  45 000a 4FF48051 		mov	r1, #4096
  46 000e 1248     		ldr	r0, .L9
  47              	.LVL1:
  48              		.loc 1 13 7 view .LVU6
  49 0010 FFF7FEFF 		bl	HAL_GPIO_ReadPin
  50              	.LVL2:
  51              		.loc 1 13 6 discriminator 1 view .LVU7
  52 0014 30B1     		cbz	r0, .L3
  14:Core/Src/spi_slave_handler.c **** 		{
  15:Core/Src/spi_slave_handler.c **** 			// interrupr_cnt++;
  16:Core/Src/spi_slave_handler.c **** 			hspi2.Instance->CR1 |= 0x100; // Set SSI bit
  53              		.loc 1 16 4 is_stmt 1 view .LVU8
  54              		.loc 1 16 9 is_stmt 0 view .LVU9
  55 0016 114B     		ldr	r3, .L9+4
  56 0018 1A68     		ldr	r2, [r3]
  57              		.loc 1 16 18 view .LVU10
  58 001a 1368     		ldr	r3, [r2]
  59              		.loc 1 16 24 view .LVU11
  60 001c 43F48073 		orr	r3, r3, #256
  61 0020 1360     		str	r3, [r2]
  62              	.L1:
  17:Core/Src/spi_slave_handler.c **** 		}
  18:Core/Src/spi_slave_handler.c **** 		else
  19:Core/Src/spi_slave_handler.c **** 		{
  20:Core/Src/spi_slave_handler.c **** 			// interrupr_cnt++;
  21:Core/Src/spi_slave_handler.c **** 			slave_crc_packet(&transmit_packet);
  22:Core/Src/spi_slave_handler.c **** 			hspi2.Instance->CR1 &= 0xFEFF; // Reset SSI bit
  23:Core/Src/spi_slave_handler.c **** 			txrxthing = (uint32_t)HAL_SPI_TransmitReceive_IT(&hspi2, (uint8_t *)&transmit_packet,
  24:Core/Src/spi_slave_handler.c **** 															 (uint8_t *)&received_packet, sizeof(mosi_packet_t));
  25:Core/Src/spi_slave_handler.c **** 			if (transmit_packet.servos_reset)
  26:Core/Src/spi_slave_handler.c **** 			{
  27:Core/Src/spi_slave_handler.c **** 				transmit_packet.servos_reset = 0;
  28:Core/Src/spi_slave_handler.c **** 			}
  29:Core/Src/spi_slave_handler.c **** 		}
  30:Core/Src/spi_slave_handler.c **** 	}
  31:Core/Src/spi_slave_handler.c **** }
  63              		.loc 1 31 1 view .LVU12
  64 0022 10BD     		pop	{r4, pc}
  65              	.L3:
  21:Core/Src/spi_slave_handler.c **** 			hspi2.Instance->CR1 &= 0xFEFF; // Reset SSI bit
  66              		.loc 1 21 4 is_stmt 1 view .LVU13
  67 0024 0E4C     		ldr	r4, .L9+8
  68 0026 2046     		mov	r0, r4
  69 0028 FFF7FEFF 		bl	slave_crc_packet
  70              	.LVL3:
  22:Core/Src/spi_slave_handler.c **** 			txrxthing = (uint32_t)HAL_SPI_TransmitReceive_IT(&hspi2, (uint8_t *)&transmit_packet,
  71              		.loc 1 22 4 view .LVU14
  22:Core/Src/spi_slave_handler.c **** 			txrxthing = (uint32_t)HAL_SPI_TransmitReceive_IT(&hspi2, (uint8_t *)&transmit_packet,
  72              		.loc 1 22 9 is_stmt 0 view .LVU15
  73 002c 0B48     		ldr	r0, .L9+4
  74 002e 0268     		ldr	r2, [r0]
  22:Core/Src/spi_slave_handler.c **** 			txrxthing = (uint32_t)HAL_SPI_TransmitReceive_IT(&hspi2, (uint8_t *)&transmit_packet,
  75              		.loc 1 22 18 view .LVU16
  76 0030 1368     		ldr	r3, [r2]
  22:Core/Src/spi_slave_handler.c **** 			txrxthing = (uint32_t)HAL_SPI_TransmitReceive_IT(&hspi2, (uint8_t *)&transmit_packet,
  77              		.loc 1 22 24 view .LVU17
  78 0032 23F48073 		bic	r3, r3, #256
ARM GAS  C:\Users\zhmis\AppData\Local\Temp\ccg0yqwM.s 			page 3


  79 0036 1B04     		lsls	r3, r3, #16
  80 0038 1B0C     		lsrs	r3, r3, #16
  81 003a 1360     		str	r3, [r2]
  23:Core/Src/spi_slave_handler.c **** 															 (uint8_t *)&received_packet, sizeof(mosi_packet_t));
  82              		.loc 1 23 4 is_stmt 1 view .LVU18
  23:Core/Src/spi_slave_handler.c **** 															 (uint8_t *)&received_packet, sizeof(mosi_packet_t));
  83              		.loc 1 23 26 is_stmt 0 view .LVU19
  84 003c 0E23     		movs	r3, #14
  85 003e 094A     		ldr	r2, .L9+12
  86 0040 2146     		mov	r1, r4
  87 0042 FFF7FEFF 		bl	HAL_SPI_TransmitReceive_IT
  88              	.LVL4:
  23:Core/Src/spi_slave_handler.c **** 															 (uint8_t *)&received_packet, sizeof(mosi_packet_t));
  89              		.loc 1 23 14 discriminator 1 view .LVU20
  90 0046 084B     		ldr	r3, .L9+16
  91 0048 1860     		str	r0, [r3]
  25:Core/Src/spi_slave_handler.c **** 			{
  92              		.loc 1 25 4 is_stmt 1 view .LVU21
  25:Core/Src/spi_slave_handler.c **** 			{
  93              		.loc 1 25 23 is_stmt 0 view .LVU22
  94 004a 637C     		ldrb	r3, [r4, #17]	@ zero_extendqisi2
  25:Core/Src/spi_slave_handler.c **** 			{
  95              		.loc 1 25 7 view .LVU23
  96 004c 002B     		cmp	r3, #0
  97 004e E8D0     		beq	.L1
  27:Core/Src/spi_slave_handler.c **** 			}
  98              		.loc 1 27 5 is_stmt 1 view .LVU24
  27:Core/Src/spi_slave_handler.c **** 			}
  99              		.loc 1 27 34 is_stmt 0 view .LVU25
 100 0050 0022     		movs	r2, #0
 101 0052 6274     		strb	r2, [r4, #17]
 102              		.loc 1 31 1 view .LVU26
 103 0054 E5E7     		b	.L1
 104              	.L10:
 105 0056 00BF     		.align	2
 106              	.L9:
 107 0058 000C0140 		.word	1073810432
 108 005c 00000000 		.word	hspi2
 109 0060 00000000 		.word	transmit_packet
 110 0064 00000000 		.word	received_packet
 111 0068 00000000 		.word	txrxthing
 112              		.cfi_endproc
 113              	.LFE65:
 115              		.section	.text.HAL_SPI_TxRxCpltCallback,"ax",%progbits
 116              		.align	1
 117              		.global	HAL_SPI_TxRxCpltCallback
 118              		.syntax unified
 119              		.thumb
 120              		.thumb_func
 122              	HAL_SPI_TxRxCpltCallback:
 123              	.LVL5:
 124              	.LFB66:
  32:Core/Src/spi_slave_handler.c **** 
  33:Core/Src/spi_slave_handler.c **** void HAL_SPI_TxRxCpltCallback(SPI_HandleTypeDef *hspi)
  34:Core/Src/spi_slave_handler.c **** {
 125              		.loc 1 34 1 is_stmt 1 view -0
 126              		.cfi_startproc
ARM GAS  C:\Users\zhmis\AppData\Local\Temp\ccg0yqwM.s 			page 4


 127              		@ args = 0, pretend = 0, frame = 0
 128              		@ frame_needed = 0, uses_anonymous_args = 0
 129              		.loc 1 34 1 is_stmt 0 view .LVU28
 130 0000 10B5     		push	{r4, lr}
 131              		.cfi_def_cfa_offset 8
 132              		.cfi_offset 4, -8
 133              		.cfi_offset 14, -4
  35:Core/Src/spi_slave_handler.c **** 	callback_cnt++;
 134              		.loc 1 35 2 is_stmt 1 view .LVU29
 135              		.loc 1 35 14 is_stmt 0 view .LVU30
 136 0002 124A     		ldr	r2, .L15
 137 0004 1368     		ldr	r3, [r2]
 138 0006 0133     		adds	r3, r3, #1
 139 0008 1360     		str	r3, [r2]
  36:Core/Src/spi_slave_handler.c **** 
  37:Core/Src/spi_slave_handler.c **** 	if (slave_verify_mosi_packet(&received_packet))
 140              		.loc 1 37 2 is_stmt 1 view .LVU31
 141              		.loc 1 37 6 is_stmt 0 view .LVU32
 142 000a 1148     		ldr	r0, .L15+4
 143              	.LVL6:
 144              		.loc 1 37 6 view .LVU33
 145 000c FFF7FEFF 		bl	slave_verify_mosi_packet
 146              	.LVL7:
 147              		.loc 1 37 5 discriminator 1 view .LVU34
 148 0010 A0B1     		cbz	r0, .L12
  38:Core/Src/spi_slave_handler.c **** 	{
  39:Core/Src/spi_slave_handler.c **** 		memcpy(&valid_packet, &received_packet, sizeof(mosi_packet_t));
 149              		.loc 1 39 3 is_stmt 1 view .LVU35
 150 0012 104C     		ldr	r4, .L15+8
 151 0014 0E4B     		ldr	r3, .L15+4
 152 0016 A446     		mov	ip, r4
 153 0018 0FCB     		ldm	r3, {r0, r1, r2, r3}
 154 001a ACE80700 		stmia	ip!, {r0, r1, r2}
 155 001e ACF80030 		strh	r3, [ip]	@ movhi
  40:Core/Src/spi_slave_handler.c **** 		system_enabled = valid_packet.mode;
 156              		.loc 1 40 3 view .LVU36
 157              		.loc 1 40 32 is_stmt 0 view .LVU37
 158 0022 2278     		ldrb	r2, [r4]	@ zero_extendqisi2
 159              		.loc 1 40 18 view .LVU38
 160 0024 0C4B     		ldr	r3, .L15+12
 161 0026 1A70     		strb	r2, [r3]
  41:Core/Src/spi_slave_handler.c **** 		reset_flag = valid_packet.reset_servos;
 162              		.loc 1 41 3 is_stmt 1 view .LVU39
 163              		.loc 1 41 28 is_stmt 0 view .LVU40
 164 0028 627A     		ldrb	r2, [r4, #9]	@ zero_extendqisi2
 165              		.loc 1 41 14 view .LVU41
 166 002a 0C4B     		ldr	r3, .L15+16
 167 002c 1A70     		strb	r2, [r3]
 168              	.L13:
  42:Core/Src/spi_slave_handler.c **** 	}
  43:Core/Src/spi_slave_handler.c **** 	else
  44:Core/Src/spi_slave_handler.c **** 	{
  45:Core/Src/spi_slave_handler.c **** 		invalid_cnt++;
  46:Core/Src/spi_slave_handler.c **** 		system_enabled = 0;
  47:Core/Src/spi_slave_handler.c **** 	}
  48:Core/Src/spi_slave_handler.c **** 	hspi2.Instance->CR1 |= 0x100; // Set SSI bit
 169              		.loc 1 48 2 is_stmt 1 view .LVU42
ARM GAS  C:\Users\zhmis\AppData\Local\Temp\ccg0yqwM.s 			page 5


 170              		.loc 1 48 7 is_stmt 0 view .LVU43
 171 002e 0C4B     		ldr	r3, .L15+20
 172 0030 1A68     		ldr	r2, [r3]
 173              		.loc 1 48 16 view .LVU44
 174 0032 1368     		ldr	r3, [r2]
 175              		.loc 1 48 22 view .LVU45
 176 0034 43F48073 		orr	r3, r3, #256
 177 0038 1360     		str	r3, [r2]
  49:Core/Src/spi_slave_handler.c **** }
 178              		.loc 1 49 1 view .LVU46
 179 003a 10BD     		pop	{r4, pc}
 180              	.L12:
  45:Core/Src/spi_slave_handler.c **** 		system_enabled = 0;
 181              		.loc 1 45 3 is_stmt 1 view .LVU47
  45:Core/Src/spi_slave_handler.c **** 		system_enabled = 0;
 182              		.loc 1 45 14 is_stmt 0 view .LVU48
 183 003c 094A     		ldr	r2, .L15+24
 184 003e 1368     		ldr	r3, [r2]
 185 0040 0133     		adds	r3, r3, #1
 186 0042 1360     		str	r3, [r2]
  46:Core/Src/spi_slave_handler.c **** 	}
 187              		.loc 1 46 3 is_stmt 1 view .LVU49
  46:Core/Src/spi_slave_handler.c **** 	}
 188              		.loc 1 46 18 is_stmt 0 view .LVU50
 189 0044 044B     		ldr	r3, .L15+12
 190 0046 0022     		movs	r2, #0
 191 0048 1A70     		strb	r2, [r3]
 192 004a F0E7     		b	.L13
 193              	.L16:
 194              		.align	2
 195              	.L15:
 196 004c 00000000 		.word	callback_cnt
 197 0050 00000000 		.word	received_packet
 198 0054 00000000 		.word	valid_packet
 199 0058 00000000 		.word	system_enabled
 200 005c 00000000 		.word	reset_flag
 201 0060 00000000 		.word	hspi2
 202 0064 00000000 		.word	invalid_cnt
 203              		.cfi_endproc
 204              	.LFE66:
 206              		.global	txrxthing
 207              		.section	.bss.txrxthing,"aw",%nobits
 208              		.align	2
 211              	txrxthing:
 212 0000 00000000 		.space	4
 213              		.global	invalid_cnt
 214              		.section	.bss.invalid_cnt,"aw",%nobits
 215              		.align	2
 218              	invalid_cnt:
 219 0000 00000000 		.space	4
 220              		.global	callback_cnt
 221              		.section	.bss.callback_cnt,"aw",%nobits
 222              		.align	2
 225              	callback_cnt:
 226 0000 00000000 		.space	4
 227              		.global	interrupr_cnt
 228              		.section	.bss.interrupr_cnt,"aw",%nobits
ARM GAS  C:\Users\zhmis\AppData\Local\Temp\ccg0yqwM.s 			page 6


 229              		.align	2
 232              	interrupr_cnt:
 233 0000 00000000 		.space	4
 234              		.global	valid_packet
 235              		.section	.bss.valid_packet,"aw",%nobits
 236              		.align	2
 239              	valid_packet:
 240 0000 00000000 		.space	14
 240      00000000 
 240      00000000 
 240      0000
 241              		.global	received_packet
 242              		.section	.bss.received_packet,"aw",%nobits
 243              		.align	2
 246              	received_packet:
 247 0000 00000000 		.space	14
 247      00000000 
 247      00000000 
 247      0000
 248              		.global	transmit_packet
 249              		.section	.bss.transmit_packet,"aw",%nobits
 250              		.align	2
 253              	transmit_packet:
 254 0000 00000000 		.space	22
 254      00000000 
 254      00000000 
 254      00000000 
 254      00000000 
 255              		.text
 256              	.Letext0:
 257              		.file 2 "C:/msys64/mingw64/arm-none-eabi/include/machine/_default_types.h"
 258              		.file 3 "C:/msys64/mingw64/arm-none-eabi/include/sys/_stdint.h"
 259              		.file 4 "Drivers/CMSIS/Device/ST/STM32F1xx/Include/stm32f103xb.h"
 260              		.file 5 "Drivers/STM32F1xx_HAL_Driver/Inc/stm32f1xx_hal_def.h"
 261              		.file 6 "Drivers/STM32F1xx_HAL_Driver/Inc/stm32f1xx_hal_gpio.h"
 262              		.file 7 "Drivers/STM32F1xx_HAL_Driver/Inc/stm32f1xx_hal_dma.h"
 263              		.file 8 "Drivers/STM32F1xx_HAL_Driver/Inc/stm32f1xx_hal_spi.h"
 264              		.file 9 "Core/Inc/spi_comms.h"
 265              		.file 10 "Core/Inc/spi.h"
 266              		.file 11 "Core/Inc/global_flags.h"
 267              		.file 12 "Core/Inc/spi_slave_handler.h"
ARM GAS  C:\Users\zhmis\AppData\Local\Temp\ccg0yqwM.s 			page 7


DEFINED SYMBOLS
                            *ABS*:00000000 spi_slave_handler.c
C:\Users\zhmis\AppData\Local\Temp\ccg0yqwM.s:19     .text.HAL_GPIO_EXTI_Callback:00000000 $t
C:\Users\zhmis\AppData\Local\Temp\ccg0yqwM.s:25     .text.HAL_GPIO_EXTI_Callback:00000000 HAL_GPIO_EXTI_Callback
C:\Users\zhmis\AppData\Local\Temp\ccg0yqwM.s:107    .text.HAL_GPIO_EXTI_Callback:00000058 $d
C:\Users\zhmis\AppData\Local\Temp\ccg0yqwM.s:253    .bss.transmit_packet:00000000 transmit_packet
C:\Users\zhmis\AppData\Local\Temp\ccg0yqwM.s:246    .bss.received_packet:00000000 received_packet
C:\Users\zhmis\AppData\Local\Temp\ccg0yqwM.s:211    .bss.txrxthing:00000000 txrxthing
C:\Users\zhmis\AppData\Local\Temp\ccg0yqwM.s:116    .text.HAL_SPI_TxRxCpltCallback:00000000 $t
C:\Users\zhmis\AppData\Local\Temp\ccg0yqwM.s:122    .text.HAL_SPI_TxRxCpltCallback:00000000 HAL_SPI_TxRxCpltCallback
C:\Users\zhmis\AppData\Local\Temp\ccg0yqwM.s:196    .text.HAL_SPI_TxRxCpltCallback:0000004c $d
C:\Users\zhmis\AppData\Local\Temp\ccg0yqwM.s:225    .bss.callback_cnt:00000000 callback_cnt
C:\Users\zhmis\AppData\Local\Temp\ccg0yqwM.s:239    .bss.valid_packet:00000000 valid_packet
C:\Users\zhmis\AppData\Local\Temp\ccg0yqwM.s:218    .bss.invalid_cnt:00000000 invalid_cnt
C:\Users\zhmis\AppData\Local\Temp\ccg0yqwM.s:208    .bss.txrxthing:00000000 $d
C:\Users\zhmis\AppData\Local\Temp\ccg0yqwM.s:215    .bss.invalid_cnt:00000000 $d
C:\Users\zhmis\AppData\Local\Temp\ccg0yqwM.s:222    .bss.callback_cnt:00000000 $d
C:\Users\zhmis\AppData\Local\Temp\ccg0yqwM.s:232    .bss.interrupr_cnt:00000000 interrupr_cnt
C:\Users\zhmis\AppData\Local\Temp\ccg0yqwM.s:229    .bss.interrupr_cnt:00000000 $d
C:\Users\zhmis\AppData\Local\Temp\ccg0yqwM.s:236    .bss.valid_packet:00000000 $d
C:\Users\zhmis\AppData\Local\Temp\ccg0yqwM.s:243    .bss.received_packet:00000000 $d
C:\Users\zhmis\AppData\Local\Temp\ccg0yqwM.s:250    .bss.transmit_packet:00000000 $d

UNDEFINED SYMBOLS
HAL_GPIO_ReadPin
slave_crc_packet
HAL_SPI_TransmitReceive_IT
hspi2
slave_verify_mosi_packet
system_enabled
reset_flag
