ARM GAS  C:\Users\zhmis\AppData\Local\Temp\cc3imeye.s 			page 1


   1              		.cpu cortex-m3
   2              		.arch armv7-m
   3              		.fpu softvfp
   4              		.eabi_attribute 20, 1
   5              		.eabi_attribute 21, 1
   6              		.eabi_attribute 23, 3
   7              		.eabi_attribute 24, 1
   8              		.eabi_attribute 25, 1
   9              		.eabi_attribute 26, 1
  10              		.eabi_attribute 30, 1
  11              		.eabi_attribute 34, 1
  12              		.eabi_attribute 18, 4
  13              		.file	"spi_comms.c"
  14              		.text
  15              	.Ltext0:
  16              		.cfi_sections	.debug_frame
  17              		.file 1 "Core/Src/spi_comms.c"
  18              		.section	.text.master_reset_miso_packet,"ax",%progbits
  19              		.align	1
  20              		.global	master_reset_miso_packet
  21              		.syntax unified
  22              		.thumb
  23              		.thumb_func
  25              	master_reset_miso_packet:
  26              	.LVL0:
  27              	.LFB68:
   1:Core/Src/spi_comms.c **** #include "spi_comms.h"
   2:Core/Src/spi_comms.c **** #include <stdio.h>
   3:Core/Src/spi_comms.c **** 
   4:Core/Src/spi_comms.c **** /* Master methods ---------------------------------------------------------*/
   5:Core/Src/spi_comms.c **** void master_reset_miso_packet(miso_packet_t *packet) {
  28              		.loc 1 5 54 view -0
  29              		.cfi_startproc
  30              		@ args = 0, pretend = 0, frame = 0
  31              		@ frame_needed = 0, uses_anonymous_args = 0
  32              		@ link register save eliminated.
   6:Core/Src/spi_comms.c ****     memset(packet, 0, sizeof(miso_packet_t));
  33              		.loc 1 6 5 view .LVU1
  34 0000 0023     		movs	r3, #0
  35 0002 0360     		str	r3, [r0]	@ unaligned
  36 0004 4360     		str	r3, [r0, #4]	@ unaligned
  37 0006 8360     		str	r3, [r0, #8]	@ unaligned
  38 0008 C360     		str	r3, [r0, #12]	@ unaligned
  39 000a 0361     		str	r3, [r0, #16]	@ unaligned
  40 000c 8382     		strh	r3, [r0, #20]	@ unaligned
   7:Core/Src/spi_comms.c **** }
  41              		.loc 1 7 1 is_stmt 0 view .LVU2
  42 000e 7047     		bx	lr
  43              		.cfi_endproc
  44              	.LFE68:
  46              		.section	.text.master_crc_packet,"ax",%progbits
  47              		.align	1
  48              		.global	master_crc_packet
  49              		.syntax unified
  50              		.thumb
  51              		.thumb_func
  53              	master_crc_packet:
ARM GAS  C:\Users\zhmis\AppData\Local\Temp\cc3imeye.s 			page 2


  54              	.LVL1:
  55              	.LFB69:
   8:Core/Src/spi_comms.c **** 
   9:Core/Src/spi_comms.c **** void master_crc_packet(mosi_packet_t *packet) {
  56              		.loc 1 9 47 is_stmt 1 view -0
  57              		.cfi_startproc
  58              		@ args = 0, pretend = 0, frame = 16
  59              		@ frame_needed = 0, uses_anonymous_args = 0
  60              		.loc 1 9 47 is_stmt 0 view .LVU4
  61 0000 10B5     		push	{r4, lr}
  62              		.cfi_def_cfa_offset 8
  63              		.cfi_offset 4, -8
  64              		.cfi_offset 14, -4
  65 0002 84B0     		sub	sp, sp, #16
  66              		.cfi_def_cfa_offset 24
  67 0004 0446     		mov	r4, r0
  10:Core/Src/spi_comms.c ****     uint32_t buffer[sizeof(mosi_packet_t) / 4];
  68              		.loc 1 10 5 is_stmt 1 view .LVU5
  11:Core/Src/spi_comms.c ****     memcpy(buffer, packet, sizeof(mosi_packet_t) - sizeof(uint32_t));
  69              		.loc 1 11 5 view .LVU6
  70 0006 01AB     		add	r3, sp, #4
  71 0008 0068     		ldr	r0, [r0]	@ unaligned
  72              	.LVL2:
  73              		.loc 1 11 5 is_stmt 0 view .LVU7
  74 000a 6168     		ldr	r1, [r4, #4]	@ unaligned
  75 000c 03C3     		stmia	r3!, {r0, r1}
  76 000e 2289     		ldrh	r2, [r4, #8]	@ unaligned
  77 0010 1A80     		strh	r2, [r3]	@ unaligned
  12:Core/Src/spi_comms.c ****     uint32_t crc_check = HAL_CRC_Calculate(&hcrc, buffer, (sizeof(mosi_packet_t) - sizeof(uint32_t)
  78              		.loc 1 12 5 is_stmt 1 view .LVU8
  79              		.loc 1 12 26 is_stmt 0 view .LVU9
  80 0012 0222     		movs	r2, #2
  81 0014 01A9     		add	r1, sp, #4
  82 0016 0348     		ldr	r0, .L4
  83 0018 FFF7FEFF 		bl	HAL_CRC_Calculate
  84              	.LVL3:
  13:Core/Src/spi_comms.c ****     packet->crc_res = crc_check;
  85              		.loc 1 13 5 is_stmt 1 view .LVU10
  86              		.loc 1 13 21 is_stmt 0 view .LVU11
  87 001c C4F80A00 		str	r0, [r4, #10]	@ unaligned
  14:Core/Src/spi_comms.c **** }
  88              		.loc 1 14 1 view .LVU12
  89 0020 04B0     		add	sp, sp, #16
  90              		.cfi_def_cfa_offset 8
  91              		@ sp needed
  92 0022 10BD     		pop	{r4, pc}
  93              	.LVL4:
  94              	.L5:
  95              		.loc 1 14 1 view .LVU13
  96              		.align	2
  97              	.L4:
  98 0024 00000000 		.word	hcrc
  99              		.cfi_endproc
 100              	.LFE69:
 102              		.section	.text.master_verify_miso_packet,"ax",%progbits
 103              		.align	1
 104              		.global	master_verify_miso_packet
ARM GAS  C:\Users\zhmis\AppData\Local\Temp\cc3imeye.s 			page 3


 105              		.syntax unified
 106              		.thumb
 107              		.thumb_func
 109              	master_verify_miso_packet:
 110              	.LVL5:
 111              	.LFB70:
  15:Core/Src/spi_comms.c **** 
  16:Core/Src/spi_comms.c **** uint8_t master_verify_miso_packet(miso_packet_t *packet) {
 112              		.loc 1 16 58 is_stmt 1 view -0
 113              		.cfi_startproc
 114              		@ args = 0, pretend = 0, frame = 24
 115              		@ frame_needed = 0, uses_anonymous_args = 0
 116              		.loc 1 16 58 is_stmt 0 view .LVU15
 117 0000 10B5     		push	{r4, lr}
 118              		.cfi_def_cfa_offset 8
 119              		.cfi_offset 4, -8
 120              		.cfi_offset 14, -4
 121 0002 86B0     		sub	sp, sp, #24
 122              		.cfi_def_cfa_offset 32
 123 0004 0446     		mov	r4, r0
  17:Core/Src/spi_comms.c ****     uint32_t buffer[sizeof(miso_packet_t) / 4];
 124              		.loc 1 17 5 is_stmt 1 view .LVU16
  18:Core/Src/spi_comms.c ****     memcpy(buffer, packet, sizeof(miso_packet_t) - sizeof(uint32_t));
 125              		.loc 1 18 5 view .LVU17
 126 0006 0DF1040C 		add	ip, sp, #4
 127 000a 0068     		ldr	r0, [r0]	@ unaligned
 128              	.LVL6:
 129              		.loc 1 18 5 is_stmt 0 view .LVU18
 130 000c 6168     		ldr	r1, [r4, #4]	@ unaligned
 131 000e A268     		ldr	r2, [r4, #8]	@ unaligned
 132 0010 E368     		ldr	r3, [r4, #12]	@ unaligned
 133 0012 ACE80F00 		stmia	ip!, {r0, r1, r2, r3}
 134 0016 238A     		ldrh	r3, [r4, #16]	@ unaligned
 135 0018 ACF80030 		strh	r3, [ip]	@ unaligned
  19:Core/Src/spi_comms.c ****     uint32_t crc_check = HAL_CRC_Calculate(&hcrc, buffer, (sizeof(miso_packet_t) - sizeof(uint32_t)
 136              		.loc 1 19 5 is_stmt 1 view .LVU19
 137              		.loc 1 19 26 is_stmt 0 view .LVU20
 138 001c 0422     		movs	r2, #4
 139 001e 0DEB0201 		add	r1, sp, r2
 140 0022 0548     		ldr	r0, .L8
 141 0024 FFF7FEFF 		bl	HAL_CRC_Calculate
 142              	.LVL7:
  20:Core/Src/spi_comms.c ****     return (packet->crc_res == crc_check);
 143              		.loc 1 20 5 is_stmt 1 view .LVU21
 144              		.loc 1 20 19 is_stmt 0 view .LVU22
 145 0028 D4F81230 		ldr	r3, [r4, #18]	@ unaligned
  21:Core/Src/spi_comms.c **** }
 146              		.loc 1 21 1 view .LVU23
 147 002c 8342     		cmp	r3, r0
 148 002e 14BF     		ite	ne
 149 0030 0020     		movne	r0, #0
 150              	.LVL8:
 151              		.loc 1 21 1 view .LVU24
 152 0032 0120     		moveq	r0, #1
 153 0034 06B0     		add	sp, sp, #24
 154              		.cfi_def_cfa_offset 8
 155              		@ sp needed
ARM GAS  C:\Users\zhmis\AppData\Local\Temp\cc3imeye.s 			page 4


 156 0036 10BD     		pop	{r4, pc}
 157              	.LVL9:
 158              	.L9:
 159              		.loc 1 21 1 view .LVU25
 160              		.align	2
 161              	.L8:
 162 0038 00000000 		.word	hcrc
 163              		.cfi_endproc
 164              	.LFE70:
 166              		.section	.text.slave_reset_mosi_packet,"ax",%progbits
 167              		.align	1
 168              		.global	slave_reset_mosi_packet
 169              		.syntax unified
 170              		.thumb
 171              		.thumb_func
 173              	slave_reset_mosi_packet:
 174              	.LVL10:
 175              	.LFB71:
  22:Core/Src/spi_comms.c **** 
  23:Core/Src/spi_comms.c **** /* Slave methods ---------------------------------------------------------*/
  24:Core/Src/spi_comms.c **** void slave_reset_mosi_packet(mosi_packet_t *packet) {
 176              		.loc 1 24 53 is_stmt 1 view -0
 177              		.cfi_startproc
 178              		@ args = 0, pretend = 0, frame = 0
 179              		@ frame_needed = 0, uses_anonymous_args = 0
 180              		@ link register save eliminated.
  25:Core/Src/spi_comms.c ****     memset(packet, 0, sizeof(mosi_packet_t));
 181              		.loc 1 25 5 view .LVU27
 182 0000 0023     		movs	r3, #0
 183 0002 0360     		str	r3, [r0]	@ unaligned
 184 0004 4360     		str	r3, [r0, #4]	@ unaligned
 185 0006 8360     		str	r3, [r0, #8]	@ unaligned
 186 0008 8381     		strh	r3, [r0, #12]	@ unaligned
  26:Core/Src/spi_comms.c **** }
 187              		.loc 1 26 1 is_stmt 0 view .LVU28
 188 000a 7047     		bx	lr
 189              		.cfi_endproc
 190              	.LFE71:
 192              		.section	.text.slave_crc_packet,"ax",%progbits
 193              		.align	1
 194              		.global	slave_crc_packet
 195              		.syntax unified
 196              		.thumb
 197              		.thumb_func
 199              	slave_crc_packet:
 200              	.LVL11:
 201              	.LFB72:
  27:Core/Src/spi_comms.c **** 
  28:Core/Src/spi_comms.c **** void slave_crc_packet(miso_packet_t *packet) {
 202              		.loc 1 28 46 is_stmt 1 view -0
 203              		.cfi_startproc
 204              		@ args = 0, pretend = 0, frame = 24
 205              		@ frame_needed = 0, uses_anonymous_args = 0
 206              		.loc 1 28 46 is_stmt 0 view .LVU30
 207 0000 10B5     		push	{r4, lr}
 208              		.cfi_def_cfa_offset 8
 209              		.cfi_offset 4, -8
ARM GAS  C:\Users\zhmis\AppData\Local\Temp\cc3imeye.s 			page 5


 210              		.cfi_offset 14, -4
 211 0002 86B0     		sub	sp, sp, #24
 212              		.cfi_def_cfa_offset 32
 213 0004 0446     		mov	r4, r0
  29:Core/Src/spi_comms.c ****     uint32_t buffer[sizeof(miso_packet_t) / 4];
 214              		.loc 1 29 5 is_stmt 1 view .LVU31
  30:Core/Src/spi_comms.c ****     memcpy(buffer, packet, sizeof(miso_packet_t) - sizeof(uint32_t));
 215              		.loc 1 30 5 view .LVU32
 216 0006 0DF1040C 		add	ip, sp, #4
 217 000a 0068     		ldr	r0, [r0]	@ unaligned
 218              	.LVL12:
 219              		.loc 1 30 5 is_stmt 0 view .LVU33
 220 000c 6168     		ldr	r1, [r4, #4]	@ unaligned
 221 000e A268     		ldr	r2, [r4, #8]	@ unaligned
 222 0010 E368     		ldr	r3, [r4, #12]	@ unaligned
 223 0012 ACE80F00 		stmia	ip!, {r0, r1, r2, r3}
 224 0016 238A     		ldrh	r3, [r4, #16]	@ unaligned
 225 0018 ACF80030 		strh	r3, [ip]	@ unaligned
  31:Core/Src/spi_comms.c ****     uint32_t crc_check = HAL_CRC_Calculate(&hcrc, buffer, (sizeof(miso_packet_t) - sizeof(uint32_t)
 226              		.loc 1 31 5 is_stmt 1 view .LVU34
 227              		.loc 1 31 26 is_stmt 0 view .LVU35
 228 001c 0422     		movs	r2, #4
 229 001e 0DEB0201 		add	r1, sp, r2
 230 0022 0348     		ldr	r0, .L13
 231 0024 FFF7FEFF 		bl	HAL_CRC_Calculate
 232              	.LVL13:
  32:Core/Src/spi_comms.c ****     packet->crc_res = crc_check;
 233              		.loc 1 32 5 is_stmt 1 view .LVU36
 234              		.loc 1 32 21 is_stmt 0 view .LVU37
 235 0028 C4F81200 		str	r0, [r4, #18]	@ unaligned
  33:Core/Src/spi_comms.c **** }
 236              		.loc 1 33 1 view .LVU38
 237 002c 06B0     		add	sp, sp, #24
 238              		.cfi_def_cfa_offset 8
 239              		@ sp needed
 240 002e 10BD     		pop	{r4, pc}
 241              	.LVL14:
 242              	.L14:
 243              		.loc 1 33 1 view .LVU39
 244              		.align	2
 245              	.L13:
 246 0030 00000000 		.word	hcrc
 247              		.cfi_endproc
 248              	.LFE72:
 250              		.section	.text.slave_verify_mosi_packet,"ax",%progbits
 251              		.align	1
 252              		.global	slave_verify_mosi_packet
 253              		.syntax unified
 254              		.thumb
 255              		.thumb_func
 257              	slave_verify_mosi_packet:
 258              	.LVL15:
 259              	.LFB73:
  34:Core/Src/spi_comms.c **** 
  35:Core/Src/spi_comms.c **** uint8_t slave_verify_mosi_packet(mosi_packet_t *packet) {
 260              		.loc 1 35 57 is_stmt 1 view -0
 261              		.cfi_startproc
ARM GAS  C:\Users\zhmis\AppData\Local\Temp\cc3imeye.s 			page 6


 262              		@ args = 0, pretend = 0, frame = 16
 263              		@ frame_needed = 0, uses_anonymous_args = 0
 264              		.loc 1 35 57 is_stmt 0 view .LVU41
 265 0000 10B5     		push	{r4, lr}
 266              		.cfi_def_cfa_offset 8
 267              		.cfi_offset 4, -8
 268              		.cfi_offset 14, -4
 269 0002 84B0     		sub	sp, sp, #16
 270              		.cfi_def_cfa_offset 24
 271 0004 0446     		mov	r4, r0
  36:Core/Src/spi_comms.c ****     uint32_t buffer[sizeof(mosi_packet_t) / 4];
 272              		.loc 1 36 5 is_stmt 1 view .LVU42
  37:Core/Src/spi_comms.c ****     memcpy(buffer, packet, sizeof(mosi_packet_t) - sizeof(uint32_t));
 273              		.loc 1 37 5 view .LVU43
 274 0006 01AB     		add	r3, sp, #4
 275 0008 0068     		ldr	r0, [r0]	@ unaligned
 276              	.LVL16:
 277              		.loc 1 37 5 is_stmt 0 view .LVU44
 278 000a 6168     		ldr	r1, [r4, #4]	@ unaligned
 279 000c 03C3     		stmia	r3!, {r0, r1}
 280 000e 2289     		ldrh	r2, [r4, #8]	@ unaligned
 281 0010 1A80     		strh	r2, [r3]	@ unaligned
  38:Core/Src/spi_comms.c ****     uint32_t crc_check = HAL_CRC_Calculate(&hcrc, buffer, (sizeof(mosi_packet_t) - sizeof(uint32_t)
 282              		.loc 1 38 5 is_stmt 1 view .LVU45
 283              		.loc 1 38 26 is_stmt 0 view .LVU46
 284 0012 0222     		movs	r2, #2
 285 0014 01A9     		add	r1, sp, #4
 286 0016 0548     		ldr	r0, .L17
 287 0018 FFF7FEFF 		bl	HAL_CRC_Calculate
 288              	.LVL17:
  39:Core/Src/spi_comms.c ****     return (packet->crc_res == crc_check);
 289              		.loc 1 39 5 is_stmt 1 view .LVU47
 290              		.loc 1 39 19 is_stmt 0 view .LVU48
 291 001c D4F80A30 		ldr	r3, [r4, #10]	@ unaligned
  40:Core/Src/spi_comms.c **** }
 292              		.loc 1 40 1 view .LVU49
 293 0020 8342     		cmp	r3, r0
 294 0022 14BF     		ite	ne
 295 0024 0020     		movne	r0, #0
 296              	.LVL18:
 297              		.loc 1 40 1 view .LVU50
 298 0026 0120     		moveq	r0, #1
 299 0028 04B0     		add	sp, sp, #16
 300              		.cfi_def_cfa_offset 8
 301              		@ sp needed
 302 002a 10BD     		pop	{r4, pc}
 303              	.LVL19:
 304              	.L18:
 305              		.loc 1 40 1 view .LVU51
 306              		.align	2
 307              	.L17:
 308 002c 00000000 		.word	hcrc
 309              		.cfi_endproc
 310              	.LFE73:
 312              		.text
 313              	.Letext0:
 314              		.file 2 "C:/msys64/mingw64/arm-none-eabi/include/machine/_default_types.h"
ARM GAS  C:\Users\zhmis\AppData\Local\Temp\cc3imeye.s 			page 7


 315              		.file 3 "C:/msys64/mingw64/arm-none-eabi/include/sys/_stdint.h"
 316              		.file 4 "Drivers/CMSIS/Device/ST/STM32F1xx/Include/stm32f103xb.h"
 317              		.file 5 "C:/msys64/mingw64/lib/gcc/arm-none-eabi/13.3.0/include/stddef.h"
 318              		.file 6 "Drivers/STM32F1xx_HAL_Driver/Inc/stm32f1xx_hal_def.h"
 319              		.file 7 "Drivers/STM32F1xx_HAL_Driver/Inc/stm32f1xx_hal_crc.h"
 320              		.file 8 "Core/Inc/spi_comms.h"
 321              		.file 9 "C:/msys64/mingw64/arm-none-eabi/include/string.h"
 322              		.file 10 "Core/Inc/crc.h"
ARM GAS  C:\Users\zhmis\AppData\Local\Temp\cc3imeye.s 			page 8


DEFINED SYMBOLS
                            *ABS*:00000000 spi_comms.c
C:\Users\zhmis\AppData\Local\Temp\cc3imeye.s:19     .text.master_reset_miso_packet:00000000 $t
C:\Users\zhmis\AppData\Local\Temp\cc3imeye.s:25     .text.master_reset_miso_packet:00000000 master_reset_miso_packet
C:\Users\zhmis\AppData\Local\Temp\cc3imeye.s:47     .text.master_crc_packet:00000000 $t
C:\Users\zhmis\AppData\Local\Temp\cc3imeye.s:53     .text.master_crc_packet:00000000 master_crc_packet
C:\Users\zhmis\AppData\Local\Temp\cc3imeye.s:98     .text.master_crc_packet:00000024 $d
C:\Users\zhmis\AppData\Local\Temp\cc3imeye.s:103    .text.master_verify_miso_packet:00000000 $t
C:\Users\zhmis\AppData\Local\Temp\cc3imeye.s:109    .text.master_verify_miso_packet:00000000 master_verify_miso_packet
C:\Users\zhmis\AppData\Local\Temp\cc3imeye.s:162    .text.master_verify_miso_packet:00000038 $d
C:\Users\zhmis\AppData\Local\Temp\cc3imeye.s:167    .text.slave_reset_mosi_packet:00000000 $t
C:\Users\zhmis\AppData\Local\Temp\cc3imeye.s:173    .text.slave_reset_mosi_packet:00000000 slave_reset_mosi_packet
C:\Users\zhmis\AppData\Local\Temp\cc3imeye.s:193    .text.slave_crc_packet:00000000 $t
C:\Users\zhmis\AppData\Local\Temp\cc3imeye.s:199    .text.slave_crc_packet:00000000 slave_crc_packet
C:\Users\zhmis\AppData\Local\Temp\cc3imeye.s:246    .text.slave_crc_packet:00000030 $d
C:\Users\zhmis\AppData\Local\Temp\cc3imeye.s:251    .text.slave_verify_mosi_packet:00000000 $t
C:\Users\zhmis\AppData\Local\Temp\cc3imeye.s:257    .text.slave_verify_mosi_packet:00000000 slave_verify_mosi_packet
C:\Users\zhmis\AppData\Local\Temp\cc3imeye.s:308    .text.slave_verify_mosi_packet:0000002c $d

UNDEFINED SYMBOLS
HAL_CRC_Calculate
hcrc
