../Core/Src/servo_iq18.c:9:6:servo_iq18_base_init	24	static
../Core/Src/servo_iq18.c:26:6:servo_iq18_encoder_init	24	static
../Core/Src/servo_iq18.c:38:6:servo_iq18_driver_init	24	static
../Core/Src/servo_iq18.c:70:6:servo_iq18_position_init	24	static
../Core/Src/servo_iq18.c:79:6:servo_iq18_velocity_init	24	static
../Core/Src/servo_iq18.c:89:6:servo_iq18_current_init	24	static
../Core/Src/servo_iq18.c:103:6:servo_iq18_setPositionTolerance	16	static
../Core/Src/servo_iq18.c:107:5:servo_iq18_getState	16	static
../Core/Src/servo_iq18.c:113:5:servo_iq18_getDirection	16	static
../Core/Src/servo_iq18.c:123:5:servo_iq18_getCurrentDirection	16	static
../Core/Src/servo_iq18.c:127:6:servo_iq18_positionLoop	56	static
../Core/Src/servo_iq18.c:151:6:servo_iq18_velocityLoop	56	static
../Core/Src/servo_iq18.c:180:6:servo_iq18_currentLoop	48	static
../Core/Src/servo_iq18.c:193:6:servo_iq18_controlPosition	16	static
../Core/Src/servo_iq18.c:198:6:servo_iq18_controlVelocity	16	static
../Core/Src/servo_iq18.c:206:6:servo_iq18_controlCurrent	16	static
