../Core/Src/servocontroller.c:26:6:servo_baseInit	24	static
../Core/Src/servocontroller.c:49:6:servo_encoderInit	24	static
../Core/Src/servocontroller.c:67:6:servo_driverInit	24	static
../Core/Src/servocontroller.c:100:6:servo_positionInit	24	static
../Core/Src/servocontroller.c:108:6:servo_velocityInit	24	static
../Core/Src/servocontroller.c:117:6:servo_currentInit	24	static
../Core/Src/servocontroller.c:132:6:servo_setPositionTolerance	16	static
../Core/Src/servocontroller.c:137:5:servo_getState	16	static
../Core/Src/servocontroller.c:150:5:servo_getDirection	16	static
../Core/Src/servocontroller.c:166:5:servo_getCurrentDirection	16	static
../Core/Src/servocontroller.c:176:6:servo_positionLoop	24	static
../Core/Src/servocontroller.c:205:6:servo_velocityLoop	24	static
../Core/Src/servocontroller.c:237:6:servo_currentLoop	24	static
../Core/Src/servocontroller.c:248:6:servo_controlPosition	16	static
../Core/Src/servocontroller.c:253:6:servo_controlVelocity	16	static
../Core/Src/servocontroller.c:261:6:servo_controlCurrent	16	static
