../Core/Src/stm32f1xx_it.c:90:6:NMI_Handler	4	static
../Core/Src/stm32f1xx_it.c:104:6:HardFault_Handler	4	static
../Core/Src/stm32f1xx_it.c:119:6:MemManage_Handler	4	static
../Core/Src/stm32f1xx_it.c:134:6:BusFault_Handler	4	static
../Core/Src/stm32f1xx_it.c:149:6:UsageFault_Handler	4	static
../Core/Src/stm32f1xx_it.c:164:6:SVC_Handler	4	static
../Core/Src/stm32f1xx_it.c:177:6:DebugMon_Handler	4	static
../Core/Src/stm32f1xx_it.c:190:6:PendSV_Handler	4	static
../Core/Src/stm32f1xx_it.c:203:6:SysTick_Handler	8	static
../Core/Src/stm32f1xx_it.c:224:6:TIM3_IRQHandler	8	static
../Core/Src/stm32f1xx_it.c:261:7:Median_velocity_1	32	static
../Core/Src/stm32f1xx_it.c:289:7:SMA_velocity_1	16	static
../Core/Src/stm32f1xx_it.c:301:7:Median_velocity_2	32	static
../Core/Src/stm32f1xx_it.c:329:7:SMA_velocity_2	16	static
