../Core/Src/stm32f1xx_it.c:91:6:NMI_Handler	4	static
../Core/Src/stm32f1xx_it.c:105:6:HardFault_Handler	4	static
../Core/Src/stm32f1xx_it.c:120:6:MemManage_Handler	4	static
../Core/Src/stm32f1xx_it.c:135:6:BusFault_Handler	4	static
../Core/Src/stm32f1xx_it.c:150:6:UsageFault_Handler	4	static
../Core/Src/stm32f1xx_it.c:165:6:SVC_Handler	4	static
../Core/Src/stm32f1xx_it.c:178:6:DebugMon_Handler	4	static
../Core/Src/stm32f1xx_it.c:191:6:PendSV_Handler	4	static
../Core/Src/stm32f1xx_it.c:204:6:SysTick_Handler	8	static
../Core/Src/stm32f1xx_it.c:226:6:TIM3_IRQHandler	8	static
../Core/Src/stm32f1xx_it.c:263:7:Median_velocity_1	32	static
../Core/Src/stm32f1xx_it.c:291:7:SMA_velocity_1	16	static
../Core/Src/stm32f1xx_it.c:303:7:Median_velocity_2	32	static
../Core/Src/stm32f1xx_it.c:331:7:SMA_velocity_2	16	static
