ARM GAS  C:\Users\zhmis\AppData\Local\Temp\ccflIyu4.s 			page 1


   1              		.cpu cortex-m3
   2              		.arch armv7-m
   3              		.fpu softvfp
   4              		.eabi_attribute 20, 1
   5              		.eabi_attribute 21, 1
   6              		.eabi_attribute 23, 3
   7              		.eabi_attribute 24, 1
   8              		.eabi_attribute 25, 1
   9              		.eabi_attribute 26, 1
  10              		.eabi_attribute 30, 1
  11              		.eabi_attribute 34, 1
  12              		.eabi_attribute 18, 4
  13              		.file	"stm32f1xx_hal_crc.c"
  14              		.text
  15              	.Ltext0:
  16              		.cfi_sections	.debug_frame
  17              		.file 1 "Drivers/STM32F1xx_HAL_Driver/Src/stm32f1xx_hal_crc.c"
  18              		.section	.text.HAL_CRC_MspInit,"ax",%progbits
  19              		.align	1
  20              		.weak	HAL_CRC_MspInit
  21              		.syntax unified
  22              		.thumb
  23              		.thumb_func
  25              	HAL_CRC_MspInit:
  26              	.LVL0:
  27              	.LFB67:
   1:Drivers/STM32F1xx_HAL_Driver/Src/stm32f1xx_hal_crc.c **** /**
   2:Drivers/STM32F1xx_HAL_Driver/Src/stm32f1xx_hal_crc.c ****   ******************************************************************************
   3:Drivers/STM32F1xx_HAL_Driver/Src/stm32f1xx_hal_crc.c ****   * @file    stm32f1xx_hal_crc.c
   4:Drivers/STM32F1xx_HAL_Driver/Src/stm32f1xx_hal_crc.c ****   * @author  MCD Application Team
   5:Drivers/STM32F1xx_HAL_Driver/Src/stm32f1xx_hal_crc.c ****   * @brief   CRC HAL module driver.
   6:Drivers/STM32F1xx_HAL_Driver/Src/stm32f1xx_hal_crc.c ****   *          This file provides firmware functions to manage the following
   7:Drivers/STM32F1xx_HAL_Driver/Src/stm32f1xx_hal_crc.c ****   *          functionalities of the Cyclic Redundancy Check (CRC) peripheral:
   8:Drivers/STM32F1xx_HAL_Driver/Src/stm32f1xx_hal_crc.c ****   *           + Initialization and de-initialization functions
   9:Drivers/STM32F1xx_HAL_Driver/Src/stm32f1xx_hal_crc.c ****   *           + Peripheral Control functions
  10:Drivers/STM32F1xx_HAL_Driver/Src/stm32f1xx_hal_crc.c ****   *           + Peripheral State functions
  11:Drivers/STM32F1xx_HAL_Driver/Src/stm32f1xx_hal_crc.c ****   *
  12:Drivers/STM32F1xx_HAL_Driver/Src/stm32f1xx_hal_crc.c ****   ******************************************************************************
  13:Drivers/STM32F1xx_HAL_Driver/Src/stm32f1xx_hal_crc.c ****   * @attention
  14:Drivers/STM32F1xx_HAL_Driver/Src/stm32f1xx_hal_crc.c ****   *
  15:Drivers/STM32F1xx_HAL_Driver/Src/stm32f1xx_hal_crc.c ****   * Copyright (c) 2016 STMicroelectronics.
  16:Drivers/STM32F1xx_HAL_Driver/Src/stm32f1xx_hal_crc.c ****   * All rights reserved.
  17:Drivers/STM32F1xx_HAL_Driver/Src/stm32f1xx_hal_crc.c ****   *
  18:Drivers/STM32F1xx_HAL_Driver/Src/stm32f1xx_hal_crc.c ****   * This software is licensed under terms that can be found in the LICENSE file
  19:Drivers/STM32F1xx_HAL_Driver/Src/stm32f1xx_hal_crc.c ****   * in the root directory of this software component.
  20:Drivers/STM32F1xx_HAL_Driver/Src/stm32f1xx_hal_crc.c ****   * If no LICENSE file comes with this software, it is provided AS-IS.
  21:Drivers/STM32F1xx_HAL_Driver/Src/stm32f1xx_hal_crc.c ****   *
  22:Drivers/STM32F1xx_HAL_Driver/Src/stm32f1xx_hal_crc.c ****   ******************************************************************************
  23:Drivers/STM32F1xx_HAL_Driver/Src/stm32f1xx_hal_crc.c ****   @verbatim
  24:Drivers/STM32F1xx_HAL_Driver/Src/stm32f1xx_hal_crc.c ****  ===============================================================================
  25:Drivers/STM32F1xx_HAL_Driver/Src/stm32f1xx_hal_crc.c ****                      ##### How to use this driver #####
  26:Drivers/STM32F1xx_HAL_Driver/Src/stm32f1xx_hal_crc.c ****  ===============================================================================
  27:Drivers/STM32F1xx_HAL_Driver/Src/stm32f1xx_hal_crc.c ****     [..]
  28:Drivers/STM32F1xx_HAL_Driver/Src/stm32f1xx_hal_crc.c ****          (+) Enable CRC AHB clock using __HAL_RCC_CRC_CLK_ENABLE();
  29:Drivers/STM32F1xx_HAL_Driver/Src/stm32f1xx_hal_crc.c ****          (+) Initialize CRC calculator
  30:Drivers/STM32F1xx_HAL_Driver/Src/stm32f1xx_hal_crc.c ****              (++) specify generating polynomial (peripheral default or non-default one)
  31:Drivers/STM32F1xx_HAL_Driver/Src/stm32f1xx_hal_crc.c ****              (++) specify initialization value (peripheral default or non-default one)
ARM GAS  C:\Users\zhmis\AppData\Local\Temp\ccflIyu4.s 			page 2


  32:Drivers/STM32F1xx_HAL_Driver/Src/stm32f1xx_hal_crc.c ****              (++) specify input data format
  33:Drivers/STM32F1xx_HAL_Driver/Src/stm32f1xx_hal_crc.c ****              (++) specify input or output data inversion mode if any
  34:Drivers/STM32F1xx_HAL_Driver/Src/stm32f1xx_hal_crc.c ****          (+) Use HAL_CRC_Accumulate() function to compute the CRC value of the
  35:Drivers/STM32F1xx_HAL_Driver/Src/stm32f1xx_hal_crc.c ****              input data buffer starting with the previously computed CRC as
  36:Drivers/STM32F1xx_HAL_Driver/Src/stm32f1xx_hal_crc.c ****              initialization value
  37:Drivers/STM32F1xx_HAL_Driver/Src/stm32f1xx_hal_crc.c ****          (+) Use HAL_CRC_Calculate() function to compute the CRC value of the
  38:Drivers/STM32F1xx_HAL_Driver/Src/stm32f1xx_hal_crc.c ****              input data buffer starting with the defined initialization value
  39:Drivers/STM32F1xx_HAL_Driver/Src/stm32f1xx_hal_crc.c ****              (default or non-default) to initiate CRC calculation
  40:Drivers/STM32F1xx_HAL_Driver/Src/stm32f1xx_hal_crc.c **** 
  41:Drivers/STM32F1xx_HAL_Driver/Src/stm32f1xx_hal_crc.c ****   @endverbatim
  42:Drivers/STM32F1xx_HAL_Driver/Src/stm32f1xx_hal_crc.c ****   ******************************************************************************
  43:Drivers/STM32F1xx_HAL_Driver/Src/stm32f1xx_hal_crc.c ****   */
  44:Drivers/STM32F1xx_HAL_Driver/Src/stm32f1xx_hal_crc.c **** 
  45:Drivers/STM32F1xx_HAL_Driver/Src/stm32f1xx_hal_crc.c **** /* Includes ------------------------------------------------------------------*/
  46:Drivers/STM32F1xx_HAL_Driver/Src/stm32f1xx_hal_crc.c **** #include "stm32f1xx_hal.h"
  47:Drivers/STM32F1xx_HAL_Driver/Src/stm32f1xx_hal_crc.c **** 
  48:Drivers/STM32F1xx_HAL_Driver/Src/stm32f1xx_hal_crc.c **** /** @addtogroup STM32F1xx_HAL_Driver
  49:Drivers/STM32F1xx_HAL_Driver/Src/stm32f1xx_hal_crc.c ****   * @{
  50:Drivers/STM32F1xx_HAL_Driver/Src/stm32f1xx_hal_crc.c ****   */
  51:Drivers/STM32F1xx_HAL_Driver/Src/stm32f1xx_hal_crc.c **** 
  52:Drivers/STM32F1xx_HAL_Driver/Src/stm32f1xx_hal_crc.c **** /** @defgroup CRC CRC
  53:Drivers/STM32F1xx_HAL_Driver/Src/stm32f1xx_hal_crc.c ****   * @brief CRC HAL module driver.
  54:Drivers/STM32F1xx_HAL_Driver/Src/stm32f1xx_hal_crc.c ****   * @{
  55:Drivers/STM32F1xx_HAL_Driver/Src/stm32f1xx_hal_crc.c ****   */
  56:Drivers/STM32F1xx_HAL_Driver/Src/stm32f1xx_hal_crc.c **** 
  57:Drivers/STM32F1xx_HAL_Driver/Src/stm32f1xx_hal_crc.c **** #ifdef HAL_CRC_MODULE_ENABLED
  58:Drivers/STM32F1xx_HAL_Driver/Src/stm32f1xx_hal_crc.c **** 
  59:Drivers/STM32F1xx_HAL_Driver/Src/stm32f1xx_hal_crc.c **** /* Private typedef -----------------------------------------------------------*/
  60:Drivers/STM32F1xx_HAL_Driver/Src/stm32f1xx_hal_crc.c **** /* Private define ------------------------------------------------------------*/
  61:Drivers/STM32F1xx_HAL_Driver/Src/stm32f1xx_hal_crc.c **** /* Private macro -------------------------------------------------------------*/
  62:Drivers/STM32F1xx_HAL_Driver/Src/stm32f1xx_hal_crc.c **** /* Private variables ---------------------------------------------------------*/
  63:Drivers/STM32F1xx_HAL_Driver/Src/stm32f1xx_hal_crc.c **** /* Private function prototypes -----------------------------------------------*/
  64:Drivers/STM32F1xx_HAL_Driver/Src/stm32f1xx_hal_crc.c **** 
  65:Drivers/STM32F1xx_HAL_Driver/Src/stm32f1xx_hal_crc.c **** /* Exported functions --------------------------------------------------------*/
  66:Drivers/STM32F1xx_HAL_Driver/Src/stm32f1xx_hal_crc.c **** 
  67:Drivers/STM32F1xx_HAL_Driver/Src/stm32f1xx_hal_crc.c **** /** @defgroup CRC_Exported_Functions CRC Exported Functions
  68:Drivers/STM32F1xx_HAL_Driver/Src/stm32f1xx_hal_crc.c ****   * @{
  69:Drivers/STM32F1xx_HAL_Driver/Src/stm32f1xx_hal_crc.c ****   */
  70:Drivers/STM32F1xx_HAL_Driver/Src/stm32f1xx_hal_crc.c **** 
  71:Drivers/STM32F1xx_HAL_Driver/Src/stm32f1xx_hal_crc.c **** /** @defgroup CRC_Exported_Functions_Group1 Initialization and de-initialization functions
  72:Drivers/STM32F1xx_HAL_Driver/Src/stm32f1xx_hal_crc.c ****   *  @brief    Initialization and Configuration functions.
  73:Drivers/STM32F1xx_HAL_Driver/Src/stm32f1xx_hal_crc.c ****   *
  74:Drivers/STM32F1xx_HAL_Driver/Src/stm32f1xx_hal_crc.c **** @verbatim
  75:Drivers/STM32F1xx_HAL_Driver/Src/stm32f1xx_hal_crc.c ****  ===============================================================================
  76:Drivers/STM32F1xx_HAL_Driver/Src/stm32f1xx_hal_crc.c ****             ##### Initialization and de-initialization functions #####
  77:Drivers/STM32F1xx_HAL_Driver/Src/stm32f1xx_hal_crc.c ****  ===============================================================================
  78:Drivers/STM32F1xx_HAL_Driver/Src/stm32f1xx_hal_crc.c ****     [..]  This section provides functions allowing to:
  79:Drivers/STM32F1xx_HAL_Driver/Src/stm32f1xx_hal_crc.c ****       (+) Initialize the CRC according to the specified parameters
  80:Drivers/STM32F1xx_HAL_Driver/Src/stm32f1xx_hal_crc.c ****           in the CRC_InitTypeDef and create the associated handle
  81:Drivers/STM32F1xx_HAL_Driver/Src/stm32f1xx_hal_crc.c ****       (+) DeInitialize the CRC peripheral
  82:Drivers/STM32F1xx_HAL_Driver/Src/stm32f1xx_hal_crc.c ****       (+) Initialize the CRC MSP (MCU Specific Package)
  83:Drivers/STM32F1xx_HAL_Driver/Src/stm32f1xx_hal_crc.c ****       (+) DeInitialize the CRC MSP
  84:Drivers/STM32F1xx_HAL_Driver/Src/stm32f1xx_hal_crc.c **** 
  85:Drivers/STM32F1xx_HAL_Driver/Src/stm32f1xx_hal_crc.c **** @endverbatim
  86:Drivers/STM32F1xx_HAL_Driver/Src/stm32f1xx_hal_crc.c ****   * @{
  87:Drivers/STM32F1xx_HAL_Driver/Src/stm32f1xx_hal_crc.c ****   */
  88:Drivers/STM32F1xx_HAL_Driver/Src/stm32f1xx_hal_crc.c **** 
ARM GAS  C:\Users\zhmis\AppData\Local\Temp\ccflIyu4.s 			page 3


  89:Drivers/STM32F1xx_HAL_Driver/Src/stm32f1xx_hal_crc.c **** /**
  90:Drivers/STM32F1xx_HAL_Driver/Src/stm32f1xx_hal_crc.c ****   * @brief  Initialize the CRC according to the specified
  91:Drivers/STM32F1xx_HAL_Driver/Src/stm32f1xx_hal_crc.c ****   *         parameters in the CRC_InitTypeDef and create the associated handle.
  92:Drivers/STM32F1xx_HAL_Driver/Src/stm32f1xx_hal_crc.c ****   * @param  hcrc CRC handle
  93:Drivers/STM32F1xx_HAL_Driver/Src/stm32f1xx_hal_crc.c ****   * @retval HAL status
  94:Drivers/STM32F1xx_HAL_Driver/Src/stm32f1xx_hal_crc.c ****   */
  95:Drivers/STM32F1xx_HAL_Driver/Src/stm32f1xx_hal_crc.c **** HAL_StatusTypeDef HAL_CRC_Init(CRC_HandleTypeDef *hcrc)
  96:Drivers/STM32F1xx_HAL_Driver/Src/stm32f1xx_hal_crc.c **** {
  97:Drivers/STM32F1xx_HAL_Driver/Src/stm32f1xx_hal_crc.c ****   /* Check the CRC handle allocation */
  98:Drivers/STM32F1xx_HAL_Driver/Src/stm32f1xx_hal_crc.c ****   if (hcrc == NULL)
  99:Drivers/STM32F1xx_HAL_Driver/Src/stm32f1xx_hal_crc.c ****   {
 100:Drivers/STM32F1xx_HAL_Driver/Src/stm32f1xx_hal_crc.c ****     return HAL_ERROR;
 101:Drivers/STM32F1xx_HAL_Driver/Src/stm32f1xx_hal_crc.c ****   }
 102:Drivers/STM32F1xx_HAL_Driver/Src/stm32f1xx_hal_crc.c **** 
 103:Drivers/STM32F1xx_HAL_Driver/Src/stm32f1xx_hal_crc.c ****   /* Check the parameters */
 104:Drivers/STM32F1xx_HAL_Driver/Src/stm32f1xx_hal_crc.c ****   assert_param(IS_CRC_ALL_INSTANCE(hcrc->Instance));
 105:Drivers/STM32F1xx_HAL_Driver/Src/stm32f1xx_hal_crc.c **** 
 106:Drivers/STM32F1xx_HAL_Driver/Src/stm32f1xx_hal_crc.c ****   if (hcrc->State == HAL_CRC_STATE_RESET)
 107:Drivers/STM32F1xx_HAL_Driver/Src/stm32f1xx_hal_crc.c ****   {
 108:Drivers/STM32F1xx_HAL_Driver/Src/stm32f1xx_hal_crc.c ****     /* Allocate lock resource and initialize it */
 109:Drivers/STM32F1xx_HAL_Driver/Src/stm32f1xx_hal_crc.c ****     hcrc->Lock = HAL_UNLOCKED;
 110:Drivers/STM32F1xx_HAL_Driver/Src/stm32f1xx_hal_crc.c ****     /* Init the low level hardware */
 111:Drivers/STM32F1xx_HAL_Driver/Src/stm32f1xx_hal_crc.c ****     HAL_CRC_MspInit(hcrc);
 112:Drivers/STM32F1xx_HAL_Driver/Src/stm32f1xx_hal_crc.c ****   }
 113:Drivers/STM32F1xx_HAL_Driver/Src/stm32f1xx_hal_crc.c **** 
 114:Drivers/STM32F1xx_HAL_Driver/Src/stm32f1xx_hal_crc.c ****   /* Change CRC peripheral state */
 115:Drivers/STM32F1xx_HAL_Driver/Src/stm32f1xx_hal_crc.c ****   hcrc->State = HAL_CRC_STATE_READY;
 116:Drivers/STM32F1xx_HAL_Driver/Src/stm32f1xx_hal_crc.c **** 
 117:Drivers/STM32F1xx_HAL_Driver/Src/stm32f1xx_hal_crc.c ****   /* Return function status */
 118:Drivers/STM32F1xx_HAL_Driver/Src/stm32f1xx_hal_crc.c ****   return HAL_OK;
 119:Drivers/STM32F1xx_HAL_Driver/Src/stm32f1xx_hal_crc.c **** }
 120:Drivers/STM32F1xx_HAL_Driver/Src/stm32f1xx_hal_crc.c **** 
 121:Drivers/STM32F1xx_HAL_Driver/Src/stm32f1xx_hal_crc.c **** /**
 122:Drivers/STM32F1xx_HAL_Driver/Src/stm32f1xx_hal_crc.c ****   * @brief  DeInitialize the CRC peripheral.
 123:Drivers/STM32F1xx_HAL_Driver/Src/stm32f1xx_hal_crc.c ****   * @param  hcrc CRC handle
 124:Drivers/STM32F1xx_HAL_Driver/Src/stm32f1xx_hal_crc.c ****   * @retval HAL status
 125:Drivers/STM32F1xx_HAL_Driver/Src/stm32f1xx_hal_crc.c ****   */
 126:Drivers/STM32F1xx_HAL_Driver/Src/stm32f1xx_hal_crc.c **** HAL_StatusTypeDef HAL_CRC_DeInit(CRC_HandleTypeDef *hcrc)
 127:Drivers/STM32F1xx_HAL_Driver/Src/stm32f1xx_hal_crc.c **** {
 128:Drivers/STM32F1xx_HAL_Driver/Src/stm32f1xx_hal_crc.c ****   /* Check the CRC handle allocation */
 129:Drivers/STM32F1xx_HAL_Driver/Src/stm32f1xx_hal_crc.c ****   if (hcrc == NULL)
 130:Drivers/STM32F1xx_HAL_Driver/Src/stm32f1xx_hal_crc.c ****   {
 131:Drivers/STM32F1xx_HAL_Driver/Src/stm32f1xx_hal_crc.c ****     return HAL_ERROR;
 132:Drivers/STM32F1xx_HAL_Driver/Src/stm32f1xx_hal_crc.c ****   }
 133:Drivers/STM32F1xx_HAL_Driver/Src/stm32f1xx_hal_crc.c **** 
 134:Drivers/STM32F1xx_HAL_Driver/Src/stm32f1xx_hal_crc.c ****   /* Check the parameters */
 135:Drivers/STM32F1xx_HAL_Driver/Src/stm32f1xx_hal_crc.c ****   assert_param(IS_CRC_ALL_INSTANCE(hcrc->Instance));
 136:Drivers/STM32F1xx_HAL_Driver/Src/stm32f1xx_hal_crc.c **** 
 137:Drivers/STM32F1xx_HAL_Driver/Src/stm32f1xx_hal_crc.c ****   /* Check the CRC peripheral state */
 138:Drivers/STM32F1xx_HAL_Driver/Src/stm32f1xx_hal_crc.c ****   if (hcrc->State == HAL_CRC_STATE_BUSY)
 139:Drivers/STM32F1xx_HAL_Driver/Src/stm32f1xx_hal_crc.c ****   {
 140:Drivers/STM32F1xx_HAL_Driver/Src/stm32f1xx_hal_crc.c ****     return HAL_BUSY;
 141:Drivers/STM32F1xx_HAL_Driver/Src/stm32f1xx_hal_crc.c ****   }
 142:Drivers/STM32F1xx_HAL_Driver/Src/stm32f1xx_hal_crc.c **** 
 143:Drivers/STM32F1xx_HAL_Driver/Src/stm32f1xx_hal_crc.c ****   /* Change CRC peripheral state */
 144:Drivers/STM32F1xx_HAL_Driver/Src/stm32f1xx_hal_crc.c ****   hcrc->State = HAL_CRC_STATE_BUSY;
 145:Drivers/STM32F1xx_HAL_Driver/Src/stm32f1xx_hal_crc.c **** 
ARM GAS  C:\Users\zhmis\AppData\Local\Temp\ccflIyu4.s 			page 4


 146:Drivers/STM32F1xx_HAL_Driver/Src/stm32f1xx_hal_crc.c ****   /* Reset CRC calculation unit */
 147:Drivers/STM32F1xx_HAL_Driver/Src/stm32f1xx_hal_crc.c ****   __HAL_CRC_DR_RESET(hcrc);
 148:Drivers/STM32F1xx_HAL_Driver/Src/stm32f1xx_hal_crc.c **** 
 149:Drivers/STM32F1xx_HAL_Driver/Src/stm32f1xx_hal_crc.c ****   /* Reset IDR register content */
 150:Drivers/STM32F1xx_HAL_Driver/Src/stm32f1xx_hal_crc.c ****   __HAL_CRC_SET_IDR(hcrc, 0);
 151:Drivers/STM32F1xx_HAL_Driver/Src/stm32f1xx_hal_crc.c **** 
 152:Drivers/STM32F1xx_HAL_Driver/Src/stm32f1xx_hal_crc.c ****   /* DeInit the low level hardware */
 153:Drivers/STM32F1xx_HAL_Driver/Src/stm32f1xx_hal_crc.c ****   HAL_CRC_MspDeInit(hcrc);
 154:Drivers/STM32F1xx_HAL_Driver/Src/stm32f1xx_hal_crc.c **** 
 155:Drivers/STM32F1xx_HAL_Driver/Src/stm32f1xx_hal_crc.c ****   /* Change CRC peripheral state */
 156:Drivers/STM32F1xx_HAL_Driver/Src/stm32f1xx_hal_crc.c ****   hcrc->State = HAL_CRC_STATE_RESET;
 157:Drivers/STM32F1xx_HAL_Driver/Src/stm32f1xx_hal_crc.c **** 
 158:Drivers/STM32F1xx_HAL_Driver/Src/stm32f1xx_hal_crc.c ****   /* Process unlocked */
 159:Drivers/STM32F1xx_HAL_Driver/Src/stm32f1xx_hal_crc.c ****   __HAL_UNLOCK(hcrc);
 160:Drivers/STM32F1xx_HAL_Driver/Src/stm32f1xx_hal_crc.c **** 
 161:Drivers/STM32F1xx_HAL_Driver/Src/stm32f1xx_hal_crc.c ****   /* Return function status */
 162:Drivers/STM32F1xx_HAL_Driver/Src/stm32f1xx_hal_crc.c ****   return HAL_OK;
 163:Drivers/STM32F1xx_HAL_Driver/Src/stm32f1xx_hal_crc.c **** }
 164:Drivers/STM32F1xx_HAL_Driver/Src/stm32f1xx_hal_crc.c **** 
 165:Drivers/STM32F1xx_HAL_Driver/Src/stm32f1xx_hal_crc.c **** /**
 166:Drivers/STM32F1xx_HAL_Driver/Src/stm32f1xx_hal_crc.c ****   * @brief  Initializes the CRC MSP.
 167:Drivers/STM32F1xx_HAL_Driver/Src/stm32f1xx_hal_crc.c ****   * @param  hcrc CRC handle
 168:Drivers/STM32F1xx_HAL_Driver/Src/stm32f1xx_hal_crc.c ****   * @retval None
 169:Drivers/STM32F1xx_HAL_Driver/Src/stm32f1xx_hal_crc.c ****   */
 170:Drivers/STM32F1xx_HAL_Driver/Src/stm32f1xx_hal_crc.c **** __weak void HAL_CRC_MspInit(CRC_HandleTypeDef *hcrc)
 171:Drivers/STM32F1xx_HAL_Driver/Src/stm32f1xx_hal_crc.c **** {
  28              		.loc 1 171 1 view -0
  29              		.cfi_startproc
  30              		@ args = 0, pretend = 0, frame = 0
  31              		@ frame_needed = 0, uses_anonymous_args = 0
  32              		@ link register save eliminated.
 172:Drivers/STM32F1xx_HAL_Driver/Src/stm32f1xx_hal_crc.c ****   /* Prevent unused argument(s) compilation warning */
 173:Drivers/STM32F1xx_HAL_Driver/Src/stm32f1xx_hal_crc.c ****   UNUSED(hcrc);
  33              		.loc 1 173 3 view .LVU1
 174:Drivers/STM32F1xx_HAL_Driver/Src/stm32f1xx_hal_crc.c **** 
 175:Drivers/STM32F1xx_HAL_Driver/Src/stm32f1xx_hal_crc.c ****   /* NOTE : This function should not be modified, when the callback is needed,
 176:Drivers/STM32F1xx_HAL_Driver/Src/stm32f1xx_hal_crc.c ****             the HAL_CRC_MspInit can be implemented in the user file
 177:Drivers/STM32F1xx_HAL_Driver/Src/stm32f1xx_hal_crc.c ****    */
 178:Drivers/STM32F1xx_HAL_Driver/Src/stm32f1xx_hal_crc.c **** }
  34              		.loc 1 178 1 is_stmt 0 view .LVU2
  35 0000 7047     		bx	lr
  36              		.cfi_endproc
  37              	.LFE67:
  39              		.section	.text.HAL_CRC_Init,"ax",%progbits
  40              		.align	1
  41              		.global	HAL_CRC_Init
  42              		.syntax unified
  43              		.thumb
  44              		.thumb_func
  46              	HAL_CRC_Init:
  47              	.LVL1:
  48              	.LFB65:
  96:Drivers/STM32F1xx_HAL_Driver/Src/stm32f1xx_hal_crc.c ****   /* Check the CRC handle allocation */
  49              		.loc 1 96 1 is_stmt 1 view -0
  50              		.cfi_startproc
  51              		@ args = 0, pretend = 0, frame = 0
  52              		@ frame_needed = 0, uses_anonymous_args = 0
ARM GAS  C:\Users\zhmis\AppData\Local\Temp\ccflIyu4.s 			page 5


  98:Drivers/STM32F1xx_HAL_Driver/Src/stm32f1xx_hal_crc.c ****   {
  53              		.loc 1 98 3 view .LVU4
  98:Drivers/STM32F1xx_HAL_Driver/Src/stm32f1xx_hal_crc.c ****   {
  54              		.loc 1 98 6 is_stmt 0 view .LVU5
  55 0000 58B1     		cbz	r0, .L5
  96:Drivers/STM32F1xx_HAL_Driver/Src/stm32f1xx_hal_crc.c ****   /* Check the CRC handle allocation */
  56              		.loc 1 96 1 view .LVU6
  57 0002 10B5     		push	{r4, lr}
  58              		.cfi_def_cfa_offset 8
  59              		.cfi_offset 4, -8
  60              		.cfi_offset 14, -4
  61 0004 0446     		mov	r4, r0
 104:Drivers/STM32F1xx_HAL_Driver/Src/stm32f1xx_hal_crc.c **** 
  62              		.loc 1 104 3 is_stmt 1 view .LVU7
 106:Drivers/STM32F1xx_HAL_Driver/Src/stm32f1xx_hal_crc.c ****   {
  63              		.loc 1 106 3 view .LVU8
 106:Drivers/STM32F1xx_HAL_Driver/Src/stm32f1xx_hal_crc.c ****   {
  64              		.loc 1 106 11 is_stmt 0 view .LVU9
  65 0006 4379     		ldrb	r3, [r0, #5]	@ zero_extendqisi2
 106:Drivers/STM32F1xx_HAL_Driver/Src/stm32f1xx_hal_crc.c ****   {
  66              		.loc 1 106 6 view .LVU10
  67 0008 1BB1     		cbz	r3, .L10
  68              	.LVL2:
  69              	.L4:
 115:Drivers/STM32F1xx_HAL_Driver/Src/stm32f1xx_hal_crc.c **** 
  70              		.loc 1 115 3 is_stmt 1 view .LVU11
 115:Drivers/STM32F1xx_HAL_Driver/Src/stm32f1xx_hal_crc.c **** 
  71              		.loc 1 115 15 is_stmt 0 view .LVU12
  72 000a 0123     		movs	r3, #1
  73 000c 6371     		strb	r3, [r4, #5]
 118:Drivers/STM32F1xx_HAL_Driver/Src/stm32f1xx_hal_crc.c **** }
  74              		.loc 1 118 3 is_stmt 1 view .LVU13
 118:Drivers/STM32F1xx_HAL_Driver/Src/stm32f1xx_hal_crc.c **** }
  75              		.loc 1 118 10 is_stmt 0 view .LVU14
  76 000e 0020     		movs	r0, #0
 119:Drivers/STM32F1xx_HAL_Driver/Src/stm32f1xx_hal_crc.c **** 
  77              		.loc 1 119 1 view .LVU15
  78 0010 10BD     		pop	{r4, pc}
  79              	.LVL3:
  80              	.L10:
 109:Drivers/STM32F1xx_HAL_Driver/Src/stm32f1xx_hal_crc.c ****     /* Init the low level hardware */
  81              		.loc 1 109 5 is_stmt 1 view .LVU16
 109:Drivers/STM32F1xx_HAL_Driver/Src/stm32f1xx_hal_crc.c ****     /* Init the low level hardware */
  82              		.loc 1 109 16 is_stmt 0 view .LVU17
  83 0012 0371     		strb	r3, [r0, #4]
 111:Drivers/STM32F1xx_HAL_Driver/Src/stm32f1xx_hal_crc.c ****   }
  84              		.loc 1 111 5 is_stmt 1 view .LVU18
  85 0014 FFF7FEFF 		bl	HAL_CRC_MspInit
  86              	.LVL4:
 111:Drivers/STM32F1xx_HAL_Driver/Src/stm32f1xx_hal_crc.c ****   }
  87              		.loc 1 111 5 is_stmt 0 view .LVU19
  88 0018 F7E7     		b	.L4
  89              	.LVL5:
  90              	.L5:
  91              		.cfi_def_cfa_offset 0
  92              		.cfi_restore 4
  93              		.cfi_restore 14
ARM GAS  C:\Users\zhmis\AppData\Local\Temp\ccflIyu4.s 			page 6


 100:Drivers/STM32F1xx_HAL_Driver/Src/stm32f1xx_hal_crc.c ****   }
  94              		.loc 1 100 12 view .LVU20
  95 001a 0120     		movs	r0, #1
  96              	.LVL6:
 119:Drivers/STM32F1xx_HAL_Driver/Src/stm32f1xx_hal_crc.c **** 
  97              		.loc 1 119 1 view .LVU21
  98 001c 7047     		bx	lr
  99              		.cfi_endproc
 100              	.LFE65:
 102              		.section	.text.HAL_CRC_MspDeInit,"ax",%progbits
 103              		.align	1
 104              		.weak	HAL_CRC_MspDeInit
 105              		.syntax unified
 106              		.thumb
 107              		.thumb_func
 109              	HAL_CRC_MspDeInit:
 110              	.LVL7:
 111              	.LFB68:
 179:Drivers/STM32F1xx_HAL_Driver/Src/stm32f1xx_hal_crc.c **** 
 180:Drivers/STM32F1xx_HAL_Driver/Src/stm32f1xx_hal_crc.c **** /**
 181:Drivers/STM32F1xx_HAL_Driver/Src/stm32f1xx_hal_crc.c ****   * @brief  DeInitialize the CRC MSP.
 182:Drivers/STM32F1xx_HAL_Driver/Src/stm32f1xx_hal_crc.c ****   * @param  hcrc CRC handle
 183:Drivers/STM32F1xx_HAL_Driver/Src/stm32f1xx_hal_crc.c ****   * @retval None
 184:Drivers/STM32F1xx_HAL_Driver/Src/stm32f1xx_hal_crc.c ****   */
 185:Drivers/STM32F1xx_HAL_Driver/Src/stm32f1xx_hal_crc.c **** __weak void HAL_CRC_MspDeInit(CRC_HandleTypeDef *hcrc)
 186:Drivers/STM32F1xx_HAL_Driver/Src/stm32f1xx_hal_crc.c **** {
 112              		.loc 1 186 1 is_stmt 1 view -0
 113              		.cfi_startproc
 114              		@ args = 0, pretend = 0, frame = 0
 115              		@ frame_needed = 0, uses_anonymous_args = 0
 116              		@ link register save eliminated.
 187:Drivers/STM32F1xx_HAL_Driver/Src/stm32f1xx_hal_crc.c ****   /* Prevent unused argument(s) compilation warning */
 188:Drivers/STM32F1xx_HAL_Driver/Src/stm32f1xx_hal_crc.c ****   UNUSED(hcrc);
 117              		.loc 1 188 3 view .LVU23
 189:Drivers/STM32F1xx_HAL_Driver/Src/stm32f1xx_hal_crc.c **** 
 190:Drivers/STM32F1xx_HAL_Driver/Src/stm32f1xx_hal_crc.c ****   /* NOTE : This function should not be modified, when the callback is needed,
 191:Drivers/STM32F1xx_HAL_Driver/Src/stm32f1xx_hal_crc.c ****             the HAL_CRC_MspDeInit can be implemented in the user file
 192:Drivers/STM32F1xx_HAL_Driver/Src/stm32f1xx_hal_crc.c ****    */
 193:Drivers/STM32F1xx_HAL_Driver/Src/stm32f1xx_hal_crc.c **** }
 118              		.loc 1 193 1 is_stmt 0 view .LVU24
 119 0000 7047     		bx	lr
 120              		.cfi_endproc
 121              	.LFE68:
 123              		.section	.text.HAL_CRC_DeInit,"ax",%progbits
 124              		.align	1
 125              		.global	HAL_CRC_DeInit
 126              		.syntax unified
 127              		.thumb
 128              		.thumb_func
 130              	HAL_CRC_DeInit:
 131              	.LVL8:
 132              	.LFB66:
 127:Drivers/STM32F1xx_HAL_Driver/Src/stm32f1xx_hal_crc.c ****   /* Check the CRC handle allocation */
 133              		.loc 1 127 1 is_stmt 1 view -0
 134              		.cfi_startproc
 135              		@ args = 0, pretend = 0, frame = 0
 136              		@ frame_needed = 0, uses_anonymous_args = 0
ARM GAS  C:\Users\zhmis\AppData\Local\Temp\ccflIyu4.s 			page 7


 129:Drivers/STM32F1xx_HAL_Driver/Src/stm32f1xx_hal_crc.c ****   {
 137              		.loc 1 129 3 view .LVU26
 129:Drivers/STM32F1xx_HAL_Driver/Src/stm32f1xx_hal_crc.c ****   {
 138              		.loc 1 129 6 is_stmt 0 view .LVU27
 139 0000 B0B1     		cbz	r0, .L14
 127:Drivers/STM32F1xx_HAL_Driver/Src/stm32f1xx_hal_crc.c ****   /* Check the CRC handle allocation */
 140              		.loc 1 127 1 view .LVU28
 141 0002 38B5     		push	{r3, r4, r5, lr}
 142              		.cfi_def_cfa_offset 16
 143              		.cfi_offset 3, -16
 144              		.cfi_offset 4, -12
 145              		.cfi_offset 5, -8
 146              		.cfi_offset 14, -4
 147 0004 0546     		mov	r5, r0
 135:Drivers/STM32F1xx_HAL_Driver/Src/stm32f1xx_hal_crc.c **** 
 148              		.loc 1 135 3 is_stmt 1 view .LVU29
 138:Drivers/STM32F1xx_HAL_Driver/Src/stm32f1xx_hal_crc.c ****   {
 149              		.loc 1 138 3 view .LVU30
 138:Drivers/STM32F1xx_HAL_Driver/Src/stm32f1xx_hal_crc.c ****   {
 150              		.loc 1 138 11 is_stmt 0 view .LVU31
 151 0006 4079     		ldrb	r0, [r0, #5]	@ zero_extendqisi2
 152              	.LVL9:
 138:Drivers/STM32F1xx_HAL_Driver/Src/stm32f1xx_hal_crc.c ****   {
 153              		.loc 1 138 11 view .LVU32
 154 0008 C0B2     		uxtb	r0, r0
 138:Drivers/STM32F1xx_HAL_Driver/Src/stm32f1xx_hal_crc.c ****   {
 155              		.loc 1 138 6 view .LVU33
 156 000a 0228     		cmp	r0, #2
 157 000c 0FD0     		beq	.L13
 144:Drivers/STM32F1xx_HAL_Driver/Src/stm32f1xx_hal_crc.c **** 
 158              		.loc 1 144 3 is_stmt 1 view .LVU34
 144:Drivers/STM32F1xx_HAL_Driver/Src/stm32f1xx_hal_crc.c **** 
 159              		.loc 1 144 15 is_stmt 0 view .LVU35
 160 000e 0223     		movs	r3, #2
 161 0010 6B71     		strb	r3, [r5, #5]
 147:Drivers/STM32F1xx_HAL_Driver/Src/stm32f1xx_hal_crc.c **** 
 162              		.loc 1 147 3 is_stmt 1 view .LVU36
 163 0012 2A68     		ldr	r2, [r5]
 164 0014 9368     		ldr	r3, [r2, #8]
 165 0016 43F00103 		orr	r3, r3, #1
 166 001a 9360     		str	r3, [r2, #8]
 150:Drivers/STM32F1xx_HAL_Driver/Src/stm32f1xx_hal_crc.c **** 
 167              		.loc 1 150 3 view .LVU37
 168 001c 2B68     		ldr	r3, [r5]
 169 001e 0024     		movs	r4, #0
 170 0020 1C71     		strb	r4, [r3, #4]
 153:Drivers/STM32F1xx_HAL_Driver/Src/stm32f1xx_hal_crc.c **** 
 171              		.loc 1 153 3 view .LVU38
 172 0022 2846     		mov	r0, r5
 173 0024 FFF7FEFF 		bl	HAL_CRC_MspDeInit
 174              	.LVL10:
 156:Drivers/STM32F1xx_HAL_Driver/Src/stm32f1xx_hal_crc.c **** 
 175              		.loc 1 156 3 view .LVU39
 156:Drivers/STM32F1xx_HAL_Driver/Src/stm32f1xx_hal_crc.c **** 
 176              		.loc 1 156 15 is_stmt 0 view .LVU40
 177 0028 6C71     		strb	r4, [r5, #5]
 159:Drivers/STM32F1xx_HAL_Driver/Src/stm32f1xx_hal_crc.c **** 
ARM GAS  C:\Users\zhmis\AppData\Local\Temp\ccflIyu4.s 			page 8


 178              		.loc 1 159 3 is_stmt 1 view .LVU41
 159:Drivers/STM32F1xx_HAL_Driver/Src/stm32f1xx_hal_crc.c **** 
 179              		.loc 1 159 3 view .LVU42
 180 002a 2C71     		strb	r4, [r5, #4]
 159:Drivers/STM32F1xx_HAL_Driver/Src/stm32f1xx_hal_crc.c **** 
 181              		.loc 1 159 3 view .LVU43
 162:Drivers/STM32F1xx_HAL_Driver/Src/stm32f1xx_hal_crc.c **** }
 182              		.loc 1 162 3 view .LVU44
 162:Drivers/STM32F1xx_HAL_Driver/Src/stm32f1xx_hal_crc.c **** }
 183              		.loc 1 162 10 is_stmt 0 view .LVU45
 184 002c 2046     		mov	r0, r4
 185              	.L13:
 163:Drivers/STM32F1xx_HAL_Driver/Src/stm32f1xx_hal_crc.c **** 
 186              		.loc 1 163 1 view .LVU46
 187 002e 38BD     		pop	{r3, r4, r5, pc}
 188              	.LVL11:
 189              	.L14:
 190              		.cfi_def_cfa_offset 0
 191              		.cfi_restore 3
 192              		.cfi_restore 4
 193              		.cfi_restore 5
 194              		.cfi_restore 14
 131:Drivers/STM32F1xx_HAL_Driver/Src/stm32f1xx_hal_crc.c ****   }
 195              		.loc 1 131 12 view .LVU47
 196 0030 0120     		movs	r0, #1
 197              	.LVL12:
 163:Drivers/STM32F1xx_HAL_Driver/Src/stm32f1xx_hal_crc.c **** 
 198              		.loc 1 163 1 view .LVU48
 199 0032 7047     		bx	lr
 200              		.cfi_endproc
 201              	.LFE66:
 203              		.section	.text.HAL_CRC_Accumulate,"ax",%progbits
 204              		.align	1
 205              		.global	HAL_CRC_Accumulate
 206              		.syntax unified
 207              		.thumb
 208              		.thumb_func
 210              	HAL_CRC_Accumulate:
 211              	.LVL13:
 212              	.LFB69:
 194:Drivers/STM32F1xx_HAL_Driver/Src/stm32f1xx_hal_crc.c **** 
 195:Drivers/STM32F1xx_HAL_Driver/Src/stm32f1xx_hal_crc.c **** /**
 196:Drivers/STM32F1xx_HAL_Driver/Src/stm32f1xx_hal_crc.c ****   * @}
 197:Drivers/STM32F1xx_HAL_Driver/Src/stm32f1xx_hal_crc.c ****   */
 198:Drivers/STM32F1xx_HAL_Driver/Src/stm32f1xx_hal_crc.c **** 
 199:Drivers/STM32F1xx_HAL_Driver/Src/stm32f1xx_hal_crc.c **** /** @defgroup CRC_Exported_Functions_Group2 Peripheral Control functions
 200:Drivers/STM32F1xx_HAL_Driver/Src/stm32f1xx_hal_crc.c ****   *  @brief    management functions.
 201:Drivers/STM32F1xx_HAL_Driver/Src/stm32f1xx_hal_crc.c ****   *
 202:Drivers/STM32F1xx_HAL_Driver/Src/stm32f1xx_hal_crc.c **** @verbatim
 203:Drivers/STM32F1xx_HAL_Driver/Src/stm32f1xx_hal_crc.c ****  ===============================================================================
 204:Drivers/STM32F1xx_HAL_Driver/Src/stm32f1xx_hal_crc.c ****                       ##### Peripheral Control functions #####
 205:Drivers/STM32F1xx_HAL_Driver/Src/stm32f1xx_hal_crc.c ****  ===============================================================================
 206:Drivers/STM32F1xx_HAL_Driver/Src/stm32f1xx_hal_crc.c ****     [..]  This section provides functions allowing to:
 207:Drivers/STM32F1xx_HAL_Driver/Src/stm32f1xx_hal_crc.c ****       (+) compute the 32-bit CRC value of a 32-bit data buffer
 208:Drivers/STM32F1xx_HAL_Driver/Src/stm32f1xx_hal_crc.c ****           using combination of the previous CRC value and the new one.
 209:Drivers/STM32F1xx_HAL_Driver/Src/stm32f1xx_hal_crc.c **** 
 210:Drivers/STM32F1xx_HAL_Driver/Src/stm32f1xx_hal_crc.c ****        [..]  or
ARM GAS  C:\Users\zhmis\AppData\Local\Temp\ccflIyu4.s 			page 9


 211:Drivers/STM32F1xx_HAL_Driver/Src/stm32f1xx_hal_crc.c **** 
 212:Drivers/STM32F1xx_HAL_Driver/Src/stm32f1xx_hal_crc.c ****       (+) compute the 32-bit CRC value of a 32-bit data buffer
 213:Drivers/STM32F1xx_HAL_Driver/Src/stm32f1xx_hal_crc.c ****           independently of the previous CRC value.
 214:Drivers/STM32F1xx_HAL_Driver/Src/stm32f1xx_hal_crc.c **** 
 215:Drivers/STM32F1xx_HAL_Driver/Src/stm32f1xx_hal_crc.c **** @endverbatim
 216:Drivers/STM32F1xx_HAL_Driver/Src/stm32f1xx_hal_crc.c ****   * @{
 217:Drivers/STM32F1xx_HAL_Driver/Src/stm32f1xx_hal_crc.c ****   */
 218:Drivers/STM32F1xx_HAL_Driver/Src/stm32f1xx_hal_crc.c **** 
 219:Drivers/STM32F1xx_HAL_Driver/Src/stm32f1xx_hal_crc.c **** /**
 220:Drivers/STM32F1xx_HAL_Driver/Src/stm32f1xx_hal_crc.c ****   * @brief  Compute the 32-bit CRC value of a 32-bit data buffer
 221:Drivers/STM32F1xx_HAL_Driver/Src/stm32f1xx_hal_crc.c ****   *         starting with the previously computed CRC as initialization value.
 222:Drivers/STM32F1xx_HAL_Driver/Src/stm32f1xx_hal_crc.c ****   * @param  hcrc CRC handle
 223:Drivers/STM32F1xx_HAL_Driver/Src/stm32f1xx_hal_crc.c ****   * @param  pBuffer pointer to the input data buffer.
 224:Drivers/STM32F1xx_HAL_Driver/Src/stm32f1xx_hal_crc.c ****   * @param  BufferLength input data buffer length (number of uint32_t words).
 225:Drivers/STM32F1xx_HAL_Driver/Src/stm32f1xx_hal_crc.c ****   * @retval uint32_t CRC (returned value LSBs for CRC shorter than 32 bits)
 226:Drivers/STM32F1xx_HAL_Driver/Src/stm32f1xx_hal_crc.c ****   */
 227:Drivers/STM32F1xx_HAL_Driver/Src/stm32f1xx_hal_crc.c **** uint32_t HAL_CRC_Accumulate(CRC_HandleTypeDef *hcrc, uint32_t pBuffer[], uint32_t BufferLength)
 228:Drivers/STM32F1xx_HAL_Driver/Src/stm32f1xx_hal_crc.c **** {
 213              		.loc 1 228 1 is_stmt 1 view -0
 214              		.cfi_startproc
 215              		@ args = 0, pretend = 0, frame = 0
 216              		@ frame_needed = 0, uses_anonymous_args = 0
 217              		.loc 1 228 1 is_stmt 0 view .LVU50
 218 0000 8446     		mov	ip, r0
 229:Drivers/STM32F1xx_HAL_Driver/Src/stm32f1xx_hal_crc.c ****   uint32_t index;      /* CRC input data buffer index */
 219              		.loc 1 229 3 is_stmt 1 view .LVU51
 230:Drivers/STM32F1xx_HAL_Driver/Src/stm32f1xx_hal_crc.c ****   uint32_t temp = 0U;  /* CRC output (read from hcrc->Instance->DR register) */
 220              		.loc 1 230 3 view .LVU52
 221              	.LVL14:
 231:Drivers/STM32F1xx_HAL_Driver/Src/stm32f1xx_hal_crc.c **** 
 232:Drivers/STM32F1xx_HAL_Driver/Src/stm32f1xx_hal_crc.c ****   /* Change CRC peripheral state */
 233:Drivers/STM32F1xx_HAL_Driver/Src/stm32f1xx_hal_crc.c ****   hcrc->State = HAL_CRC_STATE_BUSY;
 222              		.loc 1 233 3 view .LVU53
 223              		.loc 1 233 15 is_stmt 0 view .LVU54
 224 0002 0223     		movs	r3, #2
 225 0004 4371     		strb	r3, [r0, #5]
 234:Drivers/STM32F1xx_HAL_Driver/Src/stm32f1xx_hal_crc.c **** 
 235:Drivers/STM32F1xx_HAL_Driver/Src/stm32f1xx_hal_crc.c ****   /* Enter Data to the CRC calculator */
 236:Drivers/STM32F1xx_HAL_Driver/Src/stm32f1xx_hal_crc.c ****   for (index = 0U; index < BufferLength; index++)
 226              		.loc 1 236 3 is_stmt 1 view .LVU55
 227              	.LVL15:
 228              		.loc 1 236 14 is_stmt 0 view .LVU56
 229 0006 0023     		movs	r3, #0
 230              	.LVL16:
 231              		.loc 1 236 26 is_stmt 1 discriminator 1 view .LVU57
 232 0008 9342     		cmp	r3, r2
 233 000a 11D2     		bcs	.L26
 228:Drivers/STM32F1xx_HAL_Driver/Src/stm32f1xx_hal_crc.c ****   uint32_t index;      /* CRC input data buffer index */
 234              		.loc 1 228 1 is_stmt 0 view .LVU58
 235 000c 00B5     		push	{lr}
 236              		.cfi_def_cfa_offset 4
 237              		.cfi_offset 14, -4
 238              	.LVL17:
 239              	.L21:
 237:Drivers/STM32F1xx_HAL_Driver/Src/stm32f1xx_hal_crc.c ****   {
 238:Drivers/STM32F1xx_HAL_Driver/Src/stm32f1xx_hal_crc.c ****     hcrc->Instance->DR = pBuffer[index];
 240              		.loc 1 238 5 is_stmt 1 view .LVU59
ARM GAS  C:\Users\zhmis\AppData\Local\Temp\ccflIyu4.s 			page 10


 241              		.loc 1 238 24 is_stmt 0 view .LVU60
 242 000e DCF80000 		ldr	r0, [ip]
 243 0012 51F823E0 		ldr	lr, [r1, r3, lsl #2]
 244 0016 C0F800E0 		str	lr, [r0]
 236:Drivers/STM32F1xx_HAL_Driver/Src/stm32f1xx_hal_crc.c ****   {
 245              		.loc 1 236 47 is_stmt 1 discriminator 3 view .LVU61
 246 001a 0133     		adds	r3, r3, #1
 247              	.LVL18:
 236:Drivers/STM32F1xx_HAL_Driver/Src/stm32f1xx_hal_crc.c ****   {
 248              		.loc 1 236 26 discriminator 1 view .LVU62
 249 001c 9342     		cmp	r3, r2
 250 001e F6D3     		bcc	.L21
 239:Drivers/STM32F1xx_HAL_Driver/Src/stm32f1xx_hal_crc.c ****   }
 240:Drivers/STM32F1xx_HAL_Driver/Src/stm32f1xx_hal_crc.c ****   temp = hcrc->Instance->DR;
 251              		.loc 1 240 3 view .LVU63
 252              		.loc 1 240 14 is_stmt 0 view .LVU64
 253 0020 DCF80030 		ldr	r3, [ip]
 254              	.LVL19:
 255              		.loc 1 240 8 view .LVU65
 256 0024 1868     		ldr	r0, [r3]
 257              	.LVL20:
 241:Drivers/STM32F1xx_HAL_Driver/Src/stm32f1xx_hal_crc.c **** 
 242:Drivers/STM32F1xx_HAL_Driver/Src/stm32f1xx_hal_crc.c ****   /* Change CRC peripheral state */
 243:Drivers/STM32F1xx_HAL_Driver/Src/stm32f1xx_hal_crc.c ****   hcrc->State = HAL_CRC_STATE_READY;
 258              		.loc 1 243 3 is_stmt 1 view .LVU66
 259              		.loc 1 243 15 is_stmt 0 view .LVU67
 260 0026 0123     		movs	r3, #1
 261 0028 8CF80530 		strb	r3, [ip, #5]
 244:Drivers/STM32F1xx_HAL_Driver/Src/stm32f1xx_hal_crc.c **** 
 245:Drivers/STM32F1xx_HAL_Driver/Src/stm32f1xx_hal_crc.c ****   /* Return the CRC computed value */
 246:Drivers/STM32F1xx_HAL_Driver/Src/stm32f1xx_hal_crc.c ****   return temp;
 262              		.loc 1 246 3 is_stmt 1 view .LVU68
 247:Drivers/STM32F1xx_HAL_Driver/Src/stm32f1xx_hal_crc.c **** }
 263              		.loc 1 247 1 is_stmt 0 view .LVU69
 264 002c 5DF804FB 		ldr	pc, [sp], #4
 265              	.LVL21:
 266              	.L26:
 267              		.cfi_def_cfa_offset 0
 268              		.cfi_restore 14
 240:Drivers/STM32F1xx_HAL_Driver/Src/stm32f1xx_hal_crc.c **** 
 269              		.loc 1 240 3 is_stmt 1 view .LVU70
 240:Drivers/STM32F1xx_HAL_Driver/Src/stm32f1xx_hal_crc.c **** 
 270              		.loc 1 240 14 is_stmt 0 view .LVU71
 271 0030 0368     		ldr	r3, [r0]
 272              	.LVL22:
 240:Drivers/STM32F1xx_HAL_Driver/Src/stm32f1xx_hal_crc.c **** 
 273              		.loc 1 240 8 view .LVU72
 274 0032 1868     		ldr	r0, [r3]
 275              	.LVL23:
 243:Drivers/STM32F1xx_HAL_Driver/Src/stm32f1xx_hal_crc.c **** 
 276              		.loc 1 243 3 is_stmt 1 view .LVU73
 243:Drivers/STM32F1xx_HAL_Driver/Src/stm32f1xx_hal_crc.c **** 
 277              		.loc 1 243 15 is_stmt 0 view .LVU74
 278 0034 0123     		movs	r3, #1
 279 0036 8CF80530 		strb	r3, [ip, #5]
 246:Drivers/STM32F1xx_HAL_Driver/Src/stm32f1xx_hal_crc.c **** }
 280              		.loc 1 246 3 is_stmt 1 view .LVU75
ARM GAS  C:\Users\zhmis\AppData\Local\Temp\ccflIyu4.s 			page 11


 281              		.loc 1 247 1 is_stmt 0 view .LVU76
 282 003a 7047     		bx	lr
 283              		.cfi_endproc
 284              	.LFE69:
 286              		.section	.text.HAL_CRC_Calculate,"ax",%progbits
 287              		.align	1
 288              		.global	HAL_CRC_Calculate
 289              		.syntax unified
 290              		.thumb
 291              		.thumb_func
 293              	HAL_CRC_Calculate:
 294              	.LVL24:
 295              	.LFB70:
 248:Drivers/STM32F1xx_HAL_Driver/Src/stm32f1xx_hal_crc.c **** 
 249:Drivers/STM32F1xx_HAL_Driver/Src/stm32f1xx_hal_crc.c **** /**
 250:Drivers/STM32F1xx_HAL_Driver/Src/stm32f1xx_hal_crc.c ****   * @brief  Compute the 32-bit CRC value of a 32-bit data buffer
 251:Drivers/STM32F1xx_HAL_Driver/Src/stm32f1xx_hal_crc.c ****   *         starting with hcrc->Instance->INIT as initialization value.
 252:Drivers/STM32F1xx_HAL_Driver/Src/stm32f1xx_hal_crc.c ****   * @param  hcrc CRC handle
 253:Drivers/STM32F1xx_HAL_Driver/Src/stm32f1xx_hal_crc.c ****   * @param  pBuffer pointer to the input data buffer.
 254:Drivers/STM32F1xx_HAL_Driver/Src/stm32f1xx_hal_crc.c ****   * @param  BufferLength input data buffer length (number of uint32_t words).
 255:Drivers/STM32F1xx_HAL_Driver/Src/stm32f1xx_hal_crc.c ****   * @retval uint32_t CRC (returned value LSBs for CRC shorter than 32 bits)
 256:Drivers/STM32F1xx_HAL_Driver/Src/stm32f1xx_hal_crc.c ****   */
 257:Drivers/STM32F1xx_HAL_Driver/Src/stm32f1xx_hal_crc.c **** uint32_t HAL_CRC_Calculate(CRC_HandleTypeDef *hcrc, uint32_t pBuffer[], uint32_t BufferLength)
 258:Drivers/STM32F1xx_HAL_Driver/Src/stm32f1xx_hal_crc.c **** {
 296              		.loc 1 258 1 is_stmt 1 view -0
 297              		.cfi_startproc
 298              		@ args = 0, pretend = 0, frame = 0
 299              		@ frame_needed = 0, uses_anonymous_args = 0
 300              		.loc 1 258 1 is_stmt 0 view .LVU78
 301 0000 8446     		mov	ip, r0
 259:Drivers/STM32F1xx_HAL_Driver/Src/stm32f1xx_hal_crc.c ****   uint32_t index;      /* CRC input data buffer index */
 302              		.loc 1 259 3 is_stmt 1 view .LVU79
 260:Drivers/STM32F1xx_HAL_Driver/Src/stm32f1xx_hal_crc.c ****   uint32_t temp = 0U;  /* CRC output (read from hcrc->Instance->DR register) */
 303              		.loc 1 260 3 view .LVU80
 304              	.LVL25:
 261:Drivers/STM32F1xx_HAL_Driver/Src/stm32f1xx_hal_crc.c **** 
 262:Drivers/STM32F1xx_HAL_Driver/Src/stm32f1xx_hal_crc.c ****   /* Change CRC peripheral state */
 263:Drivers/STM32F1xx_HAL_Driver/Src/stm32f1xx_hal_crc.c ****   hcrc->State = HAL_CRC_STATE_BUSY;
 305              		.loc 1 263 3 view .LVU81
 306              		.loc 1 263 15 is_stmt 0 view .LVU82
 307 0002 0223     		movs	r3, #2
 308 0004 4371     		strb	r3, [r0, #5]
 264:Drivers/STM32F1xx_HAL_Driver/Src/stm32f1xx_hal_crc.c **** 
 265:Drivers/STM32F1xx_HAL_Driver/Src/stm32f1xx_hal_crc.c ****   /* Reset CRC Calculation Unit (hcrc->Instance->INIT is
 266:Drivers/STM32F1xx_HAL_Driver/Src/stm32f1xx_hal_crc.c ****   *  written in hcrc->Instance->DR) */
 267:Drivers/STM32F1xx_HAL_Driver/Src/stm32f1xx_hal_crc.c ****   __HAL_CRC_DR_RESET(hcrc);
 309              		.loc 1 267 3 is_stmt 1 view .LVU83
 310 0006 0068     		ldr	r0, [r0]
 311              	.LVL26:
 312              		.loc 1 267 3 is_stmt 0 view .LVU84
 313 0008 8368     		ldr	r3, [r0, #8]
 314 000a 43F00103 		orr	r3, r3, #1
 315 000e 8360     		str	r3, [r0, #8]
 268:Drivers/STM32F1xx_HAL_Driver/Src/stm32f1xx_hal_crc.c **** 
 269:Drivers/STM32F1xx_HAL_Driver/Src/stm32f1xx_hal_crc.c ****   /* Enter 32-bit input data to the CRC calculator */
 270:Drivers/STM32F1xx_HAL_Driver/Src/stm32f1xx_hal_crc.c ****   for (index = 0U; index < BufferLength; index++)
 316              		.loc 1 270 3 is_stmt 1 view .LVU85
ARM GAS  C:\Users\zhmis\AppData\Local\Temp\ccflIyu4.s 			page 12


 317              	.LVL27:
 318              		.loc 1 270 14 is_stmt 0 view .LVU86
 319 0010 0023     		movs	r3, #0
 320              	.LVL28:
 321              		.loc 1 270 26 is_stmt 1 discriminator 1 view .LVU87
 322 0012 9342     		cmp	r3, r2
 323 0014 11D2     		bcs	.L34
 258:Drivers/STM32F1xx_HAL_Driver/Src/stm32f1xx_hal_crc.c ****   uint32_t index;      /* CRC input data buffer index */
 324              		.loc 1 258 1 is_stmt 0 view .LVU88
 325 0016 00B5     		push	{lr}
 326              		.cfi_def_cfa_offset 4
 327              		.cfi_offset 14, -4
 328              	.L29:
 271:Drivers/STM32F1xx_HAL_Driver/Src/stm32f1xx_hal_crc.c ****   {
 272:Drivers/STM32F1xx_HAL_Driver/Src/stm32f1xx_hal_crc.c ****     hcrc->Instance->DR = pBuffer[index];
 329              		.loc 1 272 5 is_stmt 1 view .LVU89
 330              		.loc 1 272 24 is_stmt 0 view .LVU90
 331 0018 DCF80000 		ldr	r0, [ip]
 332 001c 51F823E0 		ldr	lr, [r1, r3, lsl #2]
 333 0020 C0F800E0 		str	lr, [r0]
 270:Drivers/STM32F1xx_HAL_Driver/Src/stm32f1xx_hal_crc.c ****   {
 334              		.loc 1 270 47 is_stmt 1 discriminator 3 view .LVU91
 335 0024 0133     		adds	r3, r3, #1
 336              	.LVL29:
 270:Drivers/STM32F1xx_HAL_Driver/Src/stm32f1xx_hal_crc.c ****   {
 337              		.loc 1 270 26 discriminator 1 view .LVU92
 338 0026 9342     		cmp	r3, r2
 339 0028 F6D3     		bcc	.L29
 273:Drivers/STM32F1xx_HAL_Driver/Src/stm32f1xx_hal_crc.c ****   }
 274:Drivers/STM32F1xx_HAL_Driver/Src/stm32f1xx_hal_crc.c ****   temp = hcrc->Instance->DR;
 340              		.loc 1 274 3 view .LVU93
 341              		.loc 1 274 14 is_stmt 0 view .LVU94
 342 002a DCF80030 		ldr	r3, [ip]
 343              	.LVL30:
 344              		.loc 1 274 8 view .LVU95
 345 002e 1868     		ldr	r0, [r3]
 346              	.LVL31:
 275:Drivers/STM32F1xx_HAL_Driver/Src/stm32f1xx_hal_crc.c **** 
 276:Drivers/STM32F1xx_HAL_Driver/Src/stm32f1xx_hal_crc.c ****   /* Change CRC peripheral state */
 277:Drivers/STM32F1xx_HAL_Driver/Src/stm32f1xx_hal_crc.c ****   hcrc->State = HAL_CRC_STATE_READY;
 347              		.loc 1 277 3 is_stmt 1 view .LVU96
 348              		.loc 1 277 15 is_stmt 0 view .LVU97
 349 0030 0123     		movs	r3, #1
 350 0032 8CF80530 		strb	r3, [ip, #5]
 278:Drivers/STM32F1xx_HAL_Driver/Src/stm32f1xx_hal_crc.c **** 
 279:Drivers/STM32F1xx_HAL_Driver/Src/stm32f1xx_hal_crc.c ****   /* Return the CRC computed value */
 280:Drivers/STM32F1xx_HAL_Driver/Src/stm32f1xx_hal_crc.c ****   return temp;
 351              		.loc 1 280 3 is_stmt 1 view .LVU98
 281:Drivers/STM32F1xx_HAL_Driver/Src/stm32f1xx_hal_crc.c **** }
 352              		.loc 1 281 1 is_stmt 0 view .LVU99
 353 0036 5DF804FB 		ldr	pc, [sp], #4
 354              	.LVL32:
 355              	.L34:
 356              		.cfi_def_cfa_offset 0
 357              		.cfi_restore 14
 274:Drivers/STM32F1xx_HAL_Driver/Src/stm32f1xx_hal_crc.c **** 
 358              		.loc 1 274 3 is_stmt 1 view .LVU100
ARM GAS  C:\Users\zhmis\AppData\Local\Temp\ccflIyu4.s 			page 13


 274:Drivers/STM32F1xx_HAL_Driver/Src/stm32f1xx_hal_crc.c **** 
 359              		.loc 1 274 14 is_stmt 0 view .LVU101
 360 003a DCF80030 		ldr	r3, [ip]
 361              	.LVL33:
 274:Drivers/STM32F1xx_HAL_Driver/Src/stm32f1xx_hal_crc.c **** 
 362              		.loc 1 274 8 view .LVU102
 363 003e 1868     		ldr	r0, [r3]
 364              	.LVL34:
 277:Drivers/STM32F1xx_HAL_Driver/Src/stm32f1xx_hal_crc.c **** 
 365              		.loc 1 277 3 is_stmt 1 view .LVU103
 277:Drivers/STM32F1xx_HAL_Driver/Src/stm32f1xx_hal_crc.c **** 
 366              		.loc 1 277 15 is_stmt 0 view .LVU104
 367 0040 0123     		movs	r3, #1
 368 0042 8CF80530 		strb	r3, [ip, #5]
 280:Drivers/STM32F1xx_HAL_Driver/Src/stm32f1xx_hal_crc.c **** }
 369              		.loc 1 280 3 is_stmt 1 view .LVU105
 370              		.loc 1 281 1 is_stmt 0 view .LVU106
 371 0046 7047     		bx	lr
 372              		.cfi_endproc
 373              	.LFE70:
 375              		.section	.text.HAL_CRC_GetState,"ax",%progbits
 376              		.align	1
 377              		.global	HAL_CRC_GetState
 378              		.syntax unified
 379              		.thumb
 380              		.thumb_func
 382              	HAL_CRC_GetState:
 383              	.LVL35:
 384              	.LFB71:
 282:Drivers/STM32F1xx_HAL_Driver/Src/stm32f1xx_hal_crc.c **** 
 283:Drivers/STM32F1xx_HAL_Driver/Src/stm32f1xx_hal_crc.c **** /**
 284:Drivers/STM32F1xx_HAL_Driver/Src/stm32f1xx_hal_crc.c ****   * @}
 285:Drivers/STM32F1xx_HAL_Driver/Src/stm32f1xx_hal_crc.c ****   */
 286:Drivers/STM32F1xx_HAL_Driver/Src/stm32f1xx_hal_crc.c **** 
 287:Drivers/STM32F1xx_HAL_Driver/Src/stm32f1xx_hal_crc.c **** /** @defgroup CRC_Exported_Functions_Group3 Peripheral State functions
 288:Drivers/STM32F1xx_HAL_Driver/Src/stm32f1xx_hal_crc.c ****   *  @brief    Peripheral State functions.
 289:Drivers/STM32F1xx_HAL_Driver/Src/stm32f1xx_hal_crc.c ****   *
 290:Drivers/STM32F1xx_HAL_Driver/Src/stm32f1xx_hal_crc.c **** @verbatim
 291:Drivers/STM32F1xx_HAL_Driver/Src/stm32f1xx_hal_crc.c ****  ===============================================================================
 292:Drivers/STM32F1xx_HAL_Driver/Src/stm32f1xx_hal_crc.c ****                       ##### Peripheral State functions #####
 293:Drivers/STM32F1xx_HAL_Driver/Src/stm32f1xx_hal_crc.c ****  ===============================================================================
 294:Drivers/STM32F1xx_HAL_Driver/Src/stm32f1xx_hal_crc.c ****     [..]
 295:Drivers/STM32F1xx_HAL_Driver/Src/stm32f1xx_hal_crc.c ****     This subsection permits to get in run-time the status of the peripheral.
 296:Drivers/STM32F1xx_HAL_Driver/Src/stm32f1xx_hal_crc.c **** 
 297:Drivers/STM32F1xx_HAL_Driver/Src/stm32f1xx_hal_crc.c **** @endverbatim
 298:Drivers/STM32F1xx_HAL_Driver/Src/stm32f1xx_hal_crc.c ****   * @{
 299:Drivers/STM32F1xx_HAL_Driver/Src/stm32f1xx_hal_crc.c ****   */
 300:Drivers/STM32F1xx_HAL_Driver/Src/stm32f1xx_hal_crc.c **** 
 301:Drivers/STM32F1xx_HAL_Driver/Src/stm32f1xx_hal_crc.c **** /**
 302:Drivers/STM32F1xx_HAL_Driver/Src/stm32f1xx_hal_crc.c ****   * @brief  Return the CRC handle state.
 303:Drivers/STM32F1xx_HAL_Driver/Src/stm32f1xx_hal_crc.c ****   * @param  hcrc CRC handle
 304:Drivers/STM32F1xx_HAL_Driver/Src/stm32f1xx_hal_crc.c ****   * @retval HAL state
 305:Drivers/STM32F1xx_HAL_Driver/Src/stm32f1xx_hal_crc.c ****   */
 306:Drivers/STM32F1xx_HAL_Driver/Src/stm32f1xx_hal_crc.c **** HAL_CRC_StateTypeDef HAL_CRC_GetState(const CRC_HandleTypeDef *hcrc)
 307:Drivers/STM32F1xx_HAL_Driver/Src/stm32f1xx_hal_crc.c **** {
 385              		.loc 1 307 1 is_stmt 1 view -0
 386              		.cfi_startproc
ARM GAS  C:\Users\zhmis\AppData\Local\Temp\ccflIyu4.s 			page 14


 387              		@ args = 0, pretend = 0, frame = 0
 388              		@ frame_needed = 0, uses_anonymous_args = 0
 389              		@ link register save eliminated.
 308:Drivers/STM32F1xx_HAL_Driver/Src/stm32f1xx_hal_crc.c ****   /* Return CRC handle state */
 309:Drivers/STM32F1xx_HAL_Driver/Src/stm32f1xx_hal_crc.c ****   return hcrc->State;
 390              		.loc 1 309 3 view .LVU108
 391              		.loc 1 309 14 is_stmt 0 view .LVU109
 392 0000 4079     		ldrb	r0, [r0, #5]	@ zero_extendqisi2
 393              	.LVL36:
 310:Drivers/STM32F1xx_HAL_Driver/Src/stm32f1xx_hal_crc.c **** }
 394              		.loc 1 310 1 view .LVU110
 395 0002 7047     		bx	lr
 396              		.cfi_endproc
 397              	.LFE71:
 399              		.text
 400              	.Letext0:
 401              		.file 2 "C:/Users/zhmis/AppData/Roaming/Code/User/globalStorage/bmd.stm32-for-vscode/@xpack-dev-to
 402              		.file 3 "C:/Users/zhmis/AppData/Roaming/Code/User/globalStorage/bmd.stm32-for-vscode/@xpack-dev-to
 403              		.file 4 "Drivers/CMSIS/Device/ST/STM32F1xx/Include/stm32f103xb.h"
 404              		.file 5 "Drivers/STM32F1xx_HAL_Driver/Inc/stm32f1xx_hal_def.h"
 405              		.file 6 "Drivers/STM32F1xx_HAL_Driver/Inc/stm32f1xx_hal_crc.h"
ARM GAS  C:\Users\zhmis\AppData\Local\Temp\ccflIyu4.s 			page 15


DEFINED SYMBOLS
                            *ABS*:00000000 stm32f1xx_hal_crc.c
C:\Users\zhmis\AppData\Local\Temp\ccflIyu4.s:19     .text.HAL_CRC_MspInit:00000000 $t
C:\Users\zhmis\AppData\Local\Temp\ccflIyu4.s:25     .text.HAL_CRC_MspInit:00000000 HAL_CRC_MspInit
C:\Users\zhmis\AppData\Local\Temp\ccflIyu4.s:40     .text.HAL_CRC_Init:00000000 $t
C:\Users\zhmis\AppData\Local\Temp\ccflIyu4.s:46     .text.HAL_CRC_Init:00000000 HAL_CRC_Init
C:\Users\zhmis\AppData\Local\Temp\ccflIyu4.s:103    .text.HAL_CRC_MspDeInit:00000000 $t
C:\Users\zhmis\AppData\Local\Temp\ccflIyu4.s:109    .text.HAL_CRC_MspDeInit:00000000 HAL_CRC_MspDeInit
C:\Users\zhmis\AppData\Local\Temp\ccflIyu4.s:124    .text.HAL_CRC_DeInit:00000000 $t
C:\Users\zhmis\AppData\Local\Temp\ccflIyu4.s:130    .text.HAL_CRC_DeInit:00000000 HAL_CRC_DeInit
C:\Users\zhmis\AppData\Local\Temp\ccflIyu4.s:204    .text.HAL_CRC_Accumulate:00000000 $t
C:\Users\zhmis\AppData\Local\Temp\ccflIyu4.s:210    .text.HAL_CRC_Accumulate:00000000 HAL_CRC_Accumulate
C:\Users\zhmis\AppData\Local\Temp\ccflIyu4.s:287    .text.HAL_CRC_Calculate:00000000 $t
C:\Users\zhmis\AppData\Local\Temp\ccflIyu4.s:293    .text.HAL_CRC_Calculate:00000000 HAL_CRC_Calculate
C:\Users\zhmis\AppData\Local\Temp\ccflIyu4.s:376    .text.HAL_CRC_GetState:00000000 $t
C:\Users\zhmis\AppData\Local\Temp\ccflIyu4.s:382    .text.HAL_CRC_GetState:00000000 HAL_CRC_GetState

NO UNDEFINED SYMBOLS
